]633;E;echo "=== STEP 110: AUDIT INTERNAL SHADOW/SCAFFOLD TAILS ===";d2f9cd72-cf3a-446c-b425-a96632cf891c]633;C=== STEP 110: AUDIT INTERNAL SHADOW/SCAFFOLD TAILS ===
timestamp_utc=2026-04-17T08:02:31Z

=== TARGET FILES ===
FB_Alarm_Manager.st
FB_Rule_Engine.st
FB_Lighting_Blinds_Manager.st
FB_Heating_System_Manager.st
FB_Ventilation_System_Manager.st
FB_DHW_Manager.st
FB_Socket_Manager.st

==================================================
FILE: FB_Alarm_Manager.st
==================================================

--- MATCHED SHADOW/SCAFFOLD SYMBOLS ---
61:    L_Alarm_Compat_All_OK : BOOL;
64:    L_Alarm_Shadow_Mismatch : BOOL;
65:    L_Alarm_Shadow_First_Mismatch : INT;
66:    L_Alarm_V2_Switch_Enabled : BOOL;
67:    L_Alarm_V2_Path_Ready : BOOL;
68:    L_Alarm_Using_Legacy_Fallback : BOOL;
69:    L_BlackBox_V2_Snapshot_Shadow : ST_BlackBox_Snapshot_V2;
70:    L_History_V2_Shadow_Diff_Found : BOOL;
71:    L_History_V2_Shadow_First_Diff_Slot : INT;
72:    L_BlackBox_V2_Shadow_Diff_Found : BOOL;
73:    L_History_V2_Buffer_Shadow : ARRAY[1..GVL_CONSTANTS.C_MAX_HISTORY_RECORDS] OF ST_History_Event_V2;
74:    L_Alarm_V2_Shadow_Compare_Enabled : BOOL;
75:    L_Alarm_V2_Shadow_Diff_Found : BOOL;
76:    L_Alarm_V2_Shadow_First_Diff_Slot : INT;
77:    L_Alarm_V2_Event_Pulse : BOOL;
78:    L_Alarm_V2_Event_Code : UDINT;
79:    L_Alarm_V2_Event_Value : REAL;
80:    L_Alarm_V2_List_Shadow : ARRAY[1..GVL_CONSTANTS.C_MAX_ALARMS] OF ST_Alarm_Record;
81:    L_Alarm_V2_Next_ID_Shadow : UDINT;
88:L_Alarm_Compat_All_OK := TRUE;
91:L_Alarm_Shadow_Mismatch := FALSE;
92:L_Alarm_Shadow_First_Mismatch := 0;
93:L_Alarm_V2_Switch_Enabled := TRUE;
94:L_Alarm_V2_Path_Ready := FALSE;
95:L_Alarm_Using_Legacy_Fallback := TRUE;
96:L_Alarm_V2_Shadow_Compare_Enabled := TRUE;
97:L_Alarm_V2_Shadow_Diff_Found := FALSE;
98:L_Alarm_V2_Shadow_First_Diff_Slot := 0;
99:L_Alarm_V2_Event_Pulse := FALSE;
100:L_Alarm_V2_Event_Code := 0;
101:L_Alarm_V2_Event_Value := 0.0;
102:L_Alarm_V2_Next_ID_Shadow := VIO_Next_Alarm_ID;
103:L_History_V2_Shadow_Diff_Found := FALSE;
104:L_History_V2_Shadow_First_Diff_Slot := 0;
105:L_BlackBox_V2_Shadow_Diff_Found := FALSE;
214:IF L_Alarm_V2_Shadow_Compare_Enabled THEN
215:    L_Alarm_V2_Event_Pulse := FALSE;
216:    L_Alarm_V2_Event_Code := 0;
217:    L_Alarm_V2_Event_Value := 0.0;
222:IF L_Alarm_V2_Switch_Enabled AND L_Alarm_V2_Path_Ready THEN
234:    IF L_Alarm_V2_Switch_Enabled AND L_Alarm_V2_Path_Ready THEN
235:        L_Alarm_Using_Legacy_Fallback := FALSE;
239:        L_Alarm_Using_Legacy_Fallback := TRUE;
292:IF L_Alarm_V2_Shadow_Compare_Enabled THEN
294:        IF (VO_Alarm_List[L_i].ID <> L_Alarm_V2_List_Shadow[L_i].ID)
295:           OR (VO_Alarm_List[L_i].Is_Active <> L_Alarm_V2_List_Shadow[L_i].Is_Active)
296:           OR (VO_Alarm_List[L_i].Is_Acknowledged <> L_Alarm_V2_List_Shadow[L_i].Is_Acknowledged)
297:           OR (VO_Alarm_List[L_i].Severity <> L_Alarm_V2_List_Shadow[L_i].Severity) THEN
298:            L_Alarm_V2_Shadow_Diff_Found := TRUE;
299:            IF L_Alarm_V2_Shadow_First_Diff_Slot = 0 THEN
300:                L_Alarm_V2_Shadow_First_Diff_Slot := L_i;
365:    L_History_V2_Buffer_Shadow[1].Event_Code := TO_UINT(VO_Event_Code);
366:    L_History_V2_Buffer_Shadow[1].Event_Value := VO_Event_Value;
371:L_BlackBox_V2_Snapshot_Shadow.Gas_Alarm := VI_Gas_Alarm;
372:L_BlackBox_V2_Snapshot_Shadow.Fire_Alarm := VI_Fire_Alarm;
373:L_BlackBox_V2_Snapshot_Shadow.Flood_Alarm := VI_Flood_Alarm;
374:L_BlackBox_V2_Snapshot_Shadow.First_Fault_Type := TO_BYTE(VI_First_Fault_Type);
375:L_BlackBox_V2_Snapshot_Shadow.First_Fault_Source := TO_BYTE(VI_First_Fault_Source);
379:    IF (L_History_V2_Buffer_Shadow[1].Event_Code <> VO_Event_Code)
380:       OR (ABS(L_History_V2_Buffer_Shadow[1].Event_Value - VO_Event_Value) > 0.0001) THEN
381:        L_History_V2_Shadow_Diff_Found := TRUE;
382:        IF L_History_V2_Shadow_First_Diff_Slot = 0 THEN
383:            L_History_V2_Shadow_First_Diff_Slot := 1;
388:IF (L_BlackBox_V2_Snapshot_Shadow.Gas_Alarm <> VI_Gas_Alarm)
389:   OR (L_BlackBox_V2_Snapshot_Shadow.Fire_Alarm <> VI_Fire_Alarm)
390:   OR (L_BlackBox_V2_Snapshot_Shadow.Flood_Alarm <> VI_Flood_Alarm)
391:   OR (L_BlackBox_V2_Snapshot_Shadow.First_Fault_Type <> TO_BYTE(VI_First_Fault_Type))
392:   OR (L_BlackBox_V2_Snapshot_Shadow.First_Fault_Source <> TO_BYTE(VI_First_Fault_Source)) THEN
393:    L_BlackBox_V2_Shadow_Diff_Found := TRUE;
398:IF L_Alarm_V2_Switch_Enabled THEN
399:    IF (NOT L_Alarm_V2_Shadow_Diff_Found)
400:       AND (NOT L_History_V2_Shadow_Diff_Found)
401:       AND (NOT L_BlackBox_V2_Shadow_Diff_Found) THEN
402:        L_Alarm_V2_Path_Ready := TRUE;
403:        L_Alarm_Using_Legacy_Fallback := FALSE;
405:        L_Alarm_V2_Path_Ready := FALSE;
406:        L_Alarm_Using_Legacy_Fallback := TRUE;
409:    L_Alarm_V2_Path_Ready := FALSE;
410:    L_Alarm_Using_Legacy_Fallback := TRUE;

--- MATCHED INLINE COMMENTS ---
213:// Inlined from FB_Alarm_V2_Core
221:// Inlined from FB_Alarm_V2_Core
228:    // Inlined from FB_Alarm_Compatibility_Package:
363:// Inlined from FB_History_V2_Core
370:// Inlined from FB_BlackBox_V2_Core

--- MATCHED LEGACY/FALLBACK/SWITCH AREAS ---
67:    L_Alarm_V2_Path_Ready : BOOL;
68:    L_Alarm_Using_Legacy_Fallback : BOOL;
94:L_Alarm_V2_Path_Ready := FALSE;
95:L_Alarm_Using_Legacy_Fallback := TRUE;
222:IF L_Alarm_V2_Switch_Enabled AND L_Alarm_V2_Path_Ready THEN
230:    // Phase 4 scaffold: optional Alarm V2 switch point.
231:    // Current state: always remain on legacy behavior.
234:    IF L_Alarm_V2_Switch_Enabled AND L_Alarm_V2_Path_Ready THEN
235:        L_Alarm_Using_Legacy_Fallback := FALSE;
236:        // Guarded V2 pipeline is allowed by shadow validation.
237:        // Current runtime logic still keeps legacy action flow authoritative until next package.
239:        L_Alarm_Using_Legacy_Fallback := TRUE;
291:// Shadow comparison results: compare legacy output and V2 shadow output.
362:// Shadow bridge: Alarm -> History V2 (diagnostic only)
369:// Shadow bridge: System -> BlackBox V2 (diagnostic only)
402:        L_Alarm_V2_Path_Ready := TRUE;
403:        L_Alarm_Using_Legacy_Fallback := FALSE;
405:        L_Alarm_V2_Path_Ready := FALSE;
406:        L_Alarm_Using_Legacy_Fallback := TRUE;
409:    L_Alarm_V2_Path_Ready := FALSE;
410:    L_Alarm_Using_Legacy_Fallback := TRUE;

--- VAR BLOCK HEAD ---
FUNCTION_BLOCK FB_Alarm_Manager
VAR_INPUT
    VI_System_Time_MS : UDINT; // Системное время (мс)
    VI_IsActivePLC : BOOL; // Флаг: Данный ПЛК является ведущим
    
    // Входы от подсистем
    VI_Gas_Alarm : BOOL; // Сигнал тревоги: Утечка газа
    VI_Fire_Alarm : BOOL; // Сигнал тревоги: Пожар
    VI_Flood_Alarm : BOOL; // Сигнал тревоги: Протечка воды
    VI_Security_Alarm : BOOL; // Сигнал тревоги: Охранная система
    VI_First_Fault_Active : BOOL; // Активна защёлкнутая первая причина деградации
    VI_First_Fault_Type : INT; // 1=IO,2=Sensor,3=Comm,4=Subsystem
    VI_First_Fault_Source : INT; // 1=Heating,2=DHW,3=Ventilation,4=Lighting,5=Access
    
    // Сообщения от подсистем (для детализации)
    VI_Security_Msg : STRING(200); // Детальное сообщение от охранной системы
    
    // Команды с HMI
    VI_Acknowledge_All : BOOL; // Команда: Квитировать все тревоги
    VI_Mute_Siren : BOOL; // Команда: Временное отключение сирены
END_VAR
VAR_IN_OUT
    VI_Boiler_Errors : ARRAY[1..GVL_CONSTANTS.C_MAX_BOILERS] OF BOOL; // Ошибки котлов
END_VAR
VAR_IN_OUT
    VIO_Next_Alarm_ID : UDINT; // Глобальный счетчик ID тревог
END_VAR
VAR_OUTPUT
    VO_Global_Critical : BOOL; // Есть неквитированные критические аварии
    VO_Global_Warning : BOOL;  // Есть неквитированные предупреждения
    VO_Siren_Active : BOOL;    // Требуется включение сирены
    VO_Active_Count : INT;     // Количество активных тревог
    VO_Unacked_Count : INT;    // Количество неквитированных тревог
    VO_Event_Pulse : BOOL;     // Пульс события для History bridge
    VO_Event_Code : UDINT;     // 1201=ack all, 1202=alarm cleared, 1203=alarm created
    VO_Event_Value : REAL;     // Доп. значение события
    
    VO_Alarm_List : ARRAY[1..GVL_CONSTANTS.C_MAX_ALARMS] OF ST_Alarm_Record; // Список активных тревог для HMI
END_VAR
VAR
    L_i, L_j, L_k : INT;
    L_Target_Slot : INT;
    L_Min_Pri : INT;
    L_Pending_Alarms : ARRAY[1..10] OF ST_Alarm_Record;
    L_Pending_Count : INT := 0;
    
    // Фронты и антидребезг для детекции новых тревог
    T_Debounce_Gas : FB_System_Timer;
    T_Debounce_Fire : FB_System_Timer;
    T_Debounce_Flood : FB_System_Timer;
    T_Debounce_Security : FB_System_Timer;
    R_Trig_Gas : R_TRIG;
    R_Trig_Fire : R_TRIG;
    R_Trig_Flood : R_TRIG;
    R_Trig_Security : R_TRIG;
    R_Trig_First_Fault : R_TRIG;
    R_Trig_Boiler : ARRAY[1..GVL_CONSTANTS.C_MAX_BOILERS] OF R_TRIG;
    L_First_Fault_Source_Text : STRING(32);
    L_First_Fault_Type_Text : STRING(32);
    L_Event_Pulse_Latched : BOOL;
    L_Alarm_Compat_All_OK : BOOL;
    L_Alarm_First_Warning : STRING(255);
    L_Alarm_First_Warning_Latched : BOOL;
    L_Alarm_Shadow_Mismatch : BOOL;
    L_Alarm_Shadow_First_Mismatch : INT;
    L_Alarm_V2_Switch_Enabled : BOOL;
    L_Alarm_V2_Path_Ready : BOOL;
    L_Alarm_Using_Legacy_Fallback : BOOL;
    L_BlackBox_V2_Snapshot_Shadow : ST_BlackBox_Snapshot_V2;
    L_History_V2_Shadow_Diff_Found : BOOL;
    L_History_V2_Shadow_First_Diff_Slot : INT;
    L_BlackBox_V2_Shadow_Diff_Found : BOOL;
    L_History_V2_Buffer_Shadow : ARRAY[1..GVL_CONSTANTS.C_MAX_HISTORY_RECORDS] OF ST_History_Event_V2;
    L_Alarm_V2_Shadow_Compare_Enabled : BOOL;
    L_Alarm_V2_Shadow_Diff_Found : BOOL;
    L_Alarm_V2_Shadow_First_Diff_Slot : INT;
    L_Alarm_V2_Event_Pulse : BOOL;
    L_Alarm_V2_Event_Code : UDINT;
    L_Alarm_V2_Event_Value : REAL;
    L_Alarm_V2_List_Shadow : ARRAY[1..GVL_CONSTANTS.C_MAX_ALARMS] OF ST_Alarm_Record;
    L_Alarm_V2_Next_ID_Shadow : UDINT;
END_VAR

VO_Event_Pulse := FALSE;
VO_Event_Code := 0;
VO_Event_Value := 0.0;

L_Alarm_Compat_All_OK := TRUE;
L_Alarm_First_Warning := '';
L_Alarm_First_Warning_Latched := FALSE;
L_Alarm_Shadow_Mismatch := FALSE;
L_Alarm_Shadow_First_Mismatch := 0;
L_Alarm_V2_Switch_Enabled := TRUE;
L_Alarm_V2_Path_Ready := FALSE;
L_Alarm_Using_Legacy_Fallback := TRUE;
L_Alarm_V2_Shadow_Compare_Enabled := TRUE;
L_Alarm_V2_Shadow_Diff_Found := FALSE;
L_Alarm_V2_Shadow_First_Diff_Slot := 0;
L_Alarm_V2_Event_Pulse := FALSE;
L_Alarm_V2_Event_Code := 0;
L_Alarm_V2_Event_Value := 0.0;
L_Alarm_V2_Next_ID_Shadow := VIO_Next_Alarm_ID;
L_History_V2_Shadow_Diff_Found := FALSE;
L_History_V2_Shadow_First_Diff_Slot := 0;
L_BlackBox_V2_Shadow_Diff_Found := FALSE;

// 1. Детекция новых тревог (антидребезг + передний фронт)
T_Debounce_Gas(IN := VI_Gas_Alarm, PT := T#100ms, VI_System_Time_MS := VI_System_Time_MS);
T_Debounce_Fire(IN := VI_Fire_Alarm, PT := T#100ms, VI_System_Time_MS := VI_System_Time_MS);
T_Debounce_Flood(IN := VI_Flood_Alarm, PT := T#500ms, VI_System_Time_MS := VI_System_Time_MS);
T_Debounce_Security(IN := VI_Security_Alarm, PT := T#100ms, VI_System_Time_MS := VI_System_Time_MS);

R_Trig_Gas(CLK := T_Debounce_Gas.Q);
R_Trig_Fire(CLK := T_Debounce_Fire.Q);
R_Trig_Flood(CLK := T_Debounce_Flood.Q);
R_Trig_Security(CLK := T_Debounce_Security.Q);
R_Trig_First_Fault(CLK := VI_First_Fault_Active);
FOR L_i := 1 TO GVL_CONSTANTS.C_MAX_BOILERS DO
    R_Trig_Boiler[L_i](CLK := VI_Boiler_Errors[L_i]);
END_FOR;

// 2. Добавление новых тревог в список (Кольцевой буфер)
L_Pending_Count := 0;
L_Event_Pulse_Latched := FALSE;

IF R_Trig_Gas.Q AND L_Pending_Count < 10 THEN
    L_Pending_Count := L_Pending_Count + 1;
    L_Pending_Alarms[L_Pending_Count].Timestamp_MS := VI_System_Time_MS;
    L_Pending_Alarms[L_Pending_Count].Source := 'Gas';
    L_Pending_Alarms[L_Pending_Count].Source_ID := 0;
    L_Pending_Alarms[L_Pending_Count].Message := 'Критическая концентрация газа!';
    L_Pending_Alarms[L_Pending_Count].Severity := E_ALERT_PRIORITY.ALERT_PRIORITY_CRITICAL;
    L_Pending_Alarms[L_Pending_Count].Is_Active := TRUE;
    L_Pending_Alarms[L_Pending_Count].Is_Acknowledged := FALSE;
END_IF;

IF R_Trig_Fire.Q AND L_Pending_Count < 10 THEN
    L_Pending_Count := L_Pending_Count + 1;
    L_Pending_Alarms[L_Pending_Count].Timestamp_MS := VI_System_Time_MS;
    L_Pending_Alarms[L_Pending_Count].Source := 'Fire';

==================================================
FILE: FB_Rule_Engine.st
==================================================

--- MATCHED SHADOW/SCAFFOLD SYMBOLS ---
31:    L_Shadow_V2_Enabled : BOOL;
32:    L_Shadow_V2_Roundtrip_Mismatch : BOOL;
33:    L_Shadow_V2_First_Mismatch_Rule : INT;
34:    L_V2_Switch_Enabled : BOOL;
35:    L_V2_Path_Ready : BOOL;
36:    L_V2_Using_Legacy_Fallback : BOOL;
50:L_Shadow_V2_Enabled := TRUE;
51:L_Shadow_V2_Roundtrip_Mismatch := FALSE;
52:L_Shadow_V2_First_Mismatch_Rule := 0;
53:L_V2_Switch_Enabled := FALSE;
54:L_V2_Path_Ready := FALSE;
55:L_V2_Using_Legacy_Fallback := TRUE;
70:    IF L_Shadow_V2_Enabled THEN
80:    IF L_V2_Switch_Enabled AND L_V2_Path_Ready THEN
81:        L_V2_Using_Legacy_Fallback := FALSE;
85:        L_V2_Using_Legacy_Fallback := TRUE;

--- MATCHED INLINE COMMENTS ---
68:    // Inlined from FB_Rule_Compatibility_Package:

--- MATCHED LEGACY/FALLBACK/SWITCH AREAS ---
35:    L_V2_Path_Ready : BOOL;
36:    L_V2_Using_Legacy_Fallback : BOOL;
54:L_V2_Path_Ready := FALSE;
55:L_V2_Using_Legacy_Fallback := TRUE;
76:    // Phase 4 scaffold: optional V2 switch point.
77:    // Current state: always remain on legacy behavior.
80:    IF L_V2_Switch_Enabled AND L_V2_Path_Ready THEN
81:        L_V2_Using_Legacy_Fallback := FALSE;
85:        L_V2_Using_Legacy_Fallback := TRUE;

--- VAR BLOCK HEAD ---
FUNCTION_BLOCK FB_Rule_Engine
VAR_INPUT
    VI_System_Time_MS : UDINT; // Системное время (мс)
    VI_IsActivePLC : BOOL; // Флаг: Данный ПЛК является ведущим
    VI_Security_Armed : BOOL; // Статус: Система под охраной
    VI_Current_Time : TOD; // Текущее время суток
    VI_Day_Of_Week : INT; // Текущий день недели (1..7, 1 = Понедельник)
END_VAR
VAR_IN_OUT
    VI_Rules : ARRAY[1..GVL_CONSTANTS.C_MAX_RULES] OF ST_User_Rule; // Массив пользовательских правил
    VI_Indoor_Temps : ARRAY[1..16] OF REAL; // Температуры в помещениях
    VI_Floor_Temps : ARRAY[1..8] OF REAL; // Температуры пола
    VI_Humidities : ARRAY[1..16] OF REAL; // Влажность в помещениях
    VI_CO2_Levels : ARRAY[1..16] OF REAL; // Уровни CO2
    VI_Motion_Sensors : ARRAY[1..16] OF BOOL; // Датчики движения
    VI_Door_Sensors : ARRAY[1..GVL_CONSTANTS.C_MAX_DOOR_SENSORS] OF BOOL; // Датчики открытия дверей
    VI_Window_Sensors : ARRAY[1..16] OF BOOL; // Датчики открытия окон
    VI_Water_Sensors : ARRAY[1..GVL_CONSTANTS.C_MAX_FLOOD_SENSORS] OF BOOL; // Датчики протечки воды
    VI_Smoke_Sensors : ARRAY[1..GVL_CONSTANTS.C_MAX_SMOKE_SENSORS] OF BOOL; // Датчики дыма
    VI_Methane_Sensors : ARRAY[1..GVL_CONSTANTS.C_MAX_METHANE_SENSORS] OF REAL; // Датчики метана
    VI_CO_Sensors : ARRAY[1..GVL_CONSTANTS.C_MAX_CO_SENSORS] OF REAL; // Датчики угарного газа
END_VAR
VAR_OUTPUT
    VO_Actions : ARRAY[1..GVL_CONSTANTS.C_MAX_RULES] OF ST_Rule_Action; // Сформированные действия по правилам
END_VAR
VAR
    L_i : INT;
    L_Compat_All_OK : BOOL;
    L_Compat_First_Warning : STRING(255);
    L_Compat_First_Warning_Latched : BOOL;
    L_Shadow_V2_Enabled : BOOL;
    L_Shadow_V2_Roundtrip_Mismatch : BOOL;
    L_Shadow_V2_First_Mismatch_Rule : INT;
    L_V2_Switch_Enabled : BOOL;
    L_V2_Path_Ready : BOOL;
    L_V2_Using_Legacy_Fallback : BOOL;
    L_Condition_Met : BOOL;
    L_Current_Value : REAL;
    L_Triggers : ARRAY[1..GVL_CONSTANTS.C_MAX_RULES] OF R_TRIG;
    L_Trigger_Count : ARRAY[1..GVL_CONSTANTS.C_MAX_RULES] OF UINT;
    L_Last_Reset_Time : UDINT;
    L_Elapsed_Time : UDINT;
END_VAR

IF NOT VI_IsActivePLC THEN RETURN; END_IF;

L_Compat_All_OK := TRUE;
L_Compat_First_Warning := '';
L_Compat_First_Warning_Latched := FALSE;
L_Shadow_V2_Enabled := TRUE;
L_Shadow_V2_Roundtrip_Mismatch := FALSE;
L_Shadow_V2_First_Mismatch_Rule := 0;
L_V2_Switch_Enabled := FALSE;
L_V2_Path_Ready := FALSE;
L_V2_Using_Legacy_Fallback := TRUE;

// Сброс счетчиков срабатываний каждую минуту (защита от циклических зависимостей/дребезга)
L_Elapsed_Time := (SEL(VI_System_Time_MS >= L_Last_Reset_Time, VI_System_Time_MS - L_Last_Reset_Time, (4294967295 - L_Last_Reset_Time) + VI_System_Time_MS + 1));

IF L_Elapsed_Time >= GVL_CONSTANTS.C_MS_IN_MINUTE THEN
    L_Last_Reset_Time := VI_System_Time_MS;
    FOR L_i := 1 TO GVL_CONSTANTS.C_MAX_RULES DO
        L_Trigger_Count[L_i] := 0;
    END_FOR;
END_IF;

FOR L_i := 1 TO GVL_CONSTANTS.C_MAX_RULES DO
    // Inlined from FB_Rule_Compatibility_Package:
    // current compatibility path is a trivial field copy from ST_User_Rule to ST_Rule.
    IF L_Shadow_V2_Enabled THEN
        // Since the inlined mapping is identity on compared fields,
        // roundtrip mismatch detection becomes a direct self-consistency check.
        // No mismatch is expected from the compatibility layer itself.
    END_IF;

    // Phase 4 scaffold: optional V2 switch point.
    // Current state: always remain on legacy behavior.
    // Future state: when V2 path is implemented and validated,
    // this block becomes the controlled branch point.
    IF L_V2_Switch_Enabled AND L_V2_Path_Ready THEN
        L_V2_Using_Legacy_Fallback := FALSE;
        // V2 action-generation path placeholder.
        // No runtime behavior change yet.
    ELSE
        L_V2_Using_Legacy_Fallback := TRUE;
    END_IF;

    VO_Actions[L_i].Active := FALSE;
    IF VI_Rules[L_i].Enabled THEN
        L_Condition_Met := FALSE;
        L_Current_Value := 0.0;
        
        // Определение значения для проверки
        IF VI_Rules[L_i].Condition_Target_ID > 0 THEN
            CASE VI_Rules[L_i].Condition_Type OF
                E_Rule_Condition_Type.COND_AIR_TEMP: IF VI_Rules[L_i].Condition_Target_ID <= 16 THEN L_Current_Value := VI_Indoor_Temps[VI_Rules[L_i].Condition_Target_ID]; END_IF;
                E_Rule_Condition_Type.COND_FLOOR_TEMP: IF VI_Rules[L_i].Condition_Target_ID <= 8 THEN L_Current_Value := VI_Floor_Temps[VI_Rules[L_i].Condition_Target_ID]; END_IF;
                E_Rule_Condition_Type.COND_HUMIDITY: IF VI_Rules[L_i].Condition_Target_ID <= 16 THEN L_Current_Value := VI_Humidities[VI_Rules[L_i].Condition_Target_ID]; END_IF;
                E_Rule_Condition_Type.COND_CO2: IF VI_Rules[L_i].Condition_Target_ID <= 16 THEN L_Current_Value := VI_CO2_Levels[VI_Rules[L_i].Condition_Target_ID]; END_IF;
                E_Rule_Condition_Type.COND_MOTION: IF VI_Rules[L_i].Condition_Target_ID <= 16 THEN L_Current_Value := SEL(VI_Motion_Sensors[VI_Rules[L_i].Condition_Target_ID], 0.0, 1.0); END_IF;
                E_Rule_Condition_Type.COND_DOOR_WINDOW: 
                    IF VI_Rules[L_i].Condition_Target_ID <= GVL_CONSTANTS.C_MAX_DOOR_SENSORS THEN
                        L_Current_Value := SEL(VI_Door_Sensors[VI_Rules[L_i].Condition_Target_ID] OR VI_Window_Sensors[VI_Rules[L_i].Condition_Target_ID], 0.0, 1.0);
                    ELSIF VI_Rules[L_i].Condition_Target_ID <= 16 THEN
                        L_Current_Value := SEL(VI_Window_Sensors[VI_Rules[L_i].Condition_Target_ID], 0.0, 1.0);
                    END_IF;
                E_Rule_Condition_Type.COND_FLOOD: IF VI_Rules[L_i].Condition_Target_ID <= GVL_CONSTANTS.C_MAX_FLOOD_SENSORS THEN L_Current_Value := SEL(VI_Water_Sensors[VI_Rules[L_i].Condition_Target_ID], 0.0, 1.0); END_IF;
                E_Rule_Condition_Type.COND_SMOKE: IF VI_Rules[L_i].Condition_Target_ID <= GVL_CONSTANTS.C_MAX_SMOKE_SENSORS THEN L_Current_Value := SEL(VI_Smoke_Sensors[VI_Rules[L_i].Condition_Target_ID], 0.0, 1.0); END_IF;
                E_Rule_Condition_Type.COND_METHANE: IF VI_Rules[L_i].Condition_Target_ID <= GVL_CONSTANTS.C_MAX_METHANE_SENSORS THEN L_Current_Value := VI_Methane_Sensors[VI_Rules[L_i].Condition_Target_ID]; END_IF;
                E_Rule_Condition_Type.COND_CO: IF VI_Rules[L_i].Condition_Target_ID <= GVL_CONSTANTS.C_MAX_CO_SENSORS THEN L_Current_Value := VI_CO_Sensors[VI_Rules[L_i].Condition_Target_ID]; END_IF;
                E_Rule_Condition_Type.COND_TIME_OF_DAY: L_Current_Value := TO_REAL(TOD_TO_UDINT(VI_Current_Time) / GVL_CONSTANTS.C_MS_IN_MINUTE); // Время в минутах
                E_Rule_Condition_Type.COND_DAY_OF_WEEK: L_Current_Value := TO_REAL(VI_Day_Of_Week);
            END_CASE;
        ELSE
            IF VI_Rules[L_i].Condition_Type = E_Rule_Condition_Type.COND_TIME_OF_DAY THEN
                L_Current_Value := TO_REAL(TOD_TO_UDINT(VI_Current_Time) / GVL_CONSTANTS.C_MS_IN_MINUTE); // Время в минутах
            ELSIF VI_Rules[L_i].Condition_Type = E_Rule_Condition_Type.COND_DAY_OF_WEEK THEN
                L_Current_Value := TO_REAL(VI_Day_Of_Week);
            END_IF;
        END_IF;
        
        // Проверка условия
        CASE VI_Rules[L_i].Condition_Op OF
            E_Rule_Comparison.COMP_GT: L_Condition_Met := (L_Current_Value > VI_Rules[L_i].Condition_Value);
            E_Rule_Comparison.COMP_LT: L_Condition_Met := (L_Current_Value < VI_Rules[L_i].Condition_Value);
            E_Rule_Comparison.COMP_EQ: L_Condition_Met := (ABS(L_Current_Value - VI_Rules[L_i].Condition_Value) < 0.1);
            E_Rule_Comparison.COMP_GE: L_Condition_Met := (L_Current_Value >= VI_Rules[L_i].Condition_Value);
            E_Rule_Comparison.COMP_LE: L_Condition_Met := (L_Current_Value <= VI_Rules[L_i].Condition_Value);
            E_Rule_Comparison.COMP_IN_RANGE: L_Condition_Met := (L_Current_Value >= VI_Rules[L_i].Condition_Value) AND (L_Current_Value <= VI_Rules[L_i].Condition_Value_Max);
            E_Rule_Comparison.COMP_TRUE: L_Condition_Met := (L_Current_Value > 0.5);
            E_Rule_Comparison.COMP_FALSE: L_Condition_Met := (L_Current_Value < 0.5);
        END_CASE;
        
        // Формирование действия
        L_Triggers[L_i](CLK := L_Condition_Met);
        
        IF L_Triggers[L_i].Q THEN
            L_Trigger_Count[L_i] := L_Trigger_Count[L_i] + 1;
            IF L_Trigger_Count[L_i] > 10 THEN
                // ТЗ 13.5: Блокировка правила при слишком частом срабатывании (циклическая зависимость)

==================================================
FILE: FB_Lighting_Blinds_Manager.st
==================================================

--- MATCHED SHADOW/SCAFFOLD SYMBOLS ---
31:    L_Blinds_V2_Command_Shadow : ST_Blinds_Command_V2;
32:    L_Blinds_V2_State_Shadow : ST_Blinds_State_V2;
33:    L_Blinds_V2_Shadow_Diff_Found : BOOL;
34:    L_Blinds_V2_Switch_Enabled : BOOL;
35:    L_Blinds_V2_Path_Ready : BOOL;
36:    L_Blinds_Using_Legacy_Fallback : BOOL;
38:    L_Lighting_V2_Command_Shadow : ST_Lighting_Command_V2;
39:    L_Lighting_V2_State_Shadow : ST_Lighting_State_V2;
40:    L_Lighting_V2_Shadow_Diff_Found : BOOL;
41:    L_Lighting_V2_Switch_Enabled : BOOL;
42:    L_Lighting_V2_Path_Ready : BOOL;
43:    L_Lighting_Using_Legacy_Fallback : BOOL;
69:L_Lighting_V2_Shadow_Diff_Found := FALSE;
70:L_Blinds_V2_Shadow_Diff_Found := FALSE;
71:L_Blinds_V2_Switch_Enabled := TRUE;
72:L_Blinds_V2_Path_Ready := FALSE;
73:L_Blinds_Using_Legacy_Fallback := TRUE;
74:L_Lighting_V2_Switch_Enabled := TRUE;
75:L_Lighting_V2_Path_Ready := FALSE;
76:L_Lighting_Using_Legacy_Fallback := TRUE;
275:L_Lighting_V2_Command_Shadow.Brightness_Setpoint := BYTE_TO_REAL(VO_Lighting_Levels[1]);
276:L_Lighting_V2_State_Shadow.Brightness_Actual := BYTE_TO_REAL(VO_Lighting_Levels[1]);
277:L_Lighting_V2_State_Shadow.Motion_Active := VI_Motion_Sensors[1];
282:IF ABS(BYTE_TO_REAL(VO_Lighting_Levels[1]) - L_Lighting_V2_Command_Shadow.Brightness_Setpoint) > 0.1 THEN
283:    L_Lighting_V2_Shadow_Diff_Found := TRUE;
285:IF ABS(BYTE_TO_REAL(VO_Lighting_Levels[1]) - L_Lighting_V2_State_Shadow.Brightness_Actual) > 0.1 THEN
286:    L_Lighting_V2_Shadow_Diff_Found := TRUE;
288:IF VI_Motion_Sensors[1] <> L_Lighting_V2_State_Shadow.Motion_Active THEN
289:    L_Lighting_V2_Shadow_Diff_Found := TRUE;
293:IF L_Lighting_V2_Switch_Enabled THEN
294:    IF NOT L_Lighting_V2_Shadow_Diff_Found THEN
295:        L_Lighting_V2_Path_Ready := TRUE;
296:        L_Lighting_Using_Legacy_Fallback := FALSE;
298:        L_Lighting_V2_Path_Ready := FALSE;
299:        L_Lighting_Using_Legacy_Fallback := TRUE;
302:    L_Lighting_V2_Path_Ready := FALSE;
303:    L_Lighting_Using_Legacy_Fallback := TRUE;
312:L_Blinds_V2_Command_Shadow.Position_Setpoint := VO_Blinds_Positions[1];
313:L_Blinds_V2_State_Shadow.Position_Actual := VO_Blinds_Positions[1];
316:IF VO_Blinds_Positions[1] <> L_Blinds_V2_Command_Shadow.Position_Setpoint THEN
317:    L_Blinds_V2_Shadow_Diff_Found := TRUE;
319:IF VO_Blinds_Positions[1] <> L_Blinds_V2_State_Shadow.Position_Actual THEN
320:    L_Blinds_V2_Shadow_Diff_Found := TRUE;
325:IF L_Blinds_V2_Switch_Enabled THEN
326:    IF NOT L_Blinds_V2_Shadow_Diff_Found THEN
327:        L_Blinds_V2_Path_Ready := TRUE;
328:        L_Blinds_Using_Legacy_Fallback := FALSE;
330:        L_Blinds_V2_Path_Ready := FALSE;
331:        L_Blinds_Using_Legacy_Fallback := TRUE;
334:    L_Blinds_V2_Path_Ready := FALSE;
335:    L_Blinds_Using_Legacy_Fallback := TRUE;

--- MATCHED INLINE COMMENTS ---
273:// Inlined from FB_Lighting_V2_Staging
310:// Inlined from FB_Blinds_V2_Staging

--- MATCHED LEGACY/FALLBACK/SWITCH AREAS ---
35:    L_Blinds_V2_Path_Ready : BOOL;
36:    L_Blinds_Using_Legacy_Fallback : BOOL;
42:    L_Lighting_V2_Path_Ready : BOOL;
43:    L_Lighting_Using_Legacy_Fallback : BOOL;
72:L_Blinds_V2_Path_Ready := FALSE;
73:L_Blinds_Using_Legacy_Fallback := TRUE;
75:L_Lighting_V2_Path_Ready := FALSE;
76:L_Lighting_Using_Legacy_Fallback := TRUE;
280:// Lighting V2 shadow validation
295:        L_Lighting_V2_Path_Ready := TRUE;
296:        L_Lighting_Using_Legacy_Fallback := FALSE;
298:        L_Lighting_V2_Path_Ready := FALSE;
299:        L_Lighting_Using_Legacy_Fallback := TRUE;
302:    L_Lighting_V2_Path_Ready := FALSE;
303:    L_Lighting_Using_Legacy_Fallback := TRUE;
327:        L_Blinds_V2_Path_Ready := TRUE;
328:        L_Blinds_Using_Legacy_Fallback := FALSE;
330:        L_Blinds_V2_Path_Ready := FALSE;
331:        L_Blinds_Using_Legacy_Fallback := TRUE;
334:    L_Blinds_V2_Path_Ready := FALSE;
335:    L_Blinds_Using_Legacy_Fallback := TRUE;

--- VAR BLOCK HEAD ---
FUNCTION_BLOCK FB_Lighting_Blinds_Manager
// Менеджер управления освещением и шторами/жалюзи.
// Обеспечивает работу по сценариями, датчикам движения, физическим выключателям и правилам.
VAR_INPUT
    VI_System_Time_MS : UDINT; // Системное время в миллисекундах
    VI_IsActivePLC : BOOL; // Флаг активности ПЛК (TRUE = ведущий)
    VI_Current_Scenario : E_SCENARIO_TYPE; // Текущий глобальный сценарий (Утро, Вечер, Сон, Никого нет)
    VI_Away_Level : BYTE; // Уровень режима "Никого нет" (1-Короткий, 2-Средний, 3-Длительный)
    VI_Simulation_Active : BOOL; // Флаг активности симуляции присутствия
    VI_Is_Night : BOOL; // Флаг ночного времени (по астрономическому таймеру)
    VI_System_Mode : E_System_Operating_Mode; // Агрегированный режим работы системы
END_VAR
VAR_IN_OUT
    VI_Manual_Light_Override : ARRAY[1..32] OF BYTE; // Ручное переопределение яркости (0-100%)
    VI_Manual_Blinds_Override : ARRAY[1..GVL_CONSTANTS.C_MAX_BLINDS] OF BYTE; // Ручное переопределение позиции штор (0-100%)
    VI_Simulation_Lights : ARRAY[1..32] OF BOOL; // Состояния света от симулятора
    VI_Physical_Switches : ARRAY[1..32] OF BOOL; // Состояния физических выключателей
    VI_Motion_Sensors : ARRAY[1..32] OF BOOL; // Состояния датчиков движения
    VI_Rule_Actions : ARRAY[1..GVL_CONSTANTS.C_MAX_RULES] OF ST_Rule_Action; // Действия от Rule Engine
    VI_IO_Modules_Online : ARRAY[1..GVL_CONSTANTS.C_MAX_MODULES] OF BOOL; // Статусы модулей ввода-вывода
    VI_Wet_Zone_Map : ARRAY[1..32] OF BOOL; // Карта мокрых зон
    VI_Scenario_Configs : ARRAY[1..GVL_CONSTANTS.C_MAX_SCENARIOS] OF ST_Scenario_Config; // Конфигурации сценариев
END_VAR
VAR_OUTPUT
    VO_Lighting_Levels : ARRAY[1..32] OF BYTE; // Выходные уровни освещения (0-100%)
    VO_Blinds_Positions : ARRAY[1..GVL_CONSTANTS.C_MAX_BLINDS] OF BYTE; // Выходные позиции штор (0-100%)
    VO_Wet_Zone_Light_Active : ARRAY[1..GVL_CONSTANTS.C_MAX_WET_ZONES] OF BOOL; // Флаги включенного света в мокрых зонах (для вентиляции)
END_VAR
VAR
    // Blinds V2 shadow (phase2)
    L_Blinds_V2_Command_Shadow : ST_Blinds_Command_V2;
    L_Blinds_V2_State_Shadow : ST_Blinds_State_V2;
    L_Blinds_V2_Shadow_Diff_Found : BOOL;
    L_Blinds_V2_Switch_Enabled : BOOL;
    L_Blinds_V2_Path_Ready : BOOL;
    L_Blinds_Using_Legacy_Fallback : BOOL;
    // Lighting V2 shadow (phase2)
    L_Lighting_V2_Command_Shadow : ST_Lighting_Command_V2;
    L_Lighting_V2_State_Shadow : ST_Lighting_State_V2;
    L_Lighting_V2_Shadow_Diff_Found : BOOL;
    L_Lighting_V2_Switch_Enabled : BOOL;
    L_Lighting_V2_Path_Ready : BOOL;
    L_Lighting_Using_Legacy_Fallback : BOOL;
    L_i : INT;
    L_j : INT;
    L_Base_Light : BYTE;
    L_Base_Blinds : BYTE;
    L_Target_Base_Light : BYTE;
    L_Target_Base_Blinds : BYTE;
    L_Prev_Scenario : E_SCENARIO_TYPE;
    L_Transition_Light : FB_Scenario_Transition_Controller;
    L_Transition_Blinds : FB_Scenario_Transition_Controller;
    L_Light_States : ARRAY[1..32] OF BOOL;
    L_Prev_Switches : ARRAY[1..32] OF BOOL;
    L_Prev_Motion_Q : ARRAY[1..32] OF BOOL;
    L_Manual_Override : ARRAY[1..32] OF BOOL; // Флаг ручного переопределения (выключателем)
    L_Motion_Timers : ARRAY[1..32] OF FB_System_Timer_TOF;
    L_Rule_Light_Active : BOOL;
    L_Rule_Light_Val : BYTE;
    L_Rule_Blinds_Active : BOOL;
    L_Rule_Blinds_Val : BYTE;
    L_Wet_Zone_Idx : INT;
    L_Effective_Scenario : E_SCENARIO_TYPE;
    L_Effective_Simulation_Active : BOOL;
END_VAR

IF NOT VI_IsActivePLC THEN RETURN; END_IF;

L_Lighting_V2_Shadow_Diff_Found := FALSE;
L_Blinds_V2_Shadow_Diff_Found := FALSE;
L_Blinds_V2_Switch_Enabled := TRUE;
L_Blinds_V2_Path_Ready := FALSE;
L_Blinds_Using_Legacy_Fallback := TRUE;
L_Lighting_V2_Switch_Enabled := TRUE;
L_Lighting_V2_Path_Ready := FALSE;
L_Lighting_Using_Legacy_Fallback := TRUE;

GVL_STATE.G_Lighting_IO_Fault := FALSE;
GVL_STATE.G_Lighting_Subsystem_Degraded := FALSE;

L_Effective_Scenario := VI_Current_Scenario;
L_Effective_Simulation_Active := VI_Simulation_Active;

CASE VI_System_Mode OF
    E_System_Operating_Mode.MODE_SAFE_STOP:
        FOR L_j := 1 TO 32 DO
            VO_Lighting_Levels[L_j] := 0;
        END_FOR;
        FOR L_j := 1 TO GVL_CONSTANTS.C_MAX_BLINDS DO
            VO_Blinds_Positions[L_j] := 100;
        END_FOR;
        FOR L_j := 1 TO GVL_CONSTANTS.C_MAX_WET_ZONES DO
            VO_Wet_Zone_Light_Active[L_j] := FALSE;
        END_FOR;
        RETURN;
    E_System_Operating_Mode.MODE_FREEZE_PROTECTION:
        L_Effective_Scenario := E_SCENARIO_TYPE.SCENARIO_NONE;
        L_Effective_Simulation_Active := FALSE;
    E_System_Operating_Mode.MODE_DEGRADED:
        L_Effective_Simulation_Active := FALSE;
END_CASE;

// Инициализация индекса мокрых зон
L_Wet_Zone_Idx := 1;
// Сброс массива мокрых зон
FOR L_i := 1 TO GVL_CONSTANTS.C_MAX_WET_ZONES DO
    VO_Wet_Zone_Light_Active[L_i] := FALSE;
END_FOR;

// Проверка связи с модулями ввода-вывода
FOR L_i := 1 TO GVL_CONSTANTS.C_MAX_MODULES DO
    IF NOT VI_IO_Modules_Online[L_i] THEN
        GVL_STATE.G_Lighting_IO_Fault := TRUE;
GVL_STATE.G_Lighting_Subsystem_Degraded := TRUE;
        // Переход в безопасное состояние при потере связи (свет выкл, шторы открыты для эвакуации)
        FOR L_j := 1 TO 32 DO
            VO_Lighting_Levels[L_j] := 0;
        END_FOR;
        FOR L_j := 1 TO GVL_CONSTANTS.C_MAX_BLINDS DO
            VO_Blinds_Positions[L_j] := 100;
        END_FOR;
        RETURN;
    END_IF;
END_FOR;

// 1. Определение целевых уровней по сценарию (ТЗ 7.1)
IF L_Effective_Scenario >= 1 AND L_Effective_Scenario <= GVL_CONSTANTS.C_MAX_SCENARIOS THEN
    L_Target_Base_Light := VI_Scenario_Configs[L_Effective_Scenario].lighting_level_base;
    L_Target_Base_Blinds := VI_Scenario_Configs[L_Effective_Scenario].blinds_position_percent;
ELSE
    L_Target_Base_Light := 100;
    L_Target_Base_Blinds := 100;
END_IF;

// Корректировка по астрономическому таймеру
IF VI_Is_Night AND L_Effective_Scenario <> E_SCENARIO_TYPE.SCENARIO_AWAY AND L_Effective_Scenario <> E_SCENARIO_TYPE.SCENARIO_SLEEP THEN
    L_Target_Base_Blinds := 0; // Закрывать шторы ночью
END_IF;

// Плавный переход при смене сценария

==================================================
FILE: FB_Heating_System_Manager.st
==================================================

--- MATCHED SHADOW/SCAFFOLD SYMBOLS ---
64:    L_Heating_V2_Command_V2 : ST_Heating_Command_V2;
65:    L_Heating_V2_State_V2 : ST_Heating_State_V2;
66:    L_Heating_V2_Shadow_Diff_Found : BOOL;
67:    L_Heating_V2_Switch_Enabled : BOOL;
68:    L_Heating_V2_Path_Ready : BOOL;
69:    L_Heating_Using_Legacy_Fallback : BOOL;
151:L_Heating_V2_Shadow_Diff_Found := FALSE;
152:L_Heating_V2_Switch_Enabled := TRUE;
153:L_Heating_V2_Path_Ready := FALSE;
154:L_Heating_Using_Legacy_Fallback := TRUE;
701:L_Heating_V2_Command_V2.Valve_Position_Setpoint := VO_Manifold_Valves[1];
702:L_Heating_V2_State_V2.Room_Temp := VI_Room_Temps[1];
703:L_Heating_V2_State_V2.Supply_Temp := VI_Manifold_Temps_Supply[1];
706:IF ABS(VO_Manifold_Valves[1] - L_Heating_V2_Command_V2.Valve_Position_Setpoint) > 0.1 THEN
707:    L_Heating_V2_Shadow_Diff_Found := TRUE;
709:IF ABS(VI_Room_Temps[1] - L_Heating_V2_State_V2.Room_Temp) > 0.1 THEN
710:    L_Heating_V2_Shadow_Diff_Found := TRUE;
712:IF ABS(VI_Manifold_Temps_Supply[1] - L_Heating_V2_State_V2.Supply_Temp) > 0.1 THEN
713:    L_Heating_V2_Shadow_Diff_Found := TRUE;
717:IF L_Heating_V2_Switch_Enabled THEN
718:    IF NOT L_Heating_V2_Shadow_Diff_Found THEN
719:        L_Heating_V2_Path_Ready := TRUE;
720:        L_Heating_Using_Legacy_Fallback := FALSE;
722:        L_Heating_V2_Path_Ready := FALSE;
723:        L_Heating_Using_Legacy_Fallback := TRUE;
726:    L_Heating_V2_Path_Ready := FALSE;
727:    L_Heating_Using_Legacy_Fallback := TRUE;

--- MATCHED INLINE COMMENTS ---
699:// Inlined from FB_Heating_V2_Staging

--- MATCHED LEGACY/FALLBACK/SWITCH AREAS ---
68:    L_Heating_V2_Path_Ready : BOOL;
69:    L_Heating_Using_Legacy_Fallback : BOOL;
153:L_Heating_V2_Path_Ready := FALSE;
154:L_Heating_Using_Legacy_Fallback := TRUE;
267:    // В аварийном I/O режиме напрямую формируем только legacy request-мirror.
565:// 5. Управление каскадом котлов (ТЗ 2.8, OpenTherm-only, без legacy mirror)
604:// OT availability enforcement (no fallback)
719:        L_Heating_V2_Path_Ready := TRUE;
720:        L_Heating_Using_Legacy_Fallback := FALSE;
722:        L_Heating_V2_Path_Ready := FALSE;
723:        L_Heating_Using_Legacy_Fallback := TRUE;
726:    L_Heating_V2_Path_Ready := FALSE;
727:    L_Heating_Using_Legacy_Fallback := TRUE;

--- VAR BLOCK HEAD ---
// ==============================================================================
// Блок управления системой отопления (Heating System Manager)
// Назначение:
// - Управление контурами теплого пола (открытие/закрытие клапанов).
// - Управление насосами коллекторов и смесительными узлами.
// - Управление каскадом котлов (ротация, расчет ресурса).
// - Защита от перегрева и замерзания.
// - Интеграция с Rule Engine.
// ==============================================================================
FUNCTION_BLOCK FB_Heating_System_Manager
VAR_INPUT
    L_Climate_Zone_ID : INT;

    VI_System_Mode : E_System_Operating_Mode; // System mode from State Manager

    VI_System_Time_MS : UDINT; // Системное время (мс)
    VI_Current_TOD : TOD; // Текущее время суток
    VI_IsActivePLC : BOOL; // Флаг: Данный ПЛК является ведущим
    VI_Outdoor_Temp : REAL; // Уличная температура воздуха (°C)
    VI_Config : ST_Heating_Config; // Конфигурация системы отопления
    VI_Tariff : ST_Tariff_Config; // Настройки тарифов
    VI_Current_Hour : UINT; // Текущий час (0-23)
    VI_Boiler_Stop : BOOL; // Команда на остановку котлов (от газовой/пожарной сигнализации); вход сохранён для совместимости, не используется как direct control
    VI_DHW_Heating_Demand : BOOL; // Запрос тепла от бойлера ГВС (приоритет)
    VI_DHW_Target_Temp : REAL; // Целевая температура бойлера ГВС
    VI_Current_Scenario : E_SCENARIO_TYPE; // Текущий сценарий
    VI_Emergency_Stop : BOOL; // Агрегированный аварийный стоп от подсистемы безопасности
    VI_Gas_Safety_Stop : BOOL; // Газовая авария / закрытие газового клапана
    VI_Boiler_Error_Status : ARRAY[1..GVL_CONSTANTS.C_MAX_BOILERS] OF BOOL; // Ошибки котлов / ошибка адаптера
    VI_Boiler_OT_Online : ARRAY[1..GVL_CONSTANTS.C_MAX_BOILERS] OF BOOL; // Признак доступности OpenTherm-канала
    VI_Boiler_Modulation : ARRAY[1..GVL_CONSTANTS.C_MAX_BOILERS] OF REAL; // Текущая модуляция котлов (%)
END_VAR
VAR_IN_OUT
    VI_Floor_Temps : ARRAY[1..8] OF REAL; // Температуры стяжки пола по зонам
    VI_Room_Temps : ARRAY[1..16] OF REAL; // Температуры воздуха в помещениях
    VI_Manifold_Pressures : ARRAY[1..GVL_CONSTANTS.C_MAX_MANIFOLDS] OF REAL; // Давление в коллекторах (бар)
    VI_Manifold_Currents : ARRAY[1..GVL_CONSTANTS.C_MAX_MANIFOLDS] OF REAL; // Ток насосов коллекторов (мА)
    VI_Manifold_Temps_Supply : ARRAY[1..GVL_CONSTANTS.C_MAX_MANIFOLDS] OF REAL; // Температура подачи на коллекторах
    VI_Manifold_Temps_Return : ARRAY[1..GVL_CONSTANTS.C_MAX_MANIFOLDS] OF REAL; // Температура обратки на коллекторах
    VI_Boiler_Flame_Status : ARRAY[1..GVL_CONSTANTS.C_MAX_BOILERS] OF BOOL; // Статус наличия пламени в котлах
    VI_Zone_Configs : ARRAY[1..8] OF ST_FloorHeating_Circuit_Config; // Конфигурации контуров
    VI_Rule_Actions : ARRAY[1..GVL_CONSTANTS.C_MAX_RULES] OF ST_Rule_Action; // Действия от Rule Engine
    VI_IO_Modules_Online : ARRAY[1..GVL_CONSTANTS.C_MAX_MODULES] OF BOOL; // Статусы модулей ввода-вывода
    VI_Scenario_Configs : ARRAY[1..GVL_CONSTANTS.C_MAX_SCENARIOS] OF ST_Scenario_Config; // Конфигурации сценариев
    VI_Manifold_End_Switches : ARRAY[1..GVL_CONSTANTS.C_MAX_MANIFOLDS] OF BOOL; // Концевики клапанов
    VI_Valve_Test_Config : ARRAY[1..GVL_CONSTANTS.C_MAX_MANIFOLDS] OF ST_Valve_Test_Config; // Конфигурация тестирования клапанов
END_VAR

VAR_OUTPUT
    VO_Manifold_Valves : ARRAY[1..GVL_CONSTANTS.C_MAX_MANIFOLDS] OF REAL; // Выход: Положение клапанов смесителей (0-100%)
    VO_Manifold_Pumps : ARRAY[1..GVL_CONSTANTS.C_MAX_MANIFOLDS] OF BOOL; // Выход: Управление насосами коллекторов
    VO_Zone_Valves : ARRAY[1..8] OF BOOL; // Выход: Управление клапанами контуров (Зоны 1-16)
    VO_Boiler_OT_Enable : ARRAY[1..GVL_CONSTANTS.C_MAX_BOILERS] OF BOOL; // Физические команды в OpenTherm
    VO_Boiler_OT_Setpoint : ARRAY[1..GVL_CONSTANTS.C_MAX_BOILERS] OF REAL; // Физические уставки в OpenTherm
    VO_Backup_Circulation_Pump : BOOL; // Резервный циркуляционный насос в режиме антизамерзания при газовой аварии
    VO_Electric_Heater_Enable : BOOL; // Сухой контакт электрического нагревателя антизамерзания
    VO_Freeze_Risk_Status : BOOL; // Признак риска замерзания при защёлкнутой газовой аварии
    VO_Status : ARRAY[1..GVL_CONSTANTS.C_MAX_MANIFOLDS] OF ST_Manifold_Status; // Сводный статус коллекторных узлов для HMI
    VO_Boiler_Status : ARRAY[1..GVL_CONSTANTS.C_MAX_BOILERS] OF ST_Boiler_Status; // Сводный статус котлов для HMI
END_VAR

VAR
    // Heating V2 staging layer
    L_Heating_V2_Command_V2 : ST_Heating_Command_V2;
    L_Heating_V2_State_V2 : ST_Heating_State_V2;
    L_Heating_V2_Shadow_Diff_Found : BOOL;
    L_Heating_V2_Switch_Enabled : BOOL;
    L_Heating_V2_Path_Ready : BOOL;
    L_Heating_Using_Legacy_Fallback : BOOL;

    L_PID_Valves : ARRAY[1..GVL_CONSTANTS.C_MAX_MANIFOLDS] OF FB_PID_Controller; // ПИД-регуляторы для поддержания температуры подачи
    L_PID_Timer : ARRAY[1..GVL_CONSTANTS.C_MAX_MANIFOLDS] OF FB_System_Timer; // Таймеры вызова ПИД-регуляторов
    L_Floor_Controllers : ARRAY[1..8] OF FB_FloorHeating_Controller; // Контроллеры зон теплого пола
    L_Last_Boiler_Rotation : UDINT; // Время последней ротации ведущего котла
    L_Lead_Boiler : BYTE := 1; // Номер ведущего котла (1 или 2)
    L_i : INT; // Индекс для циклов
    L_Zone_Config : ST_FloorHeating_Circuit_Config;
    L_j : INT; // Вспомогательный индекс
    L_Target_Supply_Temp : REAL; // Рассчитанная целевая температура подачи
    L_Demand_Power : REAL; // Суммарный запрос мощности от всех коллекторов
    L_Any_Zone_Active : ARRAY[1..GVL_CONSTANTS.C_MAX_MANIFOLDS] OF BOOL; // Флаги наличия запроса тепла по коллекторам
    L_Current_Temp : REAL; // Текущая температура для ПИД
    L_Sensor_Error : BOOL; // Ошибка обоих датчиков
    
    // Плавный переход сценария
    L_Prev_Scenario : E_SCENARIO_TYPE;
    L_Scenario_Adjust : REAL;
    L_Target_Scenario_Adjust : REAL;
    L_Transition_Temp : FB_Scenario_Transition_Controller;
    
    // ТЗ 2.5: Защита от перегрева стяжки
    L_Overheat_Timer : ARRAY[1..8] OF FB_System_Timer; // Таймеры задержки отключения при перегреве
    
    // ТЗ 2.6: Сервисная диагностика и паузы
    L_Pump_Run_Timer : ARRAY[1..GVL_CONSTANTS.C_MAX_MANIFOLDS] OF FB_System_Timer; // Таймер непрерывной работы насоса (до 72ч)
    L_Pump_Pause_Timer : ARRAY[1..GVL_CONSTANTS.C_MAX_MANIFOLDS] OF FB_System_Timer; // Таймер обязательной паузы насоса (1ч)
    L_Pump_In_Pause : ARRAY[1..GVL_CONSTANTS.C_MAX_MANIFOLDS] OF BOOL; // Флаг: Насос находится в режиме сервисной паузы
    
    // ТЗ 2.8: Учет ресурса оборудования
    L_Last_Scan_Time : UDINT; // Время предыдущего цикла для расчета наработки
    L_Scan_Time_Init : BOOL := FALSE;
    L_Lifespan_S : REAL := 50000.0 * 3600.0; // Расчетный ресурс котла (50,000 часов в секундах)
    L_Delta_MS : UDINT; // Разница времени
    L_Pump_Diag : ARRAY[1..GVL_CONSTANTS.C_MAX_MANIFOLDS] OF FB_Device_Predictive_Diag; // Диагностика насосов
    L_Boiler_Life : ARRAY[1..GVL_CONSTANTS.C_MAX_BOILERS] OF FB_Lifetime_Predictor; // Предиктор ресурса котлов
    
    fbFloorTempValidator : ARRAY[1..8] OF FB_Analog_Validator;
    fbRoomTempValidator : ARRAY[1..16] OF FB_Analog_Validator;
    fbValveTestManager : FB_Valve_Test_Manager; // Менеджер тестирования клапанов
    fbBoilerCascade : FB_Boiler_Cascade_Manager; // Выделенный менеджер каскада котлов
    fbBoilerOpenTherm : FB_Boiler_OpenTherm_Interface; // Основной транспорт OpenTherm
    L_IO_Failsafe_Active : BOOL; // Флаг потери связи с модулями I/O
    L_Freeze_Mode_Active : BOOL; // Флаг антизамерзания по ТЗ
    L_Freeze_Target_Supply : REAL; // Уставка подачи в режиме антизамерзания
    L_Delta_T : REAL; // Разница температур подача/обратка
    L_Min_Supply_Temp : REAL; // Минимальная температура теплоносителя для антизамерзания
    L_Boiler_OT_Command_Valid : ARRAY[1..GVL_CONSTANTS.C_MAX_BOILERS] OF BOOL; // Команда ушла через OT
    L_Boiler_Request_Enable : ARRAY[1..GVL_CONSTANTS.C_MAX_BOILERS] OF BOOL; // Внутренний request на котлы от логики каскада
    L_Boiler_Request_Setpoint : ARRAY[1..GVL_CONSTANTS.C_MAX_BOILERS] OF REAL; // Внутренняя request-уставка котлов
    L_Policy_Normal : BOOL; // Policy: normal operation
    L_Policy_Safe_Stop : BOOL; // Policy: hard safe stop
    L_Policy_Degraded : BOOL; // Policy: limited conservative operation
    L_Policy_Freeze_Protection : BOOL; // Policy: freeze protection mode
    L_Any_Sensor_Error : BOOL;
    L_Any_Subsystem_Degraded : BOOL;
END_VAR



// ========================================
// Heating policy layer (phase2)
// ========================================
L_Policy_Normal := (VI_System_Mode = E_System_Operating_Mode.MODE_NORMAL);
L_Policy_Safe_Stop := (VI_System_Mode = E_System_Operating_Mode.MODE_SAFE_STOP);
L_Policy_Degraded := (VI_System_Mode = E_System_Operating_Mode.MODE_DEGRADED);
L_Policy_Freeze_Protection := (VI_System_Mode = E_System_Operating_Mode.MODE_FREEZE_PROTECTION);

// ========================================
// Heating freeze policy activation
// ========================================

==================================================
FILE: FB_Ventilation_System_Manager.st
==================================================

--- MATCHED SHADOW/SCAFFOLD SYMBOLS ---
47:    L_Vent_V2_Shadow_Diff_Found : BOOL;
48:    L_Vent_V2_Switch_Enabled : BOOL;
49:    L_Vent_V2_Path_Ready : BOOL;
50:    L_Vent_Using_Legacy_Fallback : BOOL;
58:L_Vent_V2_Shadow_Diff_Found := FALSE;
59:L_Vent_V2_Switch_Enabled := TRUE;
60:L_Vent_V2_Path_Ready := FALSE;
61:L_Vent_Using_Legacy_Fallback := TRUE;
235:    L_Vent_V2_Shadow_Diff_Found := TRUE;
238:    L_Vent_V2_Shadow_Diff_Found := TRUE;
242:IF L_Vent_V2_Switch_Enabled THEN
243:    IF NOT L_Vent_V2_Shadow_Diff_Found THEN
244:        L_Vent_V2_Path_Ready := TRUE;
245:        L_Vent_Using_Legacy_Fallback := FALSE;
247:        L_Vent_V2_Path_Ready := FALSE;
248:        L_Vent_Using_Legacy_Fallback := TRUE;
251:    L_Vent_V2_Path_Ready := FALSE;
252:    L_Vent_Using_Legacy_Fallback := TRUE;

--- MATCHED INLINE COMMENTS ---
229:// Inlined from FB_Ventilation_V2_Staging

--- MATCHED LEGACY/FALLBACK/SWITCH AREAS ---
49:    L_Vent_V2_Path_Ready : BOOL;
50:    L_Vent_Using_Legacy_Fallback : BOOL;
60:L_Vent_V2_Path_Ready := FALSE;
61:L_Vent_Using_Legacy_Fallback := TRUE;
228:// Ventilation V2 shadow runtime integration (diagnostic only)
233:// Ventilation V2 shadow validation
244:        L_Vent_V2_Path_Ready := TRUE;
245:        L_Vent_Using_Legacy_Fallback := FALSE;
247:        L_Vent_V2_Path_Ready := FALSE;
248:        L_Vent_Using_Legacy_Fallback := TRUE;
251:    L_Vent_V2_Path_Ready := FALSE;
252:    L_Vent_Using_Legacy_Fallback := TRUE;

--- VAR BLOCK HEAD ---
FUNCTION_BLOCK FB_Ventilation_System_Manager
VAR_INPUT
    VI_System_Time_MS : UDINT; // Системное время (мс)
    VI_IsActivePLC : BOOL; // Флаг: Данный ПЛК является ведущим
    VI_Outdoor_Temp : REAL; // Уличная температура воздуха (°C)
    VI_Current_Scenario : E_SCENARIO_TYPE; // Текущий глобальный сценарий
    VI_System_Mode : E_System_Operating_Mode; // Агрегированный режим работы системы
    VI_Config : ST_Ventilation_Global_Config; // Конфигурация системы вентиляции
    VI_Fire_Alarm : BOOL; // Сигнал пожарной тревоги
    VI_Gas_Alarm : BOOL; // Сигнал газовой тревоги
    VI_PV3_Boost_Req : BOOL; // Запрос форсирования ПВ-3 от газоанализатора (ТЗ 5.1)
    VI_Supply_100_Req : BOOL; // Запрос 100% притока (ТЗ 6.4)
    VI_Exhaust_100_Req : BOOL; // Запрос 100% вытяжки (ТЗ 6.4)
    VI_Supply_80_Req : BOOL; // Запрос 80% притока (ТЗ 5.4)
    VI_Vent_Stop : BOOL; // Запрос на остановку вентиляции (ТЗ 5.3)
    VI_IO_Modules_Online : ARRAY[1..GVL_CONSTANTS.C_MAX_MODULES] OF BOOL; // Статусы модулей ввода-вывода (только чтение)
END_VAR
VAR_IN_OUT
    VI_Supply_Temps : ARRAY[1..GVL_CONSTANTS.C_MAX_SUPPLY_TEMPS] OF REAL; // Температура приточного воздуха после калорифера
    VI_Room_Temps : ARRAY[1..16] OF REAL; // Температура в помещениях (°C)
    VI_Room_Humidities : ARRAY[1..16] OF REAL; // Влажность в помещениях (%)
    VI_Room_CO2 : ARRAY[1..16] OF REAL; // Уровень CO2 в помещениях (ppm)
    VI_Wet_Zone_Active : ARRAY[1..GVL_CONSTANTS.C_MAX_WET_ZONES] OF BOOL; // Сигналы включения света в санузлах (ТЗ 4.0)
    VI_Rule_Actions : ARRAY[1..GVL_CONSTANTS.C_MAX_RULES] OF ST_Rule_Action; // Действия от Rule Engine
END_VAR
VAR_OUTPUT
    VO_Supply_Fans : ARRAY[1..GVL_CONSTANTS.C_MAX_SUPPLY_FANS] OF BYTE; // Выход: Управление приточными вентиляторами (0-100%)
    VO_Exhaust_Fans : ARRAY[1..GVL_CONSTANTS.C_MAX_EXHAUST_FANS] OF BYTE; // Выход: Управление вытяжными вентиляторами (0-100%)
    VO_Heater_Power : ARRAY[1..GVL_CONSTANTS.C_MAX_BOILERS] OF REAL; // Выход: Мощность калориферов (0-100%)
    VO_Status_Msg : STRING(200); // Строковое сообщение о статусе
END_VAR
VAR
    L_Policy_Normal : BOOL;
    L_Policy_Safe_Stop : BOOL;
    L_Policy_Degraded : BOOL;
    L_Policy_Freeze_Protection : BOOL;
    L_i : INT;
    L_j : INT;
    L_Max_CO2 : REAL;
    L_Max_Hum : REAL;
    L_Base_Speed : BYTE;
    L_Target_Temp : REAL;
    L_PID_Heaters : ARRAY[1..GVL_CONSTANTS.C_MAX_BOILERS] OF FB_PID_Controller;
    L_Wet_Zone_Timers : ARRAY[1..GVL_CONSTANTS.C_MAX_WET_ZONES] OF FB_System_Timer_TOF; // Таймеры выбега для вытяжек санузлов
    L_Vent_Command_Shadow : ST_Ventilation_Command_V2;
    L_Vent_State_Shadow : ST_Ventilation_State_V2;
    L_Vent_V2_Shadow_Diff_Found : BOOL;
    L_Vent_V2_Switch_Enabled : BOOL;
    L_Vent_V2_Path_Ready : BOOL;
    L_Vent_Using_Legacy_Fallback : BOOL;
END_VAR

// ========================================
// Ventilation policy layer (phase3/v2)
// ========================================
GVL_STATE.G_Ventilation_IO_Fault := FALSE;
GVL_STATE.G_Ventilation_Subsystem_Degraded := FALSE;
L_Vent_V2_Shadow_Diff_Found := FALSE;
L_Vent_V2_Switch_Enabled := TRUE;
L_Vent_V2_Path_Ready := FALSE;
L_Vent_Using_Legacy_Fallback := TRUE;
L_Policy_Normal := (VI_System_Mode = E_System_Operating_Mode.MODE_NORMAL);
L_Policy_Safe_Stop := (VI_System_Mode = E_System_Operating_Mode.MODE_SAFE_STOP);
L_Policy_Degraded := (VI_System_Mode = E_System_Operating_Mode.MODE_DEGRADED);
L_Policy_Freeze_Protection := (VI_System_Mode = E_System_Operating_Mode.MODE_FREEZE_PROTECTION);

IF NOT VI_IsActivePLC THEN
    FOR L_i := 1 TO GVL_CONSTANTS.C_MAX_SUPPLY_FANS DO
        VO_Supply_Fans[L_i] := 0;
        IF L_i <= GVL_CONSTANTS.C_MAX_SUPPLY_TEMPS THEN
            VO_Heater_Power[L_i] := 0.0;
        END_IF;
    END_FOR;
    FOR L_i := 1 TO GVL_CONSTANTS.C_MAX_EXHAUST_FANS DO
        VO_Exhaust_Fans[L_i] := 0;
    END_FOR;
    VO_Status_Msg := 'ВЕНТИЛЯЦИЯ: РЕЗЕРВНЫЙ ПЛК';
    RETURN;
END_IF;

// Проверка связи с модулями ввода-вывода
FOR L_i := 1 TO GVL_CONSTANTS.C_MAX_MODULES DO
    IF NOT VI_IO_Modules_Online[L_i] THEN
        GVL_STATE.G_Ventilation_IO_Fault := TRUE;
        // Переход в безопасное состояние при потере связи (отключение вентиляции)
        FOR L_j := 1 TO GVL_CONSTANTS.C_MAX_SUPPLY_FANS DO
            VO_Supply_Fans[L_j] := 0;
        END_FOR;
        FOR L_j := 1 TO GVL_CONSTANTS.C_MAX_EXHAUST_FANS DO
            VO_Exhaust_Fans[L_j] := 0;
        END_FOR;
        FOR L_j := 1 TO GVL_CONSTANTS.C_MAX_BOILERS DO
            VO_Heater_Power[L_j] := 0.0;
        END_FOR;
        VO_Status_Msg := 'ОШИБКА: Потеря связи с модулями ввода-вывода';
        RETURN;
    END_IF;
END_FOR;

// =========================
// SYSTEM MODE OVERRIDE
// =========================
// VENT_POLICY_ROUTING_PHASE3_V2
IF L_Policy_Safe_Stop THEN
    FOR L_i := 1 TO GVL_CONSTANTS.C_MAX_SUPPLY_FANS DO
        VO_Supply_Fans[L_i] := 0;
    END_FOR;
    FOR L_i := 1 TO GVL_CONSTANTS.C_MAX_EXHAUST_FANS DO
        VO_Exhaust_Fans[L_i] := 0;
    END_FOR;
    FOR L_i := 1 TO GVL_CONSTANTS.C_MAX_BOILERS DO
        VO_Heater_Power[L_i] := 0.0;
    END_FOR;
    VO_Status_Msg := 'ВЕНТИЛЯЦИЯ: ОСТАНОВЛЕНА POLICY SAFE_STOP';
    RETURN;
END_IF;

IF L_Policy_Degraded THEN
    FOR L_i := 1 TO GVL_CONSTANTS.C_MAX_SUPPLY_FANS DO
        VO_Supply_Fans[L_i] := 0;
    END_FOR;
    FOR L_i := 1 TO GVL_CONSTANTS.C_MAX_BOILERS DO
        VO_Heater_Power[L_i] := 0.0;
    END_FOR;
    GVL_STATE.G_Ventilation_Subsystem_Degraded := TRUE;
    VO_Status_Msg := 'ВЕНТИЛЯЦИЯ: DEGRADED POLICY';
END_IF;

IF L_Policy_Freeze_Protection THEN
    FOR L_i := 1 TO GVL_CONSTANTS.C_MAX_SUPPLY_FANS DO
        VO_Supply_Fans[L_i] := 0;
    END_FOR;
    FOR L_i := 1 TO GVL_CONSTANTS.C_MAX_EXHAUST_FANS DO
        VO_Exhaust_Fans[L_i] := 0;
    END_FOR;
    FOR L_i := 1 TO GVL_CONSTANTS.C_MAX_BOILERS DO
        VO_Heater_Power[L_i] := 0.0;
    END_FOR;
    VO_Status_Msg := 'ВЕНТИЛЯЦИЯ: FREEZE_PROTECTION POLICY (stop)';
    RETURN;

==================================================
FILE: FB_DHW_Manager.st
==================================================

--- MATCHED SHADOW/SCAFFOLD SYMBOLS ---
23:    L_DHW_V2_Command_V2 : ST_DHW_Command_V2;
24:    L_DHW_V2_State_V2 : ST_DHW_State_V2;
25:    L_DHW_V2_Shadow_Diff_Found : BOOL;
26:    L_DHW_V2_Switch_Enabled : BOOL;
27:    L_DHW_V2_Path_Ready : BOOL;
28:    L_DHW_Using_Legacy_Fallback : BOOL;
48:L_DHW_V2_Shadow_Diff_Found := FALSE;
49:L_DHW_V2_Switch_Enabled := TRUE;
50:L_DHW_V2_Path_Ready := FALSE;
51:L_DHW_Using_Legacy_Fallback := TRUE;
231:    L_DHW_V2_Command_V2.Pump_Enable := 1.0;
233:    L_DHW_V2_Command_V2.Pump_Enable := 0.0;
236:L_DHW_V2_State_V2.Tank_Temp := VO_Status.Temp;
237:L_DHW_V2_State_V2.Supply_Temp := VO_Status.Pressure;
242:IF VO_Heating_Pump <> (L_DHW_V2_Command_V2.Pump_Enable > 0.5) THEN
243:    L_DHW_V2_Shadow_Diff_Found := TRUE;
245:IF ABS(VO_Status.Temp - L_DHW_V2_State_V2.Tank_Temp) > 0.1 THEN
246:    L_DHW_V2_Shadow_Diff_Found := TRUE;
248:IF ABS(VO_Status.Pressure - L_DHW_V2_State_V2.Supply_Temp) > 0.1 THEN
249:    L_DHW_V2_Shadow_Diff_Found := TRUE;
253:IF L_DHW_V2_Switch_Enabled THEN
254:    IF NOT L_DHW_V2_Shadow_Diff_Found THEN
255:        L_DHW_V2_Path_Ready := TRUE;
256:        L_DHW_Using_Legacy_Fallback := FALSE;
258:        L_DHW_V2_Path_Ready := FALSE;
259:        L_DHW_Using_Legacy_Fallback := TRUE;
262:    L_DHW_V2_Path_Ready := FALSE;
263:    L_DHW_Using_Legacy_Fallback := TRUE;

--- MATCHED INLINE COMMENTS ---
228:// Inlined from FB_DHW_V2_Staging

--- MATCHED LEGACY/FALLBACK/SWITCH AREAS ---
27:    L_DHW_V2_Path_Ready : BOOL;
28:    L_DHW_Using_Legacy_Fallback : BOOL;
50:L_DHW_V2_Path_Ready := FALSE;
51:L_DHW_Using_Legacy_Fallback := TRUE;
144:// Используется только для диагностики/сервиса, не для fallback-управления.
255:        L_DHW_V2_Path_Ready := TRUE;
256:        L_DHW_Using_Legacy_Fallback := FALSE;
258:        L_DHW_V2_Path_Ready := FALSE;
259:        L_DHW_Using_Legacy_Fallback := TRUE;
262:    L_DHW_V2_Path_Ready := FALSE;
263:    L_DHW_Using_Legacy_Fallback := TRUE;

--- VAR BLOCK HEAD ---
FUNCTION_BLOCK FB_DHW_Manager
VAR_INPUT
    VI_System_Time_MS : UDINT; // Системное время (мс)
    VI_Current_TOD : TOD; // Текущее время суток
    VI_IsActivePLC : BOOL; // Флаг: Данный ПЛК является ведущим
    VI_Temp : REAL; // Текущая температура воды в бойлере (°C)
    VI_Pressure : REAL; // Текущее давление в системе ГВС (бар)
    VI_Config : ST_DHW_Config; // Конфигурация системы ГВС (уставки, расписание)
    VI_Current_Day_Of_Week : UINT; // Текущий день недели (1-7)
    VI_Reset_Errors : BOOL; // Сброс ошибок
    VI_Emergency_Stop : BOOL; // Агрегированный аварийный стоп от подсистемы безопасности
    VI_System_Mode : E_System_Operating_Mode; // Агрегированный режим системы
    VI_IO_Modules_Online : ARRAY[1..GVL_CONSTANTS.C_MAX_MODULES] OF BOOL; // Статусы модулей ввода-вывода (только чтение)
END_VAR
// >>> SYNC_TEST_MARKER_001 <<<
VAR_OUTPUT
    VO_Status : ST_DHW_Status; // Сводный статус системы ГВС для HMI
    VO_Heating_Pump : BOOL; // Выход: Управление насосом нагрева (загрузка бойлера)
    VO_Circ_Pump : BOOL; // Выход: Управление насосом рециркуляции ГВС
END_VAR
VAR
    // DHW V2 staging layer
    L_DHW_V2_Command_V2 : ST_DHW_Command_V2;
    L_DHW_V2_State_V2 : ST_DHW_State_V2;
    L_DHW_V2_Shadow_Diff_Found : BOOL;
    L_DHW_V2_Switch_Enabled : BOOL;
    L_DHW_V2_Path_Ready : BOOL;
    L_DHW_Using_Legacy_Fallback : BOOL;
    L_i : INT;
    L_Current_TOD : TOD; // Текущее время суток
    L_Legionella_Active : BOOL; // Флаг активного режима термической дезинфекции (Легионелла)
    L_Legionella_Timer : FB_System_Timer; // Таймер удержания температуры для дезинфекции
    L_Last_Good_Temp : REAL := 55.0; // Последнее достоверное значение температуры (для Fallback)
    L_Legionella_Done_Today : BOOL; // Признак выполнения термодезинфекции в текущие сутки
    L_Last_Legionella_Day : UINT; // День недели последнего сброса/контроля цикла легионеллы
    fbTempValidator : FB_Analog_Validator;
    fbPressValidator : FB_Analog_Validator;
    L_Error_Latched : BOOL;
    L_Error_ID_Latched : WORD;
    L_Policy_Degraded : BOOL;
    L_Policy_Freeze_Protection : BOOL;
    L_Policy_Safe_Stop : BOOL;
    L_Target_Temp_Adjusted : REAL;
END_VAR

IF NOT VI_IsActivePLC THEN RETURN; END_IF;

L_DHW_V2_Shadow_Diff_Found := FALSE;
L_DHW_V2_Switch_Enabled := TRUE;
L_DHW_V2_Path_Ready := FALSE;
L_DHW_Using_Legacy_Fallback := TRUE;

GVL_STATE.G_DHW_IO_Fault := FALSE;
GVL_STATE.G_DHW_Sensor_Fault := FALSE;
GVL_STATE.G_DHW_Subsystem_Degraded := FALSE;

IF VI_Emergency_Stop THEN
    VO_Heating_Pump := FALSE;
    VO_Circ_Pump := FALSE;
    VO_Status.Warning := FALSE;
    VO_Status.Error := TRUE;
    VO_Status.Error_ID := TO_WORD(GVL_CONFIG.ERR_DHW_IO_OFFLINE); // временно используем общий аварийный код до детализации safety-кодов
    VO_Status.Heating_Pump_On := FALSE;
    VO_Status.Circ_Pump_On := FALSE;
    RETURN;
END_IF;

// Фиксация текущего времени
L_Current_TOD := VI_Current_TOD;

// ========================================
// DHW POLICY LAYER
// ========================================
L_Policy_Safe_Stop := (VI_System_Mode = E_System_Operating_Mode.MODE_SAFE_STOP);
L_Policy_Freeze_Protection := (VI_System_Mode = E_System_Operating_Mode.MODE_FREEZE_PROTECTION);
L_Policy_Degraded := (VI_System_Mode = E_System_Operating_Mode.MODE_DEGRADED);
L_Target_Temp_Adjusted := VI_Config.Target_Temp;
IF L_Policy_Degraded THEN
    L_Target_Temp_Adjusted := VI_Config.Target_Temp - VI_Config.Degraded_Target_Delta;
END_IF;

// ========================================
// DHW POLICY OVERRIDE
// ========================================
IF L_Policy_Safe_Stop THEN
    VO_Heating_Pump := FALSE;
    VO_Circ_Pump := FALSE;
    RETURN;
END_IF;

IF L_Policy_Freeze_Protection THEN
    VO_Heating_Pump := FALSE;
    VO_Circ_Pump := FALSE;
    RETURN;
END_IF;

// Сброс признака выполнения термодезинфекции при смене дня.
IF L_Last_Legionella_Day <> VI_Current_Day_Of_Week THEN
    L_Legionella_Done_Today := FALSE;
    L_Last_Legionella_Day := VI_Current_Day_Of_Week;
END_IF;

// Базовый сброс незащёлкнутых статусных флагов на текущий цикл.
// Критические ошибки ниже могут зафиксироваться и завершить выполнение через RETURN.
VO_Status.Warning := FALSE;
VO_Status.Error := FALSE;
VO_Status.Error_ID := 0;

// Сброс ошибок
IF VI_Reset_Errors THEN
    L_Error_Latched := FALSE;
    L_Error_ID_Latched := 0;
END_IF;

// Проверка связи с модулями ввода-вывода
FOR L_i := 1 TO GVL_CONSTANTS.C_MAX_MODULES DO
    IF NOT VI_IO_Modules_Online[L_i] THEN
        L_Error_Latched := TRUE;
        GVL_STATE.G_DHW_IO_Fault := TRUE;
        L_Error_ID_Latched := TO_WORD(GVL_CONFIG.ERR_DHW_IO_OFFLINE); // Потеря связи с модулями ввода-вывода
    END_IF;
END_FOR;

// 1. Обработка неисправностей датчиков и сервисных режимов (ТЗ 7.0)
fbTempValidator(
    VI_Value := VI_Temp,
    VI_Min_Valid := 0.0,
    VI_Max_Valid := 100.0,
    VI_Fallback_Mode := 0,
    VI_Default_Value := 55.0
);

fbPressValidator(
    VI_Value := VI_Pressure,
    VI_Min_Valid := 0.0,
    VI_Max_Valid := 10.0,
    VI_Fallback_Mode := 0
);

VO_Status.Temp := fbTempValidator.VO_Value;

==================================================
FILE: FB_Socket_Manager.st
==================================================

--- MATCHED SHADOW/SCAFFOLD SYMBOLS ---
24:    L_Socket_V2_Command_Shadow : ST_Socket_Command_V2;
25:    L_Socket_V2_State_Shadow : ST_Socket_State_V2;
26:    L_Socket_V2_Shadow_Diff_Found : BOOL;
27:    L_Socket_V2_Switch_Enabled : BOOL;
28:    L_Socket_V2_Path_Ready : BOOL;
29:    L_Socket_Using_Legacy_Fallback : BOOL;
40:L_Socket_V2_Shadow_Diff_Found := FALSE;
41:L_Socket_V2_Switch_Enabled := TRUE;
42:L_Socket_V2_Path_Ready := FALSE;
43:L_Socket_Using_Legacy_Fallback := TRUE;
113:L_Socket_V2_Command_Shadow.Target_State := VO_Socket_States[1];
114:L_Socket_V2_State_Shadow.Is_On := VO_Socket_States[1];
115:L_Socket_V2_State_Shadow.Safety_Blocked := (VI_Fire_Alarm OR VI_Flood_Alarm);
120:IF VO_Socket_States[1] <> L_Socket_V2_Command_Shadow.Target_State THEN
121:    L_Socket_V2_Shadow_Diff_Found := TRUE;
123:IF VO_Socket_States[1] <> L_Socket_V2_State_Shadow.Is_On THEN
124:    L_Socket_V2_Shadow_Diff_Found := TRUE;
126:IF (VI_Fire_Alarm OR VI_Flood_Alarm) <> L_Socket_V2_State_Shadow.Safety_Blocked THEN
127:    L_Socket_V2_Shadow_Diff_Found := TRUE;
131:IF L_Socket_V2_Switch_Enabled THEN
132:    IF NOT L_Socket_V2_Shadow_Diff_Found THEN
133:        L_Socket_V2_Path_Ready := TRUE;
134:        L_Socket_Using_Legacy_Fallback := FALSE;
136:        L_Socket_V2_Path_Ready := FALSE;
137:        L_Socket_Using_Legacy_Fallback := TRUE;
140:    L_Socket_V2_Path_Ready := FALSE;
141:    L_Socket_Using_Legacy_Fallback := TRUE;

--- MATCHED INLINE COMMENTS ---
111:// Inlined from FB_Socket_V2_Staging

--- MATCHED LEGACY/FALLBACK/SWITCH AREAS ---
28:    L_Socket_V2_Path_Ready : BOOL;
29:    L_Socket_Using_Legacy_Fallback : BOOL;
42:L_Socket_V2_Path_Ready := FALSE;
43:L_Socket_Using_Legacy_Fallback := TRUE;
118:// Socket V2 shadow validation
133:        L_Socket_V2_Path_Ready := TRUE;
134:        L_Socket_Using_Legacy_Fallback := FALSE;
136:        L_Socket_V2_Path_Ready := FALSE;
137:        L_Socket_Using_Legacy_Fallback := TRUE;
140:    L_Socket_V2_Path_Ready := FALSE;
141:    L_Socket_Using_Legacy_Fallback := TRUE;

--- VAR BLOCK HEAD ---
FUNCTION_BLOCK FB_Socket_Manager
// Менеджер управления розетками.
// Обеспечивает работу по сценариям, правилам и аварийное отключение (без локальных выключателей розеток).
VAR_INPUT
    VI_System_Time_MS : UDINT; // Системное время в миллисекундах
    VI_IsActivePLC : BOOL; // Флаг активности ПЛК (TRUE = ведущий)
    VI_Scenario : E_SCENARIO_TYPE; // Текущий глобальный сценарий
    VI_Fire_Alarm : BOOL; // Флаг пожарной тревоги
    VI_Flood_Alarm : BOOL; // Флаг тревоги протечки
    VI_Security_Armed : BOOL; // Состояние охраны (TRUE = включена)
END_VAR
VAR_IN_OUT
    VI_Manual_Override : ARRAY[1..GVL_CONSTANTS.C_MAX_SOCKETS] OF BOOL; // Ручное переопределение состояния (HMI)
    VI_Physical_Switches : ARRAY[1..GVL_CONSTANTS.C_MAX_SOCKETS] OF BOOL; // Legacy-вход: не используется в текущей концепции
    VI_Rule_Actions : ARRAY[1..GVL_CONSTANTS.C_MAX_RULES] OF ST_Rule_Action; // Действия от Rule Engine
    VI_IO_Modules_Online : ARRAY[1..GVL_CONSTANTS.C_MAX_MODULES] OF BOOL; // Статусы модулей ввода-вывода
END_VAR
VAR_OUTPUT
    VO_Socket_States : ARRAY[1..GVL_CONSTANTS.C_MAX_SOCKETS] OF BOOL; // Выходные состояния розеток
    VO_Internal_States : ARRAY[1..GVL_CONSTANTS.C_MAX_SOCKETS] OF BOOL; // Внутренние состояния для репликации
END_VAR
VAR
    // Socket V2 shadow (phase2)
    L_Socket_V2_Command_Shadow : ST_Socket_Command_V2;
    L_Socket_V2_State_Shadow : ST_Socket_State_V2;
    L_Socket_V2_Shadow_Diff_Found : BOOL;
    L_Socket_V2_Switch_Enabled : BOOL;
    L_Socket_V2_Path_Ready : BOOL;
    L_Socket_Using_Legacy_Fallback : BOOL;
    L_i : INT;
    L_j : INT;
    L_Rule_State : BOOL;
    L_Rule_Active : BOOL;
    L_Internal_State : ARRAY[1..GVL_CONSTANTS.C_MAX_SOCKETS] OF BOOL;
    L_Manual_Trig : ARRAY[1..GVL_CONSTANTS.C_MAX_SOCKETS] OF R_TRIG;
END_VAR

IF NOT VI_IsActivePLC THEN RETURN; END_IF;

L_Socket_V2_Shadow_Diff_Found := FALSE;
L_Socket_V2_Switch_Enabled := TRUE;
L_Socket_V2_Path_Ready := FALSE;
L_Socket_Using_Legacy_Fallback := TRUE;

// Проверка связи с модулями ввода-вывода
FOR L_i := 1 TO GVL_CONSTANTS.C_MAX_MODULES DO
    IF NOT VI_IO_Modules_Online[L_i] THEN
        // Переход в безопасное состояние при потере связи (отключение всех розеток)
        FOR L_j := 1 TO GVL_CONSTANTS.C_MAX_SOCKETS DO
            VO_Socket_States[L_j] := FALSE;
        END_FOR;
        RETURN;
    END_IF;
END_FOR;

FOR L_i := 1 TO GVL_CONSTANTS.C_MAX_SOCKETS DO
    L_Rule_Active := FALSE;
    L_Rule_State := FALSE;
    
    L_Manual_Trig[L_i](CLK := VI_Manual_Override[L_i]);
    
    // Ручное переключение
    IF L_Manual_Trig[L_i].Q THEN
        L_Internal_State[L_i] := NOT L_Internal_State[L_i];
    END_IF;

    // Проверка правил для текущей розетки
    FOR L_j := 1 TO GVL_CONSTANTS.C_MAX_RULES DO
        IF VI_Rule_Actions[L_j].Active AND VI_Rule_Actions[L_j].Target_ID = L_i THEN
            IF VI_Rule_Actions[L_j].Action_Type = E_Rule_Action_Type.ACTION_SET_SOCKET THEN
                L_Rule_Active := TRUE;
                L_Rule_State := (VI_Rule_Actions[L_j].Value > 0.5);
                L_Internal_State[L_i] := L_Rule_State; // Синхронизация внутреннего состояния
            ELSIF VI_Rule_Actions[L_j].Action_Type = E_Rule_Action_Type.ACTION_TOGGLE_SOCKET AND VI_Rule_Actions[L_j].Triggered THEN
                L_Internal_State[L_i] := NOT L_Internal_State[L_i]; // Toggle
            END_IF;
        END_IF;
    END_FOR;

    // Аварийное отключение
    IF VI_Fire_Alarm OR VI_Flood_Alarm THEN
        // Розетки 1-4 неотключаемые (холодильник, сервер и т.д.)
        IF L_i > 4 THEN
            VO_Socket_States[L_i] := FALSE;
        ELSE
            // Критические розетки сохраняют свое текущее внутреннее состояние, а не форсируются в TRUE
            VO_Socket_States[L_i] := L_Internal_State[L_i];
        END_IF;
    ELSIF VI_Scenario = E_SCENARIO_TYPE.SCENARIO_AWAY OR VI_Security_Armed THEN
        // Master Off
        IF L_i > 4 THEN
            VO_Socket_States[L_i] := FALSE;
        ELSE
            // Неотключаемые розетки могут управляться вручную
            VO_Socket_States[L_i] := L_Internal_State[L_i];
        END_IF;
    ELSE
        // Нормальный режим: состояние определяется внутренним состоянием (ручным или правилом)
        IF L_Rule_Active THEN
            VO_Socket_States[L_i] := L_Rule_State;
        ELSE
            VO_Socket_States[L_i] := L_Internal_State[L_i];
        END_IF;
    END_IF;
END_FOR;

VO_Internal_States := L_Internal_State;

// ========================================
// Socket V2 shadow execution (phase2)
// Inlined from FB_Socket_V2_Staging
// ========================================
L_Socket_V2_Command_Shadow.Target_State := VO_Socket_States[1];
L_Socket_V2_State_Shadow.Is_On := VO_Socket_States[1];
L_Socket_V2_State_Shadow.Safety_Blocked := (VI_Fire_Alarm OR VI_Flood_Alarm);

// ========================================
// Socket V2 shadow validation
// ========================================
IF VO_Socket_States[1] <> L_Socket_V2_Command_Shadow.Target_State THEN
    L_Socket_V2_Shadow_Diff_Found := TRUE;
END_IF;
IF VO_Socket_States[1] <> L_Socket_V2_State_Shadow.Is_On THEN
    L_Socket_V2_Shadow_Diff_Found := TRUE;
END_IF;
IF (VI_Fire_Alarm OR VI_Flood_Alarm) <> L_Socket_V2_State_Shadow.Safety_Blocked THEN
    L_Socket_V2_Shadow_Diff_Found := TRUE;
END_IF;

// Guarded Socket V2 enable
IF L_Socket_V2_Switch_Enabled THEN
    IF NOT L_Socket_V2_Shadow_Diff_Found THEN
        L_Socket_V2_Path_Ready := TRUE;
        L_Socket_Using_Legacy_Fallback := FALSE;
    ELSE
        L_Socket_V2_Path_Ready := FALSE;
        L_Socket_Using_Legacy_Fallback := TRUE;
    END_IF;
ELSE
    L_Socket_V2_Path_Ready := FALSE;

=== CROSS-FILE SUMMARY SEARCH ===
FB_Alarm_Manager.st:61:    L_Alarm_Compat_All_OK : BOOL;
FB_Alarm_Manager.st:64:    L_Alarm_Shadow_Mismatch : BOOL;
FB_Alarm_Manager.st:65:    L_Alarm_Shadow_First_Mismatch : INT;
FB_Alarm_Manager.st:66:    L_Alarm_V2_Switch_Enabled : BOOL;
FB_Alarm_Manager.st:67:    L_Alarm_V2_Path_Ready : BOOL;
FB_Alarm_Manager.st:68:    L_Alarm_Using_Legacy_Fallback : BOOL;
FB_Alarm_Manager.st:69:    L_BlackBox_V2_Snapshot_Shadow : ST_BlackBox_Snapshot_V2;
FB_Alarm_Manager.st:70:    L_History_V2_Shadow_Diff_Found : BOOL;
FB_Alarm_Manager.st:71:    L_History_V2_Shadow_First_Diff_Slot : INT;
FB_Alarm_Manager.st:72:    L_BlackBox_V2_Shadow_Diff_Found : BOOL;
FB_Alarm_Manager.st:73:    L_History_V2_Buffer_Shadow : ARRAY[1..GVL_CONSTANTS.C_MAX_HISTORY_RECORDS] OF ST_History_Event_V2;
FB_Alarm_Manager.st:74:    L_Alarm_V2_Shadow_Compare_Enabled : BOOL;
FB_Alarm_Manager.st:75:    L_Alarm_V2_Shadow_Diff_Found : BOOL;
FB_Alarm_Manager.st:76:    L_Alarm_V2_Shadow_First_Diff_Slot : INT;
FB_Alarm_Manager.st:77:    L_Alarm_V2_Event_Pulse : BOOL;
FB_Alarm_Manager.st:78:    L_Alarm_V2_Event_Code : UDINT;
FB_Alarm_Manager.st:79:    L_Alarm_V2_Event_Value : REAL;
FB_Alarm_Manager.st:80:    L_Alarm_V2_List_Shadow : ARRAY[1..GVL_CONSTANTS.C_MAX_ALARMS] OF ST_Alarm_Record;
FB_Alarm_Manager.st:81:    L_Alarm_V2_Next_ID_Shadow : UDINT;
FB_Alarm_Manager.st:88:L_Alarm_Compat_All_OK := TRUE;
FB_Alarm_Manager.st:91:L_Alarm_Shadow_Mismatch := FALSE;
FB_Alarm_Manager.st:92:L_Alarm_Shadow_First_Mismatch := 0;
FB_Alarm_Manager.st:93:L_Alarm_V2_Switch_Enabled := TRUE;
FB_Alarm_Manager.st:94:L_Alarm_V2_Path_Ready := FALSE;
FB_Alarm_Manager.st:95:L_Alarm_Using_Legacy_Fallback := TRUE;
FB_Alarm_Manager.st:96:L_Alarm_V2_Shadow_Compare_Enabled := TRUE;
FB_Alarm_Manager.st:97:L_Alarm_V2_Shadow_Diff_Found := FALSE;
FB_Alarm_Manager.st:98:L_Alarm_V2_Shadow_First_Diff_Slot := 0;
FB_Alarm_Manager.st:99:L_Alarm_V2_Event_Pulse := FALSE;
FB_Alarm_Manager.st:100:L_Alarm_V2_Event_Code := 0;
FB_Alarm_Manager.st:101:L_Alarm_V2_Event_Value := 0.0;
FB_Alarm_Manager.st:102:L_Alarm_V2_Next_ID_Shadow := VIO_Next_Alarm_ID;
FB_Alarm_Manager.st:103:L_History_V2_Shadow_Diff_Found := FALSE;
FB_Alarm_Manager.st:104:L_History_V2_Shadow_First_Diff_Slot := 0;
FB_Alarm_Manager.st:105:L_BlackBox_V2_Shadow_Diff_Found := FALSE;
FB_Alarm_Manager.st:214:IF L_Alarm_V2_Shadow_Compare_Enabled THEN
FB_Alarm_Manager.st:215:    L_Alarm_V2_Event_Pulse := FALSE;
FB_Alarm_Manager.st:216:    L_Alarm_V2_Event_Code := 0;
FB_Alarm_Manager.st:217:    L_Alarm_V2_Event_Value := 0.0;
FB_Alarm_Manager.st:222:IF L_Alarm_V2_Switch_Enabled AND L_Alarm_V2_Path_Ready THEN
FB_Alarm_Manager.st:234:    IF L_Alarm_V2_Switch_Enabled AND L_Alarm_V2_Path_Ready THEN
FB_Alarm_Manager.st:235:        L_Alarm_Using_Legacy_Fallback := FALSE;
FB_Alarm_Manager.st:239:        L_Alarm_Using_Legacy_Fallback := TRUE;
FB_Alarm_Manager.st:292:IF L_Alarm_V2_Shadow_Compare_Enabled THEN
FB_Alarm_Manager.st:294:        IF (VO_Alarm_List[L_i].ID <> L_Alarm_V2_List_Shadow[L_i].ID)
FB_Alarm_Manager.st:295:           OR (VO_Alarm_List[L_i].Is_Active <> L_Alarm_V2_List_Shadow[L_i].Is_Active)
FB_Alarm_Manager.st:296:           OR (VO_Alarm_List[L_i].Is_Acknowledged <> L_Alarm_V2_List_Shadow[L_i].Is_Acknowledged)
FB_Alarm_Manager.st:297:           OR (VO_Alarm_List[L_i].Severity <> L_Alarm_V2_List_Shadow[L_i].Severity) THEN
FB_Alarm_Manager.st:298:            L_Alarm_V2_Shadow_Diff_Found := TRUE;
FB_Alarm_Manager.st:299:            IF L_Alarm_V2_Shadow_First_Diff_Slot = 0 THEN
FB_Alarm_Manager.st:300:                L_Alarm_V2_Shadow_First_Diff_Slot := L_i;
FB_Alarm_Manager.st:365:    L_History_V2_Buffer_Shadow[1].Event_Code := TO_UINT(VO_Event_Code);
FB_Alarm_Manager.st:366:    L_History_V2_Buffer_Shadow[1].Event_Value := VO_Event_Value;
FB_Alarm_Manager.st:371:L_BlackBox_V2_Snapshot_Shadow.Gas_Alarm := VI_Gas_Alarm;
FB_Alarm_Manager.st:372:L_BlackBox_V2_Snapshot_Shadow.Fire_Alarm := VI_Fire_Alarm;
FB_Alarm_Manager.st:373:L_BlackBox_V2_Snapshot_Shadow.Flood_Alarm := VI_Flood_Alarm;
FB_Alarm_Manager.st:374:L_BlackBox_V2_Snapshot_Shadow.First_Fault_Type := TO_BYTE(VI_First_Fault_Type);
FB_Alarm_Manager.st:375:L_BlackBox_V2_Snapshot_Shadow.First_Fault_Source := TO_BYTE(VI_First_Fault_Source);
FB_Alarm_Manager.st:379:    IF (L_History_V2_Buffer_Shadow[1].Event_Code <> VO_Event_Code)
FB_Alarm_Manager.st:380:       OR (ABS(L_History_V2_Buffer_Shadow[1].Event_Value - VO_Event_Value) > 0.0001) THEN
FB_Alarm_Manager.st:381:        L_History_V2_Shadow_Diff_Found := TRUE;
FB_Alarm_Manager.st:382:        IF L_History_V2_Shadow_First_Diff_Slot = 0 THEN
FB_Alarm_Manager.st:383:            L_History_V2_Shadow_First_Diff_Slot := 1;
FB_Alarm_Manager.st:388:IF (L_BlackBox_V2_Snapshot_Shadow.Gas_Alarm <> VI_Gas_Alarm)
FB_Alarm_Manager.st:389:   OR (L_BlackBox_V2_Snapshot_Shadow.Fire_Alarm <> VI_Fire_Alarm)
FB_Alarm_Manager.st:390:   OR (L_BlackBox_V2_Snapshot_Shadow.Flood_Alarm <> VI_Flood_Alarm)
FB_Alarm_Manager.st:391:   OR (L_BlackBox_V2_Snapshot_Shadow.First_Fault_Type <> TO_BYTE(VI_First_Fault_Type))
FB_Alarm_Manager.st:392:   OR (L_BlackBox_V2_Snapshot_Shadow.First_Fault_Source <> TO_BYTE(VI_First_Fault_Source)) THEN
FB_Alarm_Manager.st:393:    L_BlackBox_V2_Shadow_Diff_Found := TRUE;
FB_Alarm_Manager.st:398:IF L_Alarm_V2_Switch_Enabled THEN
FB_Alarm_Manager.st:399:    IF (NOT L_Alarm_V2_Shadow_Diff_Found)
FB_Alarm_Manager.st:400:       AND (NOT L_History_V2_Shadow_Diff_Found)
FB_Alarm_Manager.st:401:       AND (NOT L_BlackBox_V2_Shadow_Diff_Found) THEN
FB_Alarm_Manager.st:402:        L_Alarm_V2_Path_Ready := TRUE;
FB_Alarm_Manager.st:403:        L_Alarm_Using_Legacy_Fallback := FALSE;
FB_Alarm_Manager.st:405:        L_Alarm_V2_Path_Ready := FALSE;
FB_Alarm_Manager.st:406:        L_Alarm_Using_Legacy_Fallback := TRUE;
FB_Alarm_Manager.st:409:    L_Alarm_V2_Path_Ready := FALSE;
FB_Alarm_Manager.st:410:    L_Alarm_Using_Legacy_Fallback := TRUE;
FB_Rule_Engine.st:31:    L_Shadow_V2_Enabled : BOOL;
FB_Rule_Engine.st:32:    L_Shadow_V2_Roundtrip_Mismatch : BOOL;
FB_Rule_Engine.st:33:    L_Shadow_V2_First_Mismatch_Rule : INT;
FB_Rule_Engine.st:34:    L_V2_Switch_Enabled : BOOL;
FB_Rule_Engine.st:35:    L_V2_Path_Ready : BOOL;
FB_Rule_Engine.st:36:    L_V2_Using_Legacy_Fallback : BOOL;
FB_Rule_Engine.st:50:L_Shadow_V2_Enabled := TRUE;
FB_Rule_Engine.st:51:L_Shadow_V2_Roundtrip_Mismatch := FALSE;
FB_Rule_Engine.st:52:L_Shadow_V2_First_Mismatch_Rule := 0;
FB_Rule_Engine.st:53:L_V2_Switch_Enabled := FALSE;
FB_Rule_Engine.st:54:L_V2_Path_Ready := FALSE;
FB_Rule_Engine.st:55:L_V2_Using_Legacy_Fallback := TRUE;
FB_Rule_Engine.st:70:    IF L_Shadow_V2_Enabled THEN
FB_Rule_Engine.st:80:    IF L_V2_Switch_Enabled AND L_V2_Path_Ready THEN
FB_Rule_Engine.st:81:        L_V2_Using_Legacy_Fallback := FALSE;
FB_Rule_Engine.st:85:        L_V2_Using_Legacy_Fallback := TRUE;
FB_Lighting_Blinds_Manager.st:31:    L_Blinds_V2_Command_Shadow : ST_Blinds_Command_V2;
FB_Lighting_Blinds_Manager.st:32:    L_Blinds_V2_State_Shadow : ST_Blinds_State_V2;
FB_Lighting_Blinds_Manager.st:33:    L_Blinds_V2_Shadow_Diff_Found : BOOL;
FB_Lighting_Blinds_Manager.st:34:    L_Blinds_V2_Switch_Enabled : BOOL;
FB_Lighting_Blinds_Manager.st:35:    L_Blinds_V2_Path_Ready : BOOL;
FB_Lighting_Blinds_Manager.st:36:    L_Blinds_Using_Legacy_Fallback : BOOL;
FB_Lighting_Blinds_Manager.st:38:    L_Lighting_V2_Command_Shadow : ST_Lighting_Command_V2;
FB_Lighting_Blinds_Manager.st:39:    L_Lighting_V2_State_Shadow : ST_Lighting_State_V2;
FB_Lighting_Blinds_Manager.st:40:    L_Lighting_V2_Shadow_Diff_Found : BOOL;
FB_Lighting_Blinds_Manager.st:41:    L_Lighting_V2_Switch_Enabled : BOOL;
FB_Lighting_Blinds_Manager.st:42:    L_Lighting_V2_Path_Ready : BOOL;
FB_Lighting_Blinds_Manager.st:43:    L_Lighting_Using_Legacy_Fallback : BOOL;
FB_Lighting_Blinds_Manager.st:69:L_Lighting_V2_Shadow_Diff_Found := FALSE;
FB_Lighting_Blinds_Manager.st:70:L_Blinds_V2_Shadow_Diff_Found := FALSE;
FB_Lighting_Blinds_Manager.st:71:L_Blinds_V2_Switch_Enabled := TRUE;
FB_Lighting_Blinds_Manager.st:72:L_Blinds_V2_Path_Ready := FALSE;
FB_Lighting_Blinds_Manager.st:73:L_Blinds_Using_Legacy_Fallback := TRUE;
FB_Lighting_Blinds_Manager.st:74:L_Lighting_V2_Switch_Enabled := TRUE;
FB_Lighting_Blinds_Manager.st:75:L_Lighting_V2_Path_Ready := FALSE;
FB_Lighting_Blinds_Manager.st:76:L_Lighting_Using_Legacy_Fallback := TRUE;
FB_Lighting_Blinds_Manager.st:275:L_Lighting_V2_Command_Shadow.Brightness_Setpoint := BYTE_TO_REAL(VO_Lighting_Levels[1]);
FB_Lighting_Blinds_Manager.st:276:L_Lighting_V2_State_Shadow.Brightness_Actual := BYTE_TO_REAL(VO_Lighting_Levels[1]);
FB_Lighting_Blinds_Manager.st:277:L_Lighting_V2_State_Shadow.Motion_Active := VI_Motion_Sensors[1];
FB_Lighting_Blinds_Manager.st:282:IF ABS(BYTE_TO_REAL(VO_Lighting_Levels[1]) - L_Lighting_V2_Command_Shadow.Brightness_Setpoint) > 0.1 THEN
FB_Lighting_Blinds_Manager.st:283:    L_Lighting_V2_Shadow_Diff_Found := TRUE;
FB_Lighting_Blinds_Manager.st:285:IF ABS(BYTE_TO_REAL(VO_Lighting_Levels[1]) - L_Lighting_V2_State_Shadow.Brightness_Actual) > 0.1 THEN
FB_Lighting_Blinds_Manager.st:286:    L_Lighting_V2_Shadow_Diff_Found := TRUE;
FB_Lighting_Blinds_Manager.st:288:IF VI_Motion_Sensors[1] <> L_Lighting_V2_State_Shadow.Motion_Active THEN
FB_Lighting_Blinds_Manager.st:289:    L_Lighting_V2_Shadow_Diff_Found := TRUE;
FB_Lighting_Blinds_Manager.st:293:IF L_Lighting_V2_Switch_Enabled THEN
FB_Lighting_Blinds_Manager.st:294:    IF NOT L_Lighting_V2_Shadow_Diff_Found THEN
FB_Lighting_Blinds_Manager.st:295:        L_Lighting_V2_Path_Ready := TRUE;
FB_Lighting_Blinds_Manager.st:296:        L_Lighting_Using_Legacy_Fallback := FALSE;
FB_Lighting_Blinds_Manager.st:298:        L_Lighting_V2_Path_Ready := FALSE;
FB_Lighting_Blinds_Manager.st:299:        L_Lighting_Using_Legacy_Fallback := TRUE;
FB_Lighting_Blinds_Manager.st:302:    L_Lighting_V2_Path_Ready := FALSE;
FB_Lighting_Blinds_Manager.st:303:    L_Lighting_Using_Legacy_Fallback := TRUE;
FB_Lighting_Blinds_Manager.st:312:L_Blinds_V2_Command_Shadow.Position_Setpoint := VO_Blinds_Positions[1];
FB_Lighting_Blinds_Manager.st:313:L_Blinds_V2_State_Shadow.Position_Actual := VO_Blinds_Positions[1];
FB_Lighting_Blinds_Manager.st:316:IF VO_Blinds_Positions[1] <> L_Blinds_V2_Command_Shadow.Position_Setpoint THEN
FB_Lighting_Blinds_Manager.st:317:    L_Blinds_V2_Shadow_Diff_Found := TRUE;
FB_Lighting_Blinds_Manager.st:319:IF VO_Blinds_Positions[1] <> L_Blinds_V2_State_Shadow.Position_Actual THEN
FB_Lighting_Blinds_Manager.st:320:    L_Blinds_V2_Shadow_Diff_Found := TRUE;
FB_Lighting_Blinds_Manager.st:325:IF L_Blinds_V2_Switch_Enabled THEN
FB_Lighting_Blinds_Manager.st:326:    IF NOT L_Blinds_V2_Shadow_Diff_Found THEN
FB_Lighting_Blinds_Manager.st:327:        L_Blinds_V2_Path_Ready := TRUE;
FB_Lighting_Blinds_Manager.st:328:        L_Blinds_Using_Legacy_Fallback := FALSE;
FB_Lighting_Blinds_Manager.st:330:        L_Blinds_V2_Path_Ready := FALSE;
FB_Lighting_Blinds_Manager.st:331:        L_Blinds_Using_Legacy_Fallback := TRUE;
FB_Lighting_Blinds_Manager.st:334:    L_Blinds_V2_Path_Ready := FALSE;
FB_Lighting_Blinds_Manager.st:335:    L_Blinds_Using_Legacy_Fallback := TRUE;
FB_Heating_System_Manager.st:64:    L_Heating_V2_Command_V2 : ST_Heating_Command_V2;
FB_Heating_System_Manager.st:65:    L_Heating_V2_State_V2 : ST_Heating_State_V2;
FB_Heating_System_Manager.st:66:    L_Heating_V2_Shadow_Diff_Found : BOOL;
FB_Heating_System_Manager.st:67:    L_Heating_V2_Switch_Enabled : BOOL;
FB_Heating_System_Manager.st:68:    L_Heating_V2_Path_Ready : BOOL;
FB_Heating_System_Manager.st:69:    L_Heating_Using_Legacy_Fallback : BOOL;
FB_Heating_System_Manager.st:151:L_Heating_V2_Shadow_Diff_Found := FALSE;
FB_Heating_System_Manager.st:152:L_Heating_V2_Switch_Enabled := TRUE;
FB_Heating_System_Manager.st:153:L_Heating_V2_Path_Ready := FALSE;
FB_Heating_System_Manager.st:154:L_Heating_Using_Legacy_Fallback := TRUE;
FB_Heating_System_Manager.st:701:L_Heating_V2_Command_V2.Valve_Position_Setpoint := VO_Manifold_Valves[1];
FB_Heating_System_Manager.st:702:L_Heating_V2_State_V2.Room_Temp := VI_Room_Temps[1];
FB_Heating_System_Manager.st:703:L_Heating_V2_State_V2.Supply_Temp := VI_Manifold_Temps_Supply[1];
FB_Heating_System_Manager.st:706:IF ABS(VO_Manifold_Valves[1] - L_Heating_V2_Command_V2.Valve_Position_Setpoint) > 0.1 THEN
FB_Heating_System_Manager.st:707:    L_Heating_V2_Shadow_Diff_Found := TRUE;
FB_Heating_System_Manager.st:709:IF ABS(VI_Room_Temps[1] - L_Heating_V2_State_V2.Room_Temp) > 0.1 THEN
FB_Heating_System_Manager.st:710:    L_Heating_V2_Shadow_Diff_Found := TRUE;
FB_Heating_System_Manager.st:712:IF ABS(VI_Manifold_Temps_Supply[1] - L_Heating_V2_State_V2.Supply_Temp) > 0.1 THEN
FB_Heating_System_Manager.st:713:    L_Heating_V2_Shadow_Diff_Found := TRUE;
FB_Heating_System_Manager.st:717:IF L_Heating_V2_Switch_Enabled THEN
FB_Heating_System_Manager.st:718:    IF NOT L_Heating_V2_Shadow_Diff_Found THEN
FB_Heating_System_Manager.st:719:        L_Heating_V2_Path_Ready := TRUE;
FB_Heating_System_Manager.st:720:        L_Heating_Using_Legacy_Fallback := FALSE;
FB_Heating_System_Manager.st:722:        L_Heating_V2_Path_Ready := FALSE;
FB_Heating_System_Manager.st:723:        L_Heating_Using_Legacy_Fallback := TRUE;
FB_Heating_System_Manager.st:726:    L_Heating_V2_Path_Ready := FALSE;
FB_Heating_System_Manager.st:727:    L_Heating_Using_Legacy_Fallback := TRUE;
FB_Ventilation_System_Manager.st:47:    L_Vent_V2_Shadow_Diff_Found : BOOL;
FB_Ventilation_System_Manager.st:48:    L_Vent_V2_Switch_Enabled : BOOL;
FB_Ventilation_System_Manager.st:49:    L_Vent_V2_Path_Ready : BOOL;
FB_Ventilation_System_Manager.st:50:    L_Vent_Using_Legacy_Fallback : BOOL;
FB_Ventilation_System_Manager.st:58:L_Vent_V2_Shadow_Diff_Found := FALSE;
FB_Ventilation_System_Manager.st:59:L_Vent_V2_Switch_Enabled := TRUE;
FB_Ventilation_System_Manager.st:60:L_Vent_V2_Path_Ready := FALSE;
FB_Ventilation_System_Manager.st:61:L_Vent_Using_Legacy_Fallback := TRUE;
FB_Ventilation_System_Manager.st:235:    L_Vent_V2_Shadow_Diff_Found := TRUE;
FB_Ventilation_System_Manager.st:238:    L_Vent_V2_Shadow_Diff_Found := TRUE;
FB_Ventilation_System_Manager.st:242:IF L_Vent_V2_Switch_Enabled THEN
FB_Ventilation_System_Manager.st:243:    IF NOT L_Vent_V2_Shadow_Diff_Found THEN
FB_Ventilation_System_Manager.st:244:        L_Vent_V2_Path_Ready := TRUE;
FB_Ventilation_System_Manager.st:245:        L_Vent_Using_Legacy_Fallback := FALSE;
FB_Ventilation_System_Manager.st:247:        L_Vent_V2_Path_Ready := FALSE;
FB_Ventilation_System_Manager.st:248:        L_Vent_Using_Legacy_Fallback := TRUE;
FB_Ventilation_System_Manager.st:251:    L_Vent_V2_Path_Ready := FALSE;
FB_Ventilation_System_Manager.st:252:    L_Vent_Using_Legacy_Fallback := TRUE;
FB_DHW_Manager.st:23:    L_DHW_V2_Command_V2 : ST_DHW_Command_V2;
FB_DHW_Manager.st:24:    L_DHW_V2_State_V2 : ST_DHW_State_V2;
FB_DHW_Manager.st:25:    L_DHW_V2_Shadow_Diff_Found : BOOL;
FB_DHW_Manager.st:26:    L_DHW_V2_Switch_Enabled : BOOL;
FB_DHW_Manager.st:27:    L_DHW_V2_Path_Ready : BOOL;
FB_DHW_Manager.st:28:    L_DHW_Using_Legacy_Fallback : BOOL;
FB_DHW_Manager.st:48:L_DHW_V2_Shadow_Diff_Found := FALSE;
FB_DHW_Manager.st:49:L_DHW_V2_Switch_Enabled := TRUE;
FB_DHW_Manager.st:50:L_DHW_V2_Path_Ready := FALSE;
FB_DHW_Manager.st:51:L_DHW_Using_Legacy_Fallback := TRUE;
FB_DHW_Manager.st:231:    L_DHW_V2_Command_V2.Pump_Enable := 1.0;
FB_DHW_Manager.st:233:    L_DHW_V2_Command_V2.Pump_Enable := 0.0;
FB_DHW_Manager.st:236:L_DHW_V2_State_V2.Tank_Temp := VO_Status.Temp;
FB_DHW_Manager.st:237:L_DHW_V2_State_V2.Supply_Temp := VO_Status.Pressure;
FB_DHW_Manager.st:242:IF VO_Heating_Pump <> (L_DHW_V2_Command_V2.Pump_Enable > 0.5) THEN
FB_DHW_Manager.st:243:    L_DHW_V2_Shadow_Diff_Found := TRUE;
FB_DHW_Manager.st:245:IF ABS(VO_Status.Temp - L_DHW_V2_State_V2.Tank_Temp) > 0.1 THEN
FB_DHW_Manager.st:246:    L_DHW_V2_Shadow_Diff_Found := TRUE;
FB_DHW_Manager.st:248:IF ABS(VO_Status.Pressure - L_DHW_V2_State_V2.Supply_Temp) > 0.1 THEN
FB_DHW_Manager.st:249:    L_DHW_V2_Shadow_Diff_Found := TRUE;
FB_DHW_Manager.st:253:IF L_DHW_V2_Switch_Enabled THEN
FB_DHW_Manager.st:254:    IF NOT L_DHW_V2_Shadow_Diff_Found THEN
FB_DHW_Manager.st:255:        L_DHW_V2_Path_Ready := TRUE;
FB_DHW_Manager.st:256:        L_DHW_Using_Legacy_Fallback := FALSE;
FB_DHW_Manager.st:258:        L_DHW_V2_Path_Ready := FALSE;
FB_DHW_Manager.st:259:        L_DHW_Using_Legacy_Fallback := TRUE;
FB_DHW_Manager.st:262:    L_DHW_V2_Path_Ready := FALSE;
FB_DHW_Manager.st:263:    L_DHW_Using_Legacy_Fallback := TRUE;
FB_Socket_Manager.st:24:    L_Socket_V2_Command_Shadow : ST_Socket_Command_V2;
FB_Socket_Manager.st:25:    L_Socket_V2_State_Shadow : ST_Socket_State_V2;
FB_Socket_Manager.st:26:    L_Socket_V2_Shadow_Diff_Found : BOOL;
FB_Socket_Manager.st:27:    L_Socket_V2_Switch_Enabled : BOOL;
FB_Socket_Manager.st:28:    L_Socket_V2_Path_Ready : BOOL;
FB_Socket_Manager.st:29:    L_Socket_Using_Legacy_Fallback : BOOL;
FB_Socket_Manager.st:40:L_Socket_V2_Shadow_Diff_Found := FALSE;
FB_Socket_Manager.st:41:L_Socket_V2_Switch_Enabled := TRUE;
FB_Socket_Manager.st:42:L_Socket_V2_Path_Ready := FALSE;
FB_Socket_Manager.st:43:L_Socket_Using_Legacy_Fallback := TRUE;
FB_Socket_Manager.st:113:L_Socket_V2_Command_Shadow.Target_State := VO_Socket_States[1];
FB_Socket_Manager.st:114:L_Socket_V2_State_Shadow.Is_On := VO_Socket_States[1];
FB_Socket_Manager.st:115:L_Socket_V2_State_Shadow.Safety_Blocked := (VI_Fire_Alarm OR VI_Flood_Alarm);
FB_Socket_Manager.st:120:IF VO_Socket_States[1] <> L_Socket_V2_Command_Shadow.Target_State THEN
FB_Socket_Manager.st:121:    L_Socket_V2_Shadow_Diff_Found := TRUE;
FB_Socket_Manager.st:123:IF VO_Socket_States[1] <> L_Socket_V2_State_Shadow.Is_On THEN
FB_Socket_Manager.st:124:    L_Socket_V2_Shadow_Diff_Found := TRUE;
FB_Socket_Manager.st:126:IF (VI_Fire_Alarm OR VI_Flood_Alarm) <> L_Socket_V2_State_Shadow.Safety_Blocked THEN
FB_Socket_Manager.st:127:    L_Socket_V2_Shadow_Diff_Found := TRUE;
FB_Socket_Manager.st:131:IF L_Socket_V2_Switch_Enabled THEN
FB_Socket_Manager.st:132:    IF NOT L_Socket_V2_Shadow_Diff_Found THEN
FB_Socket_Manager.st:133:        L_Socket_V2_Path_Ready := TRUE;
FB_Socket_Manager.st:134:        L_Socket_Using_Legacy_Fallback := FALSE;
FB_Socket_Manager.st:136:        L_Socket_V2_Path_Ready := FALSE;
FB_Socket_Manager.st:137:        L_Socket_Using_Legacy_Fallback := TRUE;
FB_Socket_Manager.st:140:    L_Socket_V2_Path_Ready := FALSE;
FB_Socket_Manager.st:141:    L_Socket_Using_Legacy_Fallback := TRUE;

=== END STEP 110 ===
