]633;E;echo "=== STEP 41: PRG_SAFETY BLOCK CLOSED ===";f1165683-fe3b-4368-874e-5c1706c7b9d6]633;C=== STEP 41: PRG_SAFETY BLOCK CLOSED ===
timestamp_utc=2026-04-16T18:27:54Z

=== EDGE COMMAND VARS ===
3:    L_CMD_Water_Selective_Recover_Prev : BOOL;
4:    L_CMD_Water_Selective_Recover_Edge : BOOL;
5:    L_CMD_Gas_Selective_Recover_Prev : BOOL;
6:    L_CMD_Gas_Selective_Recover_Edge : BOOL;
7:    L_CMD_Water_Valve_Test_Open_Prev : BOOL;
8:    L_CMD_Water_Valve_Test_Open_Edge : BOOL;
9:    L_CMD_Water_Valve_Test_Close_Prev : BOOL;
10:    L_CMD_Water_Valve_Test_Close_Edge : BOOL;
11:    L_CMD_Water_Valve_Test_Confirm_Prev : BOOL;
12:    L_CMD_Water_Valve_Test_Confirm_Edge : BOOL;
13:    L_CMD_Gas_Valve_Test_Open_Prev : BOOL;
14:    L_CMD_Gas_Valve_Test_Open_Edge : BOOL;
15:    L_CMD_Gas_Valve_Test_Close_Prev : BOOL;
16:    L_CMD_Gas_Valve_Test_Close_Edge : BOOL;
17:    L_CMD_Gas_Valve_Test_Confirm_Prev : BOOL;
18:    L_CMD_Gas_Valve_Test_Confirm_Edge : BOOL;
32:L_CMD_Water_Selective_Recover_Edge := GVL_COMMAND.CMD_Water_Selective_Recover AND NOT L_CMD_Water_Selective_Recover_Prev;
33:L_CMD_Gas_Selective_Recover_Edge := GVL_COMMAND.CMD_Gas_Selective_Recover AND NOT L_CMD_Gas_Selective_Recover_Prev;
34:L_CMD_Water_Valve_Test_Open_Edge := GVL_COMMAND.CMD_Water_Valve_Test_Open AND NOT L_CMD_Water_Valve_Test_Open_Prev;
35:L_CMD_Water_Valve_Test_Close_Edge := GVL_COMMAND.CMD_Water_Valve_Test_Close AND NOT L_CMD_Water_Valve_Test_Close_Prev;
36:L_CMD_Water_Valve_Test_Confirm_Edge := GVL_COMMAND.CMD_Water_Valve_Test_Confirm AND NOT L_CMD_Water_Valve_Test_Confirm_Prev;
37:L_CMD_Gas_Valve_Test_Open_Edge := GVL_COMMAND.CMD_Gas_Valve_Test_Open AND NOT L_CMD_Gas_Valve_Test_Open_Prev;
38:L_CMD_Gas_Valve_Test_Close_Edge := GVL_COMMAND.CMD_Gas_Valve_Test_Close AND NOT L_CMD_Gas_Valve_Test_Close_Prev;
39:L_CMD_Gas_Valve_Test_Confirm_Edge := GVL_COMMAND.CMD_Gas_Valve_Test_Confirm AND NOT L_CMD_Gas_Valve_Test_Confirm_Prev;
41:L_CMD_Water_Selective_Recover_Prev := GVL_COMMAND.CMD_Water_Selective_Recover;
42:L_CMD_Gas_Selective_Recover_Prev := GVL_COMMAND.CMD_Gas_Selective_Recover;
43:L_CMD_Water_Valve_Test_Open_Prev := GVL_COMMAND.CMD_Water_Valve_Test_Open;
44:L_CMD_Water_Valve_Test_Close_Prev := GVL_COMMAND.CMD_Water_Valve_Test_Close;
45:L_CMD_Water_Valve_Test_Confirm_Prev := GVL_COMMAND.CMD_Water_Valve_Test_Confirm;
46:L_CMD_Gas_Valve_Test_Open_Prev := GVL_COMMAND.CMD_Gas_Valve_Test_Open;
47:L_CMD_Gas_Valve_Test_Close_Prev := GVL_COMMAND.CMD_Gas_Valve_Test_Close;
48:L_CMD_Gas_Valve_Test_Confirm_Prev := GVL_COMMAND.CMD_Gas_Valve_Test_Confirm;
288:IF L_CMD_Water_Selective_Recover_Edge THEN
300:IF L_CMD_Gas_Selective_Recover_Edge THEN
309:IF L_CMD_Water_Valve_Test_Open_Edge THEN
337:IF L_CMD_Water_Valve_Test_Close_Edge THEN
343:IF L_CMD_Water_Valve_Test_Confirm_Edge AND L_Water_Test_Active THEN
353:IF L_CMD_Gas_Valve_Test_Open_Edge THEN
379:IF L_CMD_Gas_Valve_Test_Close_Edge THEN
384:IF L_CMD_Gas_Valve_Test_Confirm_Edge AND L_Gas_Test_Active THEN

=== EDGE COMMAND ENTRY POINTS ===
288:IF L_CMD_Water_Selective_Recover_Edge THEN
300:IF L_CMD_Gas_Selective_Recover_Edge THEN
309:IF L_CMD_Water_Valve_Test_Open_Edge THEN
337:IF L_CMD_Water_Valve_Test_Close_Edge THEN
343:IF L_CMD_Water_Valve_Test_Confirm_Edge AND L_Water_Test_Active THEN
353:IF L_CMD_Gas_Valve_Test_Open_Edge THEN
379:IF L_CMD_Gas_Valve_Test_Close_Edge THEN
384:IF L_CMD_Gas_Valve_Test_Confirm_Edge AND L_Gas_Test_Active THEN

=== WATER TEST CORE ===
IF L_CMD_Water_Valve_Test_Open_Edge THEN
    L_Water_Test_Active := TRUE;
    L_Water_Test_Deadline := GVL_STATUS.G_System_Time_MS + 60000;
    GVL_STATUS.G_Diagnostics.Water_Valve_Test_Mode_Active := TRUE;
    GVL_STATUS.G_Diagnostics.Water_Valve_Test_Deadline_MS := L_Water_Test_Deadline;
END_IF;
IF L_Water_Test_Active THEN
    IF GVL_STATUS.G_System_Time_MS < L_Water_Test_Deadline THEN
        GVL_STATUS.G_Diagnostics.Water_Valve_Test_Remaining_MS := L_Water_Test_Deadline - GVL_STATUS.G_System_Time_MS;
        IF NOT GVL_STATE.G_Safety_Leak_Alarm THEN
            GVL_STATUS.G_Diagnostics.Water_Valve_Test_Validation_OK := TRUE;
            GVL_STATUS.G_Diagnostics.Water_Valve_Test_Validation_Text := CONCAT('Утечка не обнаружена, зона: ', GVL_STATUS.G_Diagnostics.Active_Leak_Zone_Name);
        ELSE
            GVL_STATUS.G_Diagnostics.Water_Valve_Test_Validation_OK := FALSE;
            GVL_STATUS.G_Diagnostics.Water_Valve_Test_Validation_Text := CONCAT('Подтверждение запрещено: активна протечка в зоне ', GVL_STATUS.G_Diagnostics.Active_Leak_Zone_Name);
            GVL_STATUS.G_Diagnostics.Water_Valve_Test_Forced_Close := TRUE;
            GVL_COMMAND.G_Close_Valve_35 := TRUE;
            GVL_COMMAND.G_Close_Valve_36 := TRUE;
            L_Water_Test_Active := FALSE;
            GVL_STATUS.G_Diagnostics.Water_Valve_Test_Mode_Active := FALSE;
        END_IF;
    ELSE
        L_Water_Test_Active := FALSE;
        GVL_STATUS.G_Diagnostics.Water_Valve_Test_Mode_Active := FALSE;
        GVL_COMMAND.G_Close_Valve_35 := TRUE;
        GVL_COMMAND.G_Close_Valve_36 := TRUE;
    END_IF;
END_IF;
IF L_CMD_Water_Valve_Test_Close_Edge THEN
    L_Water_Test_Active := FALSE;
    GVL_STATUS.G_Diagnostics.Water_Valve_Test_Mode_Active := FALSE;
    GVL_COMMAND.G_Close_Valve_35 := TRUE;
    GVL_COMMAND.G_Close_Valve_36 := TRUE;
END_IF;
IF L_CMD_Water_Valve_Test_Confirm_Edge AND L_Water_Test_Active THEN
    IF GVL_STATUS.G_Diagnostics.Water_Valve_Test_Validation_OK THEN
        L_Water_Test_Active := FALSE;
        GVL_STATUS.G_Diagnostics.Water_Valve_Test_Mode_Active := FALSE;
    ELSE
        GVL_STATUS.G_Diagnostics.Operator_Action_Blocked := TRUE;
        GVL_STATUS.G_Diagnostics.Operator_Block_Reason := 'Подтверждение водяного теста запрещено: причина аварии не устранена';

=== GAS TEST CORE ===
IF L_CMD_Gas_Valve_Test_Open_Edge THEN
    L_Gas_Test_Active := TRUE;
    L_Gas_Test_Deadline := GVL_STATUS.G_System_Time_MS + 60000;
    GVL_STATUS.G_Diagnostics.Gas_Valve_Test_Mode_Active := TRUE;
    GVL_STATUS.G_Diagnostics.Gas_Valve_Test_Deadline_MS := L_Gas_Test_Deadline;
END_IF;
IF L_Gas_Test_Active THEN
    IF GVL_STATUS.G_System_Time_MS < L_Gas_Test_Deadline THEN
        GVL_STATUS.G_Diagnostics.Gas_Valve_Test_Remaining_MS := L_Gas_Test_Deadline - GVL_STATUS.G_System_Time_MS;
        IF NOT GVL_STATE.G_Safety_Gas_Alarm THEN
            GVL_STATUS.G_Diagnostics.Gas_Valve_Test_Validation_OK := TRUE;
            GVL_STATUS.G_Diagnostics.Gas_Valve_Test_Validation_Text := CONCAT('Газ не обнаружен, зона: ', GVL_STATUS.G_Diagnostics.Active_Gas_Zone_Name);
        ELSE
            GVL_STATUS.G_Diagnostics.Gas_Valve_Test_Validation_OK := FALSE;
            GVL_STATUS.G_Diagnostics.Gas_Valve_Test_Validation_Text := CONCAT('Подтверждение запрещено: активен газ в зоне ', GVL_STATUS.G_Diagnostics.Active_Gas_Zone_Name);
            GVL_STATUS.G_Diagnostics.Gas_Valve_Test_Forced_Close := TRUE;
            GVL_COMMAND.G_Gas_Valve_Close := TRUE;
            L_Gas_Test_Active := FALSE;
            GVL_STATUS.G_Diagnostics.Gas_Valve_Test_Mode_Active := FALSE;
        END_IF;
    ELSE
        L_Gas_Test_Active := FALSE;
        GVL_STATUS.G_Diagnostics.Gas_Valve_Test_Mode_Active := FALSE;
        GVL_COMMAND.G_Gas_Valve_Close := TRUE;
    END_IF;
END_IF;
IF L_CMD_Gas_Valve_Test_Close_Edge THEN
    L_Gas_Test_Active := FALSE;
    GVL_STATUS.G_Diagnostics.Gas_Valve_Test_Mode_Active := FALSE;
    GVL_COMMAND.G_Gas_Valve_Close := TRUE;
END_IF;
IF L_CMD_Gas_Valve_Test_Confirm_Edge AND L_Gas_Test_Active THEN
    IF GVL_STATUS.G_Diagnostics.Gas_Valve_Test_Validation_OK THEN
        L_Gas_Test_Active := FALSE;
        GVL_STATUS.G_Diagnostics.Gas_Valve_Test_Mode_Active := FALSE;
    ELSE
        GVL_STATUS.G_Diagnostics.Operator_Action_Blocked := TRUE;
        GVL_STATUS.G_Diagnostics.Operator_Block_Reason := 'Подтверждение газового теста запрещено: причина аварии не устранена';

=== FINAL STATUS ===
PRG_Safety command semantics hardened.
Pending outside this block: real PLC/runtime verification only.

=== END STEP 41 ===
