]633;E;echo "=== STEP 67: INLINE LIGHTING V2 STAGING INTO MANAGER ===";fd114dcf-b8f0-4fa9-a638-75bd3982af51]633;C=== STEP 67: INLINE LIGHTING V2 STAGING INTO MANAGER ===
timestamp_utc=2026-04-16T19:59:55Z

=== BEFORE ===
39:    fbLightingV2Staging : FB_Lighting_V2_Staging;
276:fbLightingV2Staging(

    ELSE
        VO_Blinds_Positions[L_i] := L_Base_Blinds;
    END_IF;
END_FOR;

// ========================================
// Lighting V2 shadow execution (phase2)
// ========================================
fbLightingV2Staging(
    VI_Zone_ID := 1,
    VI_Enable := (VO_Lighting_Levels[1] > 0),
    VI_Brightness_Setpoint := BYTE_TO_REAL(VO_Lighting_Levels[1]),
    VI_Scene_ID := TO_INT(L_Effective_Scenario),
    VI_Manual_Override := (VI_Manual_Light_Override[1] > 0),
    VI_Transition_Time_MS := 5000,

    VI_Is_Active := (VO_Lighting_Levels[1] > 0),
    VI_Brightness_Actual := BYTE_TO_REAL(VO_Lighting_Levels[1]),
    VI_Motion_Active := VI_Motion_Sensors[1],
    VI_Ambient_Lux := 0.0,
    VI_Alarm_Active := GVL_STATE.G_Lighting_IO_Fault OR GVL_STATE.G_Lighting_Subsystem_Degraded,

    VO_Command_Shadow => L_Lighting_V2_Command_Shadow,
    VO_State_Shadow => L_Lighting_V2_State_Shadow
);

// ========================================
// Lighting V2 shadow validation
// ========================================
IF ABS(BYTE_TO_REAL(VO_Lighting_Levels[1]) - L_Lighting_V2_Command_Shadow.Brightness_Setpoint) > 0.1 THEN
    L_Lighting_V2_Shadow_Diff_Found := TRUE;

=== APPLY ===
OK: inlined lighting V2 staging logic into FB_Lighting_Blinds_Manager.st

=== AFTER ===
39:    fbLightingV2Staging : FB_Lighting_V2_Staging;

    ELSE
        VO_Blinds_Positions[L_i] := L_Base_Blinds;
    END_IF;
END_FOR;

// ========================================
// Lighting V2 shadow execution (phase2)
// Inlined from FB_Lighting_V2_Staging
// ========================================
L_Lighting_V2_Command_Shadow.Brightness_Setpoint := BYTE_TO_REAL(VO_Lighting_Levels[1]);
L_Lighting_V2_State_Shadow.Brightness_Actual := BYTE_TO_REAL(VO_Lighting_Levels[1]);
L_Lighting_V2_State_Shadow.Motion_Active := VI_Motion_Sensors[1];

// ========================================
// Lighting V2 shadow validation
// ========================================
IF ABS(BYTE_TO_REAL(VO_Lighting_Levels[1]) - L_Lighting_V2_Command_Shadow.Brightness_Setpoint) > 0.1 THEN
    L_Lighting_V2_Shadow_Diff_Found := TRUE;
END_IF;
IF ABS(BYTE_TO_REAL(VO_Lighting_Levels[1]) - L_Lighting_V2_State_Shadow.Brightness_Actual) > 0.1 THEN
    L_Lighting_V2_Shadow_Diff_Found := TRUE;
END_IF;
IF VI_Motion_Sensors[1] <> L_Lighting_V2_State_Shadow.Motion_Active THEN
    L_Lighting_V2_Shadow_Diff_Found := TRUE;
END_IF;

=== ROOT REFERENCES AFTER INLINE ===
./FB_Lighting_Blinds_Manager.st:39:    fbLightingV2Staging : FB_Lighting_V2_Staging;
./FB_Lighting_Blinds_Manager.st:275:// Inlined from FB_Lighting_V2_Staging
./FB_Lighting_V2_Staging.st:1:FUNCTION_BLOCK FB_Lighting_V2_Staging

=== DIFF ===
diff --git a/FB_Lighting_Blinds_Manager.st b/FB_Lighting_Blinds_Manager.st
index bc074a9..55016a9 100644
--- a/FB_Lighting_Blinds_Manager.st
+++ b/FB_Lighting_Blinds_Manager.st
@@ -272,24 +272,11 @@ END_FOR;
 
 // ========================================
 // Lighting V2 shadow execution (phase2)
+// Inlined from FB_Lighting_V2_Staging
 // ========================================
-fbLightingV2Staging(
-    VI_Zone_ID := 1,
-    VI_Enable := (VO_Lighting_Levels[1] > 0),
-    VI_Brightness_Setpoint := BYTE_TO_REAL(VO_Lighting_Levels[1]),
-    VI_Scene_ID := TO_INT(L_Effective_Scenario),
-    VI_Manual_Override := (VI_Manual_Light_Override[1] > 0),
-    VI_Transition_Time_MS := 5000,
-
-    VI_Is_Active := (VO_Lighting_Levels[1] > 0),
-    VI_Brightness_Actual := BYTE_TO_REAL(VO_Lighting_Levels[1]),
-    VI_Motion_Active := VI_Motion_Sensors[1],
-    VI_Ambient_Lux := 0.0,
-    VI_Alarm_Active := GVL_STATE.G_Lighting_IO_Fault OR GVL_STATE.G_Lighting_Subsystem_Degraded,
-
-    VO_Command_Shadow => L_Lighting_V2_Command_Shadow,
-    VO_State_Shadow => L_Lighting_V2_State_Shadow
-);
+L_Lighting_V2_Command_Shadow.Brightness_Setpoint := BYTE_TO_REAL(VO_Lighting_Levels[1]);
+L_Lighting_V2_State_Shadow.Brightness_Actual := BYTE_TO_REAL(VO_Lighting_Levels[1]);
+L_Lighting_V2_State_Shadow.Motion_Active := VI_Motion_Sensors[1];
 
 // ========================================
 // Lighting V2 shadow validation

=== END STEP 67 ===
