]633;E;echo "=== STEP 261C: HUMIDITY MAPPING SNAPSHOT ===";c870ef84-c345-440d-bb94-ec329c217085]633;C=== STEP 261C: HUMIDITY MAPPING SNAPSHOT ===
timestamp_utc=2026-04-19T13:45:51Z

=== FILE: ST_System_Diagnostics.dut (tail 80) ===
    Heating_Freeze_Pump_Force_Request : BOOL;
    Heating_Overheat_Detected : BOOL;
    Heating_Overheat_Locked_Circuits : ARRAY[1..GVL_CONSTANTS.C_MAX_HEATING_CIRCUITS] OF BOOL;
    Heating_Protection_Summary_Text : STRING(160);

    // === HEATING ENFORCEMENT REQUEST LAYER (ISOLATED) ===
    Heating_Pump_Force_Request_Active : BOOL;
    Heating_Overheat_Enforcement_Request_Active : BOOL;
    Heating_Enforcement_Request_Text : STRING(160);

    // === HEATING REAL ENFORCEMENT BRIDGE (ISOLATED) ===
    Heating_Pump_Force_Bridge_Active : BOOL;
    Heating_Zone_Lock_Bridge_Active : BOOL;
    Heating_Real_Enforcement_Text : STRING(160);

    // === HEATING ENFORCEMENT TELEMETRY ===
    Heating_Pump_Force_Event_Count : UDINT;
    Heating_Zone_Lock_Event_Count : UDINT;
    Heating_Last_Event_Time_MS : UDINT;
    Heating_Last_Event_Text : STRING(160);

    // === HEATING PRIORITY ARBITRATION ===
    Heating_Pump_Force_Allowed : BOOL;
    Heating_Zone_Lock_Allowed : BOOL;
    Heating_Arbitration_Text : STRING(160);

    // === HEATING ENFORCEMENT COOLDOWN ===
    Heating_Pump_Force_Hold_Active : BOOL;
    Heating_Zone_Lock_Hold_Active : BOOL;
    Heating_Pump_Force_Hold_Until_MS : UDINT;
    Heating_Zone_Lock_Hold_Until_MS : UDINT;
    Heating_Cooldown_Text : STRING(160);

    // === CALIBRATION VERIFICATION OBSERVER ===
    Calibration_CO_Verification_Active : BOOL;
    Calibration_CO_Verification_Failed : BOOL;
    Calibration_CO_Deviation_Percent : REAL;

    Calibration_Methane_Verification_Active : BOOL;
    Calibration_Methane_Verification_Failed : BOOL;
    Calibration_Methane_Deviation_Percent : REAL;

    Calibration_Verification_Summary_Text : STRING(160);

    // === CALIBRATION VERIFICATION TELEMETRY ===
    Calibration_CO_Verification_Event_Count : UDINT;
    Calibration_Methane_Verification_Event_Count : UDINT;
    Calibration_Last_Event_Time_MS : UDINT;
    Calibration_Last_Event_Text : STRING(160);

    // === FLOOR TEMP CALIBRATION OBSERVER (PILOT) ===
    Calibration_FloorTemp1_Active : BOOL;
    Calibration_FloorTemp1_Verification_Active : BOOL;
    Calibration_FloorTemp1_Verification_Failed : BOOL;
    Calibration_FloorTemp1_Deviation_Percent : REAL;
    Calibration_FloorTemp1_Summary_Text : STRING(160);

    // === FLOOR TEMP 2 CALIBRATION OBSERVER ===
    Calibration_FloorTemp2_Active : BOOL;
    Calibration_FloorTemp2_Verification_Active : BOOL;
    Calibration_FloorTemp2_Verification_Failed : BOOL;
    Calibration_FloorTemp2_Deviation_Percent : REAL;
    Calibration_FloorTemp2_Summary_Text : STRING(160);

    // === OUTDOOR TEMP CALIBRATION OBSERVER ===
    Calibration_OutdoorTemp_Active : BOOL;
    Calibration_OutdoorTemp_Verification_Active : BOOL;
    Calibration_OutdoorTemp_Verification_Failed : BOOL;
    Calibration_OutdoorTemp_Deviation_Percent : REAL;
    Calibration_OutdoorTemp_Summary_Text : STRING(160);

    // === HUMIDITY FAMILY PILOT ===
    Calibration_RoomHum1_Active : BOOL;
    Calibration_RoomHum1_Calibrated_Value : REAL;
    Calibration_RoomHum1_Summary_Text : STRING(160);



END_STRUCT
END_TYPE

=== FILE: PRG_System.st (VAR head 120) ===
PROGRAM PRG_System
VAR
    fbSnapshotMgr : FB_State_Snapshot_Manager;

// === SENSOR PROCESSING (SHADOW) ===
fbSensorCO : FB_Sensor_Analog_Processing;
fbCalibGasFamily : ARRAY[1..2] OF FB_Sensor_Calibration_Processor;
fbSensorMethane : FB_Sensor_Analog_Processing;
fbCalibVerifyGasFamily : ARRAY[1..2] OF FB_Calibration_Manager;
fbCalibTempFamily : ARRAY[1..3] OF FB_Sensor_Calibration_Processor;
fbCalibVerifyTempFamily : ARRAY[1..3] OF FB_Calibration_Manager;
fbSmokeDetector : FB_Smoke_Detector;
fbFreezeProtection : FB_FloorHeating_Freeze_Protection;
fbOverheatProtection : FB_FloorHeating_Overheat_Protection;
L_CO_Processed : REAL;
L_CO_Calibrated : REAL;
L_Safety_Selector_i : INT;
L_Methane_Processed : REAL;
L_Methane_Calibrated : REAL;
L_GasFamily_Processed : REAL;
L_GasFamily_Calibrated : ARRAY[1..2] OF REAL;
L_FloorTemp1_Calibrated : REAL;
L_FloorTemp2_Calibrated : REAL;
L_OutdoorTemp_Calibrated : REAL;
L_TempFamily_Raw : REAL;
L_TempFamily_Calibrated : ARRAY[1..3] OF REAL;
L_Smoke_Detected : BOOL;
L_Window_Hours : REAL;
L_Snapshot : ST_State_Snapshot;
L_Snapshot_Trigger_Prev : BOOL;
L_Snapshot_Fallback_Prev : BOOL;
L_Snapshot_Recovery_Prev : BOOL;
L_Heating_Pump_Force_Bridge_Prev : BOOL;
L_Heating_Zone_Lock_Bridge_Prev : BOOL;
L_Heating_Pump_Force_Hold_MS : UDINT;
L_Heating_Zone_Lock_Hold_MS : UDINT;
L_GasFamily_Calib_TS_Prev : ARRAY[1..2] OF UDINT;
L_GasFamily_Verification_Active_Prev : ARRAY[1..2] OF BOOL;
L_TempFamily_Calib_TS_Prev : ARRAY[1..3] OF UDINT;
L_TempFamily_Verification_Active_Prev : ARRAY[1..3] OF BOOL;
L_Snapshot_Last_Event_MS : UDINT;
L_Snapshot_Min_Interval_MS : UDINT;



// === LIFETIME MANAGERS ===
fbLifetimePump : FB_Lifetime_Manager;
fbLifetimeFan  : FB_Lifetime_Manager;


    // === TREND WRITE CONTROL ===
    L_Trend_Write : BOOL;
    L_Trend_Write_Prev : BOOL;

    // === TREND → HISTORY BRIDGE ===
    L_Trend_Event : ST_History_Record;

    // === TREND SYSTEM (MVP) ===
    L_Trend_Logger : FB_Trend_Logger;
    L_Trend_Data : ST_Trend_Data;
    L_Trend_Adapter : FB_Trend_Adapter;
    L_Trend_Avg : REAL;
    L_Trend_Min : REAL;
    L_Trend_Max : REAL;
    L_Trend_Up : BOOL;
    L_Trend_Down : BOOL;
    L_Trend_Last_Write_MS : UDINT;
    L_Trend_Last_Written_Avg : REAL;
    L_Trend_Write_Allowed : BOOL;
    L_i : INT;
    L_TempFamily_i : INT;
    L_GasFamily_i : INT;
    L_Motion_Sensors_16 : ARRAY[1..16] OF BOOL;
    // --- ADAPTER LAYER ---
    L_Zone_Valves_8 : ARRAY[1..8] OF BOOL;
    L_Lighting_32   : ARRAY[1..32] OF BYTE;
    L_Lighting_Bool_32 : ARRAY[1..32] OF BOOL;
    L_FloorTemps_8  : ARRAY[1..8] OF REAL;
    fbCoreKernelObserver : FB_CoreKernel_Live_Observer;
    fbSystemHealth : FB_System_Health;
    fbRedundancy : FB_Redundancy_Manager;
    fbGateway : FB_Gateway_Interface;
    fbScenarioManager : FB_Scenario_Manager;
    fbScenarioGuard : FB_Scenario_Transition_Guard;
    fbSimulationManager : FB_Simulation_Manager;
    fbRuleEngine : FB_Rule_Engine;
    fbNVRAMManager : FB_NVRAM_Manager;

    fbBlackBox : FB_BlackBox_Recorder;
    fbAstroTimer : FB_Astro_Timer;
    fbAlarmManager : FB_Alarm_Manager;
    fbHistoryManager : FB_History_Manager;
    fbSafety : FB_Safety_Manager;
    fbStateManager : FB_State_Manager;
    fbWatchdog : FB_Watchdog;
    fbHMIInterface : FB_HMI_Interface;
    fbFaultLogger : FB_Fault_Logger;
    fbLogEvent : FB_LogEvent;
    
    L_Time_Diff : UDINT;
    L_Local_State : ST_System_State_Snapshot;
    L_Remote_State : ST_System_State_Snapshot;
    L_NVRAM_Cmd : BYTE;
    L_NVRAM_Offset : UDINT;
    L_NVRAM_Done : BOOL;
    L_NVRAM_Err : BOOL;
    L_NVRAM_ErrID : UDINT;
    L_BB_Record : ST_BlackBox_Record;
    L_BB_Freeze : BOOL;
    L_Scenario_Idx : INT;
        L_Last_Operator_Blocked : BOOL;
    L_Last_DHW_Heating_In_Service : BOOL;
    L_Last_DHW_Circ_In_Service : BOOL;
    L_Dangerous_Action_Armed : BOOL;
    L_Dangerous_Action_Deadline_MS : UDINT;
    L_Maintenance_Apply_Intent : BOOL;
    L_Last_System_Mode : E_System_Operating_Mode;
    L_Last_First_Fault_Type : INT;
    L_Last_First_Fault_Source : INT;
    L_Last_Root_Cause : E_System_Root_Cause;

=== FILE: PRG_System.st (gas/temp calibration section around generic loops) ===
    GVL_Trend.G_Trend_Active_Index := GVL_Trend.G_Trend_Buffer_Index;
    GVL_Trend.G_Trend_Active_Valid_Count := GVL_Trend.G_Trend_Valid_Count;
    GVL_Trend.G_Trend_Active_Is_Wrapped := GVL_Trend.G_Trend_Is_Wrapped;

    IF GVL_Trend.G_Trend_Buffer_Index >= 1 AND GVL_Trend.G_Trend_Buffer_Index <= 50 THEN
        GVL_Trend.G_Trend_Active_Value := GVL_Trend.G_Trend_Buffer[GVL_Trend.G_Trend_Buffer_Index];
        GVL_Trend.G_Trend_Active_Timestamp := GVL_Trend.G_Trend_Buffer_Timestamps[GVL_Trend.G_Trend_Buffer_Index];
    END_IF;
END_IF;


// === SENSOR PROCESSING (SHADOW EXEC) ===
fbSensorCO(
    VI_Raw_Value := REAL_TO_WORD(GVL_STATE.G_CO_Sensors[1]),
    VI_Sensor_Type := 0,
    VI_Min_Scale := 0.0,
    VI_Max_Scale := 100.0,
    VI_Offset := 0.0,
    VI_System_Time_MS := GVL_STATUS.G_System_Time_MS
);
L_CO_Processed := fbSensorCO.VO_Value;

// === SHADOW EXPORT ===
GVL_Sensor_Shadow.G_CO_Raw := GVL_STATE.G_CO_Sensors[1];
GVL_Sensor_Shadow.G_CO_Processed := L_CO_Processed;
GVL_Sensor_Shadow.G_CO_Error := fbSensorCO.VO_Error;
GVL_Sensor_Shadow.G_CO_Diag_Code := fbSensorCO.VO_Diag_Code;


// === METHANE SHADOW EXEC ===
fbSensorMethane(
    VI_Raw_Value := REAL_TO_WORD(GVL_STATE.G_Methane_Sensors[1]),
    VI_Sensor_Type := 0,
    VI_Min_Scale := 0.0,
    VI_Max_Scale := 100.0,
    VI_Offset := 0.0,
    VI_System_Time_MS := GVL_STATUS.G_System_Time_MS
);
L_Methane_Processed := fbSensorMethane.VO_Value;

// === GAS FAMILY CALIBRATION GENERIC LOOP ===
// Mapping:
// 1 -> CO, calibration record 1
// 2 -> Methane, calibration record 2
FOR L_GasFamily_i := 1 TO 2 DO
    CASE L_GasFamily_i OF
        1:
            L_GasFamily_Processed := L_CO_Processed;
        2:
            L_GasFamily_Processed := L_Methane_Processed;
    ELSE
        L_GasFamily_Processed := 0.0;
    END_CASE;

    fbCalibGasFamily[L_GasFamily_i](
        VI_Raw_Value := L_GasFamily_Processed,
        VI_Record := GVL_CONFIG.G_HMI_Sensor_Calibrations[L_GasFamily_i]
    );
    L_GasFamily_Calibrated[L_GasFamily_i] := fbCalibGasFamily[L_GasFamily_i].VO_Calibrated_Value;

    fbCalibVerifyGasFamily[L_GasFamily_i](
        VI_Raw_Value := L_GasFamily_Processed,
        VI_Type := 3,
        VI_Calib_Record := GVL_CONFIG.G_HMI_Sensor_Calibrations[L_GasFamily_i],
        VI_System_Time_MS := GVL_STATUS.G_System_Time_MS,
        VI_Start_Verification := (
            GVL_CONFIG.G_HMI_Sensor_Calibrations[L_GasFamily_i].last_calibration_timestamp <> 0 AND
            GVL_CONFIG.G_HMI_Sensor_Calibrations[L_GasFamily_i].last_calibration_timestamp <> L_GasFamily_Calib_TS_Prev[L_GasFamily_i]
        )
    );

    CASE L_GasFamily_i OF
        1:
            L_CO_Calibrated := L_GasFamily_Calibrated[1];
            GVL_STATUS.G_Diagnostics.Calibration_CO_Verification_Active :=
                fbCalibVerifyGasFamily[L_GasFamily_i].VO_Verification_Active;
            GVL_STATUS.G_Diagnostics.Calibration_CO_Verification_Failed :=
                fbCalibVerifyGasFamily[L_GasFamily_i].VO_Verification_Failed;
            GVL_STATUS.G_Diagnostics.Calibration_CO_Deviation_Percent :=
                fbCalibVerifyGasFamily[L_GasFamily_i].VO_Deviation_Percent;

        2:
            L_Methane_Calibrated := L_GasFamily_Calibrated[2];
            GVL_STATUS.G_Diagnostics.Calibration_Methane_Verification_Active :=
                fbCalibVerifyGasFamily[L_GasFamily_i].VO_Verification_Active;
            GVL_STATUS.G_Diagnostics.Calibration_Methane_Verification_Failed :=
                fbCalibVerifyGasFamily[L_GasFamily_i].VO_Verification_Failed;
            GVL_STATUS.G_Diagnostics.Calibration_Methane_Deviation_Percent :=
                fbCalibVerifyGasFamily[L_GasFamily_i].VO_Deviation_Percent;
    END_CASE;

    IF L_GasFamily_Verification_Active_Prev[L_GasFamily_i] AND
       (NOT fbCalibVerifyGasFamily[L_GasFamily_i].VO_Verification_Active) THEN
        GVL_CONFIG.G_HMI_Sensor_Calibrations[L_GasFamily_i].verification_passed :=
            NOT fbCalibVerifyGasFamily[L_GasFamily_i].VO_Verification_Failed;

        CASE L_GasFamily_i OF
            1:
                GVL_STATUS.G_Diagnostics.Calibration_CO_Verification_Event_Count :=
                    GVL_STATUS.G_Diagnostics.Calibration_CO_Verification_Event_Count + 1;
                GVL_STATUS.G_Diagnostics.Calibration_Last_Event_Time_MS := GVL_STATUS.G_System_Time_MS;
                IF fbCalibVerifyGasFamily[L_GasFamily_i].VO_Verification_Failed THEN
                    GVL_STATUS.G_Diagnostics.Calibration_Last_Event_Text := 'CO verification failed';
                ELSE
                    GVL_STATUS.G_Diagnostics.Calibration_Last_Event_Text := 'CO verification passed';
                END_IF;

            2:
                GVL_STATUS.G_Diagnostics.Calibration_Methane_Verification_Event_Count :=
                    GVL_STATUS.G_Diagnostics.Calibration_Methane_Verification_Event_Count + 1;
                GVL_STATUS.G_Diagnostics.Calibration_Last_Event_Time_MS := GVL_STATUS.G_System_Time_MS;
                IF fbCalibVerifyGasFamily[L_GasFamily_i].VO_Verification_Failed THEN
                    GVL_STATUS.G_Diagnostics.Calibration_Last_Event_Text := 'Methane verification failed';
                ELSE
                    GVL_STATUS.G_Diagnostics.Calibration_Last_Event_Text := 'Methane verification passed';
                END_IF;
        END_CASE;
    END_IF;

    L_GasFamily_Verification_Active_Prev[L_GasFamily_i] := fbCalibVerifyGasFamily[L_GasFamily_i].VO_Verification_Active;
    L_GasFamily_Calib_TS_Prev[L_GasFamily_i] := GVL_CONFIG.G_HMI_Sensor_Calibrations[L_GasFamily_i].last_calibration_timestamp;
END_FOR;

IF GVL_STATUS.G_Diagnostics.Calibration_CO_Verification_Failed THEN
    GVL_STATUS.G_Diagnostics.Calibration_Verification_Summary_Text := 'CO calibration verification failed';
ELSIF GVL_STATUS.G_Diagnostics.Calibration_Methane_Verification_Failed THEN
    GVL_STATUS.G_Diagnostics.Calibration_Verification_Summary_Text := 'Methane calibration verification failed';
ELSIF GVL_STATUS.G_Diagnostics.Calibration_CO_Verification_Active OR
      GVL_STATUS.G_Diagnostics.Calibration_Methane_Verification_Active THEN
    GVL_STATUS.G_Diagnostics.Calibration_Verification_Summary_Text := 'Calibration verification active';
ELSE
    GVL_STATUS.G_Diagnostics.Calibration_Verification_Summary_Text := 'Calibration verification idle';
END_IF;

// === METHANE/CO SHADOW EXPORT ===
GVL_Sensor_Shadow.G_CO_Calibrated := L_CO_Calibrated;
GVL_Sensor_Shadow.G_Methane_Raw := GVL_STATE.G_Methane_Sensors[1];
GVL_Sensor_Shadow.G_Methane_Processed := L_Methane_Processed;
GVL_Sensor_Shadow.G_Methane_Calibrated := L_Methane_Calibrated;
GVL_Sensor_Shadow.G_Methane_Error := fbSensorMethane.VO_Error;
GVL_Sensor_Shadow.G_Methane_Diag_Code := fbSensorMethane.VO_Diag_Code;

// === TEMPERATURE FAMILY CALIBRATION GENERIC LOOP ===
// Mapping:
// 1 -> FloorTemp1, calibration record 3
// 2 -> FloorTemp2, calibration record 4
// 3 -> OutdoorTemp, calibration record 5
FOR L_TempFamily_i := 1 TO 3 DO
    CASE L_TempFamily_i OF
        1:
            L_TempFamily_Raw := GVL_STATE.G_Floor_Temps[1];
        2:
            L_TempFamily_Raw := GVL_STATE.G_Floor_Temps[2];
        3:
            L_TempFamily_Raw := GVL_STATE.G_Outdoor_Temp;
    ELSE
        L_TempFamily_Raw := 0.0;
    END_CASE;

    fbCalibTempFamily[L_TempFamily_i](
        VI_Raw_Value := L_TempFamily_Raw,
        VI_Record := GVL_CONFIG.G_HMI_Sensor_Calibrations[L_TempFamily_i + 2]
    );
    L_TempFamily_Calibrated[L_TempFamily_i] := fbCalibTempFamily[L_TempFamily_i].VO_Calibrated_Value;

    fbCalibVerifyTempFamily[L_TempFamily_i](
        VI_Raw_Value := L_TempFamily_Raw,
        VI_Type := 1,
        VI_Calib_Record := GVL_CONFIG.G_HMI_Sensor_Calibrations[L_TempFamily_i + 2],
        VI_System_Time_MS := GVL_STATUS.G_System_Time_MS,
        VI_Start_Verification := (
            GVL_CONFIG.G_HMI_Sensor_Calibrations[L_TempFamily_i + 2].last_calibration_timestamp <> 0 AND
            GVL_CONFIG.G_HMI_Sensor_Calibrations[L_TempFamily_i + 2].last_calibration_timestamp <> L_TempFamily_Calib_TS_Prev[L_TempFamily_i]
        )
    );

    CASE L_TempFamily_i OF
        1:
            L_FloorTemp1_Calibrated := L_TempFamily_Calibrated[1];

            GVL_STATUS.G_Diagnostics.Calibration_FloorTemp1_Active := TRUE;
            GVL_STATUS.G_Diagnostics.Calibration_FloorTemp1_Verification_Active :=
                fbCalibVerifyTempFamily[L_TempFamily_i].VO_Verification_Active;
            GVL_STATUS.G_Diagnostics.Calibration_FloorTemp1_Verification_Failed :=
                fbCalibVerifyTempFamily[L_TempFamily_i].VO_Verification_Failed;
            GVL_STATUS.G_Diagnostics.Calibration_FloorTemp1_Deviation_Percent :=
                fbCalibVerifyTempFamily[L_TempFamily_i].VO_Deviation_Percent;

            IF GVL_STATUS.G_Diagnostics.Calibration_FloorTemp1_Verification_Failed THEN
                GVL_STATUS.G_Diagnostics.Calibration_FloorTemp1_Summary_Text := 'FloorTemp1 verification failed';
            ELSIF GVL_STATUS.G_Diagnostics.Calibration_FloorTemp1_Verification_Active THEN
                GVL_STATUS.G_Diagnostics.Calibration_FloorTemp1_Summary_Text := 'FloorTemp1 verification active';
            ELSE
                GVL_STATUS.G_Diagnostics.Calibration_FloorTemp1_Summary_Text := 'FloorTemp1 verification idle';
            END_IF;

        2:
            L_FloorTemp2_Calibrated := L_TempFamily_Calibrated[2];

            GVL_STATUS.G_Diagnostics.Calibration_FloorTemp2_Active := TRUE;
            GVL_STATUS.G_Diagnostics.Calibration_FloorTemp2_Verification_Active :=
                fbCalibVerifyTempFamily[L_TempFamily_i].VO_Verification_Active;
            GVL_STATUS.G_Diagnostics.Calibration_FloorTemp2_Verification_Failed :=
                fbCalibVerifyTempFamily[L_TempFamily_i].VO_Verification_Failed;
            GVL_STATUS.G_Diagnostics.Calibration_FloorTemp2_Deviation_Percent :=
                fbCalibVerifyTempFamily[L_TempFamily_i].VO_Deviation_Percent;

            IF GVL_STATUS.G_Diagnostics.Calibration_FloorTemp2_Verification_Failed THEN
                GVL_STATUS.G_Diagnostics.Calibration_FloorTemp2_Summary_Text := 'FloorTemp2 verification failed';
            ELSIF GVL_STATUS.G_Diagnostics.Calibration_FloorTemp2_Verification_Active THEN
                GVL_STATUS.G_Diagnostics.Calibration_FloorTemp2_Summary_Text := 'FloorTemp2 verification active';
            ELSE
                GVL_STATUS.G_Diagnostics.Calibration_FloorTemp2_Summary_Text := 'FloorTemp2 verification idle';
            END_IF;

        3:
            L_OutdoorTemp_Calibrated := L_TempFamily_Calibrated[3];

            GVL_STATUS.G_Diagnostics.Calibration_OutdoorTemp_Active := TRUE;
            GVL_STATUS.G_Diagnostics.Calibration_OutdoorTemp_Verification_Active :=
                fbCalibVerifyTempFamily[L_TempFamily_i].VO_Verification_Active;
            GVL_STATUS.G_Diagnostics.Calibration_OutdoorTemp_Verification_Failed :=
                fbCalibVerifyTempFamily[L_TempFamily_i].VO_Verification_Failed;
            GVL_STATUS.G_Diagnostics.Calibration_OutdoorTemp_Deviation_Percent :=
                fbCalibVerifyTempFamily[L_TempFamily_i].VO_Deviation_Percent;

            IF GVL_STATUS.G_Diagnostics.Calibration_OutdoorTemp_Verification_Failed THEN
                GVL_STATUS.G_Diagnostics.Calibration_OutdoorTemp_Summary_Text := 'OutdoorTemp verification failed';
            ELSIF GVL_STATUS.G_Diagnostics.Calibration_OutdoorTemp_Verification_Active THEN
                GVL_STATUS.G_Diagnostics.Calibration_OutdoorTemp_Summary_Text := 'OutdoorTemp verification active';
            ELSE
                GVL_STATUS.G_Diagnostics.Calibration_OutdoorTemp_Summary_Text := 'OutdoorTemp verification idle';
            END_IF;
    END_CASE;

    IF L_TempFamily_Verification_Active_Prev[L_TempFamily_i] AND
       (NOT fbCalibVerifyTempFamily[L_TempFamily_i].VO_Verification_Active) THEN
        GVL_CONFIG.G_HMI_Sensor_Calibrations[L_TempFamily_i + 2].verification_passed :=
            NOT fbCalibVerifyTempFamily[L_TempFamily_i].VO_Verification_Failed;
    END_IF;

    L_TempFamily_Verification_Active_Prev[L_TempFamily_i] := fbCalibVerifyTempFamily[L_TempFamily_i].VO_Verification_Active;
    L_TempFamily_Calib_TS_Prev[L_TempFamily_i] := GVL_CONFIG.G_HMI_Sensor_Calibrations[L_TempFamily_i + 2].last_calibration_timestamp;
END_FOR;

// === SMOKE SHADOW EXEC ===
fbSmokeDetector(
    VI_Smoke_Signal := GVL_STATE.G_Smoke_Sensors[1]
);
L_Smoke_Detected := fbSmokeDetector.VO_Smoke_Detected;

// === SMOKE SHADOW EXPORT ===
GVL_Sensor_Shadow.G_Smoke_Raw := GVL_STATE.G_Smoke_Sensors[1];
GVL_Sensor_Shadow.G_Smoke_Detected := L_Smoke_Detected;

// === SAFETY SHADOW VS RUNTIME BRIDGE ===

// CO
GVL_Safety_Bridge.G_CO_Runtime := GVL_STATE.G_CO_Sensors[1];
GVL_Safety_Bridge.G_CO_Shadow  := GVL_Sensor_Shadow.G_CO_Calibrated;
GVL_Safety_Bridge.G_CO_Diff    := ABS(GVL_Safety_Bridge.G_CO_Runtime - GVL_Safety_Bridge.G_CO_Shadow);

// METHANE
GVL_Safety_Bridge.G_Methane_Runtime := GVL_STATE.G_Methane_Sensors[1];
GVL_Safety_Bridge.G_Methane_Shadow  := GVL_Sensor_Shadow.G_Methane_Calibrated;
GVL_Safety_Bridge.G_Methane_Diff    := ABS(GVL_Safety_Bridge.G_Methane_Runtime - GVL_Safety_Bridge.G_Methane_Shadow);

// SMOKE
GVL_Safety_Bridge.G_Smoke_Runtime := GVL_STATE.G_Smoke_Sensors[1];
GVL_Safety_Bridge.G_Smoke_Shadow  := GVL_Sensor_Shadow.G_Smoke_Detected;
GVL_Safety_Bridge.G_Smoke_Diff    := GVL_Safety_Bridge.G_Smoke_Runtime XOR GVL_Safety_Bridge.G_Smoke_Shadow;

// === SAFETY SELECTOR LAYER ===
GVL_Safety_Selector.G_Use_Shadow_Methane := TRUE;
GVL_Safety_Selector.G_Use_Shadow_Smoke := TRUE;
GVL_Safety_Selector.G_Use_Shadow_CO := TRUE;

// base copy from runtime arrays
FOR L_Safety_Selector_i := 1 TO GVL_CONSTANTS.C_MAX_CO_SENSORS DO
    GVL_Safety_Selector.G_CO_Effective_Array[L_Safety_Selector_i] := GVL_STATE.G_CO_Sensors[L_Safety_Selector_i];
END_FOR;

FOR L_Safety_Selector_i := 1 TO GVL_CONSTANTS.C_MAX_METHANE_SENSORS DO
    GVL_Safety_Selector.G_Methane_Effective_Array[L_Safety_Selector_i] := GVL_STATE.G_Methane_Sensors[L_Safety_Selector_i];
END_FOR;

FOR L_Safety_Selector_i := 1 TO GVL_CONSTANTS.C_MAX_SMOKE_SENSORS DO
    GVL_Safety_Selector.G_Smoke_Effective_Array[L_Safety_Selector_i] := GVL_STATE.G_Smoke_Sensors[L_Safety_Selector_i];
END_FOR;

// CO
IF GVL_Safety_Selector.G_Use_Shadow_CO THEN
    GVL_Safety_Selector.G_CO_Effective := GVL_Sensor_Shadow.G_CO_Calibrated;
    GVL_Safety_Selector.G_CO_Effective_Array[1] := GVL_Sensor_Shadow.G_CO_Calibrated;
ELSE
    GVL_Safety_Selector.G_CO_Effective := GVL_STATE.G_CO_Sensors[1];
END_IF;

// METHANE
IF GVL_Safety_Selector.G_Use_Shadow_Methane THEN
    GVL_Safety_Selector.G_Methane_Effective := GVL_Sensor_Shadow.G_Methane_Calibrated;
    GVL_Safety_Selector.G_Methane_Effective_Array[1] := GVL_Sensor_Shadow.G_Methane_Calibrated;
ELSE
    GVL_Safety_Selector.G_Methane_Effective := GVL_STATE.G_Methane_Sensors[1];
END_IF;


=== FILE: PRG_System.st (search markers) ===
7:fbCalibGasFamily : ARRAY[1..2] OF FB_Sensor_Calibration_Processor;
9:fbCalibVerifyGasFamily : ARRAY[1..2] OF FB_Calibration_Manager;
10:fbCalibTempFamily : ARRAY[1..3] OF FB_Sensor_Calibration_Processor;
11:fbCalibVerifyTempFamily : ARRAY[1..3] OF FB_Calibration_Manager;
24:L_OutdoorTemp_Calibrated : REAL;
163:    END_FOR;
171:    END_FOR;
175:    END_FOR;
387:END_FOR;
407:END_FOR;
486:END_FOR;
626:    END_FOR;
1013:    END_FOR;
1054:    END_FOR;
1280:// === GAS FAMILY CALIBRATION GENERIC LOOP ===
1294:    fbCalibGasFamily[L_GasFamily_i](
1298:    L_GasFamily_Calibrated[L_GasFamily_i] := fbCalibGasFamily[L_GasFamily_i].VO_Calibrated_Value;
1300:    fbCalibVerifyGasFamily[L_GasFamily_i](
1315:                fbCalibVerifyGasFamily[L_GasFamily_i].VO_Verification_Active;
1317:                fbCalibVerifyGasFamily[L_GasFamily_i].VO_Verification_Failed;
1319:                fbCalibVerifyGasFamily[L_GasFamily_i].VO_Deviation_Percent;
1324:                fbCalibVerifyGasFamily[L_GasFamily_i].VO_Verification_Active;
1326:                fbCalibVerifyGasFamily[L_GasFamily_i].VO_Verification_Failed;
1328:                fbCalibVerifyGasFamily[L_GasFamily_i].VO_Deviation_Percent;
1332:       (NOT fbCalibVerifyGasFamily[L_GasFamily_i].VO_Verification_Active) THEN
1334:            NOT fbCalibVerifyGasFamily[L_GasFamily_i].VO_Verification_Failed;
1341:                IF fbCalibVerifyGasFamily[L_GasFamily_i].VO_Verification_Failed THEN
1351:                IF fbCalibVerifyGasFamily[L_GasFamily_i].VO_Verification_Failed THEN
1359:    L_GasFamily_Verification_Active_Prev[L_GasFamily_i] := fbCalibVerifyGasFamily[L_GasFamily_i].VO_Verification_Active;
1361:END_FOR;
1382:// === TEMPERATURE FAMILY CALIBRATION GENERIC LOOP ===
1399:    fbCalibTempFamily[L_TempFamily_i](
1403:    L_TempFamily_Calibrated[L_TempFamily_i] := fbCalibTempFamily[L_TempFamily_i].VO_Calibrated_Value;
1405:    fbCalibVerifyTempFamily[L_TempFamily_i](
1422:                fbCalibVerifyTempFamily[L_TempFamily_i].VO_Verification_Active;
1424:                fbCalibVerifyTempFamily[L_TempFamily_i].VO_Verification_Failed;
1426:                fbCalibVerifyTempFamily[L_TempFamily_i].VO_Deviation_Percent;
1441:                fbCalibVerifyTempFamily[L_TempFamily_i].VO_Verification_Active;
1443:                fbCalibVerifyTempFamily[L_TempFamily_i].VO_Verification_Failed;
1445:                fbCalibVerifyTempFamily[L_TempFamily_i].VO_Deviation_Percent;
1456:            L_OutdoorTemp_Calibrated := L_TempFamily_Calibrated[3];
1460:                fbCalibVerifyTempFamily[L_TempFamily_i].VO_Verification_Active;
1462:                fbCalibVerifyTempFamily[L_TempFamily_i].VO_Verification_Failed;
1464:                fbCalibVerifyTempFamily[L_TempFamily_i].VO_Deviation_Percent;
1476:       (NOT fbCalibVerifyTempFamily[L_TempFamily_i].VO_Verification_Active) THEN
1478:            NOT fbCalibVerifyTempFamily[L_TempFamily_i].VO_Verification_Failed;
1481:    L_TempFamily_Verification_Active_Prev[L_TempFamily_i] := fbCalibVerifyTempFamily[L_TempFamily_i].VO_Verification_Active;
1483:END_FOR;
1520:END_FOR;
1524:END_FOR;
1528:END_FOR;
2085:    END_FOR;
2097:    END_FOR;
2137:END_FOR;

=== FILE: GVL_CONFIG.gvl (sensor calibration storage) ===
20:    G_HMI_Sensor_Calibrations : ARRAY[1..GVL_CONSTANTS.C_MAX_CALIBRATIONS] OF ST_Sensor_Calibration_Record; // Данные калибровки датчиков

=== FILE: ST_Sensor_Calibration_Record.dut ===
{attribute 'pack_mode' := '1'}
TYPE ST_Sensor_Calibration_Record :
STRUCT
    sensor_id : UDINT := 0;
    sensor_type : E_SENSOR_TYPE;
    zone_id : BYTE := 0;
    offset : REAL := 0.0;
    multiplier : REAL := 1.0;
    last_calibration_timestamp : UDINT := 0;
    verification_passed : BOOL := FALSE;
END_STRUCT
END_TYPE
=== END STEP 261C ===
