]633;E;echo "=== STEP 265: CONFIG-DRIVEN MAPPING STAGE 1 ===";ce0f91dc-fae3-4e2f-a224-60e9467d4b5d]633;C=== STEP 265: CONFIG-DRIVEN MAPPING STAGE 1 ===
timestamp_utc=2026-04-19T14:16:53Z

=== APPLY ===
OK: config-driven mapping stage 1 integrated

=== VERIFY ===
84:    // === CALIBRATION CONFIG-DRIVEN MAPPING (STAGE 1) ===
85:    L_GasFamily_Record_Index : ARRAY[1..2] OF INT := [1, 2];
86:    L_TempFamily_Record_Index : ARRAY[1..3] OF INT := [3, 4, 5];
87:    L_PressureFamily_Record_Index : ARRAY[1..1] OF INT := [7];
88:    L_HumidityFamily_Record_Index : ARRAY[1..1] OF INT := [6];
1315:        VI_Record := GVL_CONFIG.G_HMI_Sensor_Calibrations[L_GasFamily_Record_Index[L_GasFamily_i]]
1322:        VI_Calib_Record := GVL_CONFIG.G_HMI_Sensor_Calibrations[L_GasFamily_Record_Index[L_GasFamily_i]],
1325:            GVL_CONFIG.G_HMI_Sensor_Calibrations[L_GasFamily_Record_Index[L_GasFamily_i]].last_calibration_timestamp <> 0 AND
1326:            GVL_CONFIG.G_HMI_Sensor_Calibrations[L_GasFamily_Record_Index[L_GasFamily_i]].last_calibration_timestamp <> L_GasFamily_Calib_TS_Prev[L_GasFamily_i]
1352:        GVL_CONFIG.G_HMI_Sensor_Calibrations[L_GasFamily_Record_Index[L_GasFamily_i]].verification_passed :=
1379:    L_GasFamily_Calib_TS_Prev[L_GasFamily_i] := GVL_CONFIG.G_HMI_Sensor_Calibrations[L_GasFamily_Record_Index[L_GasFamily_i]].last_calibration_timestamp;
1420:        VI_Record := GVL_CONFIG.G_HMI_Sensor_Calibrations[L_TempFamily_Record_Index[L_TempFamily_i]]
1427:        VI_Calib_Record := GVL_CONFIG.G_HMI_Sensor_Calibrations[L_TempFamily_Record_Index[L_TempFamily_i]],
1430:            GVL_CONFIG.G_HMI_Sensor_Calibrations[L_TempFamily_Record_Index[L_TempFamily_i]].last_calibration_timestamp <> 0 AND
1431:            GVL_CONFIG.G_HMI_Sensor_Calibrations[L_TempFamily_Record_Index[L_TempFamily_i]].last_calibration_timestamp <> L_TempFamily_Calib_TS_Prev[L_TempFamily_i]
1496:        GVL_CONFIG.G_HMI_Sensor_Calibrations[L_TempFamily_Record_Index[L_TempFamily_i]].verification_passed :=
1501:    L_TempFamily_Calib_TS_Prev[L_TempFamily_i] := GVL_CONFIG.G_HMI_Sensor_Calibrations[L_TempFamily_Record_Index[L_TempFamily_i]].last_calibration_timestamp;
1513:        VI_Record := GVL_CONFIG.G_HMI_Sensor_Calibrations[L_HumidityFamily_Record_Index[L_HumidityFamily_i]]

=== COMPILE ===
