]633;E;echo "=== STEP 48: SCENARIO TRANSITION MATRIX (DERIVED) ===";f1165683-fe3b-4368-874e-5c1706c7b9d6]633;C=== STEP 48: SCENARIO TRANSITION MATRIX (DERIVED) ===
timestamp_utc=2026-04-16T18:49:38Z

=== SOURCE PRIORITY ===
SAFETY > OPERATOR > GATEWAY > RULE > CURRENT

=== SYSTEM MODE CONSTRAINTS ===
SAFE_STOP → ONLY NONE
FREEZE_PROTECTION → ONLY NONE
DEGRADED → {NONE, PRESENCE, AWAY, SLEEP}

=== POLICY TRANSITIONS ===
NORMAL + ARMED → FORCE AWAY
DEGRADED + NO SOURCE + ARMED → FORCE AWAY
DEGRADED + PRESENCE → FORCE SLEEP

=== IMPLICIT TRANSITIONS OBSERVED ===
ANY → NONE (via safety)
ANY → AWAY (via policy)
PRESENCE → SLEEP (via degraded policy)

=== MISSING (NOT ENFORCED YET) ===
No explicit transition guard matrix
No forbidden transitions list
No dependency checks (e.g. disarm required)

=== CONCLUSION ===
System behaves as policy-driven scenario selector, not strict FSM

=== END STEP 48 ===
