]633;E;echo "== START GIT COMMIT FAILURE DEBUG ==";28074703-056c-4271-af14-973763a44ba6]633;C== START GIT COMMIT FAILURE DEBUG ==

-- PWD --
/workspaces/SmartHomeNew

-- GIT STATUS SHORT --
 M diagnostics/2026_04_16/step_10_git_commit_failure_debug.log

-- GIT STATUS --
On branch main
Your branch and 'origin/main' have diverged,
and have 4 and 2 different commits each, respectively.
  (use "git pull" if you want to integrate the remote branch with yours)

Changes not staged for commit:
  (use "git add <file>..." to update what will be committed)
  (use "git restore <file>..." to discard changes in working directory)
	modified:   diagnostics/2026_04_16/step_10_git_commit_failure_debug.log

no changes added to commit (use "git add" and/or "git commit -a")

-- GIT CONFIG USER --
builovmaikl-art
builov.maikl@gmail.com

-- ROOT LIST --
./-files _ grep 'methods_v1_interface_check.txt'
./.git
./ACCESS_SUMMARY.txt
./AGENTS.md
./CONSTANTS.dut
./E_ALERT_PRIORITY.dut
./E_Debug_Log_Level.dut
./E_Gateway_Command_Type.dut
./E_Lifetime_Device_Type.dut
./E_Outdoor_Mode.dut
./E_PLC_ROLE.dut
./E_Rule_Action_Type.dut
./E_Rule_Comparison.dut
./E_Rule_Condition_Type.dut
./E_SCENARIO_SOURCE.dut
./E_SCENARIO_TYPE.dut
./E_SENSOR_TYPE.dut
./E_System_Operating_Mode.dut
./E_System_Root_Cause.dut
./E_System_Severity.dut
./E_Trend_Parameter_Type.dut
./E_TwoFactor_Method.dut
./E_VALVE_TYPE.dut
./E_VENTILATION_LOCATION.dut
./E_VENTILATION_UNIT_TYPE.dut
./E_Valve_Test_Result.dut
./E_WEATHER_COMPENSATION_METHOD.dut
./E_Zone_Access_Level.dut
./FB_AccessCode_Manager.st
./FB_Access_Control.st
./FB_Alarm_Compatibility_Package.st
./FB_Alarm_Manager.st
./FB_Alarm_V2_Core.st
./FB_Analog_Validator.st
./FB_Astro_Timer.st
./FB_BlackBox_Recorder.st
./FB_BlackBox_V2_Core.st
./FB_Blinds_V2_Staging.st
./FB_Boiler_Cascade_Manager.st
./FB_Boiler_OpenTherm_Interface.st
./FB_CO_Detector.st
./FB_CRC32_Calculator.st
./FB_Calibration_Manager.st
./FB_Command_Deduplication.st
./FB_CoreKernel_Live_Observer.st
./FB_DHW_Manager.st
./FB_DHW_V2_Staging.st
./FB_Debug_Logger.st
./FB_Device_Predictive_Diag.st
./FB_Emergency_Valve_Open.st
./FB_Exhaust_Ventilation_Controller.st
./FB_Fault_Logger.st
./FB_FloorHeating_Controller.st
./FB_FloorHeating_Freeze_Protection.st
./FB_FloorHeating_Overheat_Protection.st
./FB_Gas_Methane_Detector.st
./FB_Gas_Smoke_Manager.st
./FB_Gas_Valve_Controller.st
./FB_Gateway_Interface.st
./FB_HMAC_SHA1.st
./FB_HMI_Interface.st
./FB_Heating_System_Manager.st
./FB_Heating_V2_Staging.st
./FB_History_Manager.st
./FB_History_V2_Core.st
./FB_IO_Module_Watchdog.st
./FB_Lifetime_Predictor.st
./FB_Lighting_Blinds_Manager.st
./FB_Lighting_V2_Staging.st
./FB_LogEvent.st
./FB_Maintenance_Access.st
./FB_Manifold_Pump_Controller.st
./FB_Manual_Valve_Control.st
./FB_NVRAM_Manager.st
./FB_Outdoor_Lighting_Controller.st
./FB_PID_Controller.st
./FB_PLC_Heartbeat.st
./FB_Pre_Departure_Heating.st
./FB_Presence_Playback.st
./FB_Presence_Simulator.st
./FB_Random_Generator.st
./FB_Redundancy_Manager.st
./FB_Rule_Compatibility_Package.st
./FB_Rule_Engine.st
./FB_SHA1.st
./FB_Safety_Manager.st
./FB_Scenario_Manager.st
./FB_Scenario_Transition_Controller.st
./FB_Security_Alarm.st
./FB_Security_System_Manager.st
./FB_Sensor_Analog_Processing.st
./FB_Sensor_Calibration.st
./FB_Sensor_Calibration_Processor.st
./FB_Sensor_Distribution.st
./FB_Simulation_Manager.st
./FB_Smoke_Detector.st
./FB_Socket_Manager.st
./FB_Socket_V2_Staging.st
./FB_State_Manager.st
./FB_State_Manager_MVP.st
./FB_State_Replication.st
./FB_State_Snapshot_Manager.st
./FB_State_Snapshot_NVRAM.st
./FB_Supply_Ventilation_Controller.st
./FB_System_Health.st
./FB_System_Timer.st
./FB_System_Timer_TOF.st
./FB_Trend_Analyzer.st
./FB_Trend_Logger.st
./FB_TwoFactor_Auth.st
./FB_Valve_Test.st
./FB_Valve_Test_Manager.st
./FB_Ventilation_System_Manager.st
./FB_Ventilation_V2_Staging.st
./FB_Watchdog.st
./FB_Water_Leakage_Manager.st
./FB_Water_Valve_Controller.st
./FB_Zone_Access_Manager.st
./GVL_ALARM.gvl
./GVL_BlackBox.gvl
./GVL_COMMAND.gvl
./GVL_CONFIG.gvl
./GVL_CONSTANTS.gvl
./GVL_DEBUG.gvl
./GVL_EVENT.gvl
./GVL_GATEWAY.gvl
./GVL_HEALTH_BRIDGE.gvl
./GVL_IO.gvl
./GVL_MODBUS.gvl
./GVL_PERSISTENT.gvl
./GVL_Retain.gvl
./GVL_STATE.gvl
./GVL_STATUS.gvl
./GVL_TIME.gvl
./IValveController.st
./MAIN.st
./PRG_Heating.st
./PRG_IO_Read.st
./PRG_IO_Write.st
./PRG_Lighting.st
./PRG_PLC_A.st
./PRG_PLC_B.st
./PRG_Safety.st
./PRG_Security.st
./PRG_System.st
./PRG_Test.st
./PRG_Ventilation.st
./ST_Alarm_Record.dut
./ST_Astro_Time.dut
./ST_BlackBox_Record.dut
./ST_BlackBox_Snapshot_V2.dut
./ST_Blinds_Command_V2.dut
./ST_Blinds_State_V2.dut
./ST_Boiler_Status.dut
./ST_Component_Maintenance.dut
./ST_DHW_Command_V2.dut
./ST_DHW_Config.dut
./ST_DHW_State_V2.dut
./ST_DHW_Status.dut
./ST_Debug_Log_Record.dut
./ST_Debug_Logger_Config.dut
./ST_Device_Health.dut
./ST_EVENT.dut
./ST_Flood_Config.dut
./ST_Flood_Global_Config.dut
./ST_FloorHeating_Circuit_Config.dut
./ST_FloorHeating_Global_Config.dut
./ST_FloorHeating_Manifold_Config.dut
./ST_Gas_Valve_Configuration.dut
./ST_Gateway_Command.dut
./ST_Heating_Command_V2.dut
./ST_Heating_Config.dut
./ST_Heating_State_V2.dut
./ST_History_Event_V2.dut
./ST_History_Record.dut
./ST_Lifetime_Status.dut
./ST_Lighting_Command_V2.dut
./ST_Lighting_State_V2.dut
./ST_Maintenance_Access_Config.dut
./ST_Manifold_Status.dut
./ST_Operator_Zone_Rights.dut
./ST_Outdoor_Zone_Config.dut
./ST_Owen_Analog_Value.dut
./ST_Rule.dut
./ST_Rule_Action.dut
./ST_Scenario_Config.dut
./ST_Scenario_Transition_Config.dut
./ST_Security_Global_Config.dut
./ST_Security_Zone_State.dut
./ST_Sensor_Calibration_Record.dut
./ST_Socket_Command_V2.dut
./ST_Socket_State_V2.dut
./ST_State_Snapshot.dut
./ST_System_Diagnostics.dut
./ST_System_State_Snapshot.dut
./ST_System_State_Summary.dut
./ST_Tariff_Config.dut
./ST_Trend_Config.dut
./ST_Trend_Data.dut
./ST_Trend_Header.dut
./ST_Trend_History_Record.dut
./ST_TwoFactor_Auth_State.dut
./ST_TwoFactor_Data.dut
./ST_User_Rule.dut
./ST_Valve_Test_Config.dut
./ST_Ventilation_Command_V2.dut
./ST_Ventilation_Config.dut
./ST_Ventilation_Global_Config.dut
./ST_Ventilation_Scenario_Mode.dut
./ST_Ventilation_State_V2.dut
./ST_Ventilation_Unit.dut
./ST_Ventilation_Unit_Config.dut
./ST_Zone_Sensors.dut
./TZ_NEW.txt
./_ refresh method interface check_ __ true
./access_check.txt
./apply_commit.sh
./diagnostics
./docs
./h
./repo_logs
./steps
./workspace
./ñ¿áú¡«ßΓ¿¬á_gitignore_list.txt
./диагностика
./компилятор

-- TRY GIT ADD -A --
