== START SYNC ==
-- BEFORE --
On branch main
Your branch is up to date with 'origin/main'.

Changes not staged for commit:
  (use "git add/rm <file>..." to update what will be committed)
  (use "git restore <file>..." to discard changes in working directory)
	deleted:    SmartHomeNew-main.zip

Untracked files:
  (use "git add <file>..." to include in what will be committed)
	SmartHomeNew-main/

no changes added to commit (use "git add" and/or "git commit -a")
* main
  remotes/origin/HEAD -> origin/main
  remotes/origin/main
-- RESET TO origin/main --
HEAD is now at dd7a413 diag: unzip python debug
-- AFTER --
On branch main
Your branch is up to date with 'origin/main'.

Untracked files:
  (use "git add <file>..." to include in what will be committed)
	SmartHomeNew-main/

nothing added to commit but untracked files present (use "git add" to track)
total 3180
drwxrwxrwx+ 5 codespace root         4096 Apr 16 12:32 .
drwxr-xrwx+ 5 codespace root         4096 Apr 16 11:26 ..
drwxrwxrwx+ 8 codespace root         4096 Apr 16 12:32 .git
drwxrwxrwx+ 9 codespace codespace   12288 Apr 16 12:28 SmartHomeNew-main
-rw-rw-rw-  1 codespace codespace 3227086 Apr 16 12:32 SmartHomeNew-main.zip
drwxrwxrwx+ 3 codespace codespace    4096 Apr 16 11:45 diagnostics
== END ==
