== START FULL PROJECT SNAPSHOT ==
-- CREATE SNAPSHOT DIR --
-- COPY PROJECT --
-- SNAPSHOT ROOT --
snapshots/project_clean_state_2026_04_16
snapshots/project_clean_state_2026_04_16/-files _ grep 'methods_v1_interface_check.txt'
snapshots/project_clean_state_2026_04_16/ACCESS_SUMMARY.txt
snapshots/project_clean_state_2026_04_16/AGENTS.md
snapshots/project_clean_state_2026_04_16/CONSTANTS.dut
snapshots/project_clean_state_2026_04_16/E_ALERT_PRIORITY.dut
snapshots/project_clean_state_2026_04_16/E_Debug_Log_Level.dut
snapshots/project_clean_state_2026_04_16/E_Gateway_Command_Type.dut
snapshots/project_clean_state_2026_04_16/E_Lifetime_Device_Type.dut
snapshots/project_clean_state_2026_04_16/E_Outdoor_Mode.dut
snapshots/project_clean_state_2026_04_16/E_PLC_ROLE.dut
snapshots/project_clean_state_2026_04_16/E_Rule_Action_Type.dut
snapshots/project_clean_state_2026_04_16/E_Rule_Comparison.dut
snapshots/project_clean_state_2026_04_16/E_Rule_Condition_Type.dut
snapshots/project_clean_state_2026_04_16/E_SCENARIO_SOURCE.dut
snapshots/project_clean_state_2026_04_16/E_SCENARIO_TYPE.dut
snapshots/project_clean_state_2026_04_16/E_SENSOR_TYPE.dut
snapshots/project_clean_state_2026_04_16/E_System_Operating_Mode.dut
snapshots/project_clean_state_2026_04_16/E_System_Root_Cause.dut
snapshots/project_clean_state_2026_04_16/E_System_Severity.dut
snapshots/project_clean_state_2026_04_16/E_Trend_Parameter_Type.dut
snapshots/project_clean_state_2026_04_16/E_TwoFactor_Method.dut
snapshots/project_clean_state_2026_04_16/E_VALVE_TYPE.dut
snapshots/project_clean_state_2026_04_16/E_VENTILATION_LOCATION.dut
snapshots/project_clean_state_2026_04_16/E_VENTILATION_UNIT_TYPE.dut
snapshots/project_clean_state_2026_04_16/E_Valve_Test_Result.dut
snapshots/project_clean_state_2026_04_16/E_WEATHER_COMPENSATION_METHOD.dut
snapshots/project_clean_state_2026_04_16/E_Zone_Access_Level.dut
snapshots/project_clean_state_2026_04_16/FB_AccessCode_Manager.st
snapshots/project_clean_state_2026_04_16/FB_Access_Control.st
snapshots/project_clean_state_2026_04_16/FB_Alarm_Compatibility_Package.st
snapshots/project_clean_state_2026_04_16/FB_Alarm_Manager.st
snapshots/project_clean_state_2026_04_16/FB_Alarm_V2_Core.st
snapshots/project_clean_state_2026_04_16/FB_Analog_Validator.st
snapshots/project_clean_state_2026_04_16/FB_Astro_Timer.st
snapshots/project_clean_state_2026_04_16/FB_BlackBox_Recorder.st
snapshots/project_clean_state_2026_04_16/FB_BlackBox_V2_Core.st
snapshots/project_clean_state_2026_04_16/FB_Blinds_V2_Staging.st
snapshots/project_clean_state_2026_04_16/FB_Boiler_Cascade_Manager.st
snapshots/project_clean_state_2026_04_16/FB_Boiler_OpenTherm_Interface.st
snapshots/project_clean_state_2026_04_16/FB_CO_Detector.st
snapshots/project_clean_state_2026_04_16/FB_CRC32_Calculator.st
snapshots/project_clean_state_2026_04_16/FB_Calibration_Manager.st
snapshots/project_clean_state_2026_04_16/FB_Command_Deduplication.st
snapshots/project_clean_state_2026_04_16/FB_CoreKernel_Live_Observer.st
snapshots/project_clean_state_2026_04_16/FB_DHW_Manager.st
snapshots/project_clean_state_2026_04_16/FB_DHW_V2_Staging.st
snapshots/project_clean_state_2026_04_16/FB_Debug_Logger.st
snapshots/project_clean_state_2026_04_16/FB_Device_Predictive_Diag.st
snapshots/project_clean_state_2026_04_16/FB_Emergency_Valve_Open.st
snapshots/project_clean_state_2026_04_16/FB_Exhaust_Ventilation_Controller.st
snapshots/project_clean_state_2026_04_16/FB_Fault_Logger.st
snapshots/project_clean_state_2026_04_16/FB_FloorHeating_Controller.st
snapshots/project_clean_state_2026_04_16/FB_FloorHeating_Freeze_Protection.st
snapshots/project_clean_state_2026_04_16/FB_FloorHeating_Overheat_Protection.st
snapshots/project_clean_state_2026_04_16/FB_Gas_Methane_Detector.st
snapshots/project_clean_state_2026_04_16/FB_Gas_Smoke_Manager.st
snapshots/project_clean_state_2026_04_16/FB_Gas_Valve_Controller.st
snapshots/project_clean_state_2026_04_16/FB_Gateway_Interface.st
snapshots/project_clean_state_2026_04_16/FB_HMAC_SHA1.st
snapshots/project_clean_state_2026_04_16/FB_HMI_Interface.st
snapshots/project_clean_state_2026_04_16/FB_Heating_System_Manager.st
snapshots/project_clean_state_2026_04_16/FB_Heating_V2_Staging.st
snapshots/project_clean_state_2026_04_16/FB_History_Manager.st
snapshots/project_clean_state_2026_04_16/FB_History_V2_Core.st
snapshots/project_clean_state_2026_04_16/FB_IO_Module_Watchdog.st
snapshots/project_clean_state_2026_04_16/FB_Lifetime_Predictor.st
snapshots/project_clean_state_2026_04_16/FB_Lighting_Blinds_Manager.st
snapshots/project_clean_state_2026_04_16/FB_Lighting_V2_Staging.st
snapshots/project_clean_state_2026_04_16/FB_LogEvent.st
snapshots/project_clean_state_2026_04_16/FB_Maintenance_Access.st
snapshots/project_clean_state_2026_04_16/FB_Manifold_Pump_Controller.st
snapshots/project_clean_state_2026_04_16/FB_Manual_Valve_Control.st
snapshots/project_clean_state_2026_04_16/FB_NVRAM_Manager.st
snapshots/project_clean_state_2026_04_16/FB_Outdoor_Lighting_Controller.st
snapshots/project_clean_state_2026_04_16/FB_PID_Controller.st
snapshots/project_clean_state_2026_04_16/FB_PLC_Heartbeat.st
snapshots/project_clean_state_2026_04_16/FB_Pre_Departure_Heating.st
snapshots/project_clean_state_2026_04_16/FB_Presence_Playback.st
snapshots/project_clean_state_2026_04_16/FB_Presence_Simulator.st
snapshots/project_clean_state_2026_04_16/FB_Random_Generator.st
snapshots/project_clean_state_2026_04_16/FB_Redundancy_Manager.st
snapshots/project_clean_state_2026_04_16/FB_Rule_Compatibility_Package.st
snapshots/project_clean_state_2026_04_16/FB_Rule_Engine.st
snapshots/project_clean_state_2026_04_16/FB_SHA1.st
snapshots/project_clean_state_2026_04_16/FB_Safety_Manager.st
snapshots/project_clean_state_2026_04_16/FB_Scenario_Manager.st
snapshots/project_clean_state_2026_04_16/FB_Scenario_Transition_Controller.st
snapshots/project_clean_state_2026_04_16/FB_Security_Alarm.st
snapshots/project_clean_state_2026_04_16/FB_Security_System_Manager.st
snapshots/project_clean_state_2026_04_16/FB_Sensor_Analog_Processing.st
snapshots/project_clean_state_2026_04_16/FB_Sensor_Calibration.st
snapshots/project_clean_state_2026_04_16/FB_Sensor_Calibration_Processor.st
snapshots/project_clean_state_2026_04_16/FB_Sensor_Distribution.st
snapshots/project_clean_state_2026_04_16/FB_Simulation_Manager.st
snapshots/project_clean_state_2026_04_16/FB_Smoke_Detector.st
snapshots/project_clean_state_2026_04_16/FB_Socket_Manager.st
snapshots/project_clean_state_2026_04_16/FB_Socket_V2_Staging.st
snapshots/project_clean_state_2026_04_16/FB_State_Manager.st
snapshots/project_clean_state_2026_04_16/FB_State_Manager_MVP.st
snapshots/project_clean_state_2026_04_16/FB_State_Replication.st
snapshots/project_clean_state_2026_04_16/FB_State_Snapshot_Manager.st
snapshots/project_clean_state_2026_04_16/FB_State_Snapshot_NVRAM.st
snapshots/project_clean_state_2026_04_16/FB_Supply_Ventilation_Controller.st
snapshots/project_clean_state_2026_04_16/FB_System_Health.st
snapshots/project_clean_state_2026_04_16/FB_System_Timer.st
snapshots/project_clean_state_2026_04_16/FB_System_Timer_TOF.st
snapshots/project_clean_state_2026_04_16/FB_Trend_Analyzer.st
snapshots/project_clean_state_2026_04_16/FB_Trend_Logger.st
snapshots/project_clean_state_2026_04_16/FB_TwoFactor_Auth.st
snapshots/project_clean_state_2026_04_16/FB_Valve_Test.st
snapshots/project_clean_state_2026_04_16/FB_Valve_Test_Manager.st
snapshots/project_clean_state_2026_04_16/FB_Ventilation_System_Manager.st
snapshots/project_clean_state_2026_04_16/FB_Ventilation_V2_Staging.st
snapshots/project_clean_state_2026_04_16/FB_Watchdog.st
snapshots/project_clean_state_2026_04_16/FB_Water_Leakage_Manager.st
snapshots/project_clean_state_2026_04_16/FB_Water_Valve_Controller.st
snapshots/project_clean_state_2026_04_16/FB_Zone_Access_Manager.st
snapshots/project_clean_state_2026_04_16/GVL_ALARM.gvl
snapshots/project_clean_state_2026_04_16/GVL_BlackBox.gvl
snapshots/project_clean_state_2026_04_16/GVL_COMMAND.gvl
snapshots/project_clean_state_2026_04_16/GVL_CONFIG.gvl
snapshots/project_clean_state_2026_04_16/GVL_CONSTANTS.gvl
snapshots/project_clean_state_2026_04_16/GVL_DEBUG.gvl
snapshots/project_clean_state_2026_04_16/GVL_EVENT.gvl
snapshots/project_clean_state_2026_04_16/GVL_GATEWAY.gvl
snapshots/project_clean_state_2026_04_16/GVL_HEALTH_BRIDGE.gvl
snapshots/project_clean_state_2026_04_16/GVL_IO.gvl
snapshots/project_clean_state_2026_04_16/GVL_MODBUS.gvl
snapshots/project_clean_state_2026_04_16/GVL_PERSISTENT.gvl
snapshots/project_clean_state_2026_04_16/GVL_Retain.gvl
snapshots/project_clean_state_2026_04_16/GVL_STATE.gvl
snapshots/project_clean_state_2026_04_16/GVL_STATUS.gvl
snapshots/project_clean_state_2026_04_16/GVL_TIME.gvl
snapshots/project_clean_state_2026_04_16/IValveController.st
snapshots/project_clean_state_2026_04_16/MAIN.st
snapshots/project_clean_state_2026_04_16/PRG_Heating.st
snapshots/project_clean_state_2026_04_16/PRG_IO_Read.st
snapshots/project_clean_state_2026_04_16/PRG_IO_Write.st
snapshots/project_clean_state_2026_04_16/PRG_Lighting.st
snapshots/project_clean_state_2026_04_16/PRG_PLC_A.st
snapshots/project_clean_state_2026_04_16/PRG_PLC_B.st
snapshots/project_clean_state_2026_04_16/PRG_Safety.st
snapshots/project_clean_state_2026_04_16/PRG_Security.st
snapshots/project_clean_state_2026_04_16/PRG_System.st
snapshots/project_clean_state_2026_04_16/PRG_Test.st
snapshots/project_clean_state_2026_04_16/PRG_Ventilation.st
snapshots/project_clean_state_2026_04_16/ST_Alarm_Record.dut
snapshots/project_clean_state_2026_04_16/ST_Astro_Time.dut
snapshots/project_clean_state_2026_04_16/ST_BlackBox_Record.dut
snapshots/project_clean_state_2026_04_16/ST_BlackBox_Snapshot_V2.dut
snapshots/project_clean_state_2026_04_16/ST_Blinds_Command_V2.dut
snapshots/project_clean_state_2026_04_16/ST_Blinds_State_V2.dut
snapshots/project_clean_state_2026_04_16/ST_Boiler_Status.dut
snapshots/project_clean_state_2026_04_16/ST_Component_Maintenance.dut
snapshots/project_clean_state_2026_04_16/ST_DHW_Command_V2.dut
snapshots/project_clean_state_2026_04_16/ST_DHW_Config.dut
snapshots/project_clean_state_2026_04_16/ST_DHW_State_V2.dut
snapshots/project_clean_state_2026_04_16/ST_DHW_Status.dut
snapshots/project_clean_state_2026_04_16/ST_Debug_Log_Record.dut
snapshots/project_clean_state_2026_04_16/ST_Debug_Logger_Config.dut
snapshots/project_clean_state_2026_04_16/ST_Device_Health.dut
snapshots/project_clean_state_2026_04_16/ST_EVENT.dut
snapshots/project_clean_state_2026_04_16/ST_Flood_Config.dut
snapshots/project_clean_state_2026_04_16/ST_Flood_Global_Config.dut
snapshots/project_clean_state_2026_04_16/ST_FloorHeating_Circuit_Config.dut
snapshots/project_clean_state_2026_04_16/ST_FloorHeating_Global_Config.dut
snapshots/project_clean_state_2026_04_16/ST_FloorHeating_Manifold_Config.dut
snapshots/project_clean_state_2026_04_16/ST_Gas_Valve_Configuration.dut
snapshots/project_clean_state_2026_04_16/ST_Gateway_Command.dut
snapshots/project_clean_state_2026_04_16/ST_Heating_Command_V2.dut
snapshots/project_clean_state_2026_04_16/ST_Heating_Config.dut
snapshots/project_clean_state_2026_04_16/ST_Heating_State_V2.dut
snapshots/project_clean_state_2026_04_16/ST_History_Event_V2.dut
snapshots/project_clean_state_2026_04_16/ST_History_Record.dut
snapshots/project_clean_state_2026_04_16/ST_Lifetime_Status.dut
snapshots/project_clean_state_2026_04_16/ST_Lighting_Command_V2.dut
snapshots/project_clean_state_2026_04_16/ST_Lighting_State_V2.dut
snapshots/project_clean_state_2026_04_16/ST_Maintenance_Access_Config.dut
snapshots/project_clean_state_2026_04_16/ST_Manifold_Status.dut
snapshots/project_clean_state_2026_04_16/ST_Operator_Zone_Rights.dut
snapshots/project_clean_state_2026_04_16/ST_Outdoor_Zone_Config.dut
snapshots/project_clean_state_2026_04_16/ST_Owen_Analog_Value.dut
snapshots/project_clean_state_2026_04_16/ST_Rule.dut
snapshots/project_clean_state_2026_04_16/ST_Rule_Action.dut
snapshots/project_clean_state_2026_04_16/ST_Scenario_Config.dut
snapshots/project_clean_state_2026_04_16/ST_Scenario_Transition_Config.dut
snapshots/project_clean_state_2026_04_16/ST_Security_Global_Config.dut
snapshots/project_clean_state_2026_04_16/ST_Security_Zone_State.dut
snapshots/project_clean_state_2026_04_16/ST_Sensor_Calibration_Record.dut
snapshots/project_clean_state_2026_04_16/ST_Socket_Command_V2.dut
snapshots/project_clean_state_2026_04_16/ST_Socket_State_V2.dut
snapshots/project_clean_state_2026_04_16/ST_State_Snapshot.dut
snapshots/project_clean_state_2026_04_16/ST_System_Diagnostics.dut
snapshots/project_clean_state_2026_04_16/ST_System_State_Snapshot.dut
snapshots/project_clean_state_2026_04_16/ST_System_State_Summary.dut
snapshots/project_clean_state_2026_04_16/ST_Tariff_Config.dut
snapshots/project_clean_state_2026_04_16/ST_Trend_Config.dut
snapshots/project_clean_state_2026_04_16/ST_Trend_Data.dut
snapshots/project_clean_state_2026_04_16/ST_Trend_Header.dut
snapshots/project_clean_state_2026_04_16/ST_Trend_History_Record.dut
snapshots/project_clean_state_2026_04_16/ST_TwoFactor_Auth_State.dut
snapshots/project_clean_state_2026_04_16/ST_TwoFactor_Data.dut
snapshots/project_clean_state_2026_04_16/ST_User_Rule.dut
snapshots/project_clean_state_2026_04_16/ST_Valve_Test_Config.dut
snapshots/project_clean_state_2026_04_16/ST_Ventilation_Command_V2.dut
snapshots/project_clean_state_2026_04_16/ST_Ventilation_Config.dut
snapshots/project_clean_state_2026_04_16/ST_Ventilation_Global_Config.dut
snapshots/project_clean_state_2026_04_16/ST_Ventilation_Scenario_Mode.dut
snapshots/project_clean_state_2026_04_16/ST_Ventilation_State_V2.dut
snapshots/project_clean_state_2026_04_16/ST_Ventilation_Unit.dut
snapshots/project_clean_state_2026_04_16/ST_Ventilation_Unit_Config.dut
snapshots/project_clean_state_2026_04_16/ST_Zone_Sensors.dut
snapshots/project_clean_state_2026_04_16/TZ_NEW.txt
snapshots/project_clean_state_2026_04_16/_ refresh method interface check_ __ true
snapshots/project_clean_state_2026_04_16/access_check.txt
snapshots/project_clean_state_2026_04_16/apply_commit.sh
snapshots/project_clean_state_2026_04_16/diagnostics
snapshots/project_clean_state_2026_04_16/diagnostics/2026_04_16
snapshots/project_clean_state_2026_04_16/docs
snapshots/project_clean_state_2026_04_16/docs/ARCHITECTURE_NOTES.md
snapshots/project_clean_state_2026_04_16/docs/CHANGELOG_WORK.md
snapshots/project_clean_state_2026_04_16/docs/DEVELOPMENT_WORKFLOW.md
snapshots/project_clean_state_2026_04_16/docs/DEVELOPMENT_WORKFLOW_V2.md
snapshots/project_clean_state_2026_04_16/docs/EQUIPMENT_DECISIONS.md
snapshots/project_clean_state_2026_04_16/docs/EXECUTION_CONVENTIONS.md
snapshots/project_clean_state_2026_04_16/docs/EXECUTION_CONVENTIONS_2026-04-05.md
snapshots/project_clean_state_2026_04_16/docs/FB_INVENTORY_AUDIT.md
snapshots/project_clean_state_2026_04_16/docs/FB_INVENTORY_AUDIT_BATCH_02.md
snapshots/project_clean_state_2026_04_16/docs/FB_INVENTORY_AUDIT_BATCH_03.md
snapshots/project_clean_state_2026_04_16/docs/FB_INVENTORY_AUDIT_BATCH_04.md
snapshots/project_clean_state_2026_04_16/docs/IMPORT_PIPELINE_RULES.md
snapshots/project_clean_state_2026_04_16/docs/IO_MAPPING_CONCEPT.md
snapshots/project_clean_state_2026_04_16/docs/MASTER_GUIDE.md
snapshots/project_clean_state_2026_04_16/docs/POLICY_LAYER.md
snapshots/project_clean_state_2026_04_16/docs/PROJECT_ROADMAP.md
snapshots/project_clean_state_2026_04_16/docs/PROJECT_STATUS_2026-04-05.md
snapshots/project_clean_state_2026_04_16/docs/PROJECT_STATUS_2026-04-06_FULL.md
snapshots/project_clean_state_2026_04_16/docs/RECOVERY_STRATEGY.md
snapshots/project_clean_state_2026_04_16/docs/REFACTOR_PLAN_ARCH_ALIGNMENT.md
snapshots/project_clean_state_2026_04_16/docs/REPOSITORY_WRITE_RULES.md
snapshots/project_clean_state_2026_04_16/docs/START_NEW_CHAT_TEMPLATE.md
snapshots/project_clean_state_2026_04_16/docs/SYSTEM_PRIORITIES.md
snapshots/project_clean_state_2026_04_16/docs/TEST_COMMIT_PIPELINE.md
snapshots/project_clean_state_2026_04_16/docs/TZ_NEW.txt
snapshots/project_clean_state_2026_04_16/docs/WORKFLOW.md
snapshots/project_clean_state_2026_04_16/docs/WORK_NOTES.md
snapshots/project_clean_state_2026_04_16/docs/architecture
snapshots/project_clean_state_2026_04_16/docs/assistant_bridge
snapshots/project_clean_state_2026_04_16/docs/systems
snapshots/project_clean_state_2026_04_16/docs/tech_debt
snapshots/project_clean_state_2026_04_16/h
snapshots/project_clean_state_2026_04_16/repo_logs
snapshots/project_clean_state_2026_04_16/repo_logs/nvram
snapshots/project_clean_state_2026_04_16/steps
snapshots/project_clean_state_2026_04_16/steps/MASTER_PIPELINE
snapshots/project_clean_state_2026_04_16/workspace
snapshots/project_clean_state_2026_04_16/workspace/WORKFLOW_GITHUB_CODESYS.md
snapshots/project_clean_state_2026_04_16/workspace/compile_green_cleanup_inventory_2026-04-12.md
snapshots/project_clean_state_2026_04_16/workspace/draft_v2_inventory_2026-04-12.md
snapshots/project_clean_state_2026_04_16/workspace/dut_rebuild
snapshots/project_clean_state_2026_04_16/workspace/export_forensics
snapshots/project_clean_state_2026_04_16/workspace/gvl_constants_inventory_2026-04-12.md
snapshots/project_clean_state_2026_04_16/workspace/index
snapshots/project_clean_state_2026_04_16/workspace/logs
snapshots/project_clean_state_2026_04_16/workspace/system_layer_cleanup
snapshots/project_clean_state_2026_04_16/Система умного дома.xml
snapshots/project_clean_state_2026_04_16/диагностика
snapshots/project_clean_state_2026_04_16/диагностика/VISIBLE_TEST.txt
snapshots/project_clean_state_2026_04_16/диагностика/branch_push_probe.log
snapshots/project_clean_state_2026_04_16/диагностика/file_access_audit.log
snapshots/project_clean_state_2026_04_16/диагностика/git_access_check.log
snapshots/project_clean_state_2026_04_16/диагностика/gitignore_before_delete.log
snapshots/project_clean_state_2026_04_16/диагностика/publish_probe.log
snapshots/project_clean_state_2026_04_16/диагностика/repo_rights_final.log
snapshots/project_clean_state_2026_04_16/компилятор
snapshots/project_clean_state_2026_04_16/компилятор/import_codesys_FINAL.py
snapshots/project_clean_state_2026_04_16/компилятор/import_codesys_FINAL.py.bak
snapshots/project_clean_state_2026_04_16/компилятор/import_codesys_FINAL_METHODS_V2.py
snapshots/project_clean_state_2026_04_16/компилятор/import_codesys_FINAL_METHODS_V3.py
snapshots/project_clean_state_2026_04_16/компилятор/logs
snapshots/project_clean_state_2026_04_16/компилятор/method_overlay_clean.py
snapshots/project_clean_state_2026_04_16/компилятор/method_overlay_clean.py.bak
snapshots/project_clean_state_2026_04_16/компилятор/out
snapshots/project_clean_state_2026_04_16/компилятор/run_compile_smoke.sh
snapshots/project_clean_state_2026_04_16/компилятор/Система умного дома.xml
snapshots/project_clean_state_2026_04_16/компилятор/запуск_сборки.md
snapshots/project_clean_state_2026_04_16/компилятор/запуск_сборки.sh
== END ==
