]633;E;echo "=== STEP 234: SEMANTIC AUDIT BATCH 4 ===";5d3a4a2f-9043-4f2a-b7ba-cc078720fce7]633;C=== STEP 234: SEMANTIC AUDIT BATCH 4 ===
timestamp_utc=2026-04-18T17:21:31Z

=== SEMANTIC AUDIT BATCH 4 ===

=== FB_Outdoor_Lighting_Controller.st ===

--- HEADER ---
FUNCTION_BLOCK FB_Outdoor_Lighting_Controller
VAR_INPUT
    VI_Ambient_Lux : REAL;
    VI_Motion      : BOOL;
    VI_Security    : BOOL;
END_VAR
VAR_OUTPUT
    VO_Light_On    : BOOL;
END_VAR

IF VI_Security AND VI_Motion THEN
    VO_Light_On := TRUE; // Тревожное освещение
ELSIF VI_Ambient_Lux < 50.0 THEN
    VO_Light_On := TRUE; // Ночное освещение
ELSE
    VO_Light_On := FALSE;
END_IF;

--- VAR BLOCK (trimmed) ---
VAR_INPUT
    VI_Ambient_Lux : REAL;
    VI_Motion      : BOOL;
    VI_Security    : BOOL;
END_VAR
VAR_OUTPUT
    VO_Light_On    : BOOL;
END_VAR

--- BODY PREVIEW ---
FUNCTION_BLOCK FB_Outdoor_Lighting_Controller
VAR_INPUT
    VI_Ambient_Lux : REAL;
    VI_Motion      : BOOL;
    VI_Security    : BOOL;
END_VAR
VAR_OUTPUT
    VO_Light_On    : BOOL;
END_VAR

IF VI_Security AND VI_Motion THEN
    VO_Light_On := TRUE; // Тревожное освещение
ELSIF VI_Ambient_Lux < 50.0 THEN
    VO_Light_On := TRUE; // Ночное освещение
ELSE
    VO_Light_On := FALSE;
END_IF;



=== FB_Presence_Playback.st ===

--- HEADER ---
FUNCTION_BLOCK FB_Presence_Playback
VAR_INPUT
    VI_Mode_Record : BOOL; // TRUE - записываем, FALSE - воспроизводим
    VI_Time_Index   : UDINT; // Индекс времени в рамках недели (мс)
END_VAR
VAR_IN_OUT
    VI_Light_Inputs : ARRAY[1..32] OF BOOL;
END_VAR
VAR_OUTPUT
    VO_Light_Outputs : ARRAY[1..32] OF BOOL;
END_VAR
VAR
    L_Current_Slot : UDINT;
    L_i : INT;
END_VAR

L_Current_Slot := (VI_Time_Index / (GVL_CONSTANTS.C_MS_IN_MINUTE * 10)) MOD TO_UDINT(GVL_CONSTANTS.C_MAX_PRESENCE_HISTORY); // Слот каждые 10 минут

IF VI_Mode_Record THEN
    // Запись текущего состояния в слот
    GVL_Retain.G_Presence_History[L_Current_Slot] := 0;
    FOR L_i := 1 TO 32 DO
        IF VI_Light_Inputs[L_i] THEN
            GVL_Retain.G_Presence_History[L_Current_Slot] := GVL_Retain.G_Presence_History[L_Current_Slot] OR SHL(WORD#1, L_i-1);
        END_IF;
    END_FOR;
ELSE
    // Воспроизведение из слота
    FOR L_i := 1 TO 32 DO
        VO_Light_Outputs[L_i] := (GVL_Retain.G_Presence_History[L_Current_Slot] AND SHL(WORD#1, L_i-1)) <> 0;
    END_FOR;
END_IF;

--- VAR BLOCK (trimmed) ---
VAR_INPUT
    VI_Mode_Record : BOOL; // TRUE - записываем, FALSE - воспроизводим
    VI_Time_Index   : UDINT; // Индекс времени в рамках недели (мс)
END_VAR
VAR_IN_OUT
    VI_Light_Inputs : ARRAY[1..32] OF BOOL;
END_VAR
VAR_OUTPUT
    VO_Light_Outputs : ARRAY[1..32] OF BOOL;
END_VAR
VAR
    L_Current_Slot : UDINT;
    L_i : INT;
END_VAR

--- BODY PREVIEW ---
FUNCTION_BLOCK FB_Presence_Playback
VAR_INPUT
    VI_Mode_Record : BOOL; // TRUE - записываем, FALSE - воспроизводим
    VI_Time_Index   : UDINT; // Индекс времени в рамках недели (мс)
END_VAR
VAR_IN_OUT
    VI_Light_Inputs : ARRAY[1..32] OF BOOL;
END_VAR
VAR_OUTPUT
    VO_Light_Outputs : ARRAY[1..32] OF BOOL;
END_VAR
VAR
    L_Current_Slot : UDINT;
    L_i : INT;
END_VAR

L_Current_Slot := (VI_Time_Index / (GVL_CONSTANTS.C_MS_IN_MINUTE * 10)) MOD TO_UDINT(GVL_CONSTANTS.C_MAX_PRESENCE_HISTORY); // Слот каждые 10 минут

IF VI_Mode_Record THEN
    // Запись текущего состояния в слот
    GVL_Retain.G_Presence_History[L_Current_Slot] := 0;
    FOR L_i := 1 TO 32 DO
        IF VI_Light_Inputs[L_i] THEN
            GVL_Retain.G_Presence_History[L_Current_Slot] := GVL_Retain.G_Presence_History[L_Current_Slot] OR SHL(WORD#1, L_i-1);
        END_IF;
    END_FOR;
ELSE
    // Воспроизведение из слота
    FOR L_i := 1 TO 32 DO
        VO_Light_Outputs[L_i] := (GVL_Retain.G_Presence_History[L_Current_Slot] AND SHL(WORD#1, L_i-1)) <> 0;
    END_FOR;
END_IF;



=== FB_Presence_Simulator.st ===

--- HEADER ---
FUNCTION_BLOCK FB_Presence_Simulator
VAR_INPUT
    VI_Enabled : BOOL;
    VI_Intensity : REAL; 
    VI_System_Time : UDINT;
    VI_Use_Playback : BOOL; // Новый режим воспроизведения
END_VAR
VAR_OUTPUT
    VO_Light_States : ARRAY[1..32] OF BOOL;
END_VAR
VAR
    fbPlayback : FB_Presence_Playback;
END_VAR

IF VI_Enabled THEN
    IF VI_Use_Playback THEN
        fbPlayback(VI_Mode_Record := FALSE, VI_Time_Index := VI_System_Time MOD 604800000, VO_Light_Outputs => VO_Light_States);
    ELSE
        // Старая логика случайной симуляции
        VO_Light_States[1] := (VI_System_Time MOD 100000 > 50000);
    END_IF;
END_IF;

--- VAR BLOCK (trimmed) ---
VAR_INPUT
    VI_Enabled : BOOL;
    VI_Intensity : REAL; 
    VI_System_Time : UDINT;
    VI_Use_Playback : BOOL; // Новый режим воспроизведения
END_VAR
VAR_OUTPUT
    VO_Light_States : ARRAY[1..32] OF BOOL;
END_VAR
VAR
    fbPlayback : FB_Presence_Playback;
END_VAR

--- BODY PREVIEW ---
FUNCTION_BLOCK FB_Presence_Simulator
VAR_INPUT
    VI_Enabled : BOOL;
    VI_Intensity : REAL; 
    VI_System_Time : UDINT;
    VI_Use_Playback : BOOL; // Новый режим воспроизведения
END_VAR
VAR_OUTPUT
    VO_Light_States : ARRAY[1..32] OF BOOL;
END_VAR
VAR
    fbPlayback : FB_Presence_Playback;
END_VAR

IF VI_Enabled THEN
    IF VI_Use_Playback THEN
        fbPlayback(VI_Mode_Record := FALSE, VI_Time_Index := VI_System_Time MOD 604800000, VO_Light_Outputs => VO_Light_States);
    ELSE
        // Старая логика случайной симуляции
        VO_Light_States[1] := (VI_System_Time MOD 100000 > 50000);
    END_IF;
END_IF;



=== FB_Supply_Ventilation_Controller.st ===

--- HEADER ---
FUNCTION_BLOCK FB_Supply_Ventilation_Controller
VAR_INPUT
    VI_Outdoor_Temp : REAL;
    VI_Supply_Temp  : REAL; // Температура приточного воздуха
    VI_Target_Temp  : REAL;
    VI_Config       : ST_Ventilation_Unit_Config;
END_VAR
VAR_OUTPUT
    VO_Heater_Power : REAL; // 0-100%
    VO_Fan_Speed    : BYTE; // 0-100%
END_VAR
VAR
    L_PID : FB_PID_Controller;
END_VAR

// ПИД-регулятор калорифера
L_PID(
    VI_SetPoint := VI_Target_Temp,
    VI_ProcessValue := VI_Supply_Temp, // Используем датчик притока
    VI_Kp := 5.0, VI_Tn := 60.0, VI_Tv := 0.0,
    VI_Y_Min := 0.0, VI_Y_Max := 100.0, VI_Cycle_Time_S := 1.0,
    VO_Output => VO_Heater_Power
);

VO_Fan_Speed := 50; // Базовая скорость

--- VAR BLOCK (trimmed) ---
VAR_INPUT
    VI_Outdoor_Temp : REAL;
    VI_Supply_Temp  : REAL; // Температура приточного воздуха
    VI_Target_Temp  : REAL;
    VI_Config       : ST_Ventilation_Unit_Config;
END_VAR
VAR_OUTPUT
    VO_Heater_Power : REAL; // 0-100%
    VO_Fan_Speed    : BYTE; // 0-100%
END_VAR
VAR
    L_PID : FB_PID_Controller;
END_VAR

--- BODY PREVIEW ---
FUNCTION_BLOCK FB_Supply_Ventilation_Controller
VAR_INPUT
    VI_Outdoor_Temp : REAL;
    VI_Supply_Temp  : REAL; // Температура приточного воздуха
    VI_Target_Temp  : REAL;
    VI_Config       : ST_Ventilation_Unit_Config;
END_VAR
VAR_OUTPUT
    VO_Heater_Power : REAL; // 0-100%
    VO_Fan_Speed    : BYTE; // 0-100%
END_VAR
VAR
    L_PID : FB_PID_Controller;
END_VAR

// ПИД-регулятор калорифера
L_PID(
    VI_SetPoint := VI_Target_Temp,
    VI_ProcessValue := VI_Supply_Temp, // Используем датчик притока
    VI_Kp := 5.0, VI_Tn := 60.0, VI_Tv := 0.0,
    VI_Y_Min := 0.0, VI_Y_Max := 100.0, VI_Cycle_Time_S := 1.0,
    VO_Output => VO_Heater_Power
);

VO_Fan_Speed := 50; // Базовая скорость



=== FB_Exhaust_Ventilation_Controller.st ===

--- HEADER ---
FUNCTION_BLOCK FB_Exhaust_Ventilation_Controller
VAR_INPUT
    VI_Humidity : REAL;
    VI_CO2      : REAL;
    VI_Config   : ST_Ventilation_Unit_Config;
END_VAR
VAR_OUTPUT
    VO_Fan_Speed : BYTE;
END_VAR

IF VI_Humidity > VI_Config.Threshold_Hum THEN
    VO_Fan_Speed := 100;
ELSIF VI_CO2 > 800.0 THEN
    VO_Fan_Speed := 70;
ELSE
    VO_Fan_Speed := 40;
END_IF;

--- VAR BLOCK (trimmed) ---
VAR_INPUT
    VI_Humidity : REAL;
    VI_CO2      : REAL;
    VI_Config   : ST_Ventilation_Unit_Config;
END_VAR
VAR_OUTPUT
    VO_Fan_Speed : BYTE;
END_VAR

--- BODY PREVIEW ---
FUNCTION_BLOCK FB_Exhaust_Ventilation_Controller
VAR_INPUT
    VI_Humidity : REAL;
    VI_CO2      : REAL;
    VI_Config   : ST_Ventilation_Unit_Config;
END_VAR
VAR_OUTPUT
    VO_Fan_Speed : BYTE;
END_VAR

IF VI_Humidity > VI_Config.Threshold_Hum THEN
    VO_Fan_Speed := 100;
ELSIF VI_CO2 > 800.0 THEN
    VO_Fan_Speed := 70;
ELSE
    VO_Fan_Speed := 40;
END_IF;




=== END STEP 234 ===
