]633;E;echo "=== STEP 17 FIXED: UNIFY SCENARIO EVENT SOURCE ===";7f899988-c0cf-4f7a-9bc0-74bda7869211]633;C=== STEP 17 FIXED: UNIFY SCENARIO EVENT SOURCE ===
timestamp_utc=2026-04-16T17:16:09Z

=== BEFORE ===
811:    L_History_Event.event_code := 1001; // Scenario transition
1011:// === EVENT LOGGING: SCENARIO CHANGE (DETERMINISTIC) ===

=== APPLY ===
OK: unified scenario event source into history branch

=== AFTER ===
811:    L_History_Event.event_code := 1001; // Scenario transition
818:        VI_Event_Type := 1,
923:                VI_Event_Type := 10,

=== CONTEXT HISTORY BLOCK ===
ELSIF fbSystemHealth.VO_First_Fault_Source <> L_Last_First_Fault_Source THEN
    L_History_Write_Event := TRUE;
    L_History_Event.event_code := 1103; // First fault source changed
    L_History_Event.event_value := TO_REAL(fbSystemHealth.VO_First_Fault_Source);
    L_History_Event.unit := 3; // root cause source domain
    L_History_Event.zone_id := TO_BYTE(fbSystemHealth.VO_First_Fault_Source);
    L_History_Event.priority := E_ALERT_PRIORITY.ALERT_PRIORITY_HIGH;
    L_Last_First_Fault_Source := fbSystemHealth.VO_First_Fault_Source;

ELSIF GVL_STATUS.G_Current_Scenario <> GVL_STATUS.G_Previous_Scenario THEN
    L_History_Write_Event := TRUE;
    L_History_Event.event_code := 1001; // Scenario transition
    L_History_Event.event_value := TO_REAL(GVL_STATUS.G_Current_Scenario);
    L_History_Event.unit := 4; // scenario domain
    L_History_Event.zone_id := 0;
    L_History_Event.priority := E_ALERT_PRIORITY.ALERT_PRIORITY_HIGH;

    fbLogEvent(
        VI_Event_Type := 1,
        VI_Timestamp := GVL_STATUS.G_System_Time_MS,
        VI_Param1 := TO_UDINT(L_Scenario_Source),
        VI_Param2 := TO_UDINT(GVL_STATUS.G_Current_Scenario)
    );

    GVL_STATUS.G_Previous_Scenario := GVL_STATUS.G_Current_Scenario;


=== CONTEXT EVENT AREA ===
GVL_PERSISTENT.P_System_Mode := L_Persist_Struct.System_Mode;

GVL_PERSISTENT.P_Safety_Gas_Latched := L_Persist_Struct.Safety_Gas_Latched;
GVL_PERSISTENT.P_Safety_Smoke_Latched := L_Persist_Struct.Safety_Smoke_Latched;
GVL_PERSISTENT.P_Safety_Leak_Latched := L_Persist_Struct.Safety_Leak_Latched;

GVL_PERSISTENT.P_DHW_Heating_Active := L_Persist_Struct.DHW_Heating_Pump;
GVL_PERSISTENT.P_Valid := L_Persist_Struct.Valid;

// >>> BULK_SYNC_ANCHOR: PRG_System <<<

// === EVENT LOGGING: FAULTS ===

// IO
IF fbSystemHealth.VO_IO_Fault AND NOT L_IO_Fault_Prev THEN
    fbLogEvent(
        VI_Event_Type := 2,
        VI_Timestamp := GVL_STATUS.G_System_Time_MS,

=== DIFF ===
diff --git a/PRG_System.st b/PRG_System.st
index 531ce52..d7b409f 100644
--- a/PRG_System.st
+++ b/PRG_System.st
@@ -813,6 +813,14 @@ ELSIF GVL_STATUS.G_Current_Scenario <> GVL_STATUS.G_Previous_Scenario THEN
     L_History_Event.unit := 4; // scenario domain
     L_History_Event.zone_id := 0;
     L_History_Event.priority := E_ALERT_PRIORITY.ALERT_PRIORITY_HIGH;
+
+    fbLogEvent(
+        VI_Event_Type := 1,
+        VI_Timestamp := GVL_STATUS.G_System_Time_MS,
+        VI_Param1 := TO_UDINT(L_Scenario_Source),
+        VI_Param2 := TO_UDINT(GVL_STATUS.G_Current_Scenario)
+    );
+
     GVL_STATUS.G_Previous_Scenario := GVL_STATUS.G_Current_Scenario;
 
 ELSIF GVL_STATUS.G_Diagnostics.Alarm_Event_Pulse THEN
@@ -1008,16 +1016,6 @@ GVL_PERSISTENT.P_Valid := L_Persist_Struct.Valid;
 
 // >>> BULK_SYNC_ANCHOR: PRG_System <<<
 
-// === EVENT LOGGING: SCENARIO CHANGE (DETERMINISTIC) ===
-IF GVL_STATUS.G_Current_Scenario <> GVL_STATUS.G_Previous_Scenario THEN
-    fbLogEvent(
-        VI_Event_Type := 1,
-        VI_Timestamp := GVL_STATUS.G_System_Time_MS,
-        VI_Param1 := TO_UDINT(L_Scenario_Source),
-        VI_Param2 := TO_UDINT(GVL_STATUS.G_Current_Scenario)
-    );
-END_IF;
-
 // === EVENT LOGGING: FAULTS ===
 
 // IO

=== END STEP 17 FIXED ===
