]633;E;echo "=== STEP 51: ENABLE SOFT SCENARIO GUARD ENFORCEMENT ===";f1165683-fe3b-4368-874e-5c1706c7b9d6]633;C=== STEP 51: ENABLE SOFT SCENARIO GUARD ENFORCEMENT ===
timestamp_utc=2026-04-16T18:55:38Z

=== BEFORE ===
fbScenarioGuard(
    VI_Current_Scenario := GVL_STATUS.G_Current_Scenario,
    VI_Target_Scenario := L_Scenario_Intent
);

IF NOT fbScenarioGuard.VO_Transition_Allowed THEN
    GVL_STATUS.G_Diagnostics.HMI_Last_Message := CONCAT('Scenario guard: ', fbScenarioGuard.VO_Reason);
END_IF;

fbScenarioManager(

=== APPLY ===
OK: soft scenario guard enforcement enabled

=== AFTER ===
fbScenarioGuard(
    VI_Current_Scenario := GVL_STATUS.G_Current_Scenario,
    VI_Target_Scenario := L_Scenario_Intent
);

IF NOT fbScenarioGuard.VO_Transition_Allowed THEN
    GVL_STATUS.G_Diagnostics.HMI_Last_Message := CONCAT('Scenario guard: ', fbScenarioGuard.VO_Reason);
    L_Scenario_Intent := GVL_STATUS.G_Current_Scenario;
END_IF;

fbScenarioManager(

=== DIFF ===
diff --git a/PRG_System.st b/PRG_System.st
index a325fcd..25de6fe 100644
--- a/PRG_System.st
+++ b/PRG_System.st
@@ -681,6 +681,7 @@ fbScenarioGuard(
 
 IF NOT fbScenarioGuard.VO_Transition_Allowed THEN
     GVL_STATUS.G_Diagnostics.HMI_Last_Message := CONCAT('Scenario guard: ', fbScenarioGuard.VO_Reason);
+    L_Scenario_Intent := GVL_STATUS.G_Current_Scenario;
 END_IF;
 
 fbScenarioManager(

=== END STEP 51 ===
