]633;E;echo "=== STEP 141/142: REPAIR RESTORE PERSIST AND GATEWAY ENUM ===";a67ec167-68b7-40ed-8e93-4fc0e4472cd8]633;C=== STEP 141/142: REPAIR RESTORE PERSIST AND GATEWAY ENUM ===
timestamp_utc=2026-04-17T16:33:56Z

=== ST_Persist.dut ===
TYPE ST_Persist :
STRUCT
    // --- Core system ---
    System_Mode : E_System_Operating_Mode;

    // --- Safety latches ---
    Safety_Gas_Latched : BOOL;
    Safety_Smoke_Latched : BOOL;
    Safety_Leak_Latched : BOOL;

    // --- DHW runtime state mirrored to persistence ---
    DHW_Heating_Pump : BOOL;

    // --- Validity / versioning ---
    Valid : BOOL;
    Version : UINT := 1;
END_STRUCT
END_TYPE

=== E_Gateway_Command_Type.dut ===
TYPE E_Gateway_Command_Type :
(
    CMD_NONE := 0,
    CMD_SET_SCENARIO := 1,
    CMD_SET_LIGHT := 2,
    CMD_SET_SOCKET := 3,
    CMD_SET_SECURITY := 4,
    CMD_SET_TEMP := 5,
    CMD_SET_VENT := 6,
    CMD_SET_BLINDS := 7,
    CMD_TELEGRAM_MSG := 8,
    CMD_SYNC_TIME := 9,
    CMD_RESET_ERRORS := 10,
    CMD_SET_CONFIG := 11
) USINT;
END_TYPE

=== PRG_System references ===
48:    L_Last_System_Mode : E_System_Operating_Mode;
83:    L_Persist_Struct : ST_Persist;
115:    IF GVL_PERSISTENT.P_Valid THEN
116:        GVL_STATE.G_Safety_Gas_Latched := GVL_PERSISTENT.P_Safety_Gas_Latched;
117:        GVL_STATE.G_Safety_Smoke_Latched := GVL_PERSISTENT.P_Safety_Smoke_Latched;
118:        GVL_STATE.G_Safety_Leak_Latched := GVL_PERSISTENT.P_Safety_Leak_Latched;
119:        GVL_STATE.G_System_Mode := GVL_PERSISTENT.P_System_Mode;
187:    VO_Gas_Latched => GVL_STATE.G_Safety_Gas_Latched,
188:    VO_Leak_Latched => GVL_STATE.G_Safety_Leak_Latched,
189:    VO_Smoke_Latched => GVL_STATE.G_Safety_Smoke_Latched,
203:    VI_Smoke_Detected := GVL_HEALTH_BRIDGE.G_Smoke_Detected OR GVL_STATE.G_Safety_Smoke_Latched,
204:    VI_Gas_Detected := GVL_HEALTH_BRIDGE.G_Gas_Detected OR GVL_STATE.G_Safety_Gas_Latched,
207:    VI_Leak_Detected := GVL_HEALTH_BRIDGE.G_Leak_Detected OR GVL_STATE.G_Safety_Leak_Latched,
235:GVL_STATUS.G_System_Mode_Msg := fbStateManager.VO_Status_Msg;
259:GVL_STATE.G_System_Mode := fbStateManager.VO_System_Mode;
261:CASE GVL_STATE.G_System_Mode OF
263:        GVL_STATE.G_System_Mode_Text := 'SAFE_STOP';
266:        GVL_STATE.G_System_Mode_Text := 'FREEZE_PROTECTION';
269:        GVL_STATE.G_System_Mode_Text := 'DEGRADED';
272:        GVL_STATE.G_System_Mode_Text := 'NORMAL';
277:        GVL_STATUS.G_System_Mode_Cause := 'Пожар/дым';
279:        GVL_STATUS.G_System_Mode_Cause := 'Утечка газа';
281:        GVL_STATUS.G_System_Mode_Cause := 'Критический CO';
283:        GVL_STATUS.G_System_Mode_Cause := 'Повышенный CO';
285:        GVL_STATUS.G_System_Mode_Cause := 'Протечка воды';
287:        GVL_STATUS.G_System_Mode_Cause := 'Ошибка watchdog';
289:        GVL_STATUS.G_System_Mode_Cause := 'Недоступен модуль IO';
291:        GVL_STATUS.G_System_Mode_Cause := 'Ошибка связи';
293:        GVL_STATUS.G_System_Mode_Cause := 'Ошибка датчика';
295:        GVL_STATUS.G_System_Mode_Cause := 'Ошибка подсистемы';
297:        GVL_STATUS.G_System_Mode_Cause := 'Аварийные режимы отсутствуют';
301:GVL_STATUS.G_System_Mode_Msg := fbStateManager.VO_Status_Msg;
337:IF GVL_STATE.G_System_Mode = E_System_Operating_Mode.MODE_SAFE_STOP AND GVL_STATE.G_Safety_Smoke_Latched THEN
355:IF GVL_STATE.G_System_Mode = E_System_Operating_Mode.MODE_NORMAL THEN
380:    VI_IsActivePLC := GVL_STATUS.G_Is_Active_PLC AND (GVL_STATE.G_System_Mode = E_System_Operating_Mode.MODE_NORMAL),
499:   ((GVL_STATE.G_System_Mode = E_System_Operating_Mode.MODE_NORMAL) OR
500:    (GVL_STATE.G_System_Mode = E_System_Operating_Mode.MODE_DEGRADED)) THEN
506:   (GVL_STATE.G_System_Mode = E_System_Operating_Mode.MODE_NORMAL) THEN
512:   (GVL_STATE.G_System_Mode = E_System_Operating_Mode.MODE_NORMAL) THEN
518:   (GVL_STATE.G_System_Mode = E_System_Operating_Mode.MODE_NORMAL) THEN
524:   (GVL_STATE.G_System_Mode = E_System_Operating_Mode.MODE_NORMAL) THEN
544:IF GVL_STATE.G_System_Mode = E_System_Operating_Mode.MODE_SAFE_STOP THEN
565:IF GVL_STATE.G_System_Mode = E_System_Operating_Mode.MODE_SAFE_STOP THEN
585:CASE GVL_STATE.G_System_Mode OF
607:IF GVL_STATE.G_System_Mode = E_System_Operating_Mode.MODE_NORMAL THEN
635:IF GVL_STATE.G_System_Mode = E_System_Operating_Mode.MODE_DEGRADED THEN
691:    VI_System_Mode := GVL_STATE.G_System_Mode,
699:L_Persist_Buffer[0] := TO_BYTE(TO_INT(L_Persist_Struct.System_Mode));
700:IF L_Persist_Struct.Safety_Gas_Latched THEN
705:IF L_Persist_Struct.Safety_Smoke_Latched THEN
710:IF L_Persist_Struct.Safety_Leak_Latched THEN
715:IF L_Persist_Struct.DHW_Heating_Pump THEN
777:L_BB_Record.System_Mode := TO_BYTE(TO_INT(GVL_STATE.G_System_Mode));
803:IF GVL_STATE.G_System_Mode <> L_Last_System_Mode THEN
806:    L_History_Event.event_value := TO_REAL(TO_INT(GVL_STATE.G_System_Mode));
809:    IF GVL_STATE.G_System_Mode = E_System_Operating_Mode.MODE_NORMAL THEN
814:    L_Last_System_Mode := GVL_STATE.G_System_Mode;
936:   ((GVL_STATE.G_System_Mode = E_System_Operating_Mode.MODE_NORMAL) OR
937:    (GVL_STATE.G_System_Mode = E_System_Operating_Mode.MODE_DEGRADED)) THEN
941:    GVL_CONFIG.G_DHW_Heating_Pump_In_Service := GVL_COMMAND.CMD_Set_DHW_Heating_Pump_In_Service;
982:    IF NOT GVL_CONFIG.G_DHW_Heating_Pump_In_Service THEN
983:        GVL_CONFIG.G_DHW_Heating_Pump_In_Service := TRUE;
996:IF GVL_CONFIG.G_DHW_Heating_Pump_In_Service <> L_Last_DHW_Heating_In_Service THEN
997:    IF GVL_CONFIG.G_DHW_Heating_Pump_In_Service THEN
1011:L_Last_DHW_Heating_In_Service := GVL_CONFIG.G_DHW_Heating_Pump_In_Service;
1046:L_Persist_Struct.System_Mode := GVL_STATE.G_System_Mode;
1048:L_Persist_Struct.Safety_Gas_Latched := GVL_STATE.G_Safety_Gas_Latched;
1049:L_Persist_Struct.Safety_Smoke_Latched := GVL_STATE.G_Safety_Smoke_Latched;
1050:L_Persist_Struct.Safety_Leak_Latched := GVL_STATE.G_Safety_Leak_Latched;
1052:L_Persist_Struct.DHW_Heating_Pump := GVL_STATE.G_DHW_Heating_Pump;
1053:L_Persist_Struct.Valid := TRUE;
1056:GVL_PERSISTENT.P_System_Mode := L_Persist_Struct.System_Mode;
1058:GVL_PERSISTENT.P_Safety_Gas_Latched := L_Persist_Struct.Safety_Gas_Latched;
1059:GVL_PERSISTENT.P_Safety_Smoke_Latched := L_Persist_Struct.Safety_Smoke_Latched;
1060:GVL_PERSISTENT.P_Safety_Leak_Latched := L_Persist_Struct.Safety_Leak_Latched;
1062:GVL_PERSISTENT.P_DHW_Heating_Active := L_Persist_Struct.DHW_Heating_Pump;
1063:GVL_PERSISTENT.P_Valid := L_Persist_Struct.Valid;
1112:IF GVL_STATE.G_System_Mode <> L_Mode_Prev THEN
1117:        VI_Param2 := TO_UDINT(GVL_STATE.G_System_Mode)
1121:L_Mode_Prev := GVL_STATE.G_System_Mode;

=== FB_Gateway_Interface references ===
307:        E_Gateway_Command_Type.CMD_TELEGRAM_MSG: // Отправка сообщения в Telegram
312:        E_Gateway_Command_Type.CMD_SYNC_TIME: // Синхронизация времени
317:        E_Gateway_Command_Type.CMD_RESET_ERRORS: // Квитирование / сброс ошибок
321:        E_Gateway_Command_Type.CMD_SET_CONFIG: // Применение конфигурации

=== END STEP 141/142 ===
