]633;E;echo "=== STEP 218: SHADOW POLICY STATS SUMMARY ===";5d3a4a2f-9043-4f2a-b7ba-cc078720fce7]633;C=== STEP 218: SHADOW POLICY STATS SUMMARY ===
timestamp_utc=2026-04-18T15:26:00Z

=== APPLY ===
OK: added shadow policy stats summary

=== VERIFY DUT ===
134:    Sensor_Shadow_CO_Healthy : BOOL;
135:    Sensor_Shadow_Methane_Healthy : BOOL;
136:    Sensor_Shadow_Smoke_Healthy : BOOL;
137:    Sensor_Shadow_Dominant_Channel : STRING(32);
138:    Sensor_Shadow_Policy_Summary_Text : STRING(160);

=== VERIFY PRG_SYSTEM ===
1536:// === SHADOW POLICY STATS SUMMARY ===
1537:GVL_STATUS.G_Diagnostics.Sensor_Shadow_CO_Healthy :=
1541:GVL_STATUS.G_Diagnostics.Sensor_Shadow_Methane_Healthy :=
1545:GVL_STATUS.G_Diagnostics.Sensor_Shadow_Smoke_Healthy :=
1550:GVL_STATUS.G_Diagnostics.Sensor_Shadow_Dominant_Channel := 'CO';
1554:    GVL_STATUS.G_Diagnostics.Sensor_Shadow_Dominant_Channel := 'Methane';
1561:    GVL_STATUS.G_Diagnostics.Sensor_Shadow_Dominant_Channel := 'Smoke';
1565:    GVL_STATUS.G_Diagnostics.Sensor_Shadow_Policy_Summary_Text := 'No shadow fallback events';
1568:    GVL_STATUS.G_Diagnostics.Sensor_Shadow_Policy_Summary_Text := 'Shadow policy balanced';
1571:    GVL_STATUS.G_Diagnostics.Sensor_Shadow_Policy_Summary_Text := 'Fallbacks exceed recoveries';
1573:    GVL_STATUS.G_Diagnostics.Sensor_Shadow_Policy_Summary_Text := 'Recoveries exceed fallbacks';

=== END STEP 218 ===
