]633;E;echo "=== STEP 31: SYSTEM HEALTH & WATCHDOG AUDIT ===";efb6d0e6-aaa4-469c-84e4-0cc7d1f7ffb4]633;C=== STEP 31: SYSTEM HEALTH & WATCHDOG AUDIT ===
timestamp_utc=2026-04-16T18:08:00Z

=== SYSTEM HEALTH SIGNALS ===
11:    fbSystemHealth : FB_System_Health;
25:    fbWatchdog : FB_Watchdog;
162:GVL_IO.DO_Heartbeat_Pulse := fbRedundancy.VO_Local_Pulse;
194:// 3.6. Health manager: новая интеграция safety + diagnostics + watchdog
195:fbWatchdog(
199:fbSystemHealth(
208:    VI_Watchdog_Fault := fbWatchdog.VO_Watchdog_Fault,
214:    VI_System_Severity := fbSystemHealth.VO_System_Severity,
215:    VI_Root_Cause := fbSystemHealth.VO_Root_Cause,
220:    VI_Severity := fbSystemHealth.VO_System_Severity,
221:    VI_RootCause := fbSystemHealth.VO_Root_Cause,
226:    VI_Severity := fbSystemHealth.VO_System_Severity,
227:    VI_RootCause := fbSystemHealth.VO_Root_Cause,
272:CASE fbSystemHealth.VO_Root_Cause OF
422:    VI_First_Fault_Active := fbSystemHealth.VO_First_Fault_Active,
423:    VI_First_Fault_Type := fbSystemHealth.VO_First_Fault_Type,
424:    VI_First_Fault_Source := fbSystemHealth.VO_First_Fault_Source,
765:L_BB_Record.First_Fault_Type := TO_BYTE(TO_INT(fbSystemHealth.VO_First_Fault_Type));
766:L_BB_Record.First_Fault_Source := TO_BYTE(TO_INT(fbSystemHealth.VO_First_Fault_Source));
767:L_BB_Record.First_Fault_Active := fbSystemHealth.VO_First_Fault_Active;
768:L_BB_Record.System_Severity := TO_BYTE(TO_INT(fbSystemHealth.VO_System_Severity));
769:L_BB_Record.Root_Cause := TO_BYTE(TO_INT(fbSystemHealth.VO_Root_Cause));
770:L_BB_Record.Watchdog_Fault := fbWatchdog.VO_Watchdog_Fault;
773:L_BB_Freeze := GVL_ALARM.G_Gas_Alarm_Active OR GVL_ALARM.G_Fire_Alarm_Active OR GVL_ALARM.G_Flood_Alarm_Active OR fbSystemHealth.VO_First_Fault_Active;
803:ELSIF fbSystemHealth.VO_Root_Cause <> L_Last_Root_Cause THEN
806:    L_History_Event.event_value := TO_REAL(TO_INT(fbSystemHealth.VO_Root_Cause));
808:    L_History_Event.zone_id := TO_BYTE(fbSystemHealth.VO_First_Fault_Source);
810:    L_Last_Root_Cause := fbSystemHealth.VO_Root_Cause;
812:ELSIF fbSystemHealth.VO_First_Fault_Source <> L_Last_First_Fault_Source THEN
815:    L_History_Event.event_value := TO_REAL(fbSystemHealth.VO_First_Fault_Source);
817:    L_History_Event.zone_id := TO_BYTE(fbSystemHealth.VO_First_Fault_Source);
819:    L_Last_First_Fault_Source := fbSystemHealth.VO_First_Fault_Source;
1054:IF fbSystemHealth.VO_IO_Fault AND NOT L_IO_Fault_Prev THEN
1063:IF NOT fbSystemHealth.VO_IO_Fault AND L_IO_Fault_Prev THEN
1072:L_IO_Fault_Prev := fbSystemHealth.VO_IO_Fault;

=== MODE TRANSITIONS ===
116:        GVL_STATE.G_System_Mode := GVL_PERSISTENT.P_System_Mode;
232:GVL_STATUS.G_System_Mode_Msg := fbStateManager.VO_Status_Msg;
256:GVL_STATE.G_System_Mode := fbStateManager.VO_System_Mode;
258:CASE GVL_STATE.G_System_Mode OF
259:    E_System_Operating_Mode.MODE_SAFE_STOP:
260:        GVL_STATE.G_System_Mode_Text := 'SAFE_STOP';
262:    E_System_Operating_Mode.MODE_FREEZE_PROTECTION:
263:        GVL_STATE.G_System_Mode_Text := 'FREEZE_PROTECTION';
265:    E_System_Operating_Mode.MODE_DEGRADED:
266:        GVL_STATE.G_System_Mode_Text := 'DEGRADED';
269:        GVL_STATE.G_System_Mode_Text := 'NORMAL';
274:        GVL_STATUS.G_System_Mode_Cause := 'Пожар/дым';
276:        GVL_STATUS.G_System_Mode_Cause := 'Утечка газа';
278:        GVL_STATUS.G_System_Mode_Cause := 'Критический CO';
280:        GVL_STATUS.G_System_Mode_Cause := 'Повышенный CO';
282:        GVL_STATUS.G_System_Mode_Cause := 'Протечка воды';
284:        GVL_STATUS.G_System_Mode_Cause := 'Ошибка watchdog';
286:        GVL_STATUS.G_System_Mode_Cause := 'Недоступен модуль IO';
288:        GVL_STATUS.G_System_Mode_Cause := 'Ошибка связи';
290:        GVL_STATUS.G_System_Mode_Cause := 'Ошибка датчика';
292:        GVL_STATUS.G_System_Mode_Cause := 'Ошибка подсистемы';
294:        GVL_STATUS.G_System_Mode_Cause := 'Аварийные режимы отсутствуют';
298:GVL_STATUS.G_System_Mode_Msg := fbStateManager.VO_Status_Msg;
334:IF GVL_STATE.G_System_Mode = E_System_Operating_Mode.MODE_SAFE_STOP AND GVL_STATE.G_Safety_Smoke_Latched THEN
352:IF GVL_STATE.G_System_Mode = E_System_Operating_Mode.MODE_NORMAL THEN
377:    VI_IsActivePLC := GVL_STATUS.G_Is_Active_PLC AND (GVL_STATE.G_System_Mode = E_System_Operating_Mode.MODE_NORMAL),
496:   ((GVL_STATE.G_System_Mode = E_System_Operating_Mode.MODE_NORMAL) OR
497:    (GVL_STATE.G_System_Mode = E_System_Operating_Mode.MODE_DEGRADED)) THEN
503:   (GVL_STATE.G_System_Mode = E_System_Operating_Mode.MODE_NORMAL) THEN
509:   (GVL_STATE.G_System_Mode = E_System_Operating_Mode.MODE_NORMAL) THEN
515:   (GVL_STATE.G_System_Mode = E_System_Operating_Mode.MODE_NORMAL) THEN
521:   (GVL_STATE.G_System_Mode = E_System_Operating_Mode.MODE_NORMAL) THEN
541:IF GVL_STATE.G_System_Mode = E_System_Operating_Mode.MODE_SAFE_STOP THEN
562:IF GVL_STATE.G_System_Mode = E_System_Operating_Mode.MODE_SAFE_STOP THEN
582:CASE GVL_STATE.G_System_Mode OF
583:    E_System_Operating_Mode.MODE_SAFE_STOP:
586:    E_System_Operating_Mode.MODE_FREEZE_PROTECTION:
589:    E_System_Operating_Mode.MODE_DEGRADED:
604:IF GVL_STATE.G_System_Mode = E_System_Operating_Mode.MODE_NORMAL THEN
632:IF GVL_STATE.G_System_Mode = E_System_Operating_Mode.MODE_DEGRADED THEN
678:    VI_System_Mode := GVL_STATE.G_System_Mode,
764:L_BB_Record.System_Mode := TO_BYTE(TO_INT(GVL_STATE.G_System_Mode));
790:IF GVL_STATE.G_System_Mode <> L_Last_System_Mode THEN
793:    L_History_Event.event_value := TO_REAL(TO_INT(GVL_STATE.G_System_Mode));
796:    IF GVL_STATE.G_System_Mode = E_System_Operating_Mode.MODE_NORMAL THEN
801:    L_Last_System_Mode := GVL_STATE.G_System_Mode;
921:   ((GVL_STATE.G_System_Mode = E_System_Operating_Mode.MODE_NORMAL) OR
922:    (GVL_STATE.G_System_Mode = E_System_Operating_Mode.MODE_DEGRADED)) THEN
1030:L_Persist_Struct.System_Mode := GVL_STATE.G_System_Mode;
1075:IF GVL_STATE.G_System_Mode <> L_Mode_Prev THEN
1080:        VI_Param2 := TO_UDINT(GVL_STATE.G_System_Mode)
1084:L_Mode_Prev := GVL_STATE.G_System_Mode;

=== ROOT CAUSE TRACKING ===
49:    L_Last_First_Fault_Source : INT;
50:    L_Last_Root_Cause : E_System_Root_Cause;
803:ELSIF fbSystemHealth.VO_Root_Cause <> L_Last_Root_Cause THEN
810:    L_Last_Root_Cause := fbSystemHealth.VO_Root_Cause;
812:ELSIF fbSystemHealth.VO_First_Fault_Source <> L_Last_First_Fault_Source THEN
819:    L_Last_First_Fault_Source := fbSystemHealth.VO_First_Fault_Source;

=== HEALTH BLOCK CONTEXT ===
    L_NVRAM_Cmd := 1;
    GVL_CONFIG.G_HMI_Apply_Settings := FALSE;

ELSIF L_Persist_Buffer_Changed THEN
    // controlled write: no more often than once per 60 seconds
    IF (L_Last_Persist_Write_MS = 0) OR
       ((GVL_STATUS.G_System_Time_MS - L_Last_Persist_Write_MS) >= 60000) THEN
        L_NVRAM_Cmd := 1;
    END_IF;
END_IF;

fbNVRAMManager(
    VI_Command := L_NVRAM_Cmd,
    VI_Offset := L_NVRAM_Offset,
    VI_DataRef := L_Persist_Buffer[0],
    VI_DataSize := 5,
    VI_System_Time_MS := GVL_STATUS.G_System_Time_MS,
    VI_Operator_ID := 'SYSTEM',
    VI_IsActivePLC := GVL_STATUS.G_Is_Active_PLC,
    VI_TwoPersonConfirmation := FALSE,
    VO_Done => L_NVRAM_Done,
    VO_Error => L_NVRAM_Err,
    VO_ErrorID => L_NVRAM_ErrID
);

IF (L_NVRAM_Cmd = 1) AND L_NVRAM_Done AND NOT L_NVRAM_Err THEN
    L_Last_Written_Persist_Buffer[0] := L_Persist_Buffer[0];
    L_Last_Written_Persist_Buffer[1] := L_Persist_Buffer[1];
    L_Last_Written_Persist_Buffer[2] := L_Persist_Buffer[2];
    L_Last_Written_Persist_Buffer[3] := L_Persist_Buffer[3];
    L_Last_Written_Persist_Buffer[4] := L_Persist_Buffer[4];
    L_Last_Persist_Write_MS := GVL_STATUS.G_System_Time_MS;
END_IF;

// 15. Черный ящик
L_BB_Record.Timestamp := GVL_STATUS.G_System_Time_MS;
L_BB_Record.PLC_Active_ID := GVL_STATUS.G_PLC_ID;
L_BB_Record.Gas_Methane_LEL := GVL_STATE.G_Methane_Sensors[1];
L_BB_Record.Gas_CO_PPM := GVL_STATE.G_CO_Sensors[1];
L_BB_Record.Flood_Active := GVL_ALARM.G_Flood_Alarm_Active;
L_BB_Record.Fire_Active := GVL_ALARM.G_Fire_Alarm_Active;
L_BB_Record.Valve_Gas_Status := SEL(GVL_COMMAND.G_Gas_Valve_Close, BYTE#0, BYTE#1);
L_BB_Record.Valve_Water_Status := SEL((GVL_COMMAND.G_Close_Valve_35 OR GVL_COMMAND.G_Close_Valve_36), BYTE#0, BYTE#1);

L_BB_Record.System_Mode := TO_BYTE(TO_INT(GVL_STATE.G_System_Mode));
L_BB_Record.First_Fault_Type := TO_BYTE(TO_INT(fbSystemHealth.VO_First_Fault_Type));
L_BB_Record.First_Fault_Source := TO_BYTE(TO_INT(fbSystemHealth.VO_First_Fault_Source));
L_BB_Record.First_Fault_Active := fbSystemHealth.VO_First_Fault_Active;
L_BB_Record.System_Severity := TO_BYTE(TO_INT(fbSystemHealth.VO_System_Severity));
L_BB_Record.Root_Cause := TO_BYTE(TO_INT(fbSystemHealth.VO_Root_Cause));
L_BB_Record.Watchdog_Fault := fbWatchdog.VO_Watchdog_Fault;


L_BB_Freeze := GVL_ALARM.G_Gas_Alarm_Active OR GVL_ALARM.G_Fire_Alarm_Active OR GVL_ALARM.G_Flood_Alarm_Active OR fbSystemHealth.VO_First_Fault_Active;

fbBlackBox(
    VI_Current_Data := L_BB_Record,
    VI_Freeze := L_BB_Freeze
);

// 15.1. Менеджер истории / diagnostics bridge
L_History_Write_Event := FALSE;
L_History_Event.timestamp_ms := GVL_STATUS.G_System_Time_MS;
L_History_Event.event_code := 0;
L_History_Event.event_value := 0.0;
L_History_Event.unit := 0;
L_History_Event.zone_id := 0;
L_History_Event.operator_id := 'SYSTEM';
L_History_Event.priority := E_ALERT_PRIORITY.ALERT_PRIORITY_HIGH;

IF GVL_STATE.G_System_Mode <> L_Last_System_Mode THEN
    L_History_Write_Event := TRUE;
    L_History_Event.event_code := 1101; // System mode transition
    L_History_Event.event_value := TO_REAL(TO_INT(GVL_STATE.G_System_Mode));
    L_History_Event.unit := 1; // system mode domain
    L_History_Event.zone_id := 0;
    IF GVL_STATE.G_System_Mode = E_System_Operating_Mode.MODE_NORMAL THEN
        L_History_Event.priority := E_ALERT_PRIORITY.ALERT_PRIORITY_HIGH;
    ELSE
        L_History_Event.priority := E_ALERT_PRIORITY.ALERT_PRIORITY_HIGH;
    END_IF;
    L_Last_System_Mode := GVL_STATE.G_System_Mode;

ELSIF fbSystemHealth.VO_Root_Cause <> L_Last_Root_Cause THEN
    L_History_Write_Event := TRUE;
    L_History_Event.event_code := 1102; // Root cause changed
    L_History_Event.event_value := TO_REAL(TO_INT(fbSystemHealth.VO_Root_Cause));
    L_History_Event.unit := 2; // root cause enum domain
    L_History_Event.zone_id := TO_BYTE(fbSystemHealth.VO_First_Fault_Source);
    L_History_Event.priority := E_ALERT_PRIORITY.ALERT_PRIORITY_HIGH;
    L_Last_Root_Cause := fbSystemHealth.VO_Root_Cause;

ELSIF fbSystemHealth.VO_First_Fault_Source <> L_Last_First_Fault_Source THEN
    L_History_Write_Event := TRUE;
    L_History_Event.event_code := 1103; // First fault source changed
    L_History_Event.event_value := TO_REAL(fbSystemHealth.VO_First_Fault_Source);
    L_History_Event.unit := 3; // root cause source domain
    L_History_Event.zone_id := TO_BYTE(fbSystemHealth.VO_First_Fault_Source);
    L_History_Event.priority := E_ALERT_PRIORITY.ALERT_PRIORITY_HIGH;
    L_Last_First_Fault_Source := fbSystemHealth.VO_First_Fault_Source;


=== FAULT EVENT AREA ===
        GVL_STATUS.G_Diagnostics.Operator_Journal_1 := GVL_STATUS.G_Diagnostics.Maintenance_Last_Action;
    END_IF;
    GVL_STATUS.G_Diagnostics.Operator_Journal_Last_Seq := GVL_STATUS.G_Diagnostics.Operator_Journal_Event_Seq;
END_IF;

// ========================================
// CoreKernel live observer (diagnostic only)
// ========================================
// fbCoreKernelObserver disabled temporarily


// === NVRAM SNAPSHOT VIA STRUCT ADAPTER ===
L_Persist_Struct.System_Mode := GVL_STATE.G_System_Mode;

L_Persist_Struct.Safety_Gas_Latched := GVL_STATE.G_Safety_Gas_Latched;
L_Persist_Struct.Safety_Smoke_Latched := GVL_STATE.G_Safety_Smoke_Latched;
L_Persist_Struct.Safety_Leak_Latched := GVL_STATE.G_Safety_Leak_Latched;

L_Persist_Struct.DHW_Heating_Pump := GVL_STATE.G_DHW_Heating_Pump;
L_Persist_Struct.Valid := TRUE;

// mirror to legacy persistent variables
GVL_PERSISTENT.P_System_Mode := L_Persist_Struct.System_Mode;

GVL_PERSISTENT.P_Safety_Gas_Latched := L_Persist_Struct.Safety_Gas_Latched;
GVL_PERSISTENT.P_Safety_Smoke_Latched := L_Persist_Struct.Safety_Smoke_Latched;
GVL_PERSISTENT.P_Safety_Leak_Latched := L_Persist_Struct.Safety_Leak_Latched;

GVL_PERSISTENT.P_DHW_Heating_Active := L_Persist_Struct.DHW_Heating_Pump;
GVL_PERSISTENT.P_Valid := L_Persist_Struct.Valid;

// >>> BULK_SYNC_ANCHOR: PRG_System <<<

// === EVENT LOGGING: FAULTS ===

// IO
IF fbSystemHealth.VO_IO_Fault AND NOT L_IO_Fault_Prev THEN
    fbLogEvent(
        VI_Event_Type := 2,
        VI_Timestamp := GVL_STATUS.G_System_Time_MS,
        VI_Param1 := 1,
        VI_Param2 := 1
    );
END_IF;

IF NOT fbSystemHealth.VO_IO_Fault AND L_IO_Fault_Prev THEN
    fbLogEvent(
        VI_Event_Type := 3,

=== END STEP 31 ===
