]633;E;echo "=== STEP 191: ADD BASIC LIFETIME THRESHOLDS ===";cb07821a-d34c-4035-be1a-7133cf9aa4fd]633;C=== STEP 191: ADD BASIC LIFETIME THRESHOLDS ===
timestamp_utc=2026-04-18T10:35:33Z

=== PATCH GVL_LIFETIME ===
OK: added lifetime nominal hours and threshold to GVL_Lifetime

=== PATCH FB_LIFETIME_MANAGER ===
OK: patched FB_Lifetime_Manager with basic lifetime estimation

=== PATCH PRG_SYSTEM ===
OK: patched PRG_System lifetime calls with nominal hours

=== VERIFY GVL ===
14:    G_Pump_Nominal_Hours : REAL := 10000.0;
15:    G_Fan_Nominal_Hours  : REAL := 15000.0;
18:    G_Maintenance_Threshold_Percent : REAL := 20.0;

=== VERIFY FB ===
6:    VI_Nominal_Hours : REAL;
42:IF VI_Nominal_Hours > 0.0 THEN
43:    IF VIO_Status.runtime_hours >= VI_Nominal_Hours THEN
44:        VIO_Status.remaining_hours := 0.0;
45:        VIO_Status.remaining_percent := 0.0;
47:        VIO_Status.remaining_hours := VI_Nominal_Hours - VIO_Status.runtime_hours;
48:        VIO_Status.remaining_percent := (VIO_Status.remaining_hours / VI_Nominal_Hours) * 100.0;
51:    VIO_Status.remaining_hours := 0.0;
52:    VIO_Status.remaining_percent := 0.0;
55:VIO_Status.maintenance_required := VIO_Status.remaining_percent <= 20.0;

=== VERIFY PRG ===
5:fbLifetimePump : FB_Lifetime_Manager;
6:fbLifetimeFan  : FB_Lifetime_Manager;
1206:fbLifetimePump(
1210:    VI_Nominal_Hours  := GVL_Lifetime.G_Pump_Nominal_Hours,
1215:fbLifetimeFan(
1222:    VI_Nominal_Hours  := GVL_Lifetime.G_Fan_Nominal_Hours,

=== END STEP 191 ===
