]633;E;echo "=== STEP 192: LIFETIME TYPE STABILIZATION + HMI EXPOSE ===";cb07821a-d34c-4035-be1a-7133cf9aa4fd]633;C=== STEP 192: LIFETIME TYPE STABILIZATION + HMI EXPOSE ===
timestamp_utc=2026-04-18T10:54:19Z

=== PATCH GVL_LIFETIME ===
OK: stabilized GVL_Lifetime scalar types and added HMI active-view fields

=== PATCH FB_LIFETIME_MANAGER ===
OK: switched FB_Lifetime_Manager nominal-hours input to UDINT

=== PATCH PRG_SYSTEM ===
OK: added lifetime HMI active-view logic to PRG_System

=== VERIFY GVL_LIFETIME ===
14:    G_Pump_Nominal_Hours : UDINT := 10000;
15:    G_Fan_Nominal_Hours  : UDINT := 15000;
18:    G_Maintenance_Threshold_Percent : BYTE := 20;
22:    G_Active_Device_Index : INT := 1;
23:    G_Active_Runtime_Hours : UDINT;
24:    G_Active_Remaining_Hours : UDINT;
25:    G_Active_Remaining_Percent : BYTE;
26:    G_Active_Maintenance_Required : BOOL;
29:    G_Device1_Label : STRING(32) := 'Pump';
30:    G_Device2_Label : STRING(32) := 'Vent Fan';
31:    G_Active_Label : STRING(32);

=== VERIFY FB_LIFETIME_MANAGER ===
6:    VI_Nominal_Hours : UDINT;
18:    L_Remaining_Percent_UDINT : UDINT;
49:IF VI_Nominal_Hours > 0 THEN
50:    IF VIO_Status.runtime_hours >= VI_Nominal_Hours THEN
52:        VIO_Status.remaining_percent := 0;
54:        VIO_Status.remaining_hours := VI_Nominal_Hours - VIO_Status.runtime_hours;
55:        L_Remaining_Percent_UDINT := (VIO_Status.remaining_hours * 100) / VI_Nominal_Hours;
57:        IF L_Remaining_Percent_UDINT > 100 THEN
58:            L_Remaining_Percent_UDINT := 100;
61:        VIO_Status.remaining_percent := UDINT_TO_BYTE(L_Remaining_Percent_UDINT);
65:    VIO_Status.remaining_percent := 0;
68:VIO_Status.maintenance_required := VIO_Status.remaining_percent <= GVL_Lifetime.G_Maintenance_Threshold_Percent;

=== VERIFY PRG_SYSTEM ===
1227:// === LIFETIME HMI ACTIVE VIEW ===
1229:    GVL_Lifetime.G_Active_Runtime_Hours := GVL_Lifetime.G_Status[2].runtime_hours;
1230:    GVL_Lifetime.G_Active_Remaining_Hours := GVL_Lifetime.G_Status[2].remaining_hours;
1231:    GVL_Lifetime.G_Active_Remaining_Percent := GVL_Lifetime.G_Status[2].remaining_percent;
1232:    GVL_Lifetime.G_Active_Maintenance_Required := GVL_Lifetime.G_Status[2].maintenance_required;
1233:    GVL_Lifetime.G_Active_Label := GVL_Lifetime.G_Device2_Label;
1235:    GVL_Lifetime.G_Active_Runtime_Hours := GVL_Lifetime.G_Status[1].runtime_hours;
1236:    GVL_Lifetime.G_Active_Remaining_Hours := GVL_Lifetime.G_Status[1].remaining_hours;
1237:    GVL_Lifetime.G_Active_Remaining_Percent := GVL_Lifetime.G_Status[1].remaining_percent;
1238:    GVL_Lifetime.G_Active_Maintenance_Required := GVL_Lifetime.G_Status[1].maintenance_required;
1239:    GVL_Lifetime.G_Active_Label := GVL_Lifetime.G_Device1_Label;

=== END STEP 192 ===
