]633;E;echo "=== STEP 07: CLEANUP WORKTREE AFTER COMPILE SMOKE ===";f7c3dcda-a7ef-439c-9074-36a937f4d9ed]633;C=== STEP 07: CLEANUP WORKTREE AFTER COMPILE SMOKE ===
timestamp_utc=2026-04-16T15:30:21Z

=== CURRENT BRANCH ===
main

=== HEAD COMMIT BEFORE CLEANUP ===
1b32cd60be25827c42439be9319f9f0da2376e5c

=== GIT STATUS BEFORE ===
?? repo_logs/assistant_bridge/2026_04_16/step_07_cleanup_worktree_after_compile_smoke/

=== GIT STATUS -SB BEFORE ===
## main...origin/main
?? repo_logs/assistant_bridge/2026_04_16/step_07_cleanup_worktree_after_compile_smoke/

=== GIT DIFF --STAT BEFORE ===

=== GIT DIFF NAME-ONLY BEFORE ===

=== GIT DIFF CACHED --STAT BEFORE ===

=== ADD ALL REMAINING CHANGES ===

=== GIT STATUS AFTER ADD ===
AM repo_logs/assistant_bridge/2026_04_16/step_07_cleanup_worktree_after_compile_smoke/cleanup_worktree_after_compile_smoke.log

=== COMMIT CLEANUP SNAPSHOT ===
[main 6b25caa] chore: clean worktree after compile smoke
 1 file changed, 23 insertions(+)
 create mode 100644 repo_logs/assistant_bridge/2026_04_16/step_07_cleanup_worktree_after_compile_smoke/cleanup_worktree_after_compile_smoke.log

=== HEAD COMMIT AFTER CLEANUP COMMIT ===
6b25caa755e275216afcd40a7c19df0cca4e970b
6b25caa chore: clean worktree after compile smoke
1b32cd6 fix: remove legacy startup raw nvram read
a220f7e test: compile smoke after migration
cf50112 diag: reconcile persistent recovery and raw nvram read paths
9b2a1e0 fix: implement real dirty detection in nvram manager

