]633;E;echo "=== STEP 04: FIX NVRAM REAL DIRTY DETECTION ===";f7c3dcda-a7ef-439c-9074-36a937f4d9ed]633;C=== STEP 04: FIX NVRAM REAL DIRTY DETECTION ===
timestamp_utc=2026-04-16T15:20:27Z

=== BEFORE APPLY: TARGET SEARCH ===
81:                // Проверка на изменение данных перед записью
83:                IF TRUE THEN

=== APPLY STEP SCRIPT ===
OK: real dirty detection installed in FB_NVRAM_Manager.st

=== AFTER APPLY: TARGET SEARCH ===
81:                // Проверка на изменение данных перед записью
84:                    IF GVL_Retain.G_NVRAM_Data[VI_Offset + L_i] <> L_pData[L_i] THEN

=== CONTEXT AFTER APPLY ===
        IF NOT VI_IsActivePLC THEN
            VO_Error := TRUE;
            VO_ErrorID := 16#1509;
            VO_HMI_Status_Message := 'NVRAM: Запись запрещена (STANDBY)';
        ELSE
            // Ограничение частоты записи (не чаще 1 раза в 60 секунд)
            IF (VI_System_Time_MS - L_Last_Write_Time_MS) < 60000 AND L_Last_Write_Time_MS <> 0 THEN
                VO_Error := TRUE;
                VO_ErrorID := 16#150C;
                VO_HMI_Status_Message := 'NVRAM: Превышена частота записи (лимит 1 раз в 60с)';
            ELSE
                // Проверка на изменение данных перед записью
                L_Data_Changed := FALSE;
                FOR L_i := 0 TO VI_DataSize - 1 DO
                    IF GVL_Retain.G_NVRAM_Data[VI_Offset + L_i] <> L_pData[L_i] THEN
                        L_Data_Changed := TRUE;
                        EXIT;
                    END_IF;
                END_FOR;
                
                IF L_Data_Changed THEN
                    // Безопасное копирование (WRITE)
                    FOR L_i := 0 TO VI_DataSize - 1 DO
                        GVL_Retain.G_NVRAM_Data[VI_Offset + L_i] := L_pData[L_i];
                    END_FOR;
                    L_Last_Write_Time_MS := VI_System_Time_MS;
                    VO_HMI_Status_Message := 'NVRAM: Данные успешно сохранены в RETAIN';
                ELSE
                    VO_HMI_Status_Message := 'NVRAM: Данные не изменились, запись пропущена';
                END_IF;
            END_IF;
        END_IF;
        VO_Done := TRUE;
        
    ELSIF VI_Command = 2 THEN // ЧТЕНИЕ (READ)
        // Безопасное копирование (READ)
        FOR L_i := 0 TO VI_DataSize - 1 DO
            L_pData[L_i] := GVL_Retain.G_NVRAM_Data[VI_Offset + L_i];
        END_FOR;
        VO_HMI_Status_Message := 'NVRAM: Данные успешно прочитаны из RETAIN';
        VO_Done := TRUE;
    END_IF;
END_IF;

IF VI_Command = 0 THEN
    VO_Done := FALSE;

=== GIT DIFF (FOCUSED) ===
diff --git a/FB_NVRAM_Manager.st b/FB_NVRAM_Manager.st
index 4ea70bf..d8e1102 100644
--- a/FB_NVRAM_Manager.st
+++ b/FB_NVRAM_Manager.st
@@ -80,9 +80,12 @@ IF L_cmd_rising THEN
             ELSE
                 // Проверка на изменение данных перед записью
                 L_Data_Changed := FALSE;
-                IF TRUE THEN
-                    L_Data_Changed := TRUE;
-                END_IF;
+                FOR L_i := 0 TO VI_DataSize - 1 DO
+                    IF GVL_Retain.G_NVRAM_Data[VI_Offset + L_i] <> L_pData[L_i] THEN
+                        L_Data_Changed := TRUE;
+                        EXIT;
+                    END_IF;
+                END_FOR;
                 
                 IF L_Data_Changed THEN
                     // Безопасное копирование (WRITE)

=== COMPILE SMOKE ===
