]633;E;echo "=== STEP 194: LIFETIME INTEGRATION CLOSURE ===";cb07821a-d34c-4035-be1a-7133cf9aa4fd]633;C=== STEP 194: LIFETIME INTEGRATION CLOSURE ===
timestamp_utc=2026-04-18T11:06:44Z

=== STATUS ===
compile=OK
errors=0

=== ARCHITECTURE SUMMARY ===
lifetime_manager=FB_Lifetime_Manager
orchestration=PRG_System
storage=GVL_Lifetime

=== FEATURES IMPLEMENTED ===
runtime_tracking=ENABLED
start_count_tracking=ENABLED
remaining_hours=ENABLED
remaining_percent=ENABLED
maintenance_flag=ENABLED

=== DATA MODEL ===
status_type=ST_Lifetime_Status
device_type_enum=E_Lifetime_Device_Type
storage_array=G_Status[1..4]

=== SIGNAL SOURCES ===
pump=GVL_PERSISTENT.P_DHW_Heating_Active
fan=GVL_STATE.G_Supply_Fans / G_Exhaust_Fans > 0

=== HMI INTERFACE ===
active_view=ENABLED
fields=runtime_hours,remaining_hours,remaining_percent,maintenance_required
labels=ENABLED

=== HEALTH SUMMARY ===
any_maintenance=ENABLED
warning=<=20%
critical=<=5%

=== GUARANTEES ===
integer_math_only=OK
no_float_conversions=OK
no_runtime_side_effects=OK
compile_stable=OK

=== BASELINE LOCK ===
lifetime_wave=STABLE
protected_from_cleanup=YES

=== NEXT EVOLUTION ===
health_integration=OPTIONAL
device_scaling=READY
advanced_models=FUTURE

=== END STEP 194 ===
