=== FULL GLOBALVARS STRUCTURE DUMP ===

TOTAL_GLOBALVARS=7


===== BLOCK 1 START =====

HEADER:
<globalVars name="GVL_BlackBox">

ATTRIBUTES:
<Attributes>
<Attribute Name="qualified_only" Value="" />

SNIPPET:
<globalVars name="GVL_BlackBox">
        <variable name="G_BlackBox_Buffer">
          <type>
            <array>
              <dimension lower="0" upper="99" />
              <baseType>
                <derived name="ST_BlackBox_Record" />
              </baseType>
            </array>
          </type>
          <documentation>
            <xhtml xmlns="http://www.w3.org/1999/xhtml"> Буфер на 100 записей (при опросе 100мс это 10 секунд истории)</xhtml>
          </documentation>
        </variable>
        <variable name="G_BlackBox_Frozen">
          <type>
            <BOOL />
          </type>
        </variable>
        <variable name="G_BlackBox_LastIndex">
          <type>
            <INT />
          </type>
        </variable>
        <addData>
          <data name="http://www.3s-software.com/plcopenxml/attributes" handleUnknown="implementation">
            <Attributes>
              <Attribute Name="qualified_only" Value="" />
            </Attributes>
          </data>
          <data name="http://www.3s-software.com/plcopenxml/objectid" handleUnknown="discard">
            <ObjectId>576a3cd2-531b-462f-a7f4-87e96f876363</ObjectId>
          </data>
        </addData>
      </globalVars>

===== BLOCK END =====


===== BLOCK 2 START =====

HEADER:
<globalVars name="GVL_Constants" constant="true">

ATTRIBUTES:
<Attributes>
<Attribute Name="qualified_only" Value="" />

!!! FOUND WORD CONSTANT !!!
SNIPPET:
<globalVars name="GVL_Constants" constant="true">
        <variable name="C_MS_PER_SEC">
          <type>
            <UDINT />
          </type>
          <initialValue>
            <simpleValue value="1000" />
          </initialValue>
        </variable>
        <variable name="C_SEC_PER_MIN">
          <type>
            <UDINT />
          </type>
          <initialValue>
            <simpleValue value="60" />
          </initialValue>
        </variable>
        <variable name="C_MIN_PER_HOUR">
          <type>
            <UDINT />
          </type>
          <initialValue>
            <simpleValue value="60" />
          </initialValue>
        </variable>
        <variable name="C_MS_PER_MIN">
          <type>
            <UDINT />
          </type>
          <initialValue>
            <simpleValue value="60000" />
          </initialValue>
        </variable>
        <variable name="C_MAX_RULES">
          <type>
            <INT />
          </type>
          <initialValue>
            <simpleValue value="20" />
          </initialValue>
        </variable>
        <variable name="C_ZONE_COUNT">
          <type>
            <BYTE />
          </type>
          <initialValue>
            <simpleValue value="18" />
          </initialValue>
        </variable>
        <addData>
          <data name="http://www.3s-software.com/plcopenxml/attributes" handleUnknown="implementation">
            <Attributes>
              <Attribute Name="qualified_only" Value="" />
            </Attributes>
          </data>
          <data name="http://www.3s-software.com/plcopenxml/objectid" handleUnknown="discard">
            <ObjectId>0f61acce-932b-48fb-ae67-674c363f5710</ObjectId>
          </data>
        </addData>
      </globalVars>

===== BLOCK END =====


===== BLOCK 3 START =====

HEADER:
<globalVars name="GVL_Diagnostics">

ATTRIBUTES:
<Attributes>
<Attribute Name="qualified_only" Value="" />

SNIPPET:
<globalVars name="GVL_Diagnostics">
        <variable name="G_Pump_Health">
          <type>
            <array>
              <dimension lower="1" upper="5" />
              <baseType>
                <derived name="ST_Device_Health" />
              </baseType>
            </array>
          </type>
          <documentation>
            <xhtml xmlns="http://www.w3.org/1999/xhtml"> Для 5 коллекторных насосов</xhtml>
          </documentation>
        </variable>
        <variable name="G_Gas_Valve_Health">
          <type>
            <derived name="ST_Device_Health" />
          </type>
        </variable>
        <variable name="G_System_Health_Summary">
          <type>
            <BYTE />
          </type>
          <initialValue>
            <simpleValue value="100" />
          </initialValue>
        </variable>
        <addData>
          <data name="http://www.3s-software.com/plcopenxml/attributes" handleUnknown="implementation">
            <Attributes>
              <Attribute Name="qualified_only" Value="" />
            </Attributes>
          </data>
          <data name="http://www.3s-software.com/plcopenxml/objectid" handleUnknown="discard">
            <ObjectId>6ac29d52-1f0d-4068-aac3-934d1b6eb056</ObjectId>
          </data>
        </addData>
      </globalVars>

===== BLOCK END =====


===== BLOCK 4 START =====

HEADER:
<globalVars name="GVL_Global_Variables">

ATTRIBUTES:
<Attributes>
<Attribute Name="qualified_only" Value="" />

SNIPPET:
<globalVars name="GVL_Global_Variables">
        <variable name="GVL_System_Time_MS">
          <type>
            <UDINT />
          </type>
        </variable>
        <variable name="GVL_IsActivePLC">
          <type>
            <BOOL />
          </type>
          <initialValue>
            <simpleValue value="TRUE" />
          </initialValue>
        </variable>
        <variable name="GVL_Local_PLC_Role">
          <type>
            <derived name="E_PLC_ROLE" />
          </type>
          <initialValue>
            <simpleValue value="E_PLC_ROLE.ROLE_ACTIVE" />
          </initialValue>
        </variable>
        <variable name="GVL_Floor_Temps">
          <type>
            <array>
              <dimension lower="1" upper="16" />
              <baseType>
                <REAL />
              </baseType>
            </array>
          </type>
          <documentation>
            <xhtml xmlns="http://www.w3.org/1999/xhtml"> Данные датчиков</xhtml>
          </documentation>
        </variable>
        <variable name="GVL_Valve_States">
          <type>
            <array>
              <dimension lower="1" upper="3" />
              <baseType>
                <BYTE />
              </baseType>
            </array>
          </type>
        </variable>
        <addData>
          <data name="http://www.3s-software.com/plcopenxml/attributes" handleUnknown="implementation">
            <Attributes>
              <Attribute Name="qualified_only" Value="" />
            </Attributes>
          </data>
          <data name="http://www.3s-software.com/plcopenxml/objectid" handleUnknown="discard">
            <ObjectId>845a2243-b948-47e1-8c64-3164112118a4</ObjectId>
          </data>
        </addData>
      </globalVars>

===== BLOCK END =====


===== BLOCK 5 START =====

HEADER:
<globalVars name="GVL_HMI_Config">

SNIPPET:
<globalVars name="GVL_HMI_Config">
        <variable name="G_HMI_FloorHeating_Configs">
          <type>
            <array>
              <dimension lower="1" upper="16" />
              <baseType>
                <derived name="ST_FloorHeating_Circuit_Config" />
              </baseType>
            </array>
          </type>
          <documentation>
            <xhtml xmlns="http://www.w3.org/1999/xhtml"> Настройки отопления (16 контуров)</xhtml>
          </documentation>
        </variable>
        <variable name="G_HMI_Tariff_Settings">
          <type>
            <derived name="ST_Tariff_Config" />
          </type>
        </variable>
        <variable name="G_HMI_Vent_Global_Config">
          <type>
            <derived name="ST_Ventilation_Global_Config" />
          </type>
          <documentation>
            <xhtml xmlns="http://www.w3.org/1999/xhtml"> Настройки вентиляции (8 установок)</xhtml>
          </documentation>
        </variable>
        <variable name="G_HMI_Vent_Unit_Configs">
          <type>
            <array>
              <dimension lower="1" upper="8" />
              <baseType>
                <derived name="ST_Ventilation_Unit_Config" />
              </baseType>
            </array>
          </type>
        </variable>
        <variable name="G_HMI_Scenario_Configs">
          <type>
            <array>
              <dimension lower="1" upper="6" />
              <baseType>
                <derived name="ST_Scenario_Config" />
              </baseType>
            </array>
          </type>
          <documentation>
            <xhtml xmlns="http://www.w3.org/1999/xhtml"> Для каждого типа сценария</xhtml>
          </documentation>
        </variable>
        <variable name="G_HMI_Outdoor_Configs">
          <type>
            <array>
              <dimension lower="1" upper="4" />
              <baseType>
                <derived name="ST_Outdoor_Zone_Config" />
              </baseType>
            </array>
          </type

===== BLOCK END =====


===== BLOCK 6 START =====

HEADER:
<globalVars name="GVL_IO">

SNIPPET:
<globalVars name="GVL_IO">
        <variable name="DI_Security_Open">
          <type>
            <array>
              <dimension lower="1" upper="15" />
              <baseType>
                <BOOL />
              </baseType>
            </array>
          </type>
          <documentation>
            <xhtml xmlns="http://www.w3.org/1999/xhtml"> Датчики открытия (15 физических каналов по ТЗ 3.1)</xhtml>
          </documentation>
        </variable>
        <variable name="DI_Security_Glass">
          <type>
            <array>
              <dimension lower="1" upper="15" />
              <baseType>
                <BOOL />
              </baseType>
            </array>
          </type>
          <documentation>
            <xhtml xmlns="http://www.w3.org/1999/xhtml"> Датчики разбития (15 физических каналов по ТЗ 3.2)</xhtml>
          </documentation>
        </variable>
        <variable name="DI_Security_2F_Group">
          <type>
            <BOOL />
          </type>
          <documentation>
            <xhtml xmlns="http://www.w3.org/1999/xhtml"> Групповой канал 2-го этажа</xhtml>
          </documentation>
        </variable>
        <variable name="DI_Flood_Sensors">
          <type>
            <array>
              <dimension lower="1" upper="12" />
              <baseType>
                <BOOL />
              </baseType>
            </array>
          </type>
          <documentation>
            <xhtml xmlns="http://www.w3.org/1999/xhtml"> Датчики протечки (12 штук по ТЗ 4.1)</xhtml>
          </documentation>
        </variable>
        <variable name="AO_Manifold_Valves">
          <type>
            <array>
              <dimension lower="1" upper="5" />
              <baseType>
                <UINT />
              </baseType>
            </array>
          </type>
          <documentation>
            <xhtml xmlns="http://www.w3.org/1999/xhtml"> 0-1000 (Modbus)</xhtml>
          </documentation>
        </variable>
        <variable na

===== BLOCK END =====


===== BLOCK 7 START =====

HEADER:
<globalVars name="GVL_Vars">

SNIPPET:
<globalVars name="GVL_Vars">
        <variable name="G_System_Time_MS">
          <type>
            <UDINT />
          </type>
          <documentation>
            <xhtml xmlns="http://www.w3.org/1999/xhtml"> Системное время (мс)</xhtml>
          </documentation>
        </variable>
        <variable name="G_Current_Scenario">
          <type>
            <derived name="E_SCENARIO_TYPE" />
          </type>
          <initialValue>
            <simpleValue value="E_SCENARIO_TYPE.SCENARIO_NONE" />
          </initialValue>
        </variable>
        <variable name="G_Security_Armed">
          <type>
            <BOOL />
          </type>
          <initialValue>
            <simpleValue value="FALSE" />
          </initialValue>
        </variable>
        <variable name="G_Gas_Alarm_Active">
          <type>
            <BOOL />
          </type>
          <initialValue>
            <simpleValue value="FALSE" />
          </initialValue>
        </variable>
        <variable name="G_Fire_Alarm_Active">
          <type>
            <BOOL />
          </type>
          <initialValue>
            <simpleValue value="FALSE" />
          </initialValue>
        </variable>
        <variable name="G_Flood_Alarm_Active">
          <type>
            <BOOL />
          </type>
          <initialValue>
            <simpleValue value="FALSE" />
          </initialValue>
        </variable>
        <variable name="G_Local_PLC_ID">
          <type>
            <BYTE />
          </type>
          <initialValue>
            <simpleValue value="1" />
          </initialValue>
          <documentation>
            <xhtml xmlns="http://www.w3.org/1999/xhtml"> ID текущего ПЛК (1 для A, 2 для B)</xhtml>
          </documentation>
        </variable>
        <variable name="G_Active_PLC_ID">
          <type>
            <BYTE />
          </type>
          <initialValue>
            <simpleValue value="1" />
          </initialValue>
          <documentation>
            <xhtml 

===== BLOCK END =====
