]633;E;echo "=== STEP 72: INLINE HEATING V2 STAGING INTO MANAGER ===";fd114dcf-b8f0-4fa9-a638-75bd3982af51]633;C=== STEP 72: INLINE HEATING V2 STAGING INTO MANAGER ===
timestamp_utc=2026-04-16T20:18:00Z

=== BEFORE ===
64:    fbHeatingV2Staging : FB_Heating_V2_Staging;
701:fbHeatingV2Staging(

=== APPLY ===
OK: inlined heating V2 staging logic into FB_Heating_System_Manager.st

=== AFTER ===
64:    fbHeatingV2Staging : FB_Heating_V2_Staging;

=== INLINE BLOCK ===
699:// Heating V2 shadow execution (phase2)

=== ROOT REFERENCES ===
./FB_Heating_System_Manager.st:64:    fbHeatingV2Staging : FB_Heating_V2_Staging;
./FB_Heating_System_Manager.st:700:// Inlined from FB_Heating_V2_Staging
./FB_Heating_V2_Staging.st:1:FUNCTION_BLOCK FB_Heating_V2_Staging

=== DIFF ===
diff --git a/FB_Heating_System_Manager.st b/FB_Heating_System_Manager.st
index 5ee0ffd..8d8f6ee 100644
--- a/FB_Heating_System_Manager.st
+++ b/FB_Heating_System_Manager.st
@@ -696,25 +696,12 @@ END_FOR;
 GVL_STATE.G_Heating_Subsystem_Degraded := L_Any_Subsystem_Degraded;
 
 // ========================================
-// Heating V2 staging execution
+// Heating V2 shadow execution (phase2)
+// Inlined from FB_Heating_V2_Staging
 // ========================================
-fbHeatingV2Staging(
-    VI_Zone_ID := 1,
-    VI_Enable := VO_Manifold_Pumps[1],
-    VI_Target_Temp := L_Target_Supply_Temp,
-    VI_Valve_Position_Setpoint := VO_Manifold_Valves[1],
-    VI_Pump_Enable := VO_Manifold_Pumps[1],
-
-    VI_Is_Active := VO_Manifold_Pumps[1],
-    VI_Room_Temp := VI_Room_Temps[1],
-    VI_Supply_Temp := VI_Manifold_Temps_Supply[1],
-    VI_Return_Temp := VI_Manifold_Temps_Return[1],
-    VI_Valve_Position_Actual := VO_Manifold_Valves[1],
-    VI_Alarm_Active := GVL_STATE.G_Heating_IO_Fault OR GVL_STATE.G_Heating_Subsystem_Degraded,
-
-    VO_Command_Shadow => L_Heating_V2_Command_V2,
-    VO_State_Shadow => L_Heating_V2_State_V2
-);
+L_Heating_V2_Command_V2.Valve_Position_Setpoint := VO_Manifold_Valves[1];
+L_Heating_V2_State_V2.Room_Temp := VI_Room_Temps[1];
+L_Heating_V2_State_V2.Supply_Temp := VI_Manifold_Temps_Supply[1];
 
 // Heating V2 staging validation
 IF ABS(VO_Manifold_Valves[1] - L_Heating_V2_Command_V2.Valve_Position_Setpoint) > 0.1 THEN

=== END STEP 72 ===
