]633;E;echo "=== RUN STEP 179 ===";cb07821a-d34c-4035-be1a-7133cf9aa4fd]633;C=== RUN STEP 179 ===
=== STEP 179: POST-TREND REACHABLE / UNREACHABLE AUDIT ===

=== REACHABLE COUNTS ===
DUT_OR_ENUM=51
FUNCTION_BLOCK=52
GLOBAL_VAR_LIST=13
MAIN=1
PROGRAM=9
TOTAL_REACHABLE=126

=== UNREACHABLE COUNTS ===
DUT_OR_ENUM=22
FUNCTION_BLOCK=26
OTHER=1
PROGRAM=2
TOTAL_UNREACHABLE=51

=== TREND CLUSTER STATUS ===
trend_reachable_count=7
  REACHABLE: E_Trend_Parameter_Type.dut
  REACHABLE: FB_Trend_Adapter.st
  REACHABLE: FB_Trend_Analyzer.st
  REACHABLE: FB_Trend_Logger.st
  REACHABLE: GVL_Trend.gvl
  REACHABLE: ST_Trend_Config.dut
  REACHABLE: ST_Trend_Data.dut
trend_unreachable_count=2
  UNREACHABLE: ST_Trend_Header.dut
  UNREACHABLE: ST_Trend_History_Record.dut

=== HIGH-SUSPICION UNREACHABLE (EXCLUDING PROTECTED) ===
E_Lifetime_Device_Type.dut | class=DUT_OR_ENUM
E_Outdoor_Mode.dut | class=DUT_OR_ENUM
E_Valve_Test_Result.dut | class=DUT_OR_ENUM
E_WEATHER_COMPENSATION_METHOD.dut | class=DUT_OR_ENUM
E_Zone_Access_Level.dut | class=DUT_OR_ENUM
FB_CO_Detector.st | class=FUNCTION_BLOCK
FB_Calibration_Manager.st | class=FUNCTION_BLOCK
FB_Emergency_Valve_Open.st | class=FUNCTION_BLOCK
FB_Exhaust_Ventilation_Controller.st | class=FUNCTION_BLOCK
FB_FloorHeating_Freeze_Protection.st | class=FUNCTION_BLOCK
FB_FloorHeating_Overheat_Protection.st | class=FUNCTION_BLOCK
FB_Gas_Methane_Detector.st | class=FUNCTION_BLOCK
FB_Gas_Valve_Controller.st | class=FUNCTION_BLOCK
FB_Maintenance_Access.st | class=FUNCTION_BLOCK
FB_Manifold_Pump_Controller.st | class=FUNCTION_BLOCK
FB_Manual_Valve_Control.st | class=FUNCTION_BLOCK
FB_Outdoor_Lighting_Controller.st | class=FUNCTION_BLOCK
FB_Pre_Departure_Heating.st | class=FUNCTION_BLOCK
FB_Presence_Playback.st | class=FUNCTION_BLOCK
FB_Presence_Simulator.st | class=FUNCTION_BLOCK
FB_Security_Alarm.st | class=FUNCTION_BLOCK
FB_Sensor_Analog_Processing.st | class=FUNCTION_BLOCK
FB_Sensor_Calibration.st | class=FUNCTION_BLOCK
FB_Sensor_Calibration_Processor.st | class=FUNCTION_BLOCK
FB_Sensor_Distribution.st | class=FUNCTION_BLOCK
FB_Smoke_Detector.st | class=FUNCTION_BLOCK
FB_State_Snapshot_Manager.st | class=FUNCTION_BLOCK
FB_State_Snapshot_NVRAM.st | class=FUNCTION_BLOCK
FB_Supply_Ventilation_Controller.st | class=FUNCTION_BLOCK
FB_Water_Valve_Controller.st | class=FUNCTION_BLOCK
FB_Zone_Access_Manager.st | class=FUNCTION_BLOCK
IValveController.st | class=OTHER
ST_Astro_Time.dut | class=DUT_OR_ENUM
ST_Component_Maintenance.dut | class=DUT_OR_ENUM
ST_FloorHeating_Global_Config.dut | class=DUT_OR_ENUM
ST_FloorHeating_Manifold_Config.dut | class=DUT_OR_ENUM
ST_Lifetime_Status.dut | class=DUT_OR_ENUM
ST_Maintenance_Access_Config.dut | class=DUT_OR_ENUM
ST_Operator_Zone_Rights.dut | class=DUT_OR_ENUM
ST_Rule.dut | class=DUT_OR_ENUM
ST_Scenario_Transition_Config.dut | class=DUT_OR_ENUM
ST_Security_Zone_State.dut | class=DUT_OR_ENUM
ST_State_Snapshot.dut | class=DUT_OR_ENUM
ST_System_State_Summary.dut | class=DUT_OR_ENUM
ST_TwoFactor_Data.dut | class=DUT_OR_ENUM
ST_Ventilation_Unit.dut | class=DUT_OR_ENUM
ST_Zone_Sensors.dut | class=DUT_OR_ENUM

=== UNREACHABLE BUCKETS ===
--- LIFETIME ---
E_Lifetime_Device_Type.dut
ST_Lifetime_Status.dut

--- MAINTENANCE_ACCESS ---
E_Zone_Access_Level.dut
FB_Maintenance_Access.st
FB_Zone_Access_Manager.st
ST_Component_Maintenance.dut
ST_Maintenance_Access_Config.dut

--- OTHER ---
E_Outdoor_Mode.dut
E_Valve_Test_Result.dut
E_WEATHER_COMPENSATION_METHOD.dut
FB_Calibration_Manager.st
FB_Emergency_Valve_Open.st
FB_Exhaust_Ventilation_Controller.st
FB_FloorHeating_Freeze_Protection.st
FB_FloorHeating_Overheat_Protection.st
FB_Manifold_Pump_Controller.st
FB_Manual_Valve_Control.st
FB_Outdoor_Lighting_Controller.st
FB_Pre_Departure_Heating.st
FB_Supply_Ventilation_Controller.st
FB_Water_Valve_Controller.st
IValveController.st
ST_Astro_Time.dut
ST_FloorHeating_Global_Config.dut
ST_FloorHeating_Manifold_Config.dut
ST_Scenario_Transition_Config.dut
ST_System_State_Summary.dut
ST_TwoFactor_Data.dut
ST_Ventilation_Unit.dut

--- PRESENCE ---
FB_Presence_Playback.st
FB_Presence_Simulator.st

--- RULES ---
ST_Rule.dut

--- SECURITY_ZONE ---
FB_Security_Alarm.st
ST_Operator_Zone_Rights.dut
ST_Security_Zone_State.dut

--- SENSORS_SAFETY_LEAFS ---
FB_CO_Detector.st
FB_Gas_Methane_Detector.st
FB_Gas_Valve_Controller.st
FB_Sensor_Analog_Processing.st
FB_Sensor_Calibration.st
FB_Sensor_Calibration_Processor.st
FB_Sensor_Distribution.st
FB_Smoke_Detector.st
ST_Zone_Sensors.dut

--- SNAPSHOT ---
FB_State_Snapshot_Manager.st
FB_State_Snapshot_NVRAM.st
ST_State_Snapshot.dut

=== SELECTED REACHABLE CORE EDGES ===
--- MAIN.st ---
  -> PRG_Heating.st [PROGRAM]
  -> PRG_IO_Read.st [PROGRAM]
  -> PRG_IO_Write.st [PROGRAM]
  -> PRG_Lighting.st [PROGRAM]
  -> PRG_Safety.st [PROGRAM]
  -> PRG_Security.st [PROGRAM]
  -> PRG_System.st [PROGRAM]
  -> PRG_Test.st [PROGRAM]
  -> PRG_Ventilation.st [PROGRAM]

--- PRG_System.st ---
  -> E_ALERT_PRIORITY.dut [DUT_OR_ENUM]
  -> E_PLC_ROLE.dut [DUT_OR_ENUM]
  -> E_Rule_Action_Type.dut [DUT_OR_ENUM]
  -> E_SCENARIO_SOURCE.dut [DUT_OR_ENUM]
  -> E_SCENARIO_TYPE.dut [DUT_OR_ENUM]
  -> E_System_Operating_Mode.dut [DUT_OR_ENUM]
  -> E_System_Root_Cause.dut [DUT_OR_ENUM]
  -> FB_Alarm_Manager.st [FUNCTION_BLOCK]
  -> FB_Astro_Timer.st [FUNCTION_BLOCK]
  -> FB_BlackBox_Recorder.st [FUNCTION_BLOCK]
  -> FB_CoreKernel_Live_Observer.st [FUNCTION_BLOCK]
  -> FB_Fault_Logger.st [FUNCTION_BLOCK]
  -> FB_Gateway_Interface.st [FUNCTION_BLOCK]
  -> FB_HMI_Interface.st [FUNCTION_BLOCK]
  -> FB_History_Manager.st [FUNCTION_BLOCK]
  -> FB_LogEvent.st [FUNCTION_BLOCK]
  -> FB_NVRAM_Manager.st [FUNCTION_BLOCK]
  -> FB_Redundancy_Manager.st [FUNCTION_BLOCK]
  -> FB_Rule_Engine.st [FUNCTION_BLOCK]
  -> FB_Safety_Manager.st [FUNCTION_BLOCK]
  -> FB_Scenario_Manager.st [FUNCTION_BLOCK]
  -> FB_Scenario_Transition_Guard.st [FUNCTION_BLOCK]
  -> FB_Simulation_Manager.st [FUNCTION_BLOCK]
  -> FB_State_Manager.st [FUNCTION_BLOCK]
  -> FB_System_Health.st [FUNCTION_BLOCK]
  -> FB_Trend_Adapter.st [FUNCTION_BLOCK]
  -> FB_Trend_Logger.st [FUNCTION_BLOCK]
  -> FB_Watchdog.st [FUNCTION_BLOCK]
  -> GVL_ALARM.gvl [GLOBAL_VAR_LIST]
  -> GVL_COMMAND.gvl [GLOBAL_VAR_LIST]
  -> GVL_CONFIG.gvl [GLOBAL_VAR_LIST]
  -> GVL_CONSTANTS.gvl [GLOBAL_VAR_LIST]
  -> GVL_GATEWAY.gvl [GLOBAL_VAR_LIST]
  -> GVL_HEALTH_BRIDGE.gvl [GLOBAL_VAR_LIST]
  -> GVL_IO.gvl [GLOBAL_VAR_LIST]
  -> GVL_PERSISTENT.gvl [GLOBAL_VAR_LIST]
  -> GVL_Retain.gvl [GLOBAL_VAR_LIST]
  -> GVL_STATE.gvl [GLOBAL_VAR_LIST]
  -> GVL_STATUS.gvl [GLOBAL_VAR_LIST]
  -> GVL_Trend.gvl [GLOBAL_VAR_LIST]
  -> ST_BlackBox_Record.dut [DUT_OR_ENUM]
  -> ST_History_Record.dut [DUT_OR_ENUM]
  -> ST_Persist.dut [DUT_OR_ENUM]
  -> ST_System_State_Snapshot.dut [DUT_OR_ENUM]
  -> ST_Trend_Data.dut [DUT_OR_ENUM]

--- PRG_Heating.st ---
  -> E_System_Operating_Mode.dut [DUT_OR_ENUM]
  -> FB_DHW_Manager.st [FUNCTION_BLOCK]
  -> FB_Heating_System_Manager.st [FUNCTION_BLOCK]
  -> GVL_COMMAND.gvl [GLOBAL_VAR_LIST]
  -> GVL_CONFIG.gvl [GLOBAL_VAR_LIST]
  -> GVL_CONSTANTS.gvl [GLOBAL_VAR_LIST]
  -> GVL_IO.gvl [GLOBAL_VAR_LIST]
  -> GVL_STATE.gvl [GLOBAL_VAR_LIST]
  -> GVL_STATUS.gvl [GLOBAL_VAR_LIST]

--- PRG_Lighting.st ---
  -> FB_Lighting_Blinds_Manager.st [FUNCTION_BLOCK]
  -> FB_Socket_Manager.st [FUNCTION_BLOCK]
  -> GVL_ALARM.gvl [GLOBAL_VAR_LIST]
  -> GVL_COMMAND.gvl [GLOBAL_VAR_LIST]
  -> GVL_CONFIG.gvl [GLOBAL_VAR_LIST]
  -> GVL_STATE.gvl [GLOBAL_VAR_LIST]
  -> GVL_STATUS.gvl [GLOBAL_VAR_LIST]

--- PRG_Ventilation.st ---
  -> E_System_Operating_Mode.dut [DUT_OR_ENUM]
  -> FB_Ventilation_System_Manager.st [FUNCTION_BLOCK]
  -> GVL_COMMAND.gvl [GLOBAL_VAR_LIST]
  -> GVL_CONFIG.gvl [GLOBAL_VAR_LIST]
  -> GVL_CONSTANTS.gvl [GLOBAL_VAR_LIST]
  -> GVL_HEALTH_BRIDGE.gvl [GLOBAL_VAR_LIST]
  -> GVL_STATE.gvl [GLOBAL_VAR_LIST]
  -> GVL_STATUS.gvl [GLOBAL_VAR_LIST]

=== END STEP 179 ===
