]633;E;echo "=== STEP 112: REMOVE ALARM MANAGER V2 SCAFFOLD ===";d2f9cd72-cf3a-446c-b425-a96632cf891c]633;C=== STEP 112: REMOVE ALARM MANAGER V2 SCAFFOLD ===
timestamp_utc=2026-04-17T08:08:08Z

=== BEFORE ===
66:    L_Alarm_V2_Switch_Enabled : BOOL;
67:    L_Alarm_V2_Path_Ready : BOOL;
74:    L_Alarm_V2_Shadow_Compare_Enabled : BOOL;
75:    L_Alarm_V2_Shadow_Diff_Found : BOOL;
76:    L_Alarm_V2_Shadow_First_Diff_Slot : INT;
77:    L_Alarm_V2_Event_Pulse : BOOL;
78:    L_Alarm_V2_Event_Code : UDINT;
79:    L_Alarm_V2_Event_Value : REAL;
80:    L_Alarm_V2_List_Shadow : ARRAY[1..GVL_CONSTANTS.C_MAX_ALARMS] OF ST_Alarm_Record;
81:    L_Alarm_V2_Next_ID_Shadow : UDINT;
93:L_Alarm_V2_Switch_Enabled := TRUE;
94:L_Alarm_V2_Path_Ready := FALSE;
96:L_Alarm_V2_Shadow_Compare_Enabled := TRUE;
97:L_Alarm_V2_Shadow_Diff_Found := FALSE;
98:L_Alarm_V2_Shadow_First_Diff_Slot := 0;
99:L_Alarm_V2_Event_Pulse := FALSE;
100:L_Alarm_V2_Event_Code := 0;
101:L_Alarm_V2_Event_Value := 0.0;
102:L_Alarm_V2_Next_ID_Shadow := VIO_Next_Alarm_ID;
214:IF L_Alarm_V2_Shadow_Compare_Enabled THEN
215:    L_Alarm_V2_Event_Pulse := FALSE;
216:    L_Alarm_V2_Event_Code := 0;
217:    L_Alarm_V2_Event_Value := 0.0;
222:IF L_Alarm_V2_Switch_Enabled AND L_Alarm_V2_Path_Ready THEN
234:    IF L_Alarm_V2_Switch_Enabled AND L_Alarm_V2_Path_Ready THEN
292:IF L_Alarm_V2_Shadow_Compare_Enabled THEN
294:        IF (VO_Alarm_List[L_i].ID <> L_Alarm_V2_List_Shadow[L_i].ID)
295:           OR (VO_Alarm_List[L_i].Is_Active <> L_Alarm_V2_List_Shadow[L_i].Is_Active)
296:           OR (VO_Alarm_List[L_i].Is_Acknowledged <> L_Alarm_V2_List_Shadow[L_i].Is_Acknowledged)
297:           OR (VO_Alarm_List[L_i].Severity <> L_Alarm_V2_List_Shadow[L_i].Severity) THEN
298:            L_Alarm_V2_Shadow_Diff_Found := TRUE;
299:            IF L_Alarm_V2_Shadow_First_Diff_Slot = 0 THEN
300:                L_Alarm_V2_Shadow_First_Diff_Slot := L_i;
398:IF L_Alarm_V2_Switch_Enabled THEN
399:    IF (NOT L_Alarm_V2_Shadow_Diff_Found)
402:        L_Alarm_V2_Path_Ready := TRUE;
405:        L_Alarm_V2_Path_Ready := FALSE;
409:    L_Alarm_V2_Path_Ready := FALSE;

=== APPLY ===
OK: removed full V2 scaffold from FB_Alarm_Manager.st

=== AFTER ===
174:IF L_Alarm_V2_Switch_Enabled AND L_Alarm_V2_Path_Ready THEN
186:    IF L_Alarm_V2_Switch_Enabled AND L_Alarm_V2_Path_Ready THEN        // Guarded V2 pipeline is allowed by shadow validation.

=== CHECK CORE LOGIC STILL PRESENT ===
38:    VO_Alarm_List : ARRAY[1..GVL_CONSTANTS.C_MAX_ALARMS] OF ST_Alarm_Record; // Список активных тревог для HMI
194:        IF VO_Alarm_List[L_k].ID = 0 THEN
204:            IF VO_Alarm_List[L_k].Is_Acknowledged AND TO_INT(VO_Alarm_List[L_k].Severity) < L_Min_Pri THEN
205:                L_Min_Pri := TO_INT(VO_Alarm_List[L_k].Severity);
215:            IF TO_INT(VO_Alarm_List[L_k].Severity) < L_Min_Pri AND TO_INT(VO_Alarm_List[L_k].Severity) < TO_INT(L_Pending_Alarms[L_i].Severity) THEN
216:                L_Min_Pri := TO_INT(VO_Alarm_List[L_k].Severity);
227:    VO_Alarm_List[L_Target_Slot] := L_Pending_Alarms[L_i];
228:    VO_Alarm_List[L_Target_Slot].ID := VIO_Next_Alarm_ID;
234:        VO_Event_Value := TO_REAL(VO_Alarm_List[L_Target_Slot].Severity);
245:    IF VO_Alarm_List[L_i].ID <> 0 THEN
246:        IF VO_Alarm_List[L_i].Source = 'Gas' THEN VO_Alarm_List[L_i].Is_Active := VI_Gas_Alarm;
247:        ELSIF VO_Alarm_List[L_i].Source = 'Fire' THEN VO_Alarm_List[L_i].Is_Active := VI_Fire_Alarm;
248:        ELSIF VO_Alarm_List[L_i].Source = 'Flood' THEN VO_Alarm_List[L_i].Is_Active := VI_Flood_Alarm;
249:        ELSIF VO_Alarm_List[L_i].Source = 'Security' THEN VO_Alarm_List[L_i].Is_Active := VI_Security_Alarm;
250:        ELSIF VO_Alarm_List[L_i].Source = 'Diagnostics' THEN VO_Alarm_List[L_i].Is_Active := VI_First_Fault_Active;
251:        ELSIF VO_Alarm_List[L_i].Source = 'Boiler' THEN 
252:            IF TO_INT(VO_Alarm_List[L_i].Source_ID) >= 1 AND TO_INT(VO_Alarm_List[L_i].Source_ID) <= GVL_CONSTANTS.C_MAX_BOILERS THEN
253:                VO_Alarm_List[L_i].Is_Active := VI_Boiler_Errors[TO_INT(VO_Alarm_List[L_i].Source_ID)];
262:        IF VO_Alarm_List[L_i].ID <> 0 THEN
263:            VO_Alarm_List[L_i].Is_Acknowledged := TRUE;
277:    IF VO_Alarm_List[L_i].ID <> 0 AND NOT VO_Alarm_List[L_i].Is_Active AND NOT VO_Alarm_List[L_i].Is_Acknowledged THEN
278:        IF VO_Alarm_List[L_i].Severity <> E_ALERT_PRIORITY.ALERT_PRIORITY_CRITICAL THEN
279:            VO_Alarm_List[L_i].Is_Acknowledged := TRUE;
287:    IF VO_Alarm_List[L_i].ID <> 0 AND NOT VO_Alarm_List[L_i].Is_Active AND VO_Alarm_List[L_i].Is_Acknowledged THEN
289:        VO_Alarm_List[L_i].ID := 0;
316:    IF VO_Alarm_List[L_i].ID <> 0 THEN
317:        IF VO_Alarm_List[L_i].Is_Active THEN
321:        IF NOT VO_Alarm_List[L_i].Is_Acknowledged THEN
324:            IF VO_Alarm_List[L_i].Severity = E_ALERT_PRIORITY.ALERT_PRIORITY_CRITICAL THEN
330:            ELSIF VO_Alarm_List[L_i].Severity = E_ALERT_PRIORITY.ALERT_PRIORITY_HIGH THEN

=== DIFF ===
diff --git a/FB_Alarm_Manager.st b/FB_Alarm_Manager.st
index 6933a8f..c3d10a0 100644
--- a/FB_Alarm_Manager.st
+++ b/FB_Alarm_Manager.st
@@ -57,54 +57,13 @@ VAR
     R_Trig_Boiler : ARRAY[1..GVL_CONSTANTS.C_MAX_BOILERS] OF R_TRIG;
     L_First_Fault_Source_Text : STRING(32);
     L_First_Fault_Type_Text : STRING(32);
-    L_Event_Pulse_Latched : BOOL;
-    L_Alarm_Compat_All_OK : BOOL;
-    L_Alarm_First_Warning : STRING(255);
-    L_Alarm_First_Warning_Latched : BOOL;
-    L_Alarm_Shadow_Mismatch : BOOL;
-    L_Alarm_Shadow_First_Mismatch : INT;
-    L_Alarm_V2_Switch_Enabled : BOOL;
-    L_Alarm_V2_Path_Ready : BOOL;
-    L_Alarm_Using_Legacy_Fallback : BOOL;
-    L_BlackBox_V2_Snapshot_Shadow : ST_BlackBox_Snapshot_V2;
-    L_History_V2_Shadow_Diff_Found : BOOL;
-    L_History_V2_Shadow_First_Diff_Slot : INT;
-    L_BlackBox_V2_Shadow_Diff_Found : BOOL;
-    L_History_V2_Buffer_Shadow : ARRAY[1..GVL_CONSTANTS.C_MAX_HISTORY_RECORDS] OF ST_History_Event_V2;
-    L_Alarm_V2_Shadow_Compare_Enabled : BOOL;
-    L_Alarm_V2_Shadow_Diff_Found : BOOL;
-    L_Alarm_V2_Shadow_First_Diff_Slot : INT;
-    L_Alarm_V2_Event_Pulse : BOOL;
-    L_Alarm_V2_Event_Code : UDINT;
-    L_Alarm_V2_Event_Value : REAL;
-    L_Alarm_V2_List_Shadow : ARRAY[1..GVL_CONSTANTS.C_MAX_ALARMS] OF ST_Alarm_Record;
-    L_Alarm_V2_Next_ID_Shadow : UDINT;
-END_VAR
+    L_Event_Pulse_Latched : BOOL;    L_Alarm_First_Warning : STRING(255);
+    L_Alarm_First_Warning_Latched : BOOL;    L_Alarm_Shadow_First_Mismatch : INT;    L_Alarm_Using_Legacy_Fallback : BOOL;    L_History_V2_Buffer_Shadow : ARRAY[1..GVL_CONSTANTS.C_MAX_HISTORY_RECORDS] OF ST_History_Event_V2;END_VAR
 
 VO_Event_Pulse := FALSE;
 VO_Event_Code := 0;
-VO_Event_Value := 0.0;
-
-L_Alarm_Compat_All_OK := TRUE;
-L_Alarm_First_Warning := '';
-L_Alarm_First_Warning_Latched := FALSE;
-L_Alarm_Shadow_Mismatch := FALSE;
-L_Alarm_Shadow_First_Mismatch := 0;
-L_Alarm_V2_Switch_Enabled := TRUE;
-L_Alarm_V2_Path_Ready := FALSE;
-L_Alarm_Using_Legacy_Fallback := TRUE;
-L_Alarm_V2_Shadow_Compare_Enabled := TRUE;
-L_Alarm_V2_Shadow_Diff_Found := FALSE;
-L_Alarm_V2_Shadow_First_Diff_Slot := 0;
-L_Alarm_V2_Event_Pulse := FALSE;
-L_Alarm_V2_Event_Code := 0;
-L_Alarm_V2_Event_Value := 0.0;
-L_Alarm_V2_Next_ID_Shadow := VIO_Next_Alarm_ID;
-L_History_V2_Shadow_Diff_Found := FALSE;
-L_History_V2_Shadow_First_Diff_Slot := 0;
-L_BlackBox_V2_Shadow_Diff_Found := FALSE;
-
-// 1. Детекция новых тревог (антидребезг + передний фронт)
+VO_Event_Value := 0.0;L_Alarm_First_Warning := '';
+L_Alarm_First_Warning_Latched := FALSE;L_Alarm_Shadow_First_Mismatch := 0;// 1. Детекция новых тревог (антидребезг + передний фронт)
 T_Debounce_Gas(IN := VI_Gas_Alarm, PT := T#100ms, VI_System_Time_MS := VI_System_Time_MS);
 T_Debounce_Fire(IN := VI_Fire_Alarm, PT := T#100ms, VI_System_Time_MS := VI_System_Time_MS);
 T_Debounce_Flood(IN := VI_Flood_Alarm, PT := T#500ms, VI_System_Time_MS := VI_System_Time_MS);
@@ -209,13 +168,6 @@ FOR L_j := 1 TO GVL_CONSTANTS.C_MAX_BOILERS DO
     END_IF;
 END_FOR;
 
-// Shadow comparison: Alarm V2 core is currently a no-op.
-// Inlined from FB_Alarm_V2_Core
-IF L_Alarm_V2_Shadow_Compare_Enabled THEN
-    L_Alarm_V2_Event_Pulse := FALSE;
-    L_Alarm_V2_Event_Code := 0;
-    L_Alarm_V2_Event_Value := 0.0;
-END_IF;
 
 // Staging integration: Alarm V2 core is currently a no-op.
 // Inlined from FB_Alarm_V2_Core
@@ -231,13 +183,9 @@ FOR L_i := 1 TO L_Pending_Count DO
     // Current state: always remain on legacy behavior.
     // Future state: when Alarm V2 path is implemented and validated,
     // this block becomes the controlled branch point.
-    IF L_Alarm_V2_Switch_Enabled AND L_Alarm_V2_Path_Ready THEN
-        L_Alarm_Using_Legacy_Fallback := FALSE;
-        // Guarded V2 pipeline is allowed by shadow validation.
+    IF L_Alarm_V2_Switch_Enabled AND L_Alarm_V2_Path_Ready THEN        // Guarded V2 pipeline is allowed by shadow validation.
         // Current runtime logic still keeps legacy action flow authoritative until next package.
-    ELSE
-        L_Alarm_Using_Legacy_Fallback := TRUE;
-    END_IF;
+    ELSE    END_IF;
 
     L_Target_Slot := 0;
     
@@ -288,17 +236,6 @@ FOR L_i := 1 TO L_Pending_Count DO
     END_IF;
 END_FOR;
 
-// Shadow comparison results: compare legacy output and V2 shadow output.
-IF L_Alarm_V2_Shadow_Compare_Enabled THEN
-    FOR L_i := 1 TO GVL_CONSTANTS.C_MAX_ALARMS DO
-        IF (VO_Alarm_List[L_i].ID <> L_Alarm_V2_List_Shadow[L_i].ID)
-           OR (VO_Alarm_List[L_i].Is_Active <> L_Alarm_V2_List_Shadow[L_i].Is_Active)
-           OR (VO_Alarm_List[L_i].Is_Acknowledged <> L_Alarm_V2_List_Shadow[L_i].Is_Acknowledged)
-           OR (VO_Alarm_List[L_i].Severity <> L_Alarm_V2_List_Shadow[L_i].Severity) THEN
-            L_Alarm_V2_Shadow_Diff_Found := TRUE;
-            IF L_Alarm_V2_Shadow_First_Diff_Slot = 0 THEN
-                L_Alarm_V2_Shadow_First_Diff_Slot := L_i;
-            END_IF;
         END_IF;
     END_FOR;
 END_IF;
@@ -359,56 +296,14 @@ FOR L_i := 1 TO GVL_CONSTANTS.C_MAX_ALARMS DO
     END_IF;
 END_FOR;
 
-// Shadow bridge: Alarm -> History V2 (diagnostic only)
-// Inlined from FB_History_V2_Core
-IF VO_Event_Pulse THEN
-    L_History_V2_Buffer_Shadow[1].Event_Code := TO_UINT(VO_Event_Code);
-    L_History_V2_Buffer_Shadow[1].Event_Value := VO_Event_Value;
-END_IF;
-
-// Shadow bridge: System -> BlackBox V2 (diagnostic only)
-// Inlined from FB_BlackBox_V2_Core
-L_BlackBox_V2_Snapshot_Shadow.Gas_Alarm := VI_Gas_Alarm;
-L_BlackBox_V2_Snapshot_Shadow.Fire_Alarm := VI_Fire_Alarm;
-L_BlackBox_V2_Snapshot_Shadow.Flood_Alarm := VI_Flood_Alarm;
-L_BlackBox_V2_Snapshot_Shadow.First_Fault_Type := TO_BYTE(VI_First_Fault_Type);
-L_BlackBox_V2_Snapshot_Shadow.First_Fault_Source := TO_BYTE(VI_First_Fault_Source);
-
-// Shadow validation: History V2 / BlackBox V2
-IF VO_Event_Pulse THEN
-    IF (L_History_V2_Buffer_Shadow[1].Event_Code <> VO_Event_Code)
-       OR (ABS(L_History_V2_Buffer_Shadow[1].Event_Value - VO_Event_Value) > 0.0001) THEN
-        L_History_V2_Shadow_Diff_Found := TRUE;
-        IF L_History_V2_Shadow_First_Diff_Slot = 0 THEN
-            L_History_V2_Shadow_First_Diff_Slot := 1;
-        END_IF;
-    END_IF;
-END_IF;
 
 IF (L_BlackBox_V2_Snapshot_Shadow.Gas_Alarm <> VI_Gas_Alarm)
    OR (L_BlackBox_V2_Snapshot_Shadow.Fire_Alarm <> VI_Fire_Alarm)
    OR (L_BlackBox_V2_Snapshot_Shadow.Flood_Alarm <> VI_Flood_Alarm)
    OR (L_BlackBox_V2_Snapshot_Shadow.First_Fault_Type <> TO_BYTE(VI_First_Fault_Type))
-   OR (L_BlackBox_V2_Snapshot_Shadow.First_Fault_Source <> TO_BYTE(VI_First_Fault_Source)) THEN
-    L_BlackBox_V2_Shadow_Diff_Found := TRUE;
-END_IF;
+   OR (L_BlackBox_V2_Snapshot_Shadow.First_Fault_Source <> TO_BYTE(VI_First_Fault_Source)) THENEND_IF;
 
-// Guarded V2 pipeline enable:
-// V2 path is allowed only when no shadow diff is present in Alarm/History/BlackBox.
-IF L_Alarm_V2_Switch_Enabled THEN
-    IF (NOT L_Alarm_V2_Shadow_Diff_Found)
-       AND (NOT L_History_V2_Shadow_Diff_Found)
-       AND (NOT L_BlackBox_V2_Shadow_Diff_Found) THEN
-        L_Alarm_V2_Path_Ready := TRUE;
-        L_Alarm_Using_Legacy_Fallback := FALSE;
-    ELSE
-        L_Alarm_V2_Path_Ready := FALSE;
-        L_Alarm_Using_Legacy_Fallback := TRUE;
-    END_IF;
-ELSE
-    L_Alarm_V2_Path_Ready := FALSE;
-    L_Alarm_Using_Legacy_Fallback := TRUE;
-END_IF;
+ELSEEND_IF;
 
 // 6. Подсчет статистики и формирование глобальных флагов
 VO_Global_Critical := FALSE;

=== END STEP 112 ===
