]633;E;echo "=== STEP 76: REMOVE UNUSED VENTILATION V2 STAGING VAR ===";fd114dcf-b8f0-4fa9-a638-75bd3982af51]633;C=== STEP 76: REMOVE UNUSED VENTILATION V2 STAGING VAR ===
timestamp_utc=2026-04-16T20:28:23Z

=== BEFORE ===
45:    fbVentilationV2Staging : FB_Ventilation_V2_Staging;

=== APPLY ===
OK: removed unused fbVentilationV2Staging declaration

=== AFTER ===

=== ROOT REFERENCES AFTER CLEANUP ===
./FB_Ventilation_System_Manager.st:229:// Inlined from FB_Ventilation_V2_Staging
./FB_Ventilation_V2_Staging.st:1:FUNCTION_BLOCK FB_Ventilation_V2_Staging

=== DIFF ===
diff --git a/FB_Ventilation_System_Manager.st b/FB_Ventilation_System_Manager.st
index c37709e..aa3e66e 100644
--- a/FB_Ventilation_System_Manager.st
+++ b/FB_Ventilation_System_Manager.st
@@ -42,7 +42,6 @@ VAR
     L_Target_Temp : REAL;
     L_PID_Heaters : ARRAY[1..GVL_CONSTANTS.C_MAX_BOILERS] OF FB_PID_Controller;
     L_Wet_Zone_Timers : ARRAY[1..GVL_CONSTANTS.C_MAX_WET_ZONES] OF FB_System_Timer_TOF; // Таймеры выбега для вытяжек санузлов
-    fbVentilationV2Staging : FB_Ventilation_V2_Staging;
     L_Vent_Command_Shadow : ST_Ventilation_Command_V2;
     L_Vent_State_Shadow : ST_Ventilation_State_V2;
     L_Vent_V2_Shadow_Diff_Found : BOOL;

=== END STEP 76 ===
