]633;E;echo "=== STEP 159B: REMOVE DUPLICATE TREND VARS IN PRG_SYSTEM ===";ca8db5b3-d207-410d-aafc-c4fe34a00cc8]633;C=== STEP 159B: REMOVE DUPLICATE TREND VARS IN PRG_SYSTEM ===
timestamp_utc=2026-04-17T21:45:35Z

=== BEFORE ===
16:    L_Trend_Avg : REAL;
17:    L_Trend_Min : REAL;
18:    L_Trend_Max : REAL;
19:    L_Trend_Up : BOOL;
20:    L_Trend_Down : BOOL;
21:    L_Trend_Avg : REAL;
22:    L_Trend_Min : REAL;
23:    L_Trend_Max : REAL;
24:    L_Trend_Up : BOOL;
25:    L_Trend_Down : BOOL;
1107:    VO_Average => L_Trend_Avg,
1108:    VO_Min => L_Trend_Min,
1109:    VO_Max => L_Trend_Max,
1110:    VO_Trend_Up => L_Trend_Up,
1111:    VO_Trend_Down => L_Trend_Down
1121:        L_Trend_Event.event_value := L_Trend_Avg;

=== APPLY ===
    L_Trend_Min : REAL; -> kept=1, found=2
    L_Trend_Max : REAL; -> kept=1, found=2
    L_Trend_Up : BOOL; -> kept=1, found=2
    L_Trend_Avg : REAL; -> kept=1, found=2
    L_Trend_Down : BOOL; -> kept=1, found=2
OK: duplicate trend vars removed from PRG_System

=== AFTER ===
16:    L_Trend_Avg : REAL;
17:    L_Trend_Min : REAL;
18:    L_Trend_Max : REAL;
19:    L_Trend_Up : BOOL;
20:    L_Trend_Down : BOOL;
1102:    VO_Average => L_Trend_Avg,
1103:    VO_Min => L_Trend_Min,
1104:    VO_Max => L_Trend_Max,
1105:    VO_Trend_Up => L_Trend_Up,
1106:    VO_Trend_Down => L_Trend_Down
1116:        L_Trend_Event.event_value := L_Trend_Avg;

=== END STEP 159B ===
