=== SEARCH constants.dut USAGE ===
./diagnostics/2026_04_16/step_13_full_project_snapshot.log:267:snapshots/project_clean_state_2026_04_16/workspace/gvl_constants_inventory_2026-04-12.md
./diagnostics/2026_04_16/step_11_project_structure.log:509:./workspace/gvl_constants_inventory_2026-04-12.md
grep: ./repo_logs/nvram/2026_04_16/constants_usage.log: input file is also the output
./snapshots/project_clean_state_2026_04_16/diagnostics/2026_04_16/step_11_project_structure.log:509:./workspace/gvl_constants_inventory_2026-04-12.md
./snapshots/project_clean_state_2026_04_16/диагностика/file_access_audit.log:1364:snapshots/clean_build_20260414_0820/workspace/gvl_constants_inventory_2026-04-12.md	file	yes	yes	yes	0o666
./snapshots/project_clean_state_2026_04_16/диагностика/file_access_audit.log:1440:snapshots/clean_build_20260414_0820/компилятор/fix_array_bounds_constants.py	file	yes	yes	yes	0o666
./snapshots/project_clean_state_2026_04_16/диагностика/file_access_audit.log:1453:snapshots/clean_build_20260414_0820/компилятор/logs/build_after_constants.log	file	yes	yes	yes	0o666
./snapshots/project_clean_state_2026_04_16/диагностика/file_access_audit.log:1454:snapshots/clean_build_20260414_0820/компилятор/logs/build_after_constants_aliases.log	file	yes	yes	yes	0o666
./snapshots/project_clean_state_2026_04_16/диагностика/file_access_audit.log:1483:snapshots/clean_build_20260414_0820/компилятор/logs/build_after_runtime_constants_fix.log	file	yes	yes	yes	0o666
./snapshots/project_clean_state_2026_04_16/диагностика/file_access_audit.log:1500:snapshots/clean_build_20260414_0820/компилятор/logs/fix_array_bounds_constants.log	file	yes	yes	yes	0o666
./snapshots/project_clean_state_2026_04_16/диагностика/file_access_audit.log:2245:snapshots/clean_build_2026_04_14/workspace/gvl_constants_inventory_2026-04-12.md	file	yes	yes	yes	0o666
./snapshots/project_clean_state_2026_04_16/диагностика/file_access_audit.log:2321:snapshots/clean_build_2026_04_14/компилятор/fix_array_bounds_constants.py	file	yes	yes	yes	0o666
./snapshots/project_clean_state_2026_04_16/диагностика/file_access_audit.log:2334:snapshots/clean_build_2026_04_14/компилятор/logs/build_after_constants.log	file	yes	yes	yes	0o666
./snapshots/project_clean_state_2026_04_16/диагностика/file_access_audit.log:2335:snapshots/clean_build_2026_04_14/компилятор/logs/build_after_constants_aliases.log	file	yes	yes	yes	0o666
./snapshots/project_clean_state_2026_04_16/диагностика/file_access_audit.log:2364:snapshots/clean_build_2026_04_14/компилятор/logs/build_after_runtime_constants_fix.log	file	yes	yes	yes	0o666
./snapshots/project_clean_state_2026_04_16/диагностика/file_access_audit.log:2381:snapshots/clean_build_2026_04_14/компилятор/logs/fix_array_bounds_constants.log	file	yes	yes	yes	0o666
./snapshots/project_clean_state_2026_04_16/диагностика/file_access_audit.log:3120:snapshots/clean_build_2026_04_15/workspace/gvl_constants_inventory_2026-04-12.md	file	yes	yes	yes	0o666
./snapshots/project_clean_state_2026_04_16/диагностика/file_access_audit.log:3532:workspace/gvl_constants_inventory_2026-04-12.md	file	yes	yes	yes	0o666
./snapshots/project_clean_state_2026_04_16/workspace/dut_rebuild/alarm/v2_core/02_alarm_v2_migration_targets.md:10:- event bridge constants cleanup
./диагностика/file_access_audit.log:1364:snapshots/clean_build_20260414_0820/workspace/gvl_constants_inventory_2026-04-12.md	file	yes	yes	yes	0o666
./диагностика/file_access_audit.log:1440:snapshots/clean_build_20260414_0820/компилятор/fix_array_bounds_constants.py	file	yes	yes	yes	0o666
./диагностика/file_access_audit.log:1453:snapshots/clean_build_20260414_0820/компилятор/logs/build_after_constants.log	file	yes	yes	yes	0o666
./диагностика/file_access_audit.log:1454:snapshots/clean_build_20260414_0820/компилятор/logs/build_after_constants_aliases.log	file	yes	yes	yes	0o666
./диагностика/file_access_audit.log:1483:snapshots/clean_build_20260414_0820/компилятор/logs/build_after_runtime_constants_fix.log	file	yes	yes	yes	0o666
./диагностика/file_access_audit.log:1500:snapshots/clean_build_20260414_0820/компилятор/logs/fix_array_bounds_constants.log	file	yes	yes	yes	0o666
./диагностика/file_access_audit.log:2245:snapshots/clean_build_2026_04_14/workspace/gvl_constants_inventory_2026-04-12.md	file	yes	yes	yes	0o666
./диагностика/file_access_audit.log:2321:snapshots/clean_build_2026_04_14/компилятор/fix_array_bounds_constants.py	file	yes	yes	yes	0o666
./диагностика/file_access_audit.log:2334:snapshots/clean_build_2026_04_14/компилятор/logs/build_after_constants.log	file	yes	yes	yes	0o666
./диагностика/file_access_audit.log:2335:snapshots/clean_build_2026_04_14/компилятор/logs/build_after_constants_aliases.log	file	yes	yes	yes	0o666
./диагностика/file_access_audit.log:2364:snapshots/clean_build_2026_04_14/компилятор/logs/build_after_runtime_constants_fix.log	file	yes	yes	yes	0o666
./диагностика/file_access_audit.log:2381:snapshots/clean_build_2026_04_14/компилятор/logs/fix_array_bounds_constants.log	file	yes	yes	yes	0o666
./диагностика/file_access_audit.log:3120:snapshots/clean_build_2026_04_15/workspace/gvl_constants_inventory_2026-04-12.md	file	yes	yes	yes	0o666
./диагностика/file_access_audit.log:3532:workspace/gvl_constants_inventory_2026-04-12.md	file	yes	yes	yes	0o666
./workspace/dut_rebuild/alarm/v2_core/02_alarm_v2_migration_targets.md:10:- event bridge constants cleanup
grep: ./.git/index: binary file matches
