== START COMPILE SMOKE ==
-- ROOT --
/workspaces/SmartHomeNew

-- PYTHON --
Python 3.12.1

-- COMPILER DIR --
total 560
drwxrwxrwx+  5 codespace codespace   4096 Apr 16 14:14 .
drwxrwxrwx+ 14 codespace root       16384 Apr 18 12:12 ..
drwxrwxrwx+  2 codespace codespace   4096 Apr 16 14:06 __pycache__
-rw-rw-rw-   1 codespace codespace  34293 Apr 16 14:00 import_codesys_FINAL.py
-rw-rw-rw-   1 codespace codespace  33804 Apr 16 14:00 import_codesys_FINAL.py.bak
-rw-rw-rw-   1 codespace codespace   3227 Apr 16 14:00 import_codesys_FINAL_METHODS_V2.py
-rw-rw-rw-   1 codespace codespace     54 Apr 16 14:00 import_codesys_FINAL_METHODS_V3.py
drwxrwxrwx+  2 codespace codespace   4096 Apr 18 11:49 logs
-rw-rw-rw-   1 codespace codespace   7227 Apr 16 14:00 method_overlay_clean.py
-rw-rw-rw-   1 codespace codespace   7163 Apr 16 14:00 method_overlay_clean.py.bak
drwxrwxrwx+  2 codespace codespace   4096 Apr 18 11:49 out
-rwxrwxrwx   1 codespace codespace    822 Apr 16 14:14 run_compile_smoke.sh
-rw-rw-rw-   1 codespace codespace 428970 Apr 16 14:00 Система умного дома.xml
-rw-rw-rw-   1 codespace codespace    456 Apr 16 14:00 запуск_сборки.md
-rw-rw-rw-   1 codespace codespace    177 Apr 16 14:00 запуск_сборки.sh

-- RUN --
OVERLAY_OK=FB_CRC32_Calculator METHODS=1
OVERLAY_OK=FB_Gas_Valve_Controller METHODS=3
OVERLAY_OK=FB_Random_Generator METHODS=2
OVERLAY_OK=FB_Water_Valve_Controller METHODS=3
TARGET_POUS=4
TOTAL_METHODS=9
COMPILER_DIR=/workspaces/SmartHomeNew/компилятор
PROJECT_ROOT=/workspaces/SmartHomeNew
BASE_XML=/workspaces/SmartHomeNew/компилятор/Система умного дома.xml
OUT_003=/workspaces/SmartHomeNew/компилятор/out/003_RESULT.xml
OUT_004=/workspaces/SmartHomeNew/компилятор/out/004_RESULT.xml
OUT_RESULT=/workspaces/SmartHomeNew/компилятор/out/RESULT.xml
LOG_001=/workspaces/SmartHomeNew/компилятор/logs/001_universal_pou_gvl.log
LOG_004=/workspaces/SmartHomeNew/компилятор/logs/004_import_dut_v11.log
STEP_001_OK
STEP_004_OK
FINAL_RESULT_OK=/workspaces/SmartHomeNew/компилятор/out/RESULT.xml
BUILD_OK
RUN METHOD OVERLAY...
METHOD OVERLAY DONE
CLEANED: /workspaces/SmartHomeNew/компилятор/out/003_RESULT.xml
CLEANED: /workspaces/SmartHomeNew/компилятор/out/004_RESULT.xml
CLEANED: /workspaces/SmartHomeNew/компилятор/out/RESULT.xml

-- OUTPUT CHECK --
компилятор
компилятор/__pycache__
компилятор/__pycache__/import_codesys_FINAL.cpython-312.pyc
компилятор/import_codesys_FINAL.py
компилятор/import_codesys_FINAL.py.bak
компилятор/import_codesys_FINAL_METHODS_V2.py
компилятор/import_codesys_FINAL_METHODS_V3.py
компилятор/logs
компилятор/logs/001_universal_pou_gvl.log
компилятор/logs/004_import_dut_v11.log
компилятор/logs/method_overlay_clean_python.log
компилятор/method_overlay_clean.py
компилятор/method_overlay_clean.py.bak
компилятор/out
компилятор/out/.gitkeep
компилятор/out/RESULT_methods_clean.xml
компилятор/run_compile_smoke.sh
компилятор/Система умного дома.xml
компилятор/запуск_сборки.md
компилятор/запуск_сборки.sh

== END ==
