]633;E;echo "=== STEP 93: MICRO AUDIT ALARM COMPATIBILITY PACKAGE ===";10d0c29c-b3a2-4a8b-83d2-50752c6e8f09]633;C=== STEP 93: MICRO AUDIT ALARM COMPATIBILITY PACKAGE ===
timestamp_utc=2026-04-17T06:21:26Z

=== FILE: FB_Alarm_Compatibility_Package.st ===
FUNCTION_BLOCK FB_Alarm_Compatibility_Package
VAR_INPUT
    VI_Alarm_Legacy : ST_Alarm_Record;
END_VAR
VAR_OUTPUT
    VO_OK : BOOL;
    VO_Alarm_Legacy_Roundtrip : ST_Alarm_Record;
END_VAR

VO_OK := TRUE;
VO_Alarm_Legacy_Roundtrip := VI_Alarm_Legacy;
END_FUNCTION_BLOCK

=== OWNER CONTEXT: FB_Alarm_Manager.st ===
41:    fbCompatAlarm : ARRAY[1..GVL_CONSTANTS.C_MAX_ALARMS] OF FB_Alarm_Compatibility_Package;
62:    L_Alarm_Compat_All_OK : BOOL;
63:    L_Alarm_First_Warning : STRING(255);
64:    L_Alarm_First_Warning_Latched : BOOL;
65:    L_Alarm_Shadow_Mismatch : BOOL;
92:L_Alarm_Compat_All_OK := TRUE;
93:L_Alarm_First_Warning := '';
94:L_Alarm_First_Warning_Latched := FALSE;
95:L_Alarm_Shadow_Mismatch := FALSE;
243:    fbCompatAlarm[L_i](VI_Alarm_Legacy := L_Pending_Alarms[L_i]);
245:    IF NOT fbCompatAlarm[L_i].VO_OK THEN
246:        L_Alarm_Compat_All_OK := FALSE;
249:    IF (NOT L_Alarm_First_Warning_Latched) AND (NOT fbCompatAlarm[L_i].VO_OK) THEN
250:        L_Alarm_First_Warning := 'Translation issue';
251:        L_Alarm_First_Warning_Latched := TRUE;
254:    IF fbCompatAlarm[L_i].VO_Alarm_Legacy_Roundtrip.ID <> L_Pending_Alarms[L_i].ID THEN
255:        L_Alarm_Shadow_Mismatch := TRUE;

        VI_System_Time_MS := VI_System_Time_MS,
        VI_Pending_Alarms := L_Pending_Alarms,
        VIO_Alarm_List := L_Alarm_V2_List_Shadow,
        VIO_Next_Alarm_ID := L_Alarm_V2_Next_ID_Shadow,
        VO_Event_Pulse => L_Alarm_V2_Event_Pulse,
        VO_Event_Code => L_Alarm_V2_Event_Code,
        VO_Event_Value => L_Alarm_V2_Event_Value
    );
END_IF;

// Staging integration: Alarm V2 core is called behind the phase-4 switch scaffold.
// Current state: switch remains disabled, so legacy path stays authoritative.
IF L_Alarm_V2_Switch_Enabled AND L_Alarm_V2_Path_Ready THEN
    fbAlarmV2Core(
        VI_System_Time_MS := VI_System_Time_MS,
        VI_Pending_Alarms := L_Pending_Alarms,
        VIO_Alarm_List := VO_Alarm_List,
        VIO_Next_Alarm_ID := VIO_Next_Alarm_ID
    );
END_IF;

// Обработка очереди новых тревог с учетом приоритетов
FOR L_i := 1 TO L_Pending_Count DO
    fbCompatAlarm[L_i](VI_Alarm_Legacy := L_Pending_Alarms[L_i]);

    IF NOT fbCompatAlarm[L_i].VO_OK THEN
        L_Alarm_Compat_All_OK := FALSE;
    END_IF;

    IF (NOT L_Alarm_First_Warning_Latched) AND (NOT fbCompatAlarm[L_i].VO_OK) THEN
        L_Alarm_First_Warning := 'Translation issue';
        L_Alarm_First_Warning_Latched := TRUE;
    END_IF;

    IF fbCompatAlarm[L_i].VO_Alarm_Legacy_Roundtrip.ID <> L_Pending_Alarms[L_i].ID THEN
        L_Alarm_Shadow_Mismatch := TRUE;
        IF L_Alarm_Shadow_First_Mismatch = 0 THEN
            L_Alarm_Shadow_First_Mismatch := L_i;
        END_IF;
    END_IF;
    // Phase 4 scaffold: optional Alarm V2 switch point.
    // Current state: always remain on legacy behavior.
    // Future state: when Alarm V2 path is implemented and validated,
    // this block becomes the controlled branch point.
    IF L_Alarm_V2_Switch_Enabled AND L_Alarm_V2_Path_Ready THEN
        L_Alarm_Using_Legacy_Fallback := FALSE;
        // Guarded V2 pipeline is allowed by shadow validation.
        // Current runtime logic still keeps legacy action flow authoritative until next package.
    ELSE
        L_Alarm_Using_Legacy_Fallback := TRUE;
    END_IF;

=== ROOT REFERENCES ===
./FB_Alarm_Compatibility_Package.st:1:FUNCTION_BLOCK FB_Alarm_Compatibility_Package
./FB_Alarm_Manager.st:41:    fbCompatAlarm : ARRAY[1..GVL_CONSTANTS.C_MAX_ALARMS] OF FB_Alarm_Compatibility_Package;

=== PRELIMINARY QUESTIONS ===
1. Does the compatibility package transform anything, or only echo legacy alarm roundtrip?
2. Is it enforcing any validation that is still useful?
3. Can this logic be inlined into FB_Alarm_Manager, or removed entirely?

=== END STEP 93 ===
