]633;E;echo "=== STEP 156A: DIAG TREND EXTEND FAILURE ===";97c733cc-4931-43bf-9971-18bae8e8cedb]633;C=== STEP 156A: DIAG TREND EXTEND FAILURE ===
timestamp_utc=2026-04-17T20:58:41Z

=== ST_Trend_Data.dut ===
{attribute 'pack_mode' := '1'}
TYPE ST_Trend_Data :
STRUCT
    config : ST_Trend_Config;
    record_count : UDINT;
    write_index : UDINT;
    sum_values : REAL;
    values : ARRAY[1..100] OF REAL;
    timestamps : ARRAY[1..100] OF UDINT;
    crc32 : DWORD;
END_STRUCT
END_TYPE
=== FB_Trend_Analyzer.st ===
FUNCTION_BLOCK FB_Trend_Analyzer
VAR_INPUT
    VI_Count      : INT;
END_VAR
VAR_IN_OUT
    VI_Data       : ARRAY[1..GVL_CONSTANTS.C_MAX_TREND_DATA_POINTS] OF REAL;
END_VAR
VAR_OUTPUT
    VO_Average    : REAL;
    VO_Max        : REAL;
    VO_Min        : REAL;
    VO_Trend_Up   : BOOL;
    VO_Trend_Down : BOOL;
END_VAR
VAR
    L_i   : INT;
    L_Sum : REAL;
END_VAR

IF VI_Count > 0 AND VI_Count <= GVL_CONSTANTS.C_MAX_TREND_DATA_POINTS THEN
    VO_Max := VI_Data[1];
    VO_Min := VI_Data[1];
    L_Sum := 0.0;
    
    FOR L_i := 1 TO VI_Count DO
        IF VI_Data[L_i] > VO_Max THEN VO_Max := VI_Data[L_i]; END_IF;
        IF VI_Data[L_i] < VO_Min THEN VO_Min := VI_Data[L_i]; END_IF;
        L_Sum := L_Sum + VI_Data[L_i];
    END_FOR;
    
    VO_Average := L_Sum / INT_TO_REAL(VI_Count);
    
    IF VI_Count >= 2 THEN
        VO_Trend_Up := (VI_Data[VI_Count] > VI_Data[1]);
        VO_Trend_Down := (VI_Data[VI_Count] < VI_Data[1]);
    END_IF;
END_IF;
=== FB_Trend_Logger.st ===
FUNCTION_BLOCK FB_Trend_Logger
VAR_INPUT
    VI_System_Time_MS : UDINT;
    VI_Config : ST_Trend_Config;
    VI_Current_Value : REAL;
END_VAR
VAR_OUTPUT
    VO_Data : ST_Trend_Data;
END_VAR
VAR
    L_Last_Log_Time : UDINT;
    L_Last_Value : REAL;
    L_Deviation : REAL;
END_VAR

IF NOT VI_Config.enabled THEN RETURN; END_IF;

// Логирование по изменению (Deadband) или по времени (раз в час)
L_Deviation := ABS(VI_Current_Value - L_Last_Value);
IF (L_Deviation >= (L_Last_Value * VI_Config.deviation_threshold_percent / 100.0)) OR 
   ((SEL(VI_System_Time_MS >= L_Last_Log_Time, VI_System_Time_MS - L_Last_Log_Time, (4294967295 - L_Last_Log_Time) + VI_System_Time_MS + 1)) >= GVL_CONSTANTS.C_MS_IN_HOUR) THEN
    
    // Запись в массив
    VO_Data.write_index := (VO_Data.record_count MOD 100) + 1;
    VO_Data.values[VO_Data.write_index] := VI_Current_Value;
    VO_Data.timestamps[VO_Data.write_index] := VI_System_Time_MS;

    VO_Data.record_count := VO_Data.record_count + 1;
    VO_Data.sum_values := VO_Data.sum_values + VI_Current_Value;
    
    L_Last_Value := VI_Current_Value;
    L_Last_Log_Time := VI_System_Time_MS;
END_IF;
=== PRG_System trend blocks ===
4:    // === TREND WRITE CONTROL ===
8:    // === TREND → HISTORY BRIDGE ===
12:    // === TREND SYSTEM (MVP) ===

=== PRG_System tail around trend ===
PROGRAM PRG_System
VAR

    // === TREND WRITE CONTROL ===
    L_Trend_Write : BOOL;
    L_Trend_Write_Prev : BOOL;

    // === TREND → HISTORY BRIDGE ===
    L_Trend_Event : ST_History_Record;
    L_Trend_Write : BOOL;

    // === TREND SYSTEM (MVP) ===
    L_Trend_Logger : FB_Trend_Logger;
    L_Trend_Analyzer : FB_Trend_Analyzer;
    L_Trend_Data : ST_Trend_Data;
    L_i : INT;
    L_Motion_Sensors_16 : ARRAY[1..16] OF BOOL;
    // --- ADAPTER LAYER ---
    L_Zone_Valves_8 : ARRAY[1..8] OF BOOL;
    L_Lighting_32   : ARRAY[1..32] OF BYTE;
    L_Lighting_Bool_32 : ARRAY[1..32] OF BOOL;
    L_FloorTemps_8  : ARRAY[1..8] OF REAL;
    fbCoreKernelObserver : FB_CoreKernel_Live_Observer;
    fbSystemHealth : FB_System_Health;
    fbRedundancy : FB_Redundancy_Manager;
    fbGateway : FB_Gateway_Interface;
    fbScenarioManager : FB_Scenario_Manager;
    fbScenarioGuard : FB_Scenario_Transition_Guard;
    fbSimulationManager : FB_Simulation_Manager;
    fbRuleEngine : FB_Rule_Engine;
    fbNVRAMManager : FB_NVRAM_Manager;

    fbBlackBox : FB_BlackBox_Recorder;
    fbAstroTimer : FB_Astro_Timer;
    fbAlarmManager : FB_Alarm_Manager;
    fbHistoryManager : FB_History_Manager;
    fbSafety : FB_Safety_Manager;
    fbStateManager : FB_State_Manager;
    fbWatchdog : FB_Watchdog;
    fbHMIInterface : FB_HMI_Interface;
    fbFaultLogger : FB_Fault_Logger;
    fbLogEvent : FB_LogEvent;
    
    L_Time_Diff : UDINT;
    L_Local_State : ST_System_State_Snapshot;
    L_Remote_State : ST_System_State_Snapshot;
    L_NVRAM_Cmd : BYTE;
    L_NVRAM_Offset : UDINT;
    L_NVRAM_Done : BOOL;
    L_NVRAM_Err : BOOL;
    L_NVRAM_ErrID : UDINT;
    L_BB_Record : ST_BlackBox_Record;
    L_BB_Freeze : BOOL;
    L_Scenario_Idx : INT;
        L_Last_Operator_Blocked : BOOL;
    L_Last_DHW_Heating_In_Service : BOOL;
    L_Last_DHW_Circ_In_Service : BOOL;
    L_Dangerous_Action_Armed : BOOL;
    L_Dangerous_Action_Deadline_MS : UDINT;
    L_Maintenance_Apply_Intent : BOOL;
    L_Last_System_Mode : E_System_Operating_Mode;
    L_Last_First_Fault_Type : INT;
    L_Last_First_Fault_Source : INT;
    L_Last_Root_Cause : E_System_Root_Cause;
    L_History_Event : ST_History_Record;
    L_History_Write_Event : BOOL;
    L_Last_Operator_Journal_Seq : UDINT;
    L_Last_Maintenance_Action_Code : UDINT;
    L_Last_Event_Code : UDINT;
    L_Last_Event_Value : REAL;
    L_Last_Event_Time_MS : UDINT;
    L_Gateway_Writes_Allowed : BOOL;
    L_Last_Policy_Event_Time_MS : UDINT;

    L_Scenario_Req_Operator : E_SCENARIO_TYPE;
    L_Scenario_Req_Gateway  : E_SCENARIO_TYPE;
    L_Scenario_Req_Rule     : E_SCENARIO_TYPE;
    L_Scenario_Req_Final    : E_SCENARIO_TYPE; // TRACE ONLY: arbitration result before policy
    L_Scenario_Intent       : E_SCENARIO_TYPE;
L_Scenario_Source       : E_SCENARIO_SOURCE;

L_IO_Fault_Prev : BOOL;
L_Watchdog_Fault_Prev : BOOL;
L_Comm_Fault_Prev : BOOL;
L_Sensor_Fault_Prev : BOOL;
L_Subsystem_Fault_Prev : BOOL;
L_Mode_Prev : E_System_Operating_Mode;
L_User_Access_Denied_Prev : BOOL;
L_Dangerous_Action_Request_Prev : BOOL;

    L_Persist_Buffer : ARRAY[0..4] OF BYTE;
    L_Last_Written_Persist_Buffer : ARRAY[0..4] OF BYTE;
    L_Persist_Buffer_Changed : BOOL;
    L_Last_Persist_Write_MS : UDINT;
    L_Recovery_Done : BOOL;
    L_Persist_Struct : ST_Persist;
END_VAR

// 0. Инициализация RETAIN переменных при первом запуске
IF NOT GVL_Retain.G_Initialized THEN
    FOR L_i := 0 TO GVL_CONSTANTS.C_MAX_PRESENCE_HISTORY - 1 DO
        GVL_Retain.G_Presence_History[L_i] := 0;
    END_FOR;
    
    GVL_Retain.G_History_Write_Idx := 1;
    GVL_Retain.G_History_Total_Events := 0;
    
    FOR L_i := 1 TO GVL_CONSTANTS.C_MAX_BOILERS DO
        GVL_Retain.G_Boiler_Accumulated_MS[L_i] := 0;
        GVL_Retain.G_Boiler_Work_Seconds[L_i] := 0;
    END_FOR;
    
    FOR L_i := 1 TO GVL_CONSTANTS.C_MAX_MANIFOLDS DO
        GVL_Retain.G_Valve_Test_Results[L_i] := FALSE;
    END_FOR;
    
    L_Local_State.Version := 0;
    L_Remote_State.Version := 0;
    
    GVL_Retain.G_Initialized := TRUE;



END_IF;

=== END STEP 156A ===
