]633;E;echo "=== STEP 82: REMOVE UNUSED BLINDS V2 STAGING VAR ===";10d0c29c-b3a2-4a8b-83d2-50752c6e8f09]633;C=== STEP 82: REMOVE UNUSED BLINDS V2 STAGING VAR ===
timestamp_utc=2026-04-17T05:26:53Z

=== BEFORE ===
31:    fbBlindsV2Staging : FB_Blinds_V2_Staging;

=== APPLY ===
OK: removed unused fbBlindsV2Staging declaration

=== AFTER ===

=== ROOT REFERENCES AFTER CLEANUP ===
./FB_Blinds_V2_Staging.st:1:FUNCTION_BLOCK FB_Blinds_V2_Staging
./FB_Lighting_Blinds_Manager.st:310:// Inlined from FB_Blinds_V2_Staging

=== DIFF ===
diff --git a/FB_Lighting_Blinds_Manager.st b/FB_Lighting_Blinds_Manager.st
index 315c75d..c6247b2 100644
--- a/FB_Lighting_Blinds_Manager.st
+++ b/FB_Lighting_Blinds_Manager.st
@@ -28,7 +28,6 @@ VAR_OUTPUT
 END_VAR
 VAR
     // Blinds V2 shadow (phase2)
-    fbBlindsV2Staging : FB_Blinds_V2_Staging;
     L_Blinds_V2_Command_Shadow : ST_Blinds_Command_V2;
     L_Blinds_V2_State_Shadow : ST_Blinds_State_V2;
     L_Blinds_V2_Shadow_Diff_Found : BOOL;

=== END STEP 82 ===
