]633;E;echo "=== RUN STEP 182 ===";cb07821a-d34c-4035-be1a-7133cf9aa4fd]633;C=== RUN STEP 182 ===
=== STEP 182: AUDIT LIFETIME CLUSTER ===

--- E_Lifetime_Device_Type.dut ---
exists=True
live_refs=0

line_count=7
content_preview:
{attribute 'strict'}
TYPE E_Lifetime_Device_Type :
(
    LIFETIME_DEVICE_PUMP := 1,
    LIFETIME_DEVICE_FAN  := 2
) USINT;
END_TYPE

candidate_token_count=4
candidate_tokens:
E_Lifetime_Device_Type, LIFETIME_DEVICE_FAN, LIFETIME_DEVICE_PUMP, USINT

possible_live_analogs:
  FB_System_Health.st: overlap_score=0
  FB_Fault_Logger.st: overlap_score=0
  FB_State_Manager.st: overlap_score=0
  FB_Safety_Manager.st: overlap_score=0
  GVL_STATE.gvl: overlap_score=0
  GVL_STATUS.gvl: overlap_score=0
  GVL_CONFIG.gvl: overlap_score=0
  GVL_Retain.gvl: overlap_score=0

--- ST_Lifetime_Status.dut ---
exists=True
live_refs=0

line_count=12
content_preview:
{attribute 'pack_mode' := '1'}
TYPE ST_Lifetime_Status :
STRUCT
    device_id : BYTE;
    runtime_hours : UDINT;
    start_count : UDINT;
    remaining_hours : UDINT;
    remaining_percent : BYTE;
    maintenance_required : BOOL;
    last_calc_timestamp : UDINT;
END_STRUCT
END_TYPE

candidate_token_count=8
candidate_tokens:
ST_Lifetime_Status, device_id, last_calc_timestamp, maintenance_required, remaining_hours, remaining_percent, runtime_hours, start_count

possible_live_analogs:
  FB_System_Health.st: overlap_score=0
  FB_Fault_Logger.st: overlap_score=0
  FB_State_Manager.st: overlap_score=0
  FB_Safety_Manager.st: overlap_score=0
  GVL_STATE.gvl: overlap_score=0
  GVL_STATUS.gvl: overlap_score=0
  GVL_CONFIG.gvl: overlap_score=0
  GVL_Retain.gvl: overlap_score=0

=== END STEP 182 ===
