]633;E;echo "=== STEP 204B: PARTIAL SWITCH CO VIA EFFECTIVE ARRAYS ===";048f1674-a031-43cb-9e47-f7004f3b361c]633;C=== STEP 204B: PARTIAL SWITCH CO VIA EFFECTIVE ARRAYS ===
timestamp_utc=2026-04-18T13:47:00Z

=== APPLY ===
OK: partial switch infrastructure via effective arrays applied

=== VERIFY GVL_SAFETY_SELECTOR ===
13:    G_CO_Effective_Array : ARRAY[1..GVL_CONSTANTS.C_MAX_CO_SENSORS] OF REAL;
14:    G_Methane_Effective_Array : ARRAY[1..GVL_CONSTANTS.C_MAX_METHANE_SENSORS] OF REAL;
15:    G_Smoke_Effective_Array : ARRAY[1..GVL_CONSTANTS.C_MAX_SMOKE_SENSORS] OF BOOL;

=== VERIFY PRG_SYSTEM ===
12:L_Safety_Selector_i : INT;
1296:FOR L_Safety_Selector_i := 1 TO GVL_CONSTANTS.C_MAX_CO_SENSORS DO
1297:    GVL_Safety_Selector.G_CO_Effective_Array[L_Safety_Selector_i] := GVL_STATE.G_CO_Sensors[L_Safety_Selector_i];
1300:FOR L_Safety_Selector_i := 1 TO GVL_CONSTANTS.C_MAX_METHANE_SENSORS DO
1301:    GVL_Safety_Selector.G_Methane_Effective_Array[L_Safety_Selector_i] := GVL_STATE.G_Methane_Sensors[L_Safety_Selector_i];
1304:FOR L_Safety_Selector_i := 1 TO GVL_CONSTANTS.C_MAX_SMOKE_SENSORS DO
1305:    GVL_Safety_Selector.G_Smoke_Effective_Array[L_Safety_Selector_i] := GVL_STATE.G_Smoke_Sensors[L_Safety_Selector_i];
1309:IF GVL_Safety_Selector.G_Use_Shadow_CO THEN
1311:    GVL_Safety_Selector.G_CO_Effective_Array[1] := GVL_Sensor_Shadow.G_CO_Calibrated;
1317:IF GVL_Safety_Selector.G_Use_Shadow_Methane THEN
1319:    GVL_Safety_Selector.G_Methane_Effective_Array[1] := GVL_Sensor_Shadow.G_Methane_Calibrated;
1325:IF GVL_Safety_Selector.G_Use_Shadow_Smoke THEN
1327:    GVL_Safety_Selector.G_Smoke_Effective_Array[1] := GVL_Sensor_Shadow.G_Smoke_Detected;

=== VERIFY PRG_SAFETY ===
68:    VI_Methane_LEL := GVL_Safety_Selector.G_Methane_Effective_Array,
69:    VI_CO_PPM := GVL_Safety_Selector.G_CO_Effective_Array,
70:    VI_Smoke_Sensors := GVL_Safety_Selector.G_Smoke_Effective_Array,

=== END STEP 204B ===
