]633;E;echo "=== STEP 16: FIX SCENARIO EVENT SOURCE ===";49e9b1ba-cd38-4ed9-9de0-63e1cde363d8]633;C=== STEP 16: FIX SCENARIO EVENT SOURCE ===
timestamp_utc=2026-04-16T17:05:07Z

=== BEFORE ===
1011:// === EVENT LOGGING: SCENARIO CHANGE ===

=== APPLY ===
OK: scenario event logging now tied to real state transition

=== AFTER ===
1011:// === EVENT LOGGING: SCENARIO CHANGE (DETERMINISTIC) ===

=== CONTEXT ===

// >>> BULK_SYNC_ANCHOR: PRG_System <<<

// === EVENT LOGGING: SCENARIO CHANGE (DETERMINISTIC) ===
IF GVL_STATUS.G_Current_Scenario <> GVL_STATUS.G_Previous_Scenario THEN
    fbLogEvent(
        VI_Event_Type := 1,
        VI_Timestamp := GVL_STATUS.G_System_Time_MS,
        VI_Param1 := TO_UDINT(L_Scenario_Source),
        VI_Param2 := TO_UDINT(GVL_STATUS.G_Current_Scenario)
    );
END_IF;

// === EVENT LOGGING: FAULTS ===

// IO
IF fbSystemHealth.VO_IO_Fault AND NOT L_IO_Fault_Prev THEN
    fbLogEvent(
        VI_Event_Type := 2,
        VI_Timestamp := GVL_STATUS.G_System_Time_MS,
        VI_Param1 := 1,
        VI_Param2 := 1
    );

=== DIFF ===
diff --git a/PRG_System.st b/PRG_System.st
index b889232..531ce52 100644
--- a/PRG_System.st
+++ b/PRG_System.st
@@ -1008,13 +1008,13 @@ GVL_PERSISTENT.P_Valid := L_Persist_Struct.Valid;
 
 // >>> BULK_SYNC_ANCHOR: PRG_System <<<
 
-// === EVENT LOGGING: SCENARIO CHANGE ===
-IF L_Scenario_Changed THEN
+// === EVENT LOGGING: SCENARIO CHANGE (DETERMINISTIC) ===
+IF GVL_STATUS.G_Current_Scenario <> GVL_STATUS.G_Previous_Scenario THEN
     fbLogEvent(
         VI_Event_Type := 1,
         VI_Timestamp := GVL_STATUS.G_System_Time_MS,
         VI_Param1 := TO_UDINT(L_Scenario_Source),
-        VI_Param2 := TO_UDINT(L_Scenario_Intent)
+        VI_Param2 := TO_UDINT(GVL_STATUS.G_Current_Scenario)
     );
 END_IF;
 

=== END STEP 16 ===
