]633;E;echo "=== STEP 148: REMOVE DRY-RUN CLUSTER ===";1082d7f0-2e56-44f1-a435-9222cac375b7]633;C=== STEP 148: REMOVE DRY-RUN CLUSTER ===
timestamp_utc=2026-04-17T20:15:34Z

=== DECISION ===
CLUSTER: DRY-RUN TEST HARNESS
VERDICT: DELETE_NOW
REASON:
- No live references
- Pure test scenario generator
- Not part of runtime graph

=== BEFORE ===
FOUND: FB_DryRun_Assertion_Map.st
FOUND: FB_DryRun_Simulation_Harness.st

=== REMOVE ===
rm 'FB_DryRun_Assertion_Map.st'
rm 'FB_DryRun_Simulation_Harness.st'

=== AFTER ===
REMOVED: FB_DryRun_Assertion_Map.st
REMOVED: FB_DryRun_Simulation_Harness.st

=== RESIDUAL CHECK ===
--- FB_DryRun_Assertion_Map ---
./компилятор/out/RESULT_methods_clean.xml:7568:      <pou name="FB_DryRun_Assertion_Map" pouType="functionBlock">
./компилятор/out/RESULT_methods_clean.xml:7606:// &gt;&gt;&gt; BULK_SYNC_ANCHOR: FB_DryRun_Assertion_Map &lt;&lt;&lt;</xhtml>
./компилятор/out/RESULT_methods_clean.xml:18394:          <Object Name="FB_DryRun_Assertion_Map" ObjectId="4203b9d7-8ff5-4565-8543-83eea852fc6b" />
./workspace/reachable_graph_from_main.md:173:- FB_DryRun_Assertion_Map.st
./workspace/reachable_graph_from_main.md:822:- FB_DryRun_Assertion_Map.st [FUNCTION_BLOCK]
./workspace/dependency_map_live_root.md:99:- FB_DryRun_Assertion_Map.st
./workspace/dependency_map_live_root.md:220:- FB_DryRun_Assertion_Map.st [FUNCTION_BLOCK]
./workspace/dependency_map_live_root.md:296:- FB_DryRun_Assertion_Map.st [FUNCTION_BLOCK]
./workspace/dependency_map_live_root.md:479:### FB_DryRun_Assertion_Map.st [FUNCTION_BLOCK]
./workspace/dependency_map_live_root.md:1316:### FB_DryRun_Assertion_Map.st [FUNCTION_BLOCK]

--- FB_DryRun_Simulation_Harness ---
./компилятор/out/RESULT_methods_clean.xml:11649:      <pou name="FB_DryRun_Simulation_Harness" pouType="functionBlock">
./компилятор/out/RESULT_methods_clean.xml:11776:// &gt;&gt;&gt; BULK_SYNC_ANCHOR: FB_DryRun_Simulation_Harness &lt;&lt;&lt;</xhtml>
./компилятор/out/RESULT_methods_clean.xml:18426:          <Object Name="FB_DryRun_Simulation_Harness" ObjectId="51d5055d-2f5d-4e66-9b2f-e921f52389a4" />
./workspace/reachable_graph_from_main.md:174:- FB_DryRun_Simulation_Harness.st
./workspace/reachable_graph_from_main.md:823:- FB_DryRun_Simulation_Harness.st [FUNCTION_BLOCK]
./workspace/dependency_map_live_root.md:100:- FB_DryRun_Simulation_Harness.st
./workspace/dependency_map_live_root.md:221:- FB_DryRun_Simulation_Harness.st [FUNCTION_BLOCK]
./workspace/dependency_map_live_root.md:297:- FB_DryRun_Simulation_Harness.st [FUNCTION_BLOCK]
./workspace/dependency_map_live_root.md:482:### FB_DryRun_Simulation_Harness.st [FUNCTION_BLOCK]
./workspace/dependency_map_live_root.md:1319:### FB_DryRun_Simulation_Harness.st [FUNCTION_BLOCK]

=== END STEP 148 ===
