]633;E;echo "=== STEP 199F: RESTORE GREEN BASELINE AFTER FAILED SHADOW ===";eb93153d-98c6-4aaa-b3ba-5c3700ed7823]633;C=== STEP 199F: RESTORE GREEN BASELINE AFTER FAILED SHADOW ===
timestamp_utc=2026-04-18T12:12:23Z
restore_commit=2b950430182b66dcd9e2c307b419c1553a592981

=== VERIFY TOP OF PRG_SYSTEM ===
PROGRAM PRG_System
VAR

// === SENSOR PROCESSING (SHADOW) ===
fbSensorCO : FB_Sensor_Analog_Processing;
L_CO_Processed : REAL;


// === LIFETIME MANAGERS ===
fbLifetimePump : FB_Lifetime_Manager;
fbLifetimeFan  : FB_Lifetime_Manager;


    // === TREND WRITE CONTROL ===
    L_Trend_Write : BOOL;
    L_Trend_Write_Prev : BOOL;

    // === TREND → HISTORY BRIDGE ===
    L_Trend_Event : ST_History_Record;

    // === TREND SYSTEM (MVP) ===
    L_Trend_Logger : FB_Trend_Logger;
    L_Trend_Data : ST_Trend_Data;
    L_Trend_Adapter : FB_Trend_Adapter;
    L_Trend_Avg : REAL;
    L_Trend_Min : REAL;
    L_Trend_Max : REAL;
    L_Trend_Up : BOOL;
    L_Trend_Down : BOOL;
    L_Trend_Last_Write_MS : UDINT;
    L_Trend_Last_Written_Avg : REAL;
    L_Trend_Write_Allowed : BOOL;
    L_i : INT;
    L_Motion_Sensors_16 : ARRAY[1..16] OF BOOL;
    // --- ADAPTER LAYER ---
    L_Zone_Valves_8 : ARRAY[1..8] OF BOOL;
    L_Lighting_32   : ARRAY[1..32] OF BYTE;
    L_Lighting_Bool_32 : ARRAY[1..32] OF BOOL;
    L_FloorTemps_8  : ARRAY[1..8] OF REAL;
    fbCoreKernelObserver : FB_CoreKernel_Live_Observer;
    fbSystemHealth : FB_System_Health;
    fbRedundancy : FB_Redundancy_Manager;
    fbGateway : FB_Gateway_Interface;
    fbScenarioManager : FB_Scenario_Manager;
    fbScenarioGuard : FB_Scenario_Transition_Guard;
    fbSimulationManager : FB_Simulation_Manager;
    fbRuleEngine : FB_Rule_Engine;
    fbNVRAMManager : FB_NVRAM_Manager;

    fbBlackBox : FB_BlackBox_Recorder;
    fbAstroTimer : FB_Astro_Timer;
    fbAlarmManager : FB_Alarm_Manager;
    fbHistoryManager : FB_History_Manager;
    fbSafety : FB_Safety_Manager;
    fbStateManager : FB_State_Manager;
    fbWatchdog : FB_Watchdog;
    fbHMIInterface : FB_HMI_Interface;
    fbFaultLogger : FB_Fault_Logger;
    fbLogEvent : FB_LogEvent;
    

=== VERIFY SHADOW SKELETON STILL PRESENT ===
4:// === SENSOR PROCESSING (SHADOW) ===
5:fbSensorCO : FB_Sensor_Analog_Processing;
6:L_CO_Processed : REAL;

=== VERIFY GVL_SENSOR_SHADOW REMOVED ===
GVL_Sensor_Shadow.gvl removed

=== END STEP 199F ===
