]633;E;echo "=== RUN STEP 132 ===";c91143c6-a704-4775-b84b-ecf25abd49a0]633;C=== RUN STEP 132 ===
=== STEP 132: ROOT UNUSED INVENTORY V2 (LIVE ONLY) ===

=== EXCLUDED PREFIXES ===
snapshots/
workspace/
repo_logs/
steps/

=== LIVE ROOT FILES ===
E_ALERT_PRIORITY.dut
E_Debug_Log_Level.dut
E_Gateway_Command_Type.dut
E_Lifetime_Device_Type.dut
E_Outdoor_Mode.dut
E_PLC_ROLE.dut
E_Rule_Action_Type.dut
E_Rule_Comparison.dut
E_Rule_Condition_Type.dut
E_SCENARIO_SOURCE.dut
E_SCENARIO_TYPE.dut
E_SENSOR_TYPE.dut
E_System_Operating_Mode.dut
E_System_Root_Cause.dut
E_System_Severity.dut
E_Trend_Parameter_Type.dut
E_TwoFactor_Method.dut
E_VALVE_TYPE.dut
E_VENTILATION_LOCATION.dut
E_VENTILATION_UNIT_TYPE.dut
E_Valve_Test_Result.dut
E_WEATHER_COMPENSATION_METHOD.dut
E_Zone_Access_Level.dut
FB_AccessCode_Manager.st
FB_Access_Control.st
FB_Alarm_Manager.st
FB_Analog_Validator.st
FB_Astro_Timer.st
FB_BlackBox_Recorder.st
FB_Boiler_Cascade_Manager.st
FB_Boiler_OpenTherm_Interface.st
FB_CO_Detector.st
FB_CRC32_Calculator.st
FB_Calibration_Manager.st
FB_Command_Deduplication.st
FB_CoreKernel_Live_Observer.st
FB_DHW_Manager.st
FB_Debug_Logger.st
FB_Device_Predictive_Diag.st
FB_DryRun_Assertion_Map.st
FB_DryRun_Simulation_Harness.st
FB_Emergency_Valve_Open.st
FB_Exhaust_Ventilation_Controller.st
FB_Fault_Logger.st
FB_FloorHeating_Controller.st
FB_FloorHeating_Freeze_Protection.st
FB_FloorHeating_Overheat_Protection.st
FB_Gas_Methane_Detector.st
FB_Gas_Smoke_Manager.st
FB_Gas_Valve_Controller.st
FB_Gateway_Interface.st
FB_HMAC_SHA1.st
FB_HMI_Interface.st
FB_Heating_System_Manager.st
FB_History_Manager.st
FB_IO_Module_Watchdog.st
FB_Lifetime_Predictor.st
FB_Lighting_Blinds_Manager.st
FB_LogEvent.st
FB_Maintenance_Access.st
FB_Manifold_Pump_Controller.st
FB_Manual_Valve_Control.st
FB_NVRAM_Manager.st
FB_Outdoor_Lighting_Controller.st
FB_PID_Controller.st
FB_PLC_Heartbeat.st
FB_Pre_Departure_Heating.st
FB_Presence_Playback.st
FB_Presence_Simulator.st
FB_Random_Generator.st
FB_Redundancy_Manager.st
FB_Rule_Engine.st
FB_SHA1.st
FB_Safety_Manager.st
FB_Scenario_Manager.st
FB_Scenario_Transition_Controller.st
FB_Scenario_Transition_Guard.st
FB_Security_Alarm.st
FB_Security_System_Manager.st
FB_Sensor_Analog_Processing.st
FB_Sensor_Calibration.st
FB_Sensor_Calibration_Processor.st
FB_Sensor_Distribution.st
FB_Simulation_Manager.st
FB_Smoke_Detector.st
FB_Socket_Manager.st
FB_State_Manager.st
FB_State_Manager_MVP.st
FB_State_Replication.st
FB_State_Snapshot_Manager.st
FB_State_Snapshot_NVRAM.st
FB_Supply_Ventilation_Controller.st
FB_System_Health.st
FB_System_Timer.st
FB_System_Timer_TOF.st
FB_Trend_Analyzer.st
FB_Trend_Logger.st
FB_TwoFactor_Auth.st
FB_Valve_Test.st
FB_Valve_Test_Manager.st
FB_Ventilation_System_Manager.st
FB_Watchdog.st
FB_Water_Leakage_Manager.st
FB_Water_Valve_Controller.st
FB_Zone_Access_Manager.st
GVL_ALARM.gvl
GVL_BlackBox.gvl
GVL_COMMAND.gvl
GVL_CONFIG.gvl
GVL_CONSTANTS.gvl
GVL_DEBUG.gvl
GVL_EVENT.gvl
GVL_GATEWAY.gvl
GVL_HEALTH_BRIDGE.gvl
GVL_IO.gvl
GVL_MODBUS.gvl
GVL_PERSISTENT.gvl
GVL_Retain.gvl
GVL_STATE.gvl
GVL_STATUS.gvl
GVL_TIME.gvl
IValveController.st
MAIN.st
PRG_DryRun_TestRig.st
PRG_Heating.st
PRG_IO_Read.st
PRG_IO_Write.st
PRG_Lighting.st
PRG_PLC_A.st
PRG_PLC_B.st
PRG_Safety.st
PRG_Security.st
PRG_System.st
PRG_Test.st
PRG_Ventilation.st
ST_Alarm_Record.dut
ST_Astro_Time.dut
ST_BlackBox_Record.dut
ST_BlackBox_Snapshot_V2.dut
ST_Blinds_Command_V2.dut
ST_Blinds_State_V2.dut
ST_Boiler_Status.dut
ST_Component_Maintenance.dut
ST_DHW_Command_V2.dut
ST_DHW_Config.dut
ST_DHW_State_V2.dut
ST_DHW_Status.dut
ST_Debug_Log_Record.dut
ST_Debug_Logger_Config.dut
ST_Device_Health.dut
ST_EVENT.dut
ST_Flood_Config.dut
ST_Flood_Global_Config.dut
ST_FloorHeating_Circuit_Config.dut
ST_FloorHeating_Global_Config.dut
ST_FloorHeating_Manifold_Config.dut
ST_Gas_Valve_Configuration.dut
ST_Gateway_Command.dut
ST_Heating_Command_V2.dut
ST_Heating_Config.dut
ST_Heating_State_V2.dut
ST_History_Event_V2.dut
ST_History_Record.dut
ST_Lifetime_Status.dut
ST_Lighting_Command_V2.dut
ST_Lighting_State_V2.dut
ST_Maintenance_Access_Config.dut
ST_Manifold_Status.dut
ST_Operator_Zone_Rights.dut
ST_Outdoor_Zone_Config.dut
ST_Owen_Analog_Value.dut
ST_Rule.dut
ST_Rule_Action.dut
ST_Scenario_Config.dut
ST_Scenario_Transition_Config.dut
ST_Security_Global_Config.dut
ST_Security_Zone_State.dut
ST_Sensor_Calibration_Record.dut
ST_Socket_Command_V2.dut
ST_Socket_State_V2.dut
ST_State_Snapshot.dut
ST_System_Diagnostics.dut
ST_System_State_Snapshot.dut
ST_System_State_Summary.dut
ST_Tariff_Config.dut
ST_Trend_Config.dut
ST_Trend_Data.dut
ST_Trend_Header.dut
ST_Trend_History_Record.dut
ST_TwoFactor_Auth_State.dut
ST_TwoFactor_Data.dut
ST_User_Rule.dut
ST_Valve_Test_Config.dut
ST_Ventilation_Command_V2.dut
ST_Ventilation_Config.dut
ST_Ventilation_Global_Config.dut
ST_Ventilation_Scenario_Mode.dut
ST_Ventilation_State_V2.dut
ST_Ventilation_Unit.dut
ST_Ventilation_Unit_Config.dut
ST_Zone_Sensors.dut

=== PER-FILE INVENTORY ===
E_ALERT_PRIORITY.dut | type=.dut | symbol=E_ALERT_PRIORITY | external_refs=4
  FB_Alarm_Manager.st
  PRG_System.st
  ST_Alarm_Record.dut
  ST_History_Record.dut
E_Debug_Log_Level.dut | type=.dut | symbol=E_Debug_Log_Level | external_refs=2
  FB_Debug_Logger.st
  ST_Debug_Log_Record.dut
E_Gateway_Command_Type.dut | type=.dut | symbol=E_Gateway_Command_Type | external_refs=3
  FB_Command_Deduplication.st
  FB_Gateway_Interface.st
  ST_Gateway_Command.dut
E_Lifetime_Device_Type.dut | type=.dut | symbol=E_Lifetime_Device_Type | external_refs=0
E_Outdoor_Mode.dut | type=.dut | symbol=E_Outdoor_Mode | external_refs=0
E_PLC_ROLE.dut | type=.dut | symbol=E_PLC_ROLE | external_refs=4
  FB_Gateway_Interface.st
  FB_Redundancy_Manager.st
  FB_State_Replication.st
  PRG_System.st
E_Rule_Action_Type.dut | type=.dut | symbol=E_Rule_Action_Type | external_refs=7
  FB_Heating_System_Manager.st
  FB_Lighting_Blinds_Manager.st
  FB_Socket_Manager.st
  FB_Ventilation_System_Manager.st
  PRG_System.st
  ST_Rule_Action.dut
  ST_User_Rule.dut
E_Rule_Comparison.dut | type=.dut | symbol=E_Rule_Comparison | external_refs=2
  FB_Rule_Engine.st
  ST_User_Rule.dut
E_Rule_Condition_Type.dut | type=.dut | symbol=E_Rule_Condition_Type | external_refs=2
  FB_Rule_Engine.st
  ST_User_Rule.dut
E_SCENARIO_SOURCE.dut | type=.dut | symbol=E_SCENARIO_SOURCE | external_refs=1
  PRG_System.st
E_SCENARIO_TYPE.dut | type=.dut | symbol=E_SCENARIO_TYPE | external_refs=16
  FB_Gateway_Interface.st
  FB_Heating_System_Manager.st
  FB_Lighting_Blinds_Manager.st
  FB_Scenario_Manager.st
  FB_Scenario_Transition_Guard.st
  FB_Simulation_Manager.st
  FB_Socket_Manager.st
  FB_Ventilation_System_Manager.st
  GVL_COMMAND.gvl
  GVL_STATUS.gvl
  PRG_System.st
  ST_Gateway_Command.dut
  ST_Scenario_Config.dut
  ST_Scenario_Transition_Config.dut
  ST_State_Snapshot.dut
  ST_System_State_Snapshot.dut
E_SENSOR_TYPE.dut | type=.dut | symbol=E_SENSOR_TYPE | external_refs=1
  ST_Sensor_Calibration_Record.dut
E_System_Operating_Mode.dut | type=.dut | symbol=E_System_Operating_Mode | external_refs=15
  DUT/ST_Persist.dut
  FB_Access_Control.st
  FB_DHW_Manager.st
  FB_Heating_System_Manager.st
  FB_Lighting_Blinds_Manager.st
  FB_Scenario_Manager.st
  FB_State_Manager.st
  FB_Ventilation_System_Manager.st
  GVL_PERSISTENT.gvl
  GVL_STATE.gvl
  PRG_Heating.st
  PRG_Safety.st
  PRG_System.st
  PRG_Ventilation.st
  ST_BlackBox_Record.dut
E_System_Root_Cause.dut | type=.dut | symbol=E_System_Root_Cause | external_refs=5
  FB_Fault_Logger.st
  FB_HMI_Interface.st
  FB_State_Manager.st
  FB_System_Health.st
  PRG_System.st
E_System_Severity.dut | type=.dut | symbol=E_System_Severity | external_refs=4
  FB_Fault_Logger.st
  FB_HMI_Interface.st
  FB_State_Manager.st
  FB_System_Health.st
E_Trend_Parameter_Type.dut | type=.dut | symbol=E_Trend_Parameter_Type | external_refs=2
  ST_Trend_Config.dut
  ST_Trend_Header.dut
E_TwoFactor_Method.dut | type=.dut | symbol=E_TwoFactor_Method | external_refs=4
  FB_Security_System_Manager.st
  FB_TwoFactor_Auth.st
  ST_TwoFactor_Auth_State.dut
  ST_TwoFactor_Data.dut
E_VALVE_TYPE.dut | type=.dut | symbol=E_VALVE_TYPE | external_refs=2
  ST_Flood_Global_Config.dut
  ST_Gas_Valve_Configuration.dut
E_VENTILATION_LOCATION.dut | type=.dut | symbol=E_VENTILATION_LOCATION | external_refs=1
  ST_Ventilation_Unit_Config.dut
E_VENTILATION_UNIT_TYPE.dut | type=.dut | symbol=E_VENTILATION_UNIT_TYPE | external_refs=1
  ST_Ventilation_Unit_Config.dut
E_Valve_Test_Result.dut | type=.dut | symbol=E_Valve_Test_Result | external_refs=1
  FB_Valve_Test.st
E_WEATHER_COMPENSATION_METHOD.dut | type=.dut | symbol=E_WEATHER_COMPENSATION_METHOD | external_refs=0
E_Zone_Access_Level.dut | type=.dut | symbol=E_Zone_Access_Level | external_refs=1
  FB_Zone_Access_Manager.st
FB_AccessCode_Manager.st | type=.st | symbol=FB_AccessCode_Manager | external_refs=2
  FB_Access_Control.st
  FB_Security_System_Manager.st
FB_Access_Control.st | type=.st | symbol=FB_Access_Control | external_refs=1
  PRG_Security.st
FB_Alarm_Manager.st | type=.st | symbol=FB_Alarm_Manager | external_refs=1
  PRG_System.st
FB_Analog_Validator.st | type=.st | symbol=FB_Analog_Validator | external_refs=3
  FB_DHW_Manager.st
  FB_Heating_System_Manager.st
  PRG_Test.st
FB_Astro_Timer.st | type=.st | symbol=FB_Astro_Timer | external_refs=2
  FB_Security_System_Manager.st
  PRG_System.st
FB_BlackBox_Recorder.st | type=.st | symbol=FB_BlackBox_Recorder | external_refs=1
  PRG_System.st
FB_Boiler_Cascade_Manager.st | type=.st | symbol=FB_Boiler_Cascade_Manager | external_refs=1
  FB_Heating_System_Manager.st
FB_Boiler_OpenTherm_Interface.st | type=.st | symbol=FB_Boiler_OpenTherm_Interface | external_refs=1
  FB_Heating_System_Manager.st
FB_CO_Detector.st | type=.st | symbol=FB_CO_Detector | external_refs=0
FB_CRC32_Calculator.st | type=.st | symbol=FB_CRC32_Calculator | external_refs=2
  FB_AccessCode_Manager.st
  FB_Gateway_Interface.st
FB_Calibration_Manager.st | type=.st | symbol=FB_Calibration_Manager | external_refs=0
FB_Command_Deduplication.st | type=.st | symbol=FB_Command_Deduplication | external_refs=1
  FB_Gateway_Interface.st
FB_CoreKernel_Live_Observer.st | type=.st | symbol=FB_CoreKernel_Live_Observer | external_refs=1
  PRG_System.st
FB_DHW_Manager.st | type=.st | symbol=FB_DHW_Manager | external_refs=1
  PRG_Heating.st
FB_Debug_Logger.st | type=.st | symbol=FB_Debug_Logger | external_refs=0
FB_Device_Predictive_Diag.st | type=.st | symbol=FB_Device_Predictive_Diag | external_refs=1
  FB_Heating_System_Manager.st
FB_DryRun_Assertion_Map.st | type=.st | symbol=FB_DryRun_Assertion_Map | external_refs=1
  PRG_DryRun_TestRig.st
FB_DryRun_Simulation_Harness.st | type=.st | symbol=FB_DryRun_Simulation_Harness | external_refs=1
  PRG_DryRun_TestRig.st
FB_Emergency_Valve_Open.st | type=.st | symbol=FB_Emergency_Valve_Open | external_refs=0
FB_Exhaust_Ventilation_Controller.st | type=.st | symbol=FB_Exhaust_Ventilation_Controller | external_refs=0
FB_Fault_Logger.st | type=.st | symbol=FB_Fault_Logger | external_refs=1
  PRG_System.st
FB_FloorHeating_Controller.st | type=.st | symbol=FB_FloorHeating_Controller | external_refs=1
  FB_Heating_System_Manager.st
FB_FloorHeating_Freeze_Protection.st | type=.st | symbol=FB_FloorHeating_Freeze_Protection | external_refs=0
FB_FloorHeating_Overheat_Protection.st | type=.st | symbol=FB_FloorHeating_Overheat_Protection | external_refs=0
FB_Gas_Methane_Detector.st | type=.st | symbol=FB_Gas_Methane_Detector | external_refs=0
FB_Gas_Smoke_Manager.st | type=.st | symbol=FB_Gas_Smoke_Manager | external_refs=1
  PRG_Safety.st
FB_Gas_Valve_Controller.st | type=.st | symbol=FB_Gas_Valve_Controller | external_refs=0
FB_Gateway_Interface.st | type=.st | symbol=FB_Gateway_Interface | external_refs=1
  PRG_System.st
FB_HMAC_SHA1.st | type=.st | symbol=FB_HMAC_SHA1 | external_refs=1
  FB_TwoFactor_Auth.st
FB_HMI_Interface.st | type=.st | symbol=FB_HMI_Interface | external_refs=1
  PRG_System.st
FB_Heating_System_Manager.st | type=.st | symbol=FB_Heating_System_Manager | external_refs=1
  PRG_Heating.st
FB_History_Manager.st | type=.st | symbol=FB_History_Manager | external_refs=1
  PRG_System.st
FB_IO_Module_Watchdog.st | type=.st | symbol=FB_IO_Module_Watchdog | external_refs=1
  PRG_IO_Read.st
FB_Lifetime_Predictor.st | type=.st | symbol=FB_Lifetime_Predictor | external_refs=1
  FB_Heating_System_Manager.st
FB_Lighting_Blinds_Manager.st | type=.st | symbol=FB_Lighting_Blinds_Manager | external_refs=1
  PRG_Lighting.st
FB_LogEvent.st | type=.st | symbol=FB_LogEvent | external_refs=1
  PRG_System.st
FB_Maintenance_Access.st | type=.st | symbol=FB_Maintenance_Access | external_refs=0
FB_Manifold_Pump_Controller.st | type=.st | symbol=FB_Manifold_Pump_Controller | external_refs=0
FB_Manual_Valve_Control.st | type=.st | symbol=FB_Manual_Valve_Control | external_refs=0
FB_NVRAM_Manager.st | type=.st | symbol=FB_NVRAM_Manager | external_refs=1
  PRG_System.st
FB_Outdoor_Lighting_Controller.st | type=.st | symbol=FB_Outdoor_Lighting_Controller | external_refs=0
FB_PID_Controller.st | type=.st | symbol=FB_PID_Controller | external_refs=4
  FB_FloorHeating_Controller.st
  FB_Heating_System_Manager.st
  FB_Supply_Ventilation_Controller.st
  FB_Ventilation_System_Manager.st
FB_PLC_Heartbeat.st | type=.st | symbol=FB_PLC_Heartbeat | external_refs=1
  FB_Redundancy_Manager.st
FB_Pre_Departure_Heating.st | type=.st | symbol=FB_Pre_Departure_Heating | external_refs=0
FB_Presence_Playback.st | type=.st | symbol=FB_Presence_Playback | external_refs=1
  FB_Presence_Simulator.st
FB_Presence_Simulator.st | type=.st | symbol=FB_Presence_Simulator | external_refs=0
FB_Random_Generator.st | type=.st | symbol=FB_Random_Generator | external_refs=2
  FB_Simulation_Manager.st
  PRG_Test.st
FB_Redundancy_Manager.st | type=.st | symbol=FB_Redundancy_Manager | external_refs=1
  PRG_System.st
FB_Rule_Engine.st | type=.st | symbol=FB_Rule_Engine | external_refs=1
  PRG_System.st
FB_SHA1.st | type=.st | symbol=FB_SHA1 | external_refs=1
  FB_HMAC_SHA1.st
FB_Safety_Manager.st | type=.st | symbol=FB_Safety_Manager | external_refs=1
  PRG_System.st
FB_Scenario_Manager.st | type=.st | symbol=FB_Scenario_Manager | external_refs=1
  PRG_System.st
FB_Scenario_Transition_Controller.st | type=.st | symbol=FB_Scenario_Transition_Controller | external_refs=2
  FB_Heating_System_Manager.st
  FB_Lighting_Blinds_Manager.st
FB_Scenario_Transition_Guard.st | type=.st | symbol=FB_Scenario_Transition_Guard | external_refs=1
  PRG_System.st
FB_Security_Alarm.st | type=.st | symbol=FB_Security_Alarm | external_refs=0
FB_Security_System_Manager.st | type=.st | symbol=FB_Security_System_Manager | external_refs=1
  PRG_Security.st
FB_Sensor_Analog_Processing.st | type=.st | symbol=FB_Sensor_Analog_Processing | external_refs=0
FB_Sensor_Calibration.st | type=.st | symbol=FB_Sensor_Calibration | external_refs=0
FB_Sensor_Calibration_Processor.st | type=.st | symbol=FB_Sensor_Calibration_Processor | external_refs=0
FB_Sensor_Distribution.st | type=.st | symbol=FB_Sensor_Distribution | external_refs=0
FB_Simulation_Manager.st | type=.st | symbol=FB_Simulation_Manager | external_refs=1
  PRG_System.st
FB_Smoke_Detector.st | type=.st | symbol=FB_Smoke_Detector | external_refs=0
FB_Socket_Manager.st | type=.st | symbol=FB_Socket_Manager | external_refs=1
  PRG_Lighting.st
FB_State_Manager.st | type=.st | symbol=FB_State_Manager | external_refs=2
  FB_State_Manager_MVP.st
  PRG_System.st
FB_State_Manager_MVP.st | type=.st | symbol=FB_State_Manager_MVP | external_refs=0
FB_State_Replication.st | type=.st | symbol=FB_State_Replication | external_refs=1
  FB_Redundancy_Manager.st
FB_State_Snapshot_Manager.st | type=.st | symbol=FB_State_Snapshot_Manager | external_refs=0
FB_State_Snapshot_NVRAM.st | type=.st | symbol=FB_State_Snapshot_NVRAM | external_refs=0
FB_Supply_Ventilation_Controller.st | type=.st | symbol=FB_Supply_Ventilation_Controller | external_refs=0
FB_System_Health.st | type=.st | symbol=FB_System_Health | external_refs=1
  PRG_System.st
FB_System_Timer.st | type=.st | symbol=FB_System_Timer | external_refs=10
  FB_Alarm_Manager.st
  FB_Calibration_Manager.st
  FB_DHW_Manager.st
  FB_Device_Predictive_Diag.st
  FB_Gas_Smoke_Manager.st
  FB_Heating_System_Manager.st
  FB_Redundancy_Manager.st
  FB_Security_System_Manager.st
  FB_Water_Leakage_Manager.st
  PRG_IO_Read.st
FB_System_Timer_TOF.st | type=.st | symbol=FB_System_Timer_TOF | external_refs=2
  FB_Lighting_Blinds_Manager.st
  FB_Ventilation_System_Manager.st
FB_Trend_Analyzer.st | type=.st | symbol=FB_Trend_Analyzer | external_refs=0
FB_Trend_Logger.st | type=.st | symbol=FB_Trend_Logger | external_refs=0
FB_TwoFactor_Auth.st | type=.st | symbol=FB_TwoFactor_Auth | external_refs=2
  FB_Security_System_Manager.st
  PRG_Test.st
FB_Valve_Test.st | type=.st | symbol=FB_Valve_Test | external_refs=0
FB_Valve_Test_Manager.st | type=.st | symbol=FB_Valve_Test_Manager | external_refs=1
  FB_Heating_System_Manager.st
FB_Ventilation_System_Manager.st | type=.st | symbol=FB_Ventilation_System_Manager | external_refs=1
  PRG_Ventilation.st
FB_Watchdog.st | type=.st | symbol=FB_Watchdog | external_refs=1
  PRG_System.st
FB_Water_Leakage_Manager.st | type=.st | symbol=FB_Water_Leakage_Manager | external_refs=1
  PRG_Safety.st
FB_Water_Valve_Controller.st | type=.st | symbol=FB_Water_Valve_Controller | external_refs=0
FB_Zone_Access_Manager.st | type=.st | symbol=FB_Zone_Access_Manager | external_refs=0
GVL_ALARM.gvl | type=.gvl | symbol=GVL_ALARM | external_refs=5
  PRG_IO_Write.st
  PRG_Lighting.st
  PRG_Safety.st
  PRG_Security.st
  PRG_System.st
GVL_BlackBox.gvl | type=.gvl | symbol=GVL_BlackBox | external_refs=0
GVL_COMMAND.gvl | type=.gvl | symbol=GVL_COMMAND | external_refs=8
  PRG_Heating.st
  PRG_IO_Read.st
  PRG_IO_Write.st
  PRG_Lighting.st
  PRG_Safety.st
  PRG_Security.st
  PRG_System.st
  PRG_Ventilation.st
GVL_CONFIG.gvl | type=.gvl | symbol=GVL_CONFIG | external_refs=11
  FB_Access_Control.st
  FB_DHW_Manager.st
  FB_Heating_System_Manager.st
  FB_TwoFactor_Auth.st
  PRG_Heating.st
  PRG_IO_Read.st
  PRG_Lighting.st
  PRG_Safety.st
  PRG_Security.st
  PRG_System.st
  PRG_Ventilation.st
GVL_CONSTANTS.gvl | type=.gvl | symbol=GVL_CONSTANTS | external_refs=58
  FB_AccessCode_Manager.st
  FB_Access_Control.st
  FB_Alarm_Manager.st
  FB_BlackBox_Recorder.st
  FB_Boiler_Cascade_Manager.st
  FB_Boiler_OpenTherm_Interface.st
  FB_Command_Deduplication.st
  FB_DHW_Manager.st
  FB_Debug_Logger.st
  FB_FloorHeating_Freeze_Protection.st
  FB_FloorHeating_Overheat_Protection.st
  FB_Gas_Smoke_Manager.st
  FB_Gateway_Interface.st
  FB_Heating_System_Manager.st
  FB_History_Manager.st
  FB_Lighting_Blinds_Manager.st
  FB_Maintenance_Access.st
  FB_Manual_Valve_Control.st
  FB_Pre_Departure_Heating.st
  FB_Presence_Playback.st
  ... +38 more
GVL_DEBUG.gvl | type=.gvl | symbol=GVL_DEBUG | external_refs=0
GVL_EVENT.gvl | type=.gvl | symbol=GVL_EVENT | external_refs=1
  FB_LogEvent.st
GVL_GATEWAY.gvl | type=.gvl | symbol=GVL_GATEWAY | external_refs=1
  PRG_System.st
GVL_HEALTH_BRIDGE.gvl | type=.gvl | symbol=GVL_HEALTH_BRIDGE | external_refs=3
  PRG_Safety.st
  PRG_System.st
  PRG_Ventilation.st
GVL_IO.gvl | type=.gvl | symbol=GVL_IO | external_refs=4
  PRG_Heating.st
  PRG_IO_Read.st
  PRG_IO_Write.st
  PRG_System.st
GVL_MODBUS.gvl | type=.gvl | symbol=GVL_MODBUS | external_refs=0
GVL_PERSISTENT.gvl | type=.gvl | symbol=GVL_PERSISTENT | external_refs=1
  PRG_System.st
GVL_Retain.gvl | type=.gvl | symbol=GVL_Retain | external_refs=9
  FB_BlackBox_Recorder.st
  FB_Heating_System_Manager.st
  FB_History_Manager.st
  FB_NVRAM_Manager.st
  FB_Presence_Playback.st
  FB_Valve_Test_Manager.st
  GVL_BlackBox.gvl
  PRG_Security.st
  PRG_System.st
GVL_STATE.gvl | type=.gvl | symbol=GVL_STATE | external_refs=12
  FB_DHW_Manager.st
  FB_Heating_System_Manager.st
  FB_Lighting_Blinds_Manager.st
  FB_Ventilation_System_Manager.st
  PRG_Heating.st
  PRG_IO_Read.st
  PRG_IO_Write.st
  PRG_Lighting.st
  PRG_Safety.st
  PRG_Security.st
  PRG_System.st
  PRG_Ventilation.st
GVL_STATUS.gvl | type=.gvl | symbol=GVL_STATUS | external_refs=9
  FB_Astro_Timer.st
  PRG_Heating.st
  PRG_IO_Read.st
  PRG_IO_Write.st
  PRG_Lighting.st
  PRG_Safety.st
  PRG_Security.st
  PRG_System.st
  PRG_Ventilation.st
GVL_TIME.gvl | type=.gvl | symbol=GVL_TIME | external_refs=0
IValveController.st | type=.st | symbol=IValveController | external_refs=2
  FB_Gas_Valve_Controller.st
  FB_Water_Valve_Controller.st
MAIN.st | type=.st | symbol=MAIN | external_refs=0
PRG_DryRun_TestRig.st | type=.st | symbol=PRG_DryRun_TestRig | external_refs=0
PRG_Heating.st | type=.st | symbol=PRG_Heating | external_refs=1
  MAIN.st
PRG_IO_Read.st | type=.st | symbol=PRG_IO_Read | external_refs=1
  MAIN.st
PRG_IO_Write.st | type=.st | symbol=PRG_IO_Write | external_refs=1
  MAIN.st
PRG_Lighting.st | type=.st | symbol=PRG_Lighting | external_refs=1
  MAIN.st
PRG_PLC_A.st | type=.st | symbol=PRG_PLC_A | external_refs=0
PRG_PLC_B.st | type=.st | symbol=PRG_PLC_B | external_refs=0
PRG_Safety.st | type=.st | symbol=PRG_Safety | external_refs=3
  FB_Gas_Smoke_Manager.st
  FB_Water_Leakage_Manager.st
  MAIN.st
PRG_Security.st | type=.st | symbol=PRG_Security | external_refs=1
  MAIN.st
PRG_System.st | type=.st | symbol=PRG_System | external_refs=4
  MAIN.st
  PRG_PLC_A.st
  PRG_PLC_B.st
  PRG_Safety.st
PRG_Test.st | type=.st | symbol=PRG_Test | external_refs=1
  MAIN.st
PRG_Ventilation.st | type=.st | symbol=PRG_Ventilation | external_refs=1
  MAIN.st
ST_Alarm_Record.dut | type=.dut | symbol=ST_Alarm_Record | external_refs=2
  FB_Alarm_Manager.st
  GVL_ALARM.gvl
ST_Astro_Time.dut | type=.dut | symbol=ST_Astro_Time | external_refs=0
ST_BlackBox_Record.dut | type=.dut | symbol=ST_BlackBox_Record | external_refs=3
  FB_BlackBox_Recorder.st
  GVL_Retain.gvl
  PRG_System.st
ST_BlackBox_Snapshot_V2.dut | type=.dut | symbol=ST_BlackBox_Snapshot_V2 | external_refs=0
ST_Blinds_Command_V2.dut | type=.dut | symbol=ST_Blinds_Command_V2 | external_refs=0
ST_Blinds_State_V2.dut | type=.dut | symbol=ST_Blinds_State_V2 | external_refs=0
ST_Boiler_Status.dut | type=.dut | symbol=ST_Boiler_Status | external_refs=2
  FB_Heating_System_Manager.st
  GVL_STATUS.gvl
ST_Component_Maintenance.dut | type=.dut | symbol=ST_Component_Maintenance | external_refs=1
  ST_Zone_Sensors.dut
ST_DHW_Command_V2.dut | type=.dut | symbol=ST_DHW_Command_V2 | external_refs=0
ST_DHW_Config.dut | type=.dut | symbol=ST_DHW_Config | external_refs=2
  FB_DHW_Manager.st
  GVL_CONFIG.gvl
ST_DHW_State_V2.dut | type=.dut | symbol=ST_DHW_State_V2 | external_refs=0
ST_DHW_Status.dut | type=.dut | symbol=ST_DHW_Status | external_refs=2
  FB_DHW_Manager.st
  GVL_STATUS.gvl
ST_Debug_Log_Record.dut | type=.dut | symbol=ST_Debug_Log_Record | external_refs=1
  FB_Debug_Logger.st
ST_Debug_Logger_Config.dut | type=.dut | symbol=ST_Debug_Logger_Config | external_refs=1
  FB_Debug_Logger.st
ST_Device_Health.dut | type=.dut | symbol=ST_Device_Health | external_refs=3
  FB_Device_Predictive_Diag.st
  GVL_DEBUG.gvl
  ST_Manifold_Status.dut
ST_EVENT.dut | type=.dut | symbol=ST_EVENT | external_refs=1
  GVL_EVENT.gvl
ST_Flood_Config.dut | type=.dut | symbol=ST_Flood_Config | external_refs=1
  GVL_CONFIG.gvl
ST_Flood_Global_Config.dut | type=.dut | symbol=ST_Flood_Global_Config | external_refs=2
  FB_Water_Leakage_Manager.st
  GVL_CONFIG.gvl
ST_FloorHeating_Circuit_Config.dut | type=.dut | symbol=ST_FloorHeating_Circuit_Config | external_refs=4
  FB_FloorHeating_Controller.st
  FB_Heating_System_Manager.st
  GVL_CONFIG.gvl
  ST_FloorHeating_Manifold_Config.dut
ST_FloorHeating_Global_Config.dut | type=.dut | symbol=ST_FloorHeating_Global_Config | external_refs=0
ST_FloorHeating_Manifold_Config.dut | type=.dut | symbol=ST_FloorHeating_Manifold_Config | external_refs=0
ST_Gas_Valve_Configuration.dut | type=.dut | symbol=ST_Gas_Valve_Configuration | external_refs=2
  FB_Gas_Valve_Controller.st
  GVL_CONFIG.gvl
ST_Gateway_Command.dut | type=.dut | symbol=ST_Gateway_Command | external_refs=2
  FB_Gateway_Interface.st
  GVL_GATEWAY.gvl
ST_Heating_Command_V2.dut | type=.dut | symbol=ST_Heating_Command_V2 | external_refs=0
ST_Heating_Config.dut | type=.dut | symbol=ST_Heating_Config | external_refs=2
  FB_Heating_System_Manager.st
  GVL_CONFIG.gvl
ST_Heating_State_V2.dut | type=.dut | symbol=ST_Heating_State_V2 | external_refs=0
ST_History_Event_V2.dut | type=.dut | symbol=ST_History_Event_V2 | external_refs=0
ST_History_Record.dut | type=.dut | symbol=ST_History_Record | external_refs=3
  FB_History_Manager.st
  GVL_Retain.gvl
  PRG_System.st
ST_Lifetime_Status.dut | type=.dut | symbol=ST_Lifetime_Status | external_refs=0
ST_Lighting_Command_V2.dut | type=.dut | symbol=ST_Lighting_Command_V2 | external_refs=0
ST_Lighting_State_V2.dut | type=.dut | symbol=ST_Lighting_State_V2 | external_refs=0
ST_Maintenance_Access_Config.dut | type=.dut | symbol=ST_Maintenance_Access_Config | external_refs=0
ST_Manifold_Status.dut | type=.dut | symbol=ST_Manifold_Status | external_refs=2
  FB_Heating_System_Manager.st
  GVL_STATUS.gvl
ST_Operator_Zone_Rights.dut | type=.dut | symbol=ST_Operator_Zone_Rights | external_refs=1
  FB_Zone_Access_Manager.st
ST_Outdoor_Zone_Config.dut | type=.dut | symbol=ST_Outdoor_Zone_Config | external_refs=1
  GVL_CONFIG.gvl
ST_Owen_Analog_Value.dut | type=.dut | symbol=ST_Owen_Analog_Value | external_refs=1
  GVL_IO.gvl
ST_Rule.dut | type=.dut | symbol=ST_Rule | external_refs=0
ST_Rule_Action.dut | type=.dut | symbol=ST_Rule_Action | external_refs=6
  FB_Heating_System_Manager.st
  FB_Lighting_Blinds_Manager.st
  FB_Rule_Engine.st
  FB_Socket_Manager.st
  FB_Ventilation_System_Manager.st
  GVL_STATE.gvl
ST_Scenario_Config.dut | type=.dut | symbol=ST_Scenario_Config | external_refs=4
  FB_Heating_System_Manager.st
  FB_Lighting_Blinds_Manager.st
  FB_Simulation_Manager.st
  GVL_CONFIG.gvl
ST_Scenario_Transition_Config.dut | type=.dut | symbol=ST_Scenario_Transition_Config | external_refs=0
ST_Security_Global_Config.dut | type=.dut | symbol=ST_Security_Global_Config | external_refs=3
  FB_Access_Control.st
  FB_Security_System_Manager.st
  GVL_CONFIG.gvl
ST_Security_Zone_State.dut | type=.dut | symbol=ST_Security_Zone_State | external_refs=0
ST_Sensor_Calibration_Record.dut | type=.dut | symbol=ST_Sensor_Calibration_Record | external_refs=3
  FB_Calibration_Manager.st
  FB_Sensor_Calibration_Processor.st
  GVL_CONFIG.gvl
ST_Socket_Command_V2.dut | type=.dut | symbol=ST_Socket_Command_V2 | external_refs=0
ST_Socket_State_V2.dut | type=.dut | symbol=ST_Socket_State_V2 | external_refs=0
ST_State_Snapshot.dut | type=.dut | symbol=ST_State_Snapshot | external_refs=2
  FB_State_Snapshot_Manager.st
  FB_State_Snapshot_NVRAM.st
ST_System_Diagnostics.dut | type=.dut | symbol=ST_System_Diagnostics | external_refs=1
  GVL_STATUS.gvl
ST_System_State_Snapshot.dut | type=.dut | symbol=ST_System_State_Snapshot | external_refs=3
  FB_Redundancy_Manager.st
  FB_State_Replication.st
  PRG_System.st
ST_System_State_Summary.dut | type=.dut | symbol=ST_System_State_Summary | external_refs=0
ST_Tariff_Config.dut | type=.dut | symbol=ST_Tariff_Config | external_refs=3
  FB_FloorHeating_Controller.st
  FB_Heating_System_Manager.st
  GVL_CONFIG.gvl
ST_Trend_Config.dut | type=.dut | symbol=ST_Trend_Config | external_refs=2
  FB_Trend_Logger.st
  ST_Trend_Data.dut
ST_Trend_Data.dut | type=.dut | symbol=ST_Trend_Data | external_refs=1
  FB_Trend_Logger.st
ST_Trend_Header.dut | type=.dut | symbol=ST_Trend_Header | external_refs=0
ST_Trend_History_Record.dut | type=.dut | symbol=ST_Trend_History_Record | external_refs=0
ST_TwoFactor_Auth_State.dut | type=.dut | symbol=ST_TwoFactor_Auth_State | external_refs=1
  FB_TwoFactor_Auth.st
ST_TwoFactor_Data.dut | type=.dut | symbol=ST_TwoFactor_Data | external_refs=0
ST_User_Rule.dut | type=.dut | symbol=ST_User_Rule | external_refs=2
  FB_Rule_Engine.st
  GVL_CONFIG.gvl
ST_Valve_Test_Config.dut | type=.dut | symbol=ST_Valve_Test_Config | external_refs=3
  FB_Heating_System_Manager.st
  FB_Valve_Test_Manager.st
  GVL_CONFIG.gvl
ST_Ventilation_Command_V2.dut | type=.dut | symbol=ST_Ventilation_Command_V2 | external_refs=0
ST_Ventilation_Config.dut | type=.dut | symbol=ST_Ventilation_Config | external_refs=1
  GVL_CONFIG.gvl
ST_Ventilation_Global_Config.dut | type=.dut | symbol=ST_Ventilation_Global_Config | external_refs=2
  FB_Ventilation_System_Manager.st
  GVL_CONFIG.gvl
ST_Ventilation_Scenario_Mode.dut | type=.dut | symbol=ST_Ventilation_Scenario_Mode | external_refs=1
  ST_Ventilation_Global_Config.dut
ST_Ventilation_State_V2.dut | type=.dut | symbol=ST_Ventilation_State_V2 | external_refs=0
ST_Ventilation_Unit.dut | type=.dut | symbol=ST_Ventilation_Unit | external_refs=0
ST_Ventilation_Unit_Config.dut | type=.dut | symbol=ST_Ventilation_Unit_Config | external_refs=3
  FB_Exhaust_Ventilation_Controller.st
  FB_Supply_Ventilation_Controller.st
  GVL_CONFIG.gvl
ST_Zone_Sensors.dut | type=.dut | symbol=ST_Zone_Sensors | external_refs=0

=== STRONG CANDIDATES: ZERO EXTERNAL REFS ===
E_Lifetime_Device_Type.dut | type=.dut | symbol=E_Lifetime_Device_Type
E_Outdoor_Mode.dut | type=.dut | symbol=E_Outdoor_Mode
E_WEATHER_COMPENSATION_METHOD.dut | type=.dut | symbol=E_WEATHER_COMPENSATION_METHOD
FB_CO_Detector.st | type=.st | symbol=FB_CO_Detector
FB_Calibration_Manager.st | type=.st | symbol=FB_Calibration_Manager
FB_Debug_Logger.st | type=.st | symbol=FB_Debug_Logger
FB_Emergency_Valve_Open.st | type=.st | symbol=FB_Emergency_Valve_Open
FB_Exhaust_Ventilation_Controller.st | type=.st | symbol=FB_Exhaust_Ventilation_Controller
FB_FloorHeating_Freeze_Protection.st | type=.st | symbol=FB_FloorHeating_Freeze_Protection
FB_FloorHeating_Overheat_Protection.st | type=.st | symbol=FB_FloorHeating_Overheat_Protection
FB_Gas_Methane_Detector.st | type=.st | symbol=FB_Gas_Methane_Detector
FB_Gas_Valve_Controller.st | type=.st | symbol=FB_Gas_Valve_Controller
FB_Maintenance_Access.st | type=.st | symbol=FB_Maintenance_Access
FB_Manifold_Pump_Controller.st | type=.st | symbol=FB_Manifold_Pump_Controller
FB_Manual_Valve_Control.st | type=.st | symbol=FB_Manual_Valve_Control
FB_Outdoor_Lighting_Controller.st | type=.st | symbol=FB_Outdoor_Lighting_Controller
FB_Pre_Departure_Heating.st | type=.st | symbol=FB_Pre_Departure_Heating
FB_Presence_Simulator.st | type=.st | symbol=FB_Presence_Simulator
FB_Security_Alarm.st | type=.st | symbol=FB_Security_Alarm
FB_Sensor_Analog_Processing.st | type=.st | symbol=FB_Sensor_Analog_Processing
FB_Sensor_Calibration.st | type=.st | symbol=FB_Sensor_Calibration
FB_Sensor_Calibration_Processor.st | type=.st | symbol=FB_Sensor_Calibration_Processor
FB_Sensor_Distribution.st | type=.st | symbol=FB_Sensor_Distribution
FB_Smoke_Detector.st | type=.st | symbol=FB_Smoke_Detector
FB_State_Manager_MVP.st | type=.st | symbol=FB_State_Manager_MVP
FB_State_Snapshot_Manager.st | type=.st | symbol=FB_State_Snapshot_Manager
FB_State_Snapshot_NVRAM.st | type=.st | symbol=FB_State_Snapshot_NVRAM
FB_Supply_Ventilation_Controller.st | type=.st | symbol=FB_Supply_Ventilation_Controller
FB_Trend_Analyzer.st | type=.st | symbol=FB_Trend_Analyzer
FB_Trend_Logger.st | type=.st | symbol=FB_Trend_Logger
FB_Valve_Test.st | type=.st | symbol=FB_Valve_Test
FB_Water_Valve_Controller.st | type=.st | symbol=FB_Water_Valve_Controller
FB_Zone_Access_Manager.st | type=.st | symbol=FB_Zone_Access_Manager
GVL_BlackBox.gvl | type=.gvl | symbol=GVL_BlackBox
GVL_DEBUG.gvl | type=.gvl | symbol=GVL_DEBUG
GVL_MODBUS.gvl | type=.gvl | symbol=GVL_MODBUS
GVL_TIME.gvl | type=.gvl | symbol=GVL_TIME
MAIN.st | type=.st | symbol=MAIN
PRG_DryRun_TestRig.st | type=.st | symbol=PRG_DryRun_TestRig
PRG_PLC_A.st | type=.st | symbol=PRG_PLC_A
PRG_PLC_B.st | type=.st | symbol=PRG_PLC_B
ST_Astro_Time.dut | type=.dut | symbol=ST_Astro_Time
ST_BlackBox_Snapshot_V2.dut | type=.dut | symbol=ST_BlackBox_Snapshot_V2
ST_Blinds_Command_V2.dut | type=.dut | symbol=ST_Blinds_Command_V2
ST_Blinds_State_V2.dut | type=.dut | symbol=ST_Blinds_State_V2
ST_DHW_Command_V2.dut | type=.dut | symbol=ST_DHW_Command_V2
ST_DHW_State_V2.dut | type=.dut | symbol=ST_DHW_State_V2
ST_FloorHeating_Global_Config.dut | type=.dut | symbol=ST_FloorHeating_Global_Config
ST_FloorHeating_Manifold_Config.dut | type=.dut | symbol=ST_FloorHeating_Manifold_Config
ST_Heating_Command_V2.dut | type=.dut | symbol=ST_Heating_Command_V2
ST_Heating_State_V2.dut | type=.dut | symbol=ST_Heating_State_V2
ST_History_Event_V2.dut | type=.dut | symbol=ST_History_Event_V2
ST_Lifetime_Status.dut | type=.dut | symbol=ST_Lifetime_Status
ST_Lighting_Command_V2.dut | type=.dut | symbol=ST_Lighting_Command_V2
ST_Lighting_State_V2.dut | type=.dut | symbol=ST_Lighting_State_V2
ST_Maintenance_Access_Config.dut | type=.dut | symbol=ST_Maintenance_Access_Config
ST_Rule.dut | type=.dut | symbol=ST_Rule
ST_Scenario_Transition_Config.dut | type=.dut | symbol=ST_Scenario_Transition_Config
ST_Security_Zone_State.dut | type=.dut | symbol=ST_Security_Zone_State
ST_Socket_Command_V2.dut | type=.dut | symbol=ST_Socket_Command_V2
ST_Socket_State_V2.dut | type=.dut | symbol=ST_Socket_State_V2
ST_System_State_Summary.dut | type=.dut | symbol=ST_System_State_Summary
ST_Trend_Header.dut | type=.dut | symbol=ST_Trend_Header
ST_Trend_History_Record.dut | type=.dut | symbol=ST_Trend_History_Record
ST_TwoFactor_Data.dut | type=.dut | symbol=ST_TwoFactor_Data
ST_Ventilation_Command_V2.dut | type=.dut | symbol=ST_Ventilation_Command_V2
ST_Ventilation_State_V2.dut | type=.dut | symbol=ST_Ventilation_State_V2
ST_Ventilation_Unit.dut | type=.dut | symbol=ST_Ventilation_Unit
ST_Zone_Sensors.dut | type=.dut | symbol=ST_Zone_Sensors

=== WEAK CANDIDATES: ONE EXTERNAL REF ===
E_SCENARIO_SOURCE.dut | type=.dut | symbol=E_SCENARIO_SOURCE
  PRG_System.st
E_SENSOR_TYPE.dut | type=.dut | symbol=E_SENSOR_TYPE
  ST_Sensor_Calibration_Record.dut
E_VENTILATION_LOCATION.dut | type=.dut | symbol=E_VENTILATION_LOCATION
  ST_Ventilation_Unit_Config.dut
E_VENTILATION_UNIT_TYPE.dut | type=.dut | symbol=E_VENTILATION_UNIT_TYPE
  ST_Ventilation_Unit_Config.dut
E_Valve_Test_Result.dut | type=.dut | symbol=E_Valve_Test_Result
  FB_Valve_Test.st
E_Zone_Access_Level.dut | type=.dut | symbol=E_Zone_Access_Level
  FB_Zone_Access_Manager.st
FB_Access_Control.st | type=.st | symbol=FB_Access_Control
  PRG_Security.st
FB_Alarm_Manager.st | type=.st | symbol=FB_Alarm_Manager
  PRG_System.st
FB_BlackBox_Recorder.st | type=.st | symbol=FB_BlackBox_Recorder
  PRG_System.st
FB_Boiler_Cascade_Manager.st | type=.st | symbol=FB_Boiler_Cascade_Manager
  FB_Heating_System_Manager.st
FB_Boiler_OpenTherm_Interface.st | type=.st | symbol=FB_Boiler_OpenTherm_Interface
  FB_Heating_System_Manager.st
FB_Command_Deduplication.st | type=.st | symbol=FB_Command_Deduplication
  FB_Gateway_Interface.st
FB_CoreKernel_Live_Observer.st | type=.st | symbol=FB_CoreKernel_Live_Observer
  PRG_System.st
FB_DHW_Manager.st | type=.st | symbol=FB_DHW_Manager
  PRG_Heating.st
FB_Device_Predictive_Diag.st | type=.st | symbol=FB_Device_Predictive_Diag
  FB_Heating_System_Manager.st
FB_DryRun_Assertion_Map.st | type=.st | symbol=FB_DryRun_Assertion_Map
  PRG_DryRun_TestRig.st
FB_DryRun_Simulation_Harness.st | type=.st | symbol=FB_DryRun_Simulation_Harness
  PRG_DryRun_TestRig.st
FB_Fault_Logger.st | type=.st | symbol=FB_Fault_Logger
  PRG_System.st
FB_FloorHeating_Controller.st | type=.st | symbol=FB_FloorHeating_Controller
  FB_Heating_System_Manager.st
FB_Gas_Smoke_Manager.st | type=.st | symbol=FB_Gas_Smoke_Manager
  PRG_Safety.st
FB_Gateway_Interface.st | type=.st | symbol=FB_Gateway_Interface
  PRG_System.st
FB_HMAC_SHA1.st | type=.st | symbol=FB_HMAC_SHA1
  FB_TwoFactor_Auth.st
FB_HMI_Interface.st | type=.st | symbol=FB_HMI_Interface
  PRG_System.st
FB_Heating_System_Manager.st | type=.st | symbol=FB_Heating_System_Manager
  PRG_Heating.st
FB_History_Manager.st | type=.st | symbol=FB_History_Manager
  PRG_System.st
FB_IO_Module_Watchdog.st | type=.st | symbol=FB_IO_Module_Watchdog
  PRG_IO_Read.st
FB_Lifetime_Predictor.st | type=.st | symbol=FB_Lifetime_Predictor
  FB_Heating_System_Manager.st
FB_Lighting_Blinds_Manager.st | type=.st | symbol=FB_Lighting_Blinds_Manager
  PRG_Lighting.st
FB_LogEvent.st | type=.st | symbol=FB_LogEvent
  PRG_System.st
FB_NVRAM_Manager.st | type=.st | symbol=FB_NVRAM_Manager
  PRG_System.st
FB_PLC_Heartbeat.st | type=.st | symbol=FB_PLC_Heartbeat
  FB_Redundancy_Manager.st
FB_Presence_Playback.st | type=.st | symbol=FB_Presence_Playback
  FB_Presence_Simulator.st
FB_Redundancy_Manager.st | type=.st | symbol=FB_Redundancy_Manager
  PRG_System.st
FB_Rule_Engine.st | type=.st | symbol=FB_Rule_Engine
  PRG_System.st
FB_SHA1.st | type=.st | symbol=FB_SHA1
  FB_HMAC_SHA1.st
FB_Safety_Manager.st | type=.st | symbol=FB_Safety_Manager
  PRG_System.st
FB_Scenario_Manager.st | type=.st | symbol=FB_Scenario_Manager
  PRG_System.st
FB_Scenario_Transition_Guard.st | type=.st | symbol=FB_Scenario_Transition_Guard
  PRG_System.st
FB_Security_System_Manager.st | type=.st | symbol=FB_Security_System_Manager
  PRG_Security.st
FB_Simulation_Manager.st | type=.st | symbol=FB_Simulation_Manager
  PRG_System.st
FB_Socket_Manager.st | type=.st | symbol=FB_Socket_Manager
  PRG_Lighting.st
FB_State_Replication.st | type=.st | symbol=FB_State_Replication
  FB_Redundancy_Manager.st
FB_System_Health.st | type=.st | symbol=FB_System_Health
  PRG_System.st
FB_Valve_Test_Manager.st | type=.st | symbol=FB_Valve_Test_Manager
  FB_Heating_System_Manager.st
FB_Ventilation_System_Manager.st | type=.st | symbol=FB_Ventilation_System_Manager
  PRG_Ventilation.st
FB_Watchdog.st | type=.st | symbol=FB_Watchdog
  PRG_System.st
FB_Water_Leakage_Manager.st | type=.st | symbol=FB_Water_Leakage_Manager
  PRG_Safety.st
GVL_EVENT.gvl | type=.gvl | symbol=GVL_EVENT
  FB_LogEvent.st
GVL_GATEWAY.gvl | type=.gvl | symbol=GVL_GATEWAY
  PRG_System.st
GVL_PERSISTENT.gvl | type=.gvl | symbol=GVL_PERSISTENT
  PRG_System.st
PRG_Heating.st | type=.st | symbol=PRG_Heating
  MAIN.st
PRG_IO_Read.st | type=.st | symbol=PRG_IO_Read
  MAIN.st
PRG_IO_Write.st | type=.st | symbol=PRG_IO_Write
  MAIN.st
PRG_Lighting.st | type=.st | symbol=PRG_Lighting
  MAIN.st
PRG_Security.st | type=.st | symbol=PRG_Security
  MAIN.st
PRG_Test.st | type=.st | symbol=PRG_Test
  MAIN.st
PRG_Ventilation.st | type=.st | symbol=PRG_Ventilation
  MAIN.st
ST_Component_Maintenance.dut | type=.dut | symbol=ST_Component_Maintenance
  ST_Zone_Sensors.dut
ST_Debug_Log_Record.dut | type=.dut | symbol=ST_Debug_Log_Record
  FB_Debug_Logger.st
ST_Debug_Logger_Config.dut | type=.dut | symbol=ST_Debug_Logger_Config
  FB_Debug_Logger.st
ST_EVENT.dut | type=.dut | symbol=ST_EVENT
  GVL_EVENT.gvl
ST_Flood_Config.dut | type=.dut | symbol=ST_Flood_Config
  GVL_CONFIG.gvl
ST_Operator_Zone_Rights.dut | type=.dut | symbol=ST_Operator_Zone_Rights
  FB_Zone_Access_Manager.st
ST_Outdoor_Zone_Config.dut | type=.dut | symbol=ST_Outdoor_Zone_Config
  GVL_CONFIG.gvl
ST_Owen_Analog_Value.dut | type=.dut | symbol=ST_Owen_Analog_Value
  GVL_IO.gvl
ST_System_Diagnostics.dut | type=.dut | symbol=ST_System_Diagnostics
  GVL_STATUS.gvl
ST_Trend_Data.dut | type=.dut | symbol=ST_Trend_Data
  FB_Trend_Logger.st
ST_TwoFactor_Auth_State.dut | type=.dut | symbol=ST_TwoFactor_Auth_State
  FB_TwoFactor_Auth.st
ST_Ventilation_Config.dut | type=.dut | symbol=ST_Ventilation_Config
  GVL_CONFIG.gvl
ST_Ventilation_Scenario_Mode.dut | type=.dut | symbol=ST_Ventilation_Scenario_Mode
  ST_Ventilation_Global_Config.dut

=== NOTE ===
This is a live-root-only candidate map.
Zero/one external refs still do not prove deletability.
Entrypoints, compiler-discovered objects, retained globals, interfaces, and manually-instantiated programs need review.

=== END STEP 132 ===
