]633;E;echo "=== STEP 06: REMOVE LEGACY STARTUP RAW READ ===";f7c3dcda-a7ef-439c-9074-36a937f4d9ed]633;C=== STEP 06: REMOVE LEGACY STARTUP RAW READ ===
timestamp_utc=2026-04-16T15:25:16Z

=== BEFORE APPLY: SEARCH ===
33:    L_Config_Loaded : BOOL;
706:IF NOT L_Config_Loaded THEN
709:    L_Config_Loaded := TRUE;
708:    L_NVRAM_Cmd := 2;

=== APPLY STEP SCRIPT ===
OK: removed legacy startup raw READ from PRG_System.st

=== AFTER APPLY: SEARCH ===
515:    GVL_CONFIG.G_HMI_Apply_Settings := TRUE;
705:IF GVL_CONFIG.G_HMI_Apply_Settings THEN
708:    GVL_CONFIG.G_HMI_Apply_Settings := FALSE;

=== CONTEXT AFTER APPLY ===
    L_Persist_Buffer[4] := BYTE#1;
ELSE
    L_Persist_Buffer[4] := BYTE#0;
END_IF;

L_Persist_Buffer_Changed :=
    (L_Persist_Buffer[0] <> L_Last_Written_Persist_Buffer[0]) OR
    (L_Persist_Buffer[1] <> L_Last_Written_Persist_Buffer[1]) OR
    (L_Persist_Buffer[2] <> L_Last_Written_Persist_Buffer[2]) OR
    (L_Persist_Buffer[3] <> L_Last_Written_Persist_Buffer[3]) OR
    (L_Persist_Buffer[4] <> L_Last_Written_Persist_Buffer[4]);

L_NVRAM_Cmd := 0;
L_NVRAM_Offset := 0;

IF GVL_CONFIG.G_HMI_Apply_Settings THEN
    // explicit config apply may request a controlled write
    L_NVRAM_Cmd := 1;
    GVL_CONFIG.G_HMI_Apply_Settings := FALSE;

ELSIF L_Persist_Buffer_Changed THEN
    // controlled write: no more often than once per 60 seconds
    IF (L_Last_Persist_Write_MS = 0) OR
       ((GVL_STATUS.G_System_Time_MS - L_Last_Persist_Write_MS) >= 60000) THEN
        L_NVRAM_Cmd := 1;
    END_IF;
END_IF;

fbNVRAMManager(
    VI_Command := L_NVRAM_Cmd,
    VI_Offset := L_NVRAM_Offset,
    VI_DataRef := L_Persist_Buffer[0],
    VI_DataSize := 5,
    VI_System_Time_MS := GVL_STATUS.G_System_Time_MS,
    VI_Operator_ID := 'SYSTEM',
    VI_IsActivePLC := GVL_STATUS.G_Is_Active_PLC,
    VI_TwoPersonConfirmation := FALSE,
    VO_Done => L_NVRAM_Done,
    VO_Error => L_NVRAM_Err,
    VO_ErrorID => L_NVRAM_ErrID
);

IF (L_NVRAM_Cmd = 1) AND L_NVRAM_Done AND NOT L_NVRAM_Err THEN
    L_Last_Written_Persist_Buffer[0] := L_Persist_Buffer[0];
    L_Last_Written_Persist_Buffer[1] := L_Persist_Buffer[1];
    L_Last_Written_Persist_Buffer[2] := L_Persist_Buffer[2];

=== GIT DIFF (FOCUSED) ===
diff --git a/PRG_System.st b/PRG_System.st
index b28b4c3..5d65e65 100644
--- a/PRG_System.st
+++ b/PRG_System.st
@@ -30,7 +30,6 @@ VAR
     L_Time_Diff : UDINT;
     L_Local_State : ST_System_State_Snapshot;
     L_Remote_State : ST_System_State_Snapshot;
-    L_Config_Loaded : BOOL;
     L_NVRAM_Cmd : BYTE;
     L_NVRAM_Offset : UDINT;
     L_NVRAM_Done : BOOL;
@@ -703,12 +702,7 @@ L_Persist_Buffer_Changed :=
 L_NVRAM_Cmd := 0;
 L_NVRAM_Offset := 0;
 
-IF NOT L_Config_Loaded THEN
-    // keep one startup READ for future recovery compatibility
-    L_NVRAM_Cmd := 2;
-    L_Config_Loaded := TRUE;
-
-ELSIF GVL_CONFIG.G_HMI_Apply_Settings THEN
+IF GVL_CONFIG.G_HMI_Apply_Settings THEN
     // explicit config apply may request a controlled write
     L_NVRAM_Cmd := 1;
     GVL_CONFIG.G_HMI_Apply_Settings := FALSE;

=== COMPILE SMOKE ===
