]633;E;echo "=== STEP 53: FAULT INJECTION MATRIX CAPTURE ===";f1165683-fe3b-4368-874e-5c1706c7b9d6]633;C=== STEP 53: FAULT INJECTION MATRIX CAPTURE ===
timestamp_utc=2026-04-16T19:01:18Z

=== INJECTION CLASS: FLOOD ===
Inject via: GVL_STATE.G_Water_Sensors[*] / GVL_HEALTH_BRIDGE.G_Leak_Detected
Expected: GVL_ALARM.G_Flood_Alarm_Active = TRUE
Expected: GVL_STATE.G_Safety_Leak_Alarm = TRUE
Expected: water safety/test logic blocks confirmation paths

=== INJECTION CLASS: GAS ===
Inject via: GVL_STATE.G_Methane_Sensors[*] / GVL_HEALTH_BRIDGE.G_Gas_Detected / GVL_HEALTH_BRIDGE.G_CO_Alarm_Level
Expected: GVL_ALARM.G_Gas_Alarm_Active = TRUE
Expected: GVL_STATE.G_Safety_Gas_Alarm = TRUE
Expected: gas valve close path and safety latching

=== INJECTION CLASS: FIRE/SMOKE ===
Inject via: GVL_STATE.G_Smoke_Sensors[*] / GVL_HEALTH_BRIDGE.G_Smoke_Detected
Expected: GVL_ALARM.G_Fire_Alarm_Active = TRUE
Expected: GVL_STATE.G_Safety_Smoke_Alarm = TRUE
Expected: safe-stop style response path

=== INJECTION CLASS: WATCHDOG ===
Inject via: fbWatchdog.VO_Watchdog_Fault (observed consumer side only in current audit)
Expected: root cause ROOT_WATCHDOG_FAULT
Expected: event 11 on rise / 12 on clear

=== INJECTION CLASS: MODE CLAMP ===
Inject via: GVL_STATE.G_System_Mode
Expected SAFE_STOP/FREEZE -> scenario NONE
Expected DEGRADED -> scenario whitelist only

=== INJECTION CLASS: POLICY ADAPTATION ===
Inject via: GVL_ALARM.G_Security_Armed + no explicit scenario source
Expected NORMAL -> AWAY
Expected DEGRADED + PRESENCE -> SLEEP

=== NOTE ===
Matrix captured for no-PLC runtime simulation planning.
Next step: define manual simulation checklist using these points.

=== END STEP 53 ===
