]633;E;echo "=== STEP 02: NVRAM TOPOLOGY ===";f7c3dcda-a7ef-439c-9074-36a937f4d9ed]633;C=== STEP 02: NVRAM TOPOLOGY ===
timestamp_utc=2026-04-16T15:13:57Z

=== CURRENT BRANCH ===
main

=== HEAD COMMIT ===
0b4ac801f88922a51f9740e436a4edb0f56e9a74

=== TARGET FILES PRESENCE ===
[OK] GVL_PERSISTENT.gvl
[OK] GVL_Retain.gvl
[OK] FB_NVRAM_Manager.st
[OK] FB_State_Snapshot_Manager.st
[OK] FB_State_Snapshot_NVRAM.st
[OK] ST_State_Snapshot.dut
[OK] ST_System_State_Snapshot.dut
[OK] ST_System_State_Summary.dut
[OK] PRG_System.st
[OK] MAIN.st

=== KEYWORD MAP ===
GVL_PERSISTENT.gvl:1:VAR_GLOBAL PERSISTENT RETAIN
GVL_Retain.gvl:2:VAR_GLOBAL RETAIN
GVL_Retain.gvl:3:    G_Initialized : BOOL := FALSE; // Флаг инициализации retain-переменных
GVL_Retain.gvl:5:    // Энергонезависимая память (NVRAM) для хранения настроек и логов
GVL_Retain.gvl:6:    G_NVRAM_Data : ARRAY[0..12799] OF BYTE; // 100 * 128 = 12800 байт
GVL_Retain.gvl:16:    G_History_Write_Idx : INT := 1;
GVL_Retain.gvl:26:    // ПИН-коды доступа (храним хэши CRC32 для безопасности)
GVL_Retain.gvl:27:    // 16#9BE3E0A3 - это CRC32 от строки '1234'
FB_NVRAM_Manager.st:1:FUNCTION_BLOCK FB_NVRAM_Manager
FB_NVRAM_Manager.st:23:    L_Last_Write_Time_MS        : UDINT := 0; // Время последней записи
FB_NVRAM_Manager.st:28:    C_MAX_NVRAM_SIZE            : UDINT := 12800;
FB_NVRAM_Manager.st:42:    IF VI_Offset >= C_MAX_NVRAM_SIZE THEN
FB_NVRAM_Manager.st:45:        VO_HMI_Status_Message := 'NVRAM: Неверное смещение';
FB_NVRAM_Manager.st:54:        VO_HMI_Status_Message := 'NVRAM: Недействительная ссылка на данные';
FB_NVRAM_Manager.st:61:    IF (VI_Offset + VI_DataSize) > C_MAX_NVRAM_SIZE THEN
FB_NVRAM_Manager.st:64:        VO_HMI_Status_Message := 'NVRAM: Размер данных превышает доступный объем';
FB_NVRAM_Manager.st:73:            VO_HMI_Status_Message := 'NVRAM: Запись запрещена (STANDBY)';
FB_NVRAM_Manager.st:76:            IF (VI_System_Time_MS - L_Last_Write_Time_MS) < 60000 AND L_Last_Write_Time_MS <> 0 THEN
FB_NVRAM_Manager.st:79:                VO_HMI_Status_Message := 'NVRAM: Превышена частота записи (лимит 1 раз в 60с)';
FB_NVRAM_Manager.st:90:                        GVL_Retain.G_NVRAM_Data[VI_Offset + L_i] := L_pData[L_i];
FB_NVRAM_Manager.st:92:                    L_Last_Write_Time_MS := VI_System_Time_MS;
FB_NVRAM_Manager.st:93:                    VO_HMI_Status_Message := 'NVRAM: Данные успешно сохранены в RETAIN';
FB_NVRAM_Manager.st:95:                    VO_HMI_Status_Message := 'NVRAM: Данные не изменились, запись пропущена';
FB_NVRAM_Manager.st:104:            L_pData[L_i] := GVL_Retain.G_NVRAM_Data[VI_Offset + L_i];
FB_NVRAM_Manager.st:106:        VO_HMI_Status_Message := 'NVRAM: Данные успешно прочитаны из RETAIN';
FB_NVRAM_Manager.st:114:// >>> BULK_SYNC_ANCHOR: FB_NVRAM_Manager <<<
FB_State_Snapshot_Manager.st:1:FUNCTION_BLOCK FB_State_Snapshot_Manager
FB_State_Snapshot_Manager.st:6:    VI_Current_State  : ST_State_Snapshot;
FB_State_Snapshot_Manager.st:9:    VO_Snapshot_Saved : BOOL;
FB_State_Snapshot_Manager.st:12:    L_Snapshot_Buffer : ARRAY[1..GVL_CONSTANTS.C_MAX_STATE_SNAPSHOTS] OF ST_State_Snapshot;
FB_State_Snapshot_Manager.st:13:    L_Write_Idx       : INT := 1;
FB_State_Snapshot_Manager.st:17:    L_Snapshot_Buffer[L_Write_Idx] := VI_Current_State;
FB_State_Snapshot_Manager.st:18:    L_Snapshot_Buffer[L_Write_Idx].timestamp_ms := VI_System_Time_MS;
FB_State_Snapshot_Manager.st:19:    L_Snapshot_Buffer[L_Write_Idx].trigger_event_code := VI_Event_Code;
FB_State_Snapshot_Manager.st:21:    L_Write_Idx := (L_Write_Idx MOD GVL_CONSTANTS.C_MAX_STATE_SNAPSHOTS) + 1;
FB_State_Snapshot_Manager.st:22:    VO_Snapshot_Saved := TRUE;
FB_State_Snapshot_Manager.st:24:    VO_Snapshot_Saved := FALSE;
FB_State_Snapshot_NVRAM.st:1:FUNCTION_BLOCK FB_State_Snapshot_NVRAM
FB_State_Snapshot_NVRAM.st:4:    VI_Save_Req       : BOOL;
FB_State_Snapshot_NVRAM.st:5:    VI_Snapshot       : ST_State_Snapshot;
FB_State_Snapshot_NVRAM.st:8:    VO_Saved          : BOOL;
FB_State_Snapshot_NVRAM.st:12:    L_FileName        : STRING := '/home/root/snapshot.bin';
FB_State_Snapshot_NVRAM.st:17:    fbFileWrite       : FILE.Write;
FB_State_Snapshot_NVRAM.st:24:        VO_Saved := FALSE;
FB_State_Snapshot_NVRAM.st:26:        IF VI_Save_Req THEN
FB_State_Snapshot_NVRAM.st:29:            fbFileWrite(xExecute := FALSE);
FB_State_Snapshot_NVRAM.st:49:        fbFileWrite(
FB_State_Snapshot_NVRAM.st:52:            pBuffer := ADR(VI_Snapshot),
FB_State_Snapshot_NVRAM.st:53:            szSize := SIZEOF(VI_Snapshot)
FB_State_Snapshot_NVRAM.st:55:        IF fbFileWrite.xDone THEN
FB_State_Snapshot_NVRAM.st:56:            fbFileWrite(xExecute := FALSE);
FB_State_Snapshot_NVRAM.st:58:        ELSIF fbFileWrite.xError THEN
FB_State_Snapshot_NVRAM.st:71:                VO_Saved := TRUE;
ST_State_Snapshot.dut:2:TYPE ST_State_Snapshot :
ST_State_Snapshot.dut:10:    crc32 : DWORD := 0;
ST_System_State_Snapshot.dut:2:TYPE ST_System_State_Snapshot :
PRG_System.st:17:    fbNVRAMManager : FB_NVRAM_Manager;
PRG_System.st:31:    L_Local_State : ST_System_State_Snapshot;
PRG_System.st:32:    L_Remote_State : ST_System_State_Snapshot;
PRG_System.st:34:    L_NVRAM_Cmd : BYTE;
PRG_System.st:35:    L_NVRAM_Offset : UDINT;
PRG_System.st:36:    L_NVRAM_Done : BOOL;
PRG_System.st:37:    L_NVRAM_Err : BOOL;
PRG_System.st:38:    L_NVRAM_ErrID : UDINT;
PRG_System.st:53:    L_History_Write_Event : BOOL;
PRG_System.st:58:    L_Gateway_Writes_Allowed : BOOL;
PRG_System.st:79:    L_Last_Persist_Write_MS : UDINT;
PRG_System.st:80:    L_Recovery_Done : BOOL;
PRG_System.st:83:// 0. Инициализация RETAIN переменных при первом запуске
PRG_System.st:89:    GVL_Retain.G_History_Write_Idx := 1;
PRG_System.st:110:// === NVRAM RECOVERY (ONCE AFTER BOOT) ===
PRG_System.st:111:IF NOT L_Recovery_Done THEN
PRG_System.st:112:    IF GVL_PERSISTENT.P_Valid THEN
PRG_System.st:113:        GVL_STATE.G_Safety_Gas_Latched := GVL_PERSISTENT.P_Safety_Gas_Latched;
PRG_System.st:114:        GVL_STATE.G_Safety_Smoke_Latched := GVL_PERSISTENT.P_Safety_Smoke_Latched;
PRG_System.st:115:        GVL_STATE.G_Safety_Leak_Latched := GVL_PERSISTENT.P_Safety_Leak_Latched;
PRG_System.st:116:        GVL_STATE.G_System_Mode := GVL_PERSISTENT.P_System_Mode;
PRG_System.st:119:    L_Recovery_Done := TRUE;
PRG_System.st:122:// NVRAM CONTROLLED WRITE ENABLED (step 8B)
PRG_System.st:448:L_Gateway_Writes_Allowed :=
PRG_System.st:494:IF L_Gateway_Writes_Allowed AND
PRG_System.st:501:IF L_Gateway_Writes_Allowed AND
PRG_System.st:507:IF L_Gateway_Writes_Allowed AND
PRG_System.st:513:IF L_Gateway_Writes_Allowed AND
PRG_System.st:519:IF L_Gateway_Writes_Allowed AND
PRG_System.st:672:// 14. Менеджер NVRAM
PRG_System.st:673:// Pack persistent snapshot into compact byte buffer for controlled NVRAM mirroring
PRG_System.st:675:IF GVL_PERSISTENT.P_Safety_Gas_Latched THEN
PRG_System.st:680:IF GVL_PERSISTENT.P_Safety_Smoke_Latched THEN
PRG_System.st:685:IF GVL_PERSISTENT.P_Safety_Leak_Latched THEN
PRG_System.st:690:IF GVL_PERSISTENT.P_DHW_Heating_Active THEN
PRG_System.st:703:L_NVRAM_Cmd := 0;
PRG_System.st:704:L_NVRAM_Offset := 0;
PRG_System.st:707:    // keep one startup READ for future recovery compatibility
PRG_System.st:708:    L_NVRAM_Cmd := 2;
PRG_System.st:712:    // explicit config apply may request a controlled write
PRG_System.st:713:    L_NVRAM_Cmd := 1;
PRG_System.st:717:    // controlled write: no more often than once per 60 seconds
PRG_System.st:718:    IF (L_Last_Persist_Write_MS = 0) OR
PRG_System.st:719:       ((GVL_STATUS.G_System_Time_MS - L_Last_Persist_Write_MS) >= 60000) THEN
PRG_System.st:720:        L_NVRAM_Cmd := 1;
PRG_System.st:724:fbNVRAMManager(
PRG_System.st:725:    VI_Command := L_NVRAM_Cmd,
PRG_System.st:726:    VI_Offset := L_NVRAM_Offset,
PRG_System.st:733:    VO_Done => L_NVRAM_Done,
PRG_System.st:734:    VO_Error => L_NVRAM_Err,
PRG_System.st:735:    VO_ErrorID => L_NVRAM_ErrID
PRG_System.st:738:IF (L_NVRAM_Cmd = 1) AND L_NVRAM_Done AND NOT L_NVRAM_Err THEN
PRG_System.st:744:    L_Last_Persist_Write_MS := GVL_STATUS.G_System_Time_MS;
PRG_System.st:774:L_History_Write_Event := FALSE;
PRG_System.st:784:    L_History_Write_Event := TRUE;
PRG_System.st:797:    L_History_Write_Event := TRUE;
PRG_System.st:806:    L_History_Write_Event := TRUE;
PRG_System.st:815:    L_History_Write_Event := TRUE;
PRG_System.st:824:    L_History_Write_Event := TRUE;
PRG_System.st:832:    L_History_Write_Event := TRUE;
PRG_System.st:842:IF L_History_Write_Event THEN
PRG_System.st:846:        L_History_Write_Event := FALSE;
PRG_System.st:856:    VI_Write_Event := L_History_Write_Event,
PRG_System.st:994:// === NVRAM SNAPSHOT (NO WRITE YET) ===
PRG_System.st:995:GVL_PERSISTENT.P_System_Mode := GVL_STATE.G_System_Mode;
PRG_System.st:997:GVL_PERSISTENT.P_Safety_Gas_Latched := GVL_STATE.G_Safety_Gas_Latched;
PRG_System.st:998:GVL_PERSISTENT.P_Safety_Smoke_Latched := GVL_STATE.G_Safety_Smoke_Latched;
PRG_System.st:999:GVL_PERSISTENT.P_Safety_Leak_Latched := GVL_STATE.G_Safety_Leak_Latched;
PRG_System.st:1001:GVL_PERSISTENT.P_DHW_Heating_Active := GVL_STATE.G_DHW_Heating_Pump;
PRG_System.st:1003:GVL_PERSISTENT.P_Valid := TRUE;
MAIN.st:13:PRG_IO_Write();

=== FILE DUMPS ===
----------------------------------------------------------------------
FILE: GVL_PERSISTENT.gvl
----------------------------------------------------------------------
VAR_GLOBAL PERSISTENT RETAIN

    // === SYSTEM ===
    P_System_Mode : E_System_Operating_Mode;

    // === SAFETY LATCHES ===
    P_Safety_Gas_Latched : BOOL;
    P_Safety_Smoke_Latched : BOOL;
    P_Safety_Leak_Latched : BOOL;

    // === HEATING / DHW ===
    P_DHW_Heating_Active : BOOL;

    // === CONTROL ===
    P_Valid : BOOL;

END_VAR

----------------------------------------------------------------------
FILE: GVL_Retain.gvl
----------------------------------------------------------------------
{attribute 'qualified_only'}
VAR_GLOBAL RETAIN
    G_Initialized : BOOL := FALSE; // Флаг инициализации retain-переменных
    
    // Энергонезависимая память (NVRAM) для хранения настроек и логов
    G_NVRAM_Data : ARRAY[0..12799] OF BYTE; // 100 * 128 = 12800 байт
    
    // Буфер черного ящика (100 записей)
    G_BlackBox_Buffer : ARRAY[0..GVL_CONSTANTS.C_MAX_BLACKBOX_RECORDS-1] OF ST_BlackBox_Record;
    G_BlackBox_LastIndex : INT;
    G_BlackBox_Frozen : BOOL;
    G_Presence_History : ARRAY[0..GVL_CONSTANTS.C_MAX_PRESENCE_HISTORY-1] OF WORD; // 168 часов * 6 записей в час = 1008 записей (битовая маска 16 ламп)
    
    // История событий
    G_History_Buffer : ARRAY[1..GVL_CONSTANTS.C_MAX_HISTORY_RECORDS] OF ST_History_Record;
    G_History_Write_Idx : INT := 1;
    G_History_Total_Events : UDINT;
    
    // Статистика котлов
    G_Boiler_Accumulated_MS : ARRAY[1..GVL_CONSTANTS.C_MAX_BOILERS] OF UDINT;
    G_Boiler_Work_Seconds : ARRAY[1..GVL_CONSTANTS.C_MAX_BOILERS] OF UDINT;
    
    // Результаты тестирования клапанов
    G_Valve_Test_Results : ARRAY[1..GVL_CONSTANTS.C_MAX_MANIFOLDS] OF BOOL;
    
    // ПИН-коды доступа (храним хэши CRC32 для безопасности)
    // 16#9BE3E0A3 - это CRC32 от строки '1234'
    G_Access_Codes : ARRAY[1..GVL_CONSTANTS.C_MAX_ACCESS_CODES] OF DWORD := [16#9BE3E0A3, 16#4A89A12D, 16#F4DBDF21, 16#90F59C65, 16#0972D346, 0, 0, 0, 0, 0];
    
    // Зарегистрированные RFID/NFC метки (строковое представление UID)
    G_RFID_Tags : ARRAY[1..GVL_CONSTANTS.C_MAX_ACCESS_CODES] OF STRING(20) := ['A1B2C3D4', 'E5F67890', '', '', '', '', '', '', '', ''];
END_VAR
----------------------------------------------------------------------
FILE: FB_NVRAM_Manager.st
----------------------------------------------------------------------
FUNCTION_BLOCK FB_NVRAM_Manager
VAR_INPUT
    VI_Command                  : BYTE; // 1=WRITE, 2=READ
    VI_Offset                   : UDINT; // Смещение в байтах
    VI_DataRef                  : REFERENCE TO BYTE;
    VI_DataSize                 : UDINT; // КРИТИЧНО: используем этот размер вместо SIZEOF
    VI_System_Time_MS           : UDINT;
    VI_Operator_ID              : STRING(10);
    VI_IsActivePLC              : BOOL;
    VI_TwoPersonConfirmation    : BOOL;
END_VAR
VAR_OUTPUT
    VO_Done                     : BOOL;
    VO_Error                    : BOOL;
    VO_ErrorID                  : UDINT;
    // VO_ReadDataRef removed (REFERENCE TO not allowed in output)
    VO_HMI_Status_Message       : STRING(200);
END_VAR
VAR
    L_prev_Command              : BYTE;
    L_cmd_rising                : BOOL;
    L_i                         : UDINT;
    L_Last_Write_Time_MS        : UDINT := 0; // Время последней записи
    L_Data_Changed              : BOOL; // Флаг изменения данных
    L_pData                      : POINTER TO BYTE;
END_VAR
VAR CONSTANT
    C_MAX_NVRAM_SIZE            : UDINT := 12800;
END_VAR

// Детекция фронта команды
L_cmd_rising := (VI_Command <> 0) AND (L_prev_Command = 0);
L_prev_Command := VI_Command;

IF L_cmd_rising THEN
    VO_Done := FALSE;
    VO_Error := FALSE;
    VO_ErrorID := 0;
    VO_HMI_Status_Message := '';
    
    // Валидация смещения
    IF VI_Offset >= C_MAX_NVRAM_SIZE THEN
        VO_Error := TRUE;
        VO_ErrorID := 16#1501;
        VO_HMI_Status_Message := 'NVRAM: Неверное смещение';
        VO_Done := TRUE;
        RETURN;
    END_IF;

    // Валидация указателя
    IF NOT __ISVALIDREF(VI_DataRef) THEN
        VO_Error := TRUE;
        VO_ErrorID := 16#150A;
        VO_HMI_Status_Message := 'NVRAM: Недействительная ссылка на данные';
        VO_Done := TRUE;
        RETURN;
    END_IF;

    L_pData := ADR(VI_DataRef);

    IF (VI_Offset + VI_DataSize) > C_MAX_NVRAM_SIZE THEN
        VO_Error := TRUE;
        VO_ErrorID := 16#150B;
        VO_HMI_Status_Message := 'NVRAM: Размер данных превышает доступный объем';
        VO_Done := TRUE;
        RETURN;
    END_IF;

    IF VI_Command = 1 THEN // ЗАПИСЬ (WRITE)
        IF NOT VI_IsActivePLC THEN
            VO_Error := TRUE;
            VO_ErrorID := 16#1509;
            VO_HMI_Status_Message := 'NVRAM: Запись запрещена (STANDBY)';
        ELSE
            // Ограничение частоты записи (не чаще 1 раза в 60 секунд)
            IF (VI_System_Time_MS - L_Last_Write_Time_MS) < 60000 AND L_Last_Write_Time_MS <> 0 THEN
                VO_Error := TRUE;
                VO_ErrorID := 16#150C;
                VO_HMI_Status_Message := 'NVRAM: Превышена частота записи (лимит 1 раз в 60с)';
            ELSE
                // Проверка на изменение данных перед записью
                L_Data_Changed := FALSE;
                IF TRUE THEN
                    L_Data_Changed := TRUE;
                END_IF;
                
                IF L_Data_Changed THEN
                    // Безопасное копирование (WRITE)
                    FOR L_i := 0 TO VI_DataSize - 1 DO
                        GVL_Retain.G_NVRAM_Data[VI_Offset + L_i] := L_pData[L_i];
                    END_FOR;
                    L_Last_Write_Time_MS := VI_System_Time_MS;
                    VO_HMI_Status_Message := 'NVRAM: Данные успешно сохранены в RETAIN';
                ELSE
                    VO_HMI_Status_Message := 'NVRAM: Данные не изменились, запись пропущена';
                END_IF;
            END_IF;
        END_IF;
        VO_Done := TRUE;
        
    ELSIF VI_Command = 2 THEN // ЧТЕНИЕ (READ)
        // Безопасное копирование (READ)
        FOR L_i := 0 TO VI_DataSize - 1 DO
            L_pData[L_i] := GVL_Retain.G_NVRAM_Data[VI_Offset + L_i];
        END_FOR;
        VO_HMI_Status_Message := 'NVRAM: Данные успешно прочитаны из RETAIN';
        VO_Done := TRUE;
    END_IF;
END_IF;

IF VI_Command = 0 THEN
    VO_Done := FALSE;
END_IF;
// >>> BULK_SYNC_ANCHOR: FB_NVRAM_Manager <<<

----------------------------------------------------------------------
FILE: FB_State_Snapshot_Manager.st
----------------------------------------------------------------------
FUNCTION_BLOCK FB_State_Snapshot_Manager
VAR_INPUT
    VI_System_Time_MS : UDINT;
    VI_Trigger_Event  : BOOL; // Сигнал на создание снимка
    VI_Event_Code     : WORD;
    VI_Current_State  : ST_State_Snapshot;
END_VAR
VAR_OUTPUT
    VO_Snapshot_Saved : BOOL;
END_VAR
VAR
    L_Snapshot_Buffer : ARRAY[1..GVL_CONSTANTS.C_MAX_STATE_SNAPSHOTS] OF ST_State_Snapshot;
    L_Write_Idx       : INT := 1;
END_VAR

IF VI_Trigger_Event THEN
    L_Snapshot_Buffer[L_Write_Idx] := VI_Current_State;
    L_Snapshot_Buffer[L_Write_Idx].timestamp_ms := VI_System_Time_MS;
    L_Snapshot_Buffer[L_Write_Idx].trigger_event_code := VI_Event_Code;
    
    L_Write_Idx := (L_Write_Idx MOD GVL_CONSTANTS.C_MAX_STATE_SNAPSHOTS) + 1;
    VO_Snapshot_Saved := TRUE;
ELSE
    VO_Snapshot_Saved := FALSE;
END_IF;
----------------------------------------------------------------------
FILE: FB_State_Snapshot_NVRAM.st
----------------------------------------------------------------------
FUNCTION_BLOCK FB_State_Snapshot_NVRAM
VAR_INPUT
    VI_System_Time_MS : UDINT;
    VI_Save_Req       : BOOL;
    VI_Snapshot       : ST_State_Snapshot;
END_VAR
VAR_OUTPUT
    VO_Saved          : BOOL;
    VO_Error          : BOOL;
END_VAR
VAR
    L_FileName        : STRING := '/home/root/snapshot.bin';
    L_State           : INT := 0;
    
    // Асинхронные блоки из библиотеки CAA_File
    fbFileOpen        : FILE.Open;
    fbFileWrite       : FILE.Write;
    fbFileClose       : FILE.Close;
    L_FileHandle      : FILE.HANDLE;
END_VAR

CASE L_State OF
    0: // Ожидание
        VO_Saved := FALSE;
        VO_Error := FALSE;
        IF VI_Save_Req THEN
            L_State := 10;
            fbFileOpen(xExecute := FALSE);
            fbFileWrite(xExecute := FALSE);
            fbFileClose(xExecute := FALSE);
        END_IF;
        
    10: // Открытие файла
        fbFileOpen(
            xExecute := TRUE,
            sFileName := L_FileName,
            eFileMode := FILE.MODE.MWRITE
        );
        IF fbFileOpen.xDone THEN
            L_FileHandle := fbFileOpen.hFile;
            fbFileOpen(xExecute := FALSE);
            L_State := 20;
        ELSIF fbFileOpen.xError THEN
            VO_Error := TRUE;
            L_State := 0;
        END_IF;
        
    20: // Запись
        fbFileWrite(
            xExecute := TRUE,
            hFile := L_FileHandle,
            pBuffer := ADR(VI_Snapshot),
            szSize := SIZEOF(VI_Snapshot)
        );
        IF fbFileWrite.xDone THEN
            fbFileWrite(xExecute := FALSE);
            L_State := 30;
        ELSIF fbFileWrite.xError THEN
            VO_Error := TRUE;
            L_State := 30; // Все равно закрываем файл
        END_IF;
        
    30: // Закрытие
        fbFileClose(
            xExecute := TRUE,
            hFile := L_FileHandle
        );
        IF fbFileClose.xDone THEN
            fbFileClose(xExecute := FALSE);
            IF NOT VO_Error THEN
                VO_Saved := TRUE;
            END_IF;
            L_State := 0;
        ELSIF fbFileClose.xError THEN
            VO_Error := TRUE;
            L_State := 0;
        END_IF;
END_CASE;
----------------------------------------------------------------------
FILE: ST_State_Snapshot.dut
----------------------------------------------------------------------
{attribute 'pack_mode' := '1'}
TYPE ST_State_Snapshot :
STRUCT
    timestamp_ms : UDINT := 0;
    operator_id : STRING(10) := '';
    scenario_id : E_SCENARIO_TYPE := E_SCENARIO_TYPE.SCENARIO_NONE;
    lighting_levels : ARRAY[1..GVL_CONSTANTS.C_MAX_LIGHTING_ZONES] OF BYTE;
    floor_heating_setpoints : ARRAY[1..GVL_CONSTANTS.C_MAX_HEATING_CIRCUITS] OF REAL;
    alarm_active : BOOL := FALSE;
    crc32 : DWORD := 0;
END_STRUCT
END_TYPE
----------------------------------------------------------------------
FILE: ST_System_State_Snapshot.dut
----------------------------------------------------------------------
{attribute 'pack_mode' := '1'}
TYPE ST_System_State_Snapshot :
STRUCT
    System_Time_MS : UDINT;
    Current_Scenario : E_SCENARIO_TYPE;
    Security_Armed : BOOL;
    Active_Alarms : INT;
    // Критические состояния для синхронизации
    Zone_Valves : ARRAY[1..8] OF BOOL;
    Manifold_Pumps : ARRAY[1..GVL_CONSTANTS.C_MAX_MANIFOLDS] OF BOOL;
    Lighting_States : ARRAY[1..32] OF BYTE;
    Blinds_Positions : ARRAY[1..GVL_CONSTANTS.C_MAX_BLINDS] OF BYTE;
    Socket_States : ARRAY[1..GVL_CONSTANTS.C_MAX_SOCKETS] OF BOOL;
    Gas_Valve_Closed : BOOL;
    Water_Valves_Closed : BOOL;
    Version : UDINT; // Версия состояния для разрешения конфликтов
END_STRUCT
END_TYPE
----------------------------------------------------------------------
FILE: ST_System_State_Summary.dut
----------------------------------------------------------------------
{attribute 'pack_mode' := '1'}
TYPE ST_System_State_Summary :
STRUCT
    Outdoor_Temp : REAL;
    Indoor_Temp : ARRAY[1..GVL_CONSTANTS.C_MAX_CLIMATE_ZONES] OF REAL;
    Floor_Temps : ARRAY[1..GVL_CONSTANTS.C_MAX_HEATING_CIRCUITS] OF REAL;
    Humidity : ARRAY[1..GVL_CONSTANTS.C_MAX_HUMIDITY_SENSORS] OF REAL;
    CO2 : ARRAY[1..GVL_CONSTANTS.C_MAX_CO2_SENSORS] OF REAL;
    Gas_Alarm : BOOL;
    Flood_Alarm : BOOL;
    Fire_Alarm : BOOL;
    Security_Alarm : BOOL;
    Security_Armed : BOOL;
END_STRUCT
END_TYPE
----------------------------------------------------------------------
FILE: PRG_System.st
----------------------------------------------------------------------
PROGRAM PRG_System
VAR
    L_i : INT;
    L_Motion_Sensors_16 : ARRAY[1..16] OF BOOL;
    // --- ADAPTER LAYER ---
    L_Zone_Valves_8 : ARRAY[1..8] OF BOOL;
    L_Lighting_32   : ARRAY[1..32] OF BYTE;
    L_Lighting_Bool_32 : ARRAY[1..32] OF BOOL;
    L_FloorTemps_8  : ARRAY[1..8] OF REAL;
    fbCoreKernelObserver : FB_CoreKernel_Live_Observer;
    fbSystemHealth : FB_System_Health;
    fbRedundancy : FB_Redundancy_Manager;
    fbGateway : FB_Gateway_Interface;
    fbScenarioManager : FB_Scenario_Manager;
    fbSimulationManager : FB_Simulation_Manager;
    fbRuleEngine : FB_Rule_Engine;
    fbNVRAMManager : FB_NVRAM_Manager;

    fbBlackBox : FB_BlackBox_Recorder;
    fbAstroTimer : FB_Astro_Timer;
    fbAlarmManager : FB_Alarm_Manager;
    fbHistoryManager : FB_History_Manager;
    fbSafety : FB_Safety_Manager;
    fbStateManager : FB_State_Manager;
    fbWatchdog : FB_Watchdog;
    fbHMIInterface : FB_HMI_Interface;
    fbFaultLogger : FB_Fault_Logger;
    fbLogEvent : FB_LogEvent;
    
    L_Time_Diff : UDINT;
    L_Local_State : ST_System_State_Snapshot;
    L_Remote_State : ST_System_State_Snapshot;
    L_Config_Loaded : BOOL;
    L_NVRAM_Cmd : BYTE;
    L_NVRAM_Offset : UDINT;
    L_NVRAM_Done : BOOL;
    L_NVRAM_Err : BOOL;
    L_NVRAM_ErrID : UDINT;
    L_BB_Record : ST_BlackBox_Record;
    L_BB_Freeze : BOOL;
    L_Scenario_Idx : INT;
        L_Last_Operator_Blocked : BOOL;
    L_Last_DHW_Heating_In_Service : BOOL;
    L_Last_DHW_Circ_In_Service : BOOL;
    L_Dangerous_Action_Armed : BOOL;
    L_Dangerous_Action_Deadline_MS : UDINT;
    L_Maintenance_Apply_Intent : BOOL;
    L_Last_System_Mode : E_System_Operating_Mode;
    L_Last_First_Fault_Type : INT;
    L_Last_First_Fault_Source : INT;
    L_Last_Root_Cause : E_System_Root_Cause;
    L_History_Event : ST_History_Record;
    L_History_Write_Event : BOOL;
    L_Last_Operator_Journal_Seq : UDINT;
    L_Last_Event_Code : UDINT;
    L_Last_Event_Value : REAL;
    L_Last_Event_Time_MS : UDINT;
    L_Gateway_Writes_Allowed : BOOL;

    L_Scenario_Req_Operator : E_SCENARIO_TYPE;
    L_Scenario_Req_Gateway  : E_SCENARIO_TYPE;
    L_Scenario_Req_Rule     : E_SCENARIO_TYPE;
    L_Scenario_Req_Final    : E_SCENARIO_TYPE; // TRACE ONLY: arbitration result before policy
    L_Scenario_Intent       : E_SCENARIO_TYPE;
L_Scenario_Source       : E_SCENARIO_SOURCE;
L_Scenario_Changed      : BOOL;
L_Last_Scenario_Change_Time : UDINT;

L_IO_Fault_Prev : BOOL;
L_Comm_Fault_Prev : BOOL;
L_Sensor_Fault_Prev : BOOL;
L_Subsystem_Fault_Prev : BOOL;
L_Mode_Prev : E_System_Operating_Mode;
L_User_Access_Denied_Prev : BOOL;

    L_Persist_Buffer : ARRAY[0..4] OF BYTE;
    L_Last_Written_Persist_Buffer : ARRAY[0..4] OF BYTE;
    L_Persist_Buffer_Changed : BOOL;
    L_Last_Persist_Write_MS : UDINT;
    L_Recovery_Done : BOOL;
END_VAR

// 0. Инициализация RETAIN переменных при первом запуске
IF NOT GVL_Retain.G_Initialized THEN
    FOR L_i := 0 TO GVL_CONSTANTS.C_MAX_PRESENCE_HISTORY - 1 DO
        GVL_Retain.G_Presence_History[L_i] := 0;
    END_FOR;
    
    GVL_Retain.G_History_Write_Idx := 1;
    GVL_Retain.G_History_Total_Events := 0;
    
    FOR L_i := 1 TO GVL_CONSTANTS.C_MAX_BOILERS DO
        GVL_Retain.G_Boiler_Accumulated_MS[L_i] := 0;
        GVL_Retain.G_Boiler_Work_Seconds[L_i] := 0;
    END_FOR;
    
    FOR L_i := 1 TO GVL_CONSTANTS.C_MAX_MANIFOLDS DO
        GVL_Retain.G_Valve_Test_Results[L_i] := FALSE;
    END_FOR;
    
    L_Local_State.Version := 0;
    L_Remote_State.Version := 0;
    
    GVL_Retain.G_Initialized := TRUE;



END_IF;

// === NVRAM RECOVERY (ONCE AFTER BOOT) ===
IF NOT L_Recovery_Done THEN
    IF GVL_PERSISTENT.P_Valid THEN
        GVL_STATE.G_Safety_Gas_Latched := GVL_PERSISTENT.P_Safety_Gas_Latched;
        GVL_STATE.G_Safety_Smoke_Latched := GVL_PERSISTENT.P_Safety_Smoke_Latched;
        GVL_STATE.G_Safety_Leak_Latched := GVL_PERSISTENT.P_Safety_Leak_Latched;
        GVL_STATE.G_System_Mode := GVL_PERSISTENT.P_System_Mode;
    END_IF;

    L_Recovery_Done := TRUE;
END_IF;

// NVRAM CONTROLLED WRITE ENABLED (step 8B)

// 1. Обновление системного времени
GVL_STATUS.G_System_Time_MS := TIME_TO_UDINT(TIME());
L_Time_Diff := (SEL(GVL_STATUS.G_System_Time_MS >= GVL_STATUS.G_Last_System_Time_MS, GVL_STATUS.G_System_Time_MS - GVL_STATUS.G_Last_System_Time_MS, (4294967295 - GVL_STATUS.G_Last_System_Time_MS) + GVL_STATUS.G_System_Time_MS + 1));
GVL_STATUS.G_Time_Of_Day_MS := (GVL_STATUS.G_Time_Of_Day_MS + L_Time_Diff) MOD 86400000;

IF GVL_STATUS.G_Time_Of_Day_MS < L_Time_Diff THEN
    GVL_STATUS.G_Current_Day := (GVL_STATUS.G_Current_Day MOD 7) + 1;
    GVL_STATUS.G_Day_Of_Year := (GVL_STATUS.G_Day_Of_Year MOD 365) + 1;
END_IF;

GVL_STATUS.G_Last_System_Time_MS := GVL_STATUS.G_System_Time_MS;
GVL_STATUS.G_Current_TOD := UDINT_TO_TOD(GVL_STATUS.G_Time_Of_Day_MS);

// Формирование локального состояния для репликации
L_Local_State.System_Time_MS := GVL_STATUS.G_System_Time_MS;
L_Local_State.Current_Scenario := GVL_STATUS.G_Current_Scenario;
L_Local_State.Security_Armed := GVL_ALARM.G_Security_Armed;
L_Local_State.Active_Alarms := GVL_ALARM.G_Active_Alarm_Count;
L_Local_State.Zone_Valves := GVL_STATE.G_Zone_Valves;
L_Local_State.Manifold_Pumps := GVL_STATE.G_Manifold_Pumps;
L_Local_State.Lighting_States := GVL_STATE.G_Lighting_Levels;
L_Local_State.Blinds_Positions := GVL_STATE.G_Blinds_Positions;
L_Local_State.Socket_States := GVL_STATE.G_Socket_States;
L_Local_State.Gas_Valve_Closed := GVL_COMMAND.G_Gas_Valve_Close;
L_Local_State.Water_Valves_Closed := GVL_COMMAND.G_Close_Valve_36;
L_Local_State.Version := L_Local_State.Version + 1;

// 2. Определение роли ПЛК (Active/Standby)
fbRedundancy(
    VI_System_Time_MS := GVL_STATUS.G_System_Time_MS,
    VI_Local_PLC_ID := GVL_STATUS.G_PLC_ID,
    VI_Remote_Pulse := GVL_IO.DI_Partner_Pulse,
    VI_Remote_Is_Active := GVL_IO.DI_Partner_Active,
    VI_Gateway_Ping_OK := GVL_GATEWAY.G_Gateway_Ping_OK,
    VI_Local_State := L_Local_State,
    VI_Remote_State := L_Remote_State
);
GVL_STATUS.G_Is_Active_PLC := (fbRedundancy.VO_Local_Role = E_PLC_ROLE.ROLE_ACTIVE);
GVL_IO.DO_Heartbeat_Pulse := fbRedundancy.VO_Local_Pulse;
GVL_IO.DO_Active_Status := GVL_STATUS.G_Is_Active_PLC;

// 3. Синхронизация состояния (применение полученного состояния)
IF fbRedundancy.VO_State_Updated THEN
    GVL_STATUS.G_Current_Scenario := fbRedundancy.VO_Synced_State.Current_Scenario;
    GVL_ALARM.G_Security_Armed := fbRedundancy.VO_Synced_State.Security_Armed;
    GVL_STATE.G_Zone_Valves := fbRedundancy.VO_Synced_State.Zone_Valves;
    GVL_STATE.G_Manifold_Pumps := fbRedundancy.VO_Synced_State.Manifold_Pumps;
    GVL_STATE.G_Lighting_Levels := fbRedundancy.VO_Synced_State.Lighting_States;
    GVL_STATE.G_Blinds_Positions := fbRedundancy.VO_Synced_State.Blinds_Positions;
    GVL_STATE.G_Socket_States := fbRedundancy.VO_Synced_State.Socket_States;
    GVL_COMMAND.G_Gas_Valve_Close := fbRedundancy.VO_Synced_State.Gas_Valve_Closed;
    GVL_COMMAND.G_Close_Valve_36 := fbRedundancy.VO_Synced_State.Water_Valves_Closed;
    L_Local_State.Version := fbRedundancy.VO_Synced_State.Version;
END_IF;

fbSafety(
    VI_Gas_Alarm := GVL_STATE.G_Safety_Gas_Alarm,
    VI_Leak_Alarm := GVL_STATE.G_Safety_Leak_Alarm,
    VI_Smoke_Alarm := GVL_STATE.G_Safety_Smoke_Alarm,
    VI_Reset := GVL_COMMAND.G_Reset_Errors,
    VO_Gas_Latched => GVL_STATE.G_Safety_Gas_Latched,
    VO_Leak_Latched => GVL_STATE.G_Safety_Leak_Latched,
    VO_Smoke_Latched => GVL_STATE.G_Safety_Smoke_Latched,
    VO_Emergency_Stop => GVL_STATE.G_Safety_Emergency_Stop
);

// 3.4. Агрегация состояния anti-freeze hardware
GVL_STATE.G_Freeze_Hardware_Degraded := GVL_STATUS.G_Diagnostics.Backup_Pump_Fault OR GVL_STATUS.G_Diagnostics.Electric_Heater_Fault;
GVL_STATE.G_Freeze_Hardware_Failed := GVL_STATUS.G_Diagnostics.Backup_Pump_Fault AND GVL_STATUS.G_Diagnostics.Electric_Heater_Fault;

// 3.6. Health manager: новая интеграция safety + diagnostics + watchdog
fbWatchdog(
    VI_System_Time_MS := GVL_STATUS.G_System_Time_MS
);

fbSystemHealth(
    VI_Smoke_Detected := GVL_HEALTH_BRIDGE.G_Smoke_Detected OR GVL_STATE.G_Safety_Smoke_Latched,
    VI_Gas_Detected := GVL_HEALTH_BRIDGE.G_Gas_Detected OR GVL_STATE.G_Safety_Gas_Latched,
    VI_CO_Warning_Level := GVL_HEALTH_BRIDGE.G_CO_Warning_Level,
    VI_CO_Alarm_Level := GVL_HEALTH_BRIDGE.G_CO_Alarm_Level,
    VI_Leak_Detected := GVL_HEALTH_BRIDGE.G_Leak_Detected OR GVL_STATE.G_Safety_Leak_Latched,
    VI_Sensor_Fault := GVL_STATE.G_Heating_Sensor_Fault OR GVL_STATE.G_DHW_Sensor_Fault,
    VI_IO_Offline := GVL_STATE.G_Heating_IO_Fault OR GVL_STATE.G_DHW_IO_Fault OR GVL_STATE.G_Ventilation_IO_Fault OR GVL_STATE.G_Lighting_IO_Fault,
    VI_Comm_Fault := GVL_STATE.G_Access_Comm_Fault,
    VI_Watchdog_Fault := fbWatchdog.VO_Watchdog_Fault,
    VI_Subsystem_Fault := GVL_STATE.G_Heating_Subsystem_Degraded OR GVL_STATE.G_DHW_Subsystem_Degraded OR GVL_STATE.G_Ventilation_Subsystem_Degraded
);

// 3.6. State manager: агрегированная логика режима работы
fbStateManager(
    VI_System_Severity := fbSystemHealth.VO_System_Severity,
    VI_Root_Cause := fbSystemHealth.VO_Root_Cause,
    VI_Freeze_Risk := GVL_STATE.G_Safety_Freeze_Risk
);

fbHMIInterface(
    VI_Severity := fbSystemHealth.VO_System_Severity,
    VI_RootCause := fbSystemHealth.VO_Root_Cause,
    VI_Status_Msg := fbStateManager.VO_Status_Msg
);

fbFaultLogger(
    VI_Severity := fbSystemHealth.VO_System_Severity,
    VI_RootCause := fbSystemHealth.VO_Root_Cause,
    VI_Time_MS := GVL_STATUS.G_System_Time_MS
);

// publish integrated outputs
GVL_STATUS.G_System_Mode_Msg := fbStateManager.VO_Status_Msg;

// === DIAGNOSTIC FLAGS (export) ===
GVL_STATUS.G_Diagnostics.Sensor_Fault :=
    GVL_STATE.G_Heating_Sensor_Fault OR
    GVL_STATE.G_DHW_Sensor_Fault;

GVL_STATUS.G_Diagnostics.IO_Offline :=
    GVL_STATE.G_Heating_IO_Fault OR
    GVL_STATE.G_DHW_IO_Fault OR
    GVL_STATE.G_Ventilation_IO_Fault OR
    GVL_STATE.G_Lighting_IO_Fault;

GVL_STATUS.G_Diagnostics.Subsystem_Degraded :=
    GVL_STATE.G_Heating_Subsystem_Degraded OR
    GVL_STATE.G_DHW_Subsystem_Degraded OR
    GVL_STATE.G_Ventilation_Subsystem_Degraded;

GVL_GATEWAY.G_Gateway_HMI_Status_Message := fbHMIInterface.VO_HMI_Status_Text;
IF fbFaultLogger.VO_Last_Event_Text <> '' THEN
    GVL_HEALTH_BRIDGE.G_Last_Fault_Event_Text := fbFaultLogger.VO_Last_Event_Text;
END_IF;

// 3.7. Применение вычисленного режима системы
GVL_STATE.G_System_Mode := fbStateManager.VO_System_Mode;

CASE GVL_STATE.G_System_Mode OF
    E_System_Operating_Mode.MODE_SAFE_STOP:
        GVL_STATE.G_System_Mode_Text := 'SAFE_STOP';

----------------------------------------------------------------------
FILE: MAIN.st
----------------------------------------------------------------------
PROGRAM MAIN
VAR
END_VAR

// Вызов основных программ
PRG_IO_Read();
PRG_System();
PRG_Safety();
PRG_Security();
PRG_Heating();
PRG_Ventilation();
PRG_Lighting();
PRG_IO_Write();

// PRG_Test(); // Раскомментировать для запуска модульных тестов
=== PREVIOUS NVRAM LOGS PRESENCE ===
diagnostics/2026_04_16/step_13_full_project_snapshot.log
diagnostics/2026_04_16/step_13_snapshot.log
diagnostics/2026_04_16/step_14_nvram_audit.log
repo_logs/assistant_bridge/2026_04_16/step_02_nvram_topology
repo_logs/nvram
repo_logs/nvram/2026_04_16/step_16_nvram_runtime_flow.log
repo_logs/nvram/nvram_REAL_latest.log

=== RECENT COMMITS ===
0b4ac80 diag: capture autonomous repo baseline
bf03a38 diag: precheck persistent write path
ffb88de diag: find startup entry point for nvram recovery
44516c5 diag: trace nvram runtime flow
b402503 fix: remove unused CONSTANTS.dut and verify compile
5b10db1 diag: constants.dut usage audit
73466ac diag: initial nvram audit
3b03efd chore: snapshot full clean project state
792428f chore: snapshot clean build state
6195045 test: compile smoke after migration
2853d26 chore: add compile smoke script
3b0d697 test: compile smoke after migration

=== END STEP 02 ===
