]633;E;echo "=== STEP 85: INLINE DHW V2 STAGING INTO MANAGER ===";10d0c29c-b3a2-4a8b-83d2-50752c6e8f09]633;C=== STEP 85: INLINE DHW V2 STAGING INTO MANAGER ===
timestamp_utc=2026-04-17T05:36:13Z

=== BEFORE ===
23:    fbDHWV2Staging : FB_DHW_V2_Staging;
230:fbDHWV2Staging(

=== APPLY ===
OK: inlined DHW V2 staging logic into FB_DHW_Manager.st

=== AFTER ===
23:    fbDHWV2Staging : FB_DHW_V2_Staging;

=== ROOT REFERENCES ===
./FB_DHW_Manager.st:23:    fbDHWV2Staging : FB_DHW_V2_Staging;
./FB_DHW_Manager.st:229:// Inlined from FB_DHW_V2_Staging
./FB_DHW_V2_Staging.st:1:FUNCTION_BLOCK FB_DHW_V2_Staging

=== DIFF ===
diff --git a/FB_DHW_Manager.st b/FB_DHW_Manager.st
index 933c6bf..bf9ab85 100644
--- a/FB_DHW_Manager.st
+++ b/FB_DHW_Manager.st
@@ -225,25 +225,17 @@ VO_Status.Heating_Pump_On := VO_Heating_Pump;
 VO_Status.Circ_Pump_On := VO_Circ_Pump;
 
 // ========================================
-// DHW V2 staging execution
+// DHW V2 shadow execution (phase2)
+// Inlined from FB_DHW_V2_Staging
 // ========================================
-fbDHWV2Staging(
-    VI_Tank_ID := 1,
-    VI_Enable := TRUE,
-    VI_Target_Temp := VI_Config.Target_Temp,
-    VI_Pump_Enable := VO_Heating_Pump,
-    VI_Heating_Priority := FALSE,
-
-    VI_Is_Active := VO_Heating_Pump,
-    VI_Tank_Temp := VO_Status.Temp,
-    VI_Supply_Temp := VO_Status.Pressure,
-    VI_Return_Temp := VO_Status.Temp,
-    VI_Pump_Actual := VO_Heating_Pump,
-    VI_Alarm_Active := VO_Status.Error,
+IF VO_Heating_Pump THEN
+    L_DHW_V2_Command_V2.Pump_Enable := 1.0;
+ELSE
+    L_DHW_V2_Command_V2.Pump_Enable := 0.0;
+END_IF;
 
-    VO_Command_Shadow => L_DHW_V2_Command_V2,
-    VO_State_Shadow => L_DHW_V2_State_V2
-);
+L_DHW_V2_State_V2.Tank_Temp := VO_Status.Temp;
+L_DHW_V2_State_V2.Supply_Temp := VO_Status.Pressure;
 
 // ========================================
 // DHW V2 staging validation

=== END STEP 85 ===
