]633;E;echo "=== STEP 156D: COMPILE AFTER REPAIR DIAG ===";1d10160e-a0e4-4714-acaa-8070361bb284]633;C=== STEP 156D: COMPILE AFTER REPAIR DIAG ===
timestamp_utc=2026-04-17T21:07:56Z

OVERLAY_OK=FB_CRC32_Calculator METHODS=1
OVERLAY_OK=FB_Gas_Valve_Controller METHODS=3
OVERLAY_OK=FB_Random_Generator METHODS=2
OVERLAY_OK=FB_Water_Valve_Controller METHODS=3
TARGET_POUS=4
TOTAL_METHODS=9
COMPILER_DIR=/workspaces/SmartHomeNew/компилятор
PROJECT_ROOT=/workspaces/SmartHomeNew
BASE_XML=/workspaces/SmartHomeNew/компилятор/Система умного дома.xml
OUT_003=/workspaces/SmartHomeNew/компилятор/out/003_RESULT.xml
OUT_004=/workspaces/SmartHomeNew/компилятор/out/004_RESULT.xml
OUT_RESULT=/workspaces/SmartHomeNew/компилятор/out/RESULT.xml
LOG_001=/workspaces/SmartHomeNew/компилятор/logs/001_universal_pou_gvl.log
LOG_004=/workspaces/SmartHomeNew/компилятор/logs/004_import_dut_v11.log
STEP_001_OK
STEP_004_OK
FINAL_RESULT_OK=/workspaces/SmartHomeNew/компилятор/out/RESULT.xml
BUILD_OK
RUN METHOD OVERLAY...
METHOD OVERLAY DONE
CLEANED: /workspaces/SmartHomeNew/компилятор/out/003_RESULT.xml
CLEANED: /workspaces/SmartHomeNew/компилятор/out/004_RESULT.xml
CLEANED: /workspaces/SmartHomeNew/компилятор/out/RESULT.xml
]633;E;echo;1d10160e-a0e4-4714-acaa-8070361bb284]633;C
=== ERRORS FILE ===
                ------ Компиляция : Приложение: Device.Application -------
                типизировать код...
                генерировать код...
[ERROR]         Без имени9: PRG_System(Строка 598, Столбец 1 (Реализ.)): C0018:  'GVL_STATUS.G_Diagnostics.HMI_Last_Message' не является корректным объектом присваивания
[ERROR]         Без имени9: PRG_System(Строка 598, Столбец 1 (Реализ.)): C0004:  'HMI_Last_Message' не является компонентом 'ST_System_Diagnostics'
[INFORMATION]   Без имени9: ST_System_Diagnostics: C0181:  Относительная позиция
                Компиляция завершена -- 2 ошибок, 0 предупреждений : загрузка невозможна

=== PRG_SYSTEM LAST 120 LINES ===

GVL_PERSISTENT.P_DHW_Heating_Active := L_Persist_Struct.DHW_Heating_Pump;
GVL_PERSISTENT.P_Valid := L_Persist_Struct.Valid;


// === TREND EXECUTION (MVP) ===
L_Trend_Logger(
    VI_System_Time_MS := GVL_STATUS.G_System_Time_MS,
    VI_Config := (
        param_type := 1,
        zone_id := 0,
        enabled := TRUE,
        deviation_threshold_percent := 1.0,
        history_days := 1
    ),
    VI_Current_Value := GVL_STATE.G_Outdoor_Temp
);

L_Trend_Data := L_Trend_Logger.VO_Data;

L_Trend_Analyzer(
    VI_Count := INT(L_Trend_Data.record_count),
    VI_Data := L_Trend_Data.values,
    VO_Average => L_Trend_Average,
    VO_Max => L_Trend_Max,
    VO_Min => L_Trend_Min,
    VO_Trend_Up => L_Trend_Up,
    VO_Trend_Down => L_Trend_Down
);

// === TREND → HISTORY WRITE (EDGE, EXTENDED METRICS) ===
L_Trend_Write := (L_Trend_Data.record_count > 0);

IF L_Trend_Write AND NOT L_Trend_Write_Prev THEN
    L_Trend_Event.event_code := 1001;
    L_Trend_Event.event_value := L_Trend_Average;
    L_Trend_Event.zone_id := 0;
    L_Trend_Event.operator_id := '';

    IF L_Trend_Min < L_Trend_Average THEN
        L_Trend_Event.event_code := 1002;
        L_Trend_Event.event_value := L_Trend_Min;
    END_IF;

    IF L_Trend_Max > L_Trend_Average THEN
        L_Trend_Event.event_code := 1003;
        L_Trend_Event.event_value := L_Trend_Max;
    END_IF;

    IF L_Trend_Up THEN
        L_Trend_Event.event_code := 1004;
        L_Trend_Event.event_value := 1.0;
    ELSIF L_Trend_Down THEN
        L_Trend_Event.event_code := 1005;
        L_Trend_Event.event_value := -1.0;
    END_IF;

    L_History_Write_Event := TRUE;
    L_History_Event := L_Trend_Event;
END_IF;

L_Trend_Write_Prev := L_Trend_Write;

// >>> BULK_SYNC_ANCHOR: PRG_System <<<

// === EVENT LOGGING: FAULTS ===

// WATCHDOG
IF fbWatchdog.VO_Watchdog_Fault AND NOT L_Watchdog_Fault_Prev THEN
    fbLogEvent(
        VI_Event_Type := 11,
        VI_Timestamp := GVL_STATUS.G_System_Time_MS,
        VI_Param1 := 1,
        VI_Param2 := 1
    );
END_IF;

IF NOT fbWatchdog.VO_Watchdog_Fault AND L_Watchdog_Fault_Prev THEN
    fbLogEvent(
        VI_Event_Type := 12,
        VI_Timestamp := GVL_STATUS.G_System_Time_MS,
        VI_Param1 := 1,
        VI_Param2 := 0
    );
END_IF;

L_Watchdog_Fault_Prev := fbWatchdog.VO_Watchdog_Fault;

// IO
IF fbSystemHealth.VO_IO_Fault AND NOT L_IO_Fault_Prev THEN
    fbLogEvent(
        VI_Event_Type := 2,
        VI_Timestamp := GVL_STATUS.G_System_Time_MS,
        VI_Param1 := 1,
        VI_Param2 := 1
    );
END_IF;

IF NOT fbSystemHealth.VO_IO_Fault AND L_IO_Fault_Prev THEN
    fbLogEvent(
        VI_Event_Type := 3,
        VI_Timestamp := GVL_STATUS.G_System_Time_MS,
        VI_Param1 := 1,
        VI_Param2 := 0
    );
END_IF;

L_IO_Fault_Prev := fbSystemHealth.VO_IO_Fault;

// === EVENT LOGGING: MODE CHANGE ===
IF GVL_STATE.G_System_Mode <> L_Mode_Prev THEN
    fbLogEvent(
        VI_Event_Type := 4,
        VI_Timestamp := GVL_STATUS.G_System_Time_MS,
        VI_Param1 := TO_UDINT(L_Mode_Prev),
        VI_Param2 := TO_UDINT(GVL_STATE.G_System_Mode)
    );
END_IF;

L_Mode_Prev := GVL_STATE.G_System_Mode;

=== END STEP 156D ===
