]633;E;echo "=== STEP 201: EXPAND SHADOW SAFETY PACK ===";99e447e3-9fca-4946-9726-64c2e121d464]633;C=== STEP 201: EXPAND SHADOW SAFETY PACK ===
timestamp_utc=2026-04-18T13:11:27Z

=== APPLY ===
OK: expanded shadow safety pack

=== VERIFY GVL_SENSOR_SHADOW ===
VAR_GLOBAL
    // === CO SHADOW PIPELINE EXPORT ===
    G_CO_Raw : REAL;
    G_CO_Processed : REAL;
    G_CO_Calibrated : REAL;
    G_CO_Error : BOOL;
    G_CO_Diag_Code : WORD;

    // === METHANE SHADOW PIPELINE EXPORT ===
    G_Methane_Raw : REAL;
    G_Methane_Processed : REAL;
    G_Methane_Calibrated : REAL;
    G_Methane_Error : BOOL;
    G_Methane_Diag_Code : WORD;

    // === SMOKE SHADOW PIPELINE EXPORT ===
    G_Smoke_Raw : BOOL;
    G_Smoke_Detected : BOOL;
END_VAR

=== VERIFY VARS ===
5:fbSensorCO : FB_Sensor_Analog_Processing;
6:fbCalibCO  : FB_Sensor_Calibration_Processor;
7:fbSensorMethane : FB_Sensor_Analog_Processing;
8:fbCalibMethane  : FB_Sensor_Calibration_Processor;
9:fbSmokeDetector : FB_Smoke_Detector;
11:L_CO_Calibrated : REAL;
12:L_Methane_Processed : REAL;
13:L_Methane_Calibrated : REAL;
14:L_Smoke_Detected : BOOL;
1217:fbSensorCO(
1225:L_CO_Processed := fbSensorCO.VO_Value;
1227:fbCalibCO(
1231:L_CO_Calibrated := fbCalibCO.VO_Calibrated_Value;
1236:GVL_Sensor_Shadow.G_CO_Calibrated := L_CO_Calibrated;
1237:GVL_Sensor_Shadow.G_CO_Error := fbSensorCO.VO_Error;
1238:GVL_Sensor_Shadow.G_CO_Diag_Code := fbSensorCO.VO_Diag_Code;
1242:fbSensorMethane(
1250:L_Methane_Processed := fbSensorMethane.VO_Value;
1252:fbCalibMethane(
1253:    VI_Raw_Value := L_Methane_Processed,
1256:L_Methane_Calibrated := fbCalibMethane.VO_Calibrated_Value;
1260:GVL_Sensor_Shadow.G_Methane_Processed := L_Methane_Processed;
1261:GVL_Sensor_Shadow.G_Methane_Calibrated := L_Methane_Calibrated;
1262:GVL_Sensor_Shadow.G_Methane_Error := fbSensorMethane.VO_Error;
1263:GVL_Sensor_Shadow.G_Methane_Diag_Code := fbSensorMethane.VO_Diag_Code;
1266:fbSmokeDetector(
1269:L_Smoke_Detected := fbSmokeDetector.VO_Smoke_Detected;
1273:GVL_Sensor_Shadow.G_Smoke_Detected := L_Smoke_Detected;

=== VERIFY EXEC/EXPORT ===
241:    VI_Smoke_Detected := GVL_HEALTH_BRIDGE.G_Smoke_Detected OR GVL_STATE.G_Safety_Smoke_Latched,
438:    VI_Smoke_Sensors := GVL_STATE.G_Smoke_Sensors,
439:    VI_Methane_Sensors := GVL_STATE.G_Methane_Sensors,
510:    VI_Methane_Concentration := GVL_STATE.G_Methane_Sensors[1],
808:L_BB_Record.Gas_Methane_LEL := GVL_STATE.G_Methane_Sensors[1];
1241:// === METHANE SHADOW EXEC ===
1243:    VI_Raw_Value := REAL_TO_WORD(GVL_STATE.G_Methane_Sensors[1]),
1258:// === METHANE SHADOW EXPORT ===
1259:GVL_Sensor_Shadow.G_Methane_Raw := GVL_STATE.G_Methane_Sensors[1];
1260:GVL_Sensor_Shadow.G_Methane_Processed := L_Methane_Processed;
1261:GVL_Sensor_Shadow.G_Methane_Calibrated := L_Methane_Calibrated;
1262:GVL_Sensor_Shadow.G_Methane_Error := fbSensorMethane.VO_Error;
1263:GVL_Sensor_Shadow.G_Methane_Diag_Code := fbSensorMethane.VO_Diag_Code;
1265:// === SMOKE SHADOW EXEC ===
1267:    VI_Smoke_Signal := GVL_STATE.G_Smoke_Sensors[1]
1271:// === SMOKE SHADOW EXPORT ===
1272:GVL_Sensor_Shadow.G_Smoke_Raw := GVL_STATE.G_Smoke_Sensors[1];
1273:GVL_Sensor_Shadow.G_Smoke_Detected := L_Smoke_Detected;

=== END STEP 201 ===
