]633;E;echo "=== RUN STEP 146 ===";b1b004be-84e9-4c4a-907f-ec53559384c2]633;C=== RUN STEP 146 ===
=== STEP 146: AUDIT UNREACHABLE CLUSTER FUNCTIONAL GAP ===

--- FB_DryRun_Assertion_Map.st ---
exists=True
live_refs=0
line_count=29
content_preview:
FUNCTION_BLOCK FB_DryRun_Assertion_Map
VAR_INPUT
    VI_Test_Step : INT;
END_VAR

VAR_OUTPUT
    VO_Expected_Result : STRING(220);
END_VAR

CASE VI_Test_Step OF
    1:
        VO_Expected_Result := 'EXPECT: Flood alarm active, leak safety path active, water confirm blocked';
    2:
        VO_Expected_Result := 'EXPECT: Gas alarm active, gas valve close path, gas safety latched';
    3:
        VO_Expected_Result := 'EXPECT: Fire alarm active, smoke safety path, safe-stop tendency';
    4:
        VO_Expected_Result := 'EXPECT: Scenario NONE clamp under SAFE_STOP/FREEZE rules';
    5:
        VO_Expected_Result := 'EXPECT: Scenario forced to AWAY by security policy';
    6:
        VO_Expected_Result := 'EXPECT: Guard denies AWAY->PARTY, scenario remains unchanged';
    7:
        VO_Expected_Result := 'EXPECT: Watchdog root cause and event 11/12 path';
    ELSE
...
possible_live_analogs:
  FB_History_Manager.st: overlap_score=3
    overlap_tokens=BULK_SYNC_ANCHOR, END_VAR, to
  FB_BlackBox_Recorder.st: overlap_score=2
    overlap_tokens=BULK_SYNC_ANCHOR, END_VAR
  FB_NVRAM_Manager.st: overlap_score=5
    overlap_tokens=BULK_SYNC_ANCHOR, ELSE, END_VAR, and, to
  ST_History_Record.dut: overlap_score=3
    overlap_tokens=NONE, event, to
  ST_System_State_Snapshot.dut: overlap_score=2
    overlap_tokens=Gas, Scenario
  GVL_Retain.gvl: overlap_score=2
    overlap_tokens=END_VAR, to

--- FB_DryRun_Simulation_Harness.st ---
exists=True
live_refs=0
line_count=79
content_preview:
FUNCTION_BLOCK FB_DryRun_Simulation_Harness
VAR_INPUT
    VI_Enable : BOOL;
    VI_System_Time_MS : UDINT;
END_VAR

VAR_OUTPUT
    VO_Test_Step : INT;
    VO_Status_Msg : STRING(120);
    VO_Inject_Flood : BOOL;
    VO_Inject_Gas : BOOL;
    VO_Inject_Fire : BOOL;
    VO_Inject_SafeStop : BOOL;
    VO_Inject_SecurityArmed : BOOL;
    VO_Request_AwayToParty : BOOL;
    VO_Inject_Watchdog : BOOL;
END_VAR

VAR
    L_Last_Step_Time : UDINT;
END_VAR

IF NOT VI_Enable THEN
    VO_Test_Step := 0;
    VO_Status_Msg := 'Dry run disabled';
...
possible_live_analogs:
  FB_History_Manager.st: overlap_score=7
    overlap_tokens=BULK_SYNC_ANCHOR, END_IF, END_VAR, IF, NOT, THEN, VI_System_Time_MS
  FB_BlackBox_Recorder.st: overlap_score=8
    overlap_tokens=BULK_SYNC_ANCHOR, END_IF, END_VAR, FALSE, IF, NOT, THEN, TRUE
  FB_NVRAM_Manager.st: overlap_score=12
    overlap_tokens=BULK_SYNC_ANCHOR, ELSE, END_IF, END_VAR, FALSE, IF, NOT, RETURN, THEN, TRUE, VI_System_Time_MS, one
  ST_History_Record.dut: overlap_score=1
    overlap_tokens=one
  ST_System_State_Snapshot.dut: overlap_score=3
    overlap_tokens=IF, one, shot
  GVL_Retain.gvl: overlap_score=3
    overlap_tokens=END_VAR, FALSE, IF

--- FB_Trend_Analyzer.st ---
exists=True
live_refs=0
line_count=37
content_preview:
FUNCTION_BLOCK FB_Trend_Analyzer
VAR_INPUT
    VI_Count      : INT;
END_VAR
VAR_IN_OUT
    VI_Data       : ARRAY[1..GVL_CONSTANTS.C_MAX_TREND_DATA_POINTS] OF REAL;
END_VAR
VAR_OUTPUT
    VO_Average    : REAL;
    VO_Max        : REAL;
    VO_Min        : REAL;
    VO_Trend_Up   : BOOL;
    VO_Trend_Down : BOOL;
END_VAR
VAR
    L_i   : INT;
    L_Sum : REAL;
END_VAR

IF VI_Count > 0 AND VI_Count <= GVL_CONSTANTS.C_MAX_TREND_DATA_POINTS THEN
    VO_Max := VI_Data[1];
    VO_Min := VI_Data[1];
    L_Sum := 0.0;
    
    FOR L_i := 1 TO VI_Count DO
...
possible_live_analogs:
  FB_History_Manager.st: overlap_score=7
    overlap_tokens=AND, END_IF, END_VAR, GVL_CONSTANTS, IF, THEN, TO
  FB_BlackBox_Recorder.st: overlap_score=5
    overlap_tokens=END_IF, END_VAR, GVL_CONSTANTS, IF, THEN
  FB_NVRAM_Manager.st: overlap_score=11
    overlap_tokens=AND, DO, END_FOR, END_IF, END_VAR, FOR, IF, L_i, THEN, TO, VI_Data
  ST_History_Record.dut: overlap_score=0
  ST_System_State_Snapshot.dut: overlap_score=2
    overlap_tokens=GVL_CONSTANTS, IF
  GVL_Retain.gvl: overlap_score=4
    overlap_tokens=END_VAR, GVL_CONSTANTS, IF, TO

--- FB_Trend_Logger.st ---
exists=True
live_refs=0
line_count=33
content_preview:
FUNCTION_BLOCK FB_Trend_Logger
VAR_INPUT
    VI_System_Time_MS : UDINT;
    VI_Config : ST_Trend_Config;
    VI_Current_Value : REAL;
END_VAR
VAR_OUTPUT
    VO_Data : ST_Trend_Data;
END_VAR
VAR
    L_Last_Log_Time : UDINT;
    L_Last_Value : REAL;
    L_Deviation : REAL;
END_VAR

IF NOT VI_Config.enabled THEN RETURN; END_IF;

// Логирование по изменению (Deadband) или по времени (раз в час)
L_Deviation := ABS(VI_Current_Value - L_Last_Value);
IF (L_Deviation >= (L_Last_Value * VI_Config.deviation_threshold_percent / 100.0)) OR 
   ((SEL(VI_System_Time_MS >= L_Last_Log_Time, VI_System_Time_MS - L_Last_Log_Time, (4294967295 - L_Last_Log_Time) + VI_System_Time_MS + 1)) >= GVL_CONSTANTS.C_MS_IN_HOUR) THEN
    
    // Запись в массив
    VO_Data.write_index := (VO_Data.record_count MOD 100) + 1;
    VO_Data.values[VO_Data.write_index] := VI_Current_Value;
...
possible_live_analogs:
  FB_History_Manager.st: overlap_score=9
    overlap_tokens=END_IF, END_VAR, GVL_CONSTANTS, IF, MOD, NOT, OR, THEN, VI_System_Time_MS
  FB_BlackBox_Recorder.st: overlap_score=7
    overlap_tokens=END_IF, END_VAR, GVL_CONSTANTS, IF, NOT, OR, THEN
  FB_NVRAM_Manager.st: overlap_score=8
    overlap_tokens=END_IF, END_VAR, IF, NOT, OR, RETURN, THEN, VI_System_Time_MS
  ST_History_Record.dut: overlap_score=1
    overlap_tokens=OR
  ST_System_State_Snapshot.dut: overlap_score=2
    overlap_tokens=GVL_CONSTANTS, IF
  GVL_Retain.gvl: overlap_score=4
    overlap_tokens=END_VAR, GVL_CONSTANTS, IF, OR

--- FB_State_Snapshot_Manager.st ---
exists=True
live_refs=0
line_count=25
content_preview:
FUNCTION_BLOCK FB_State_Snapshot_Manager
VAR_INPUT
    VI_System_Time_MS : UDINT;
    VI_Trigger_Event  : BOOL; // Сигнал на создание снимка
    VI_Event_Code     : WORD;
    VI_Current_State  : ST_State_Snapshot;
END_VAR
VAR_OUTPUT
    VO_Snapshot_Saved : BOOL;
END_VAR
VAR
    L_Snapshot_Buffer : ARRAY[1..GVL_CONSTANTS.C_MAX_STATE_SNAPSHOTS] OF ST_State_Snapshot;
    L_Write_Idx       : INT := 1;
END_VAR

IF VI_Trigger_Event THEN
    L_Snapshot_Buffer[L_Write_Idx] := VI_Current_State;
    L_Snapshot_Buffer[L_Write_Idx].timestamp_ms := VI_System_Time_MS;
    L_Snapshot_Buffer[L_Write_Idx].trigger_event_code := VI_Event_Code;
    
    L_Write_Idx := (L_Write_Idx MOD GVL_CONSTANTS.C_MAX_STATE_SNAPSHOTS) + 1;
    VO_Snapshot_Saved := TRUE;
ELSE
    VO_Snapshot_Saved := FALSE;
END_IF;
possible_live_analogs:
  FB_History_Manager.st: overlap_score=8
    overlap_tokens=END_IF, END_VAR, GVL_CONSTANTS, IF, MOD, THEN, VI_System_Time_MS, timestamp_ms
  FB_BlackBox_Recorder.st: overlap_score=7
    overlap_tokens=END_IF, END_VAR, FALSE, GVL_CONSTANTS, IF, THEN, TRUE
  FB_NVRAM_Manager.st: overlap_score=8
    overlap_tokens=ELSE, END_IF, END_VAR, FALSE, IF, THEN, TRUE, VI_System_Time_MS
  ST_History_Record.dut: overlap_score=1
    overlap_tokens=timestamp_ms
  ST_System_State_Snapshot.dut: overlap_score=2
    overlap_tokens=GVL_CONSTANTS, IF
  GVL_Retain.gvl: overlap_score=4
    overlap_tokens=END_VAR, FALSE, GVL_CONSTANTS, IF

--- FB_State_Snapshot_NVRAM.st ---
exists=True
live_refs=0
line_count=78
content_preview:
FUNCTION_BLOCK FB_State_Snapshot_NVRAM
VAR_INPUT
    VI_System_Time_MS : UDINT;
    VI_Save_Req       : BOOL;
    VI_Snapshot       : ST_State_Snapshot;
END_VAR
VAR_OUTPUT
    VO_Saved          : BOOL;
    VO_Error          : BOOL;
END_VAR
VAR
    L_FileName        : STRING := '/home/root/snapshot.bin';
    L_State           : INT := 0;
    
    // Асинхронные блоки из библиотеки CAA_File
    fbFileOpen        : FILE.Open;
    fbFileWrite       : FILE.Write;
    fbFileClose       : FILE.Close;
    L_FileHandle      : FILE.HANDLE;
END_VAR

CASE L_State OF
    0: // Ожидание
        VO_Saved := FALSE;
        VO_Error := FALSE;
...
possible_live_analogs:
  FB_History_Manager.st: overlap_score=7
    overlap_tokens=END_IF, END_VAR, IF, NOT, THEN, VI_System_Time_MS, Write
  FB_BlackBox_Recorder.st: overlap_score=8
    overlap_tokens=END_IF, END_VAR, FALSE, IF, NOT, THEN, TRUE, Write
  FB_NVRAM_Manager.st: overlap_score=12
    overlap_tokens=ADR, END_IF, END_VAR, FALSE, IF, NOT, SIZEOF, THEN, TRUE, VI_System_Time_MS, VO_Error, Write
  ST_History_Record.dut: overlap_score=0
  ST_System_State_Snapshot.dut: overlap_score=2
    overlap_tokens=Close, IF
  GVL_Retain.gvl: overlap_score=4
    overlap_tokens=END_VAR, FALSE, IF, Write

--- ST_Debug_Log_Record.dut ---
exists=True
live_refs=0
line_count=13
content_preview:
{attribute 'pack_mode' := '1'}
TYPE ST_Debug_Log_Record :
STRUCT
    timestamp_ms : UDINT;
    level : BYTE; // E_Debug_Log_Level
    source_id : BYTE;
    event_code : WORD;
    value_int : UDINT;
    value_real : REAL;
    text : STRING(80);
    crc32 : DWORD;
END_STRUCT
END_TYPE
possible_live_analogs:
  FB_History_Manager.st: overlap_score=1
    overlap_tokens=timestamp_ms
  FB_BlackBox_Recorder.st: overlap_score=0
  FB_NVRAM_Manager.st: overlap_score=0
  ST_History_Record.dut: overlap_score=4
    overlap_tokens=attribute, event_code, pack_mode, timestamp_ms
  ST_System_State_Snapshot.dut: overlap_score=2
    overlap_tokens=attribute, pack_mode
  GVL_Retain.gvl: overlap_score=1
    overlap_tokens=attribute

--- ST_Debug_Logger_Config.dut ---
exists=True
live_refs=0
line_count=7
content_preview:
{attribute 'pack_mode' := '1'}
TYPE ST_Debug_Logger_Config :
STRUCT
    enabled : BOOL;
    sampling_period_ms : UDINT := GVL_CONSTANTS.C_MS_IN_SECOND;
END_STRUCT
END_TYPE
possible_live_analogs:
  FB_History_Manager.st: overlap_score=1
    overlap_tokens=GVL_CONSTANTS
  FB_BlackBox_Recorder.st: overlap_score=1
    overlap_tokens=GVL_CONSTANTS
  FB_NVRAM_Manager.st: overlap_score=0
  ST_History_Record.dut: overlap_score=2
    overlap_tokens=attribute, pack_mode
  ST_System_State_Snapshot.dut: overlap_score=3
    overlap_tokens=GVL_CONSTANTS, attribute, pack_mode
  GVL_Retain.gvl: overlap_score=2
    overlap_tokens=GVL_CONSTANTS, attribute

--- ST_State_Snapshot.dut ---
exists=True
live_refs=2
  ref=FB_State_Snapshot_Manager.st
  ref=FB_State_Snapshot_NVRAM.st
line_count=12
content_preview:
{attribute 'pack_mode' := '1'}
TYPE ST_State_Snapshot :
STRUCT
    timestamp_ms : UDINT := 0;
    operator_id : STRING(10) := '';
    scenario_id : E_SCENARIO_TYPE := E_SCENARIO_TYPE.SCENARIO_NONE;
    lighting_levels : ARRAY[1..GVL_CONSTANTS.C_MAX_LIGHTING_ZONES] OF BYTE;
    floor_heating_setpoints : ARRAY[1..GVL_CONSTANTS.C_MAX_HEATING_CIRCUITS] OF REAL;
    alarm_active : BOOL := FALSE;
    crc32 : DWORD := 0;
END_STRUCT
END_TYPE
possible_live_analogs:
  FB_History_Manager.st: overlap_score=2
    overlap_tokens=GVL_CONSTANTS, timestamp_ms
  FB_BlackBox_Recorder.st: overlap_score=2
    overlap_tokens=FALSE, GVL_CONSTANTS
  FB_NVRAM_Manager.st: overlap_score=1
    overlap_tokens=FALSE
  ST_History_Record.dut: overlap_score=4
    overlap_tokens=attribute, operator_id, pack_mode, timestamp_ms
  ST_System_State_Snapshot.dut: overlap_score=4
    overlap_tokens=E_SCENARIO_TYPE, GVL_CONSTANTS, attribute, pack_mode
  GVL_Retain.gvl: overlap_score=3
    overlap_tokens=FALSE, GVL_CONSTANTS, attribute

--- ST_Trend_Config.dut ---
exists=True
live_refs=2
  ref=FB_Trend_Logger.st
  ref=ST_Trend_Data.dut
line_count=10
content_preview:
{attribute 'pack_mode' := '1'}
TYPE ST_Trend_Config :
STRUCT
    param_type : BYTE; // E_Trend_Parameter_Type
    zone_id : BYTE;
    enabled : BOOL;
    deviation_threshold_percent : REAL := 10.0;
    history_days : UDINT := 7;
END_STRUCT
END_TYPE
possible_live_analogs:
  FB_History_Manager.st: overlap_score=0
  FB_BlackBox_Recorder.st: overlap_score=0
  FB_NVRAM_Manager.st: overlap_score=0
  ST_History_Record.dut: overlap_score=3
    overlap_tokens=attribute, pack_mode, zone_id
  ST_System_State_Snapshot.dut: overlap_score=2
    overlap_tokens=attribute, pack_mode
  GVL_Retain.gvl: overlap_score=1
    overlap_tokens=attribute

--- ST_Trend_Data.dut ---
exists=True
live_refs=1
  ref=FB_Trend_Logger.st
line_count=12
content_preview:
{attribute 'pack_mode' := '1'}
TYPE ST_Trend_Data :
STRUCT
    config : ST_Trend_Config;
    record_count : UDINT;
    write_index : UDINT;
    sum_values : REAL;
    values : ARRAY[1..100] OF REAL;
    timestamps : ARRAY[1..100] OF UDINT;
    crc32 : DWORD;
END_STRUCT
END_TYPE
possible_live_analogs:
  FB_History_Manager.st: overlap_score=0
  FB_BlackBox_Recorder.st: overlap_score=0
  FB_NVRAM_Manager.st: overlap_score=0
  ST_History_Record.dut: overlap_score=2
    overlap_tokens=attribute, pack_mode
  ST_System_State_Snapshot.dut: overlap_score=2
    overlap_tokens=attribute, pack_mode
  GVL_Retain.gvl: overlap_score=1
    overlap_tokens=attribute

--- ST_Trend_Header.dut ---
exists=True
live_refs=0
line_count=11
content_preview:
{attribute 'pack_mode' := '1'}
TYPE ST_Trend_Header :
STRUCT
    parameter_type : BYTE; // E_Trend_Parameter_Type
    zone_id : BYTE := 0;
    records_count : UDINT := 0;
    average_value : REAL := 0.0;
    min_value : REAL := 0.0;
    max_value : REAL := 0.0;
END_STRUCT
END_TYPE
possible_live_analogs:
  FB_History_Manager.st: overlap_score=0
  FB_BlackBox_Recorder.st: overlap_score=0
  FB_NVRAM_Manager.st: overlap_score=0
  ST_History_Record.dut: overlap_score=3
    overlap_tokens=attribute, pack_mode, zone_id
  ST_System_State_Snapshot.dut: overlap_score=2
    overlap_tokens=attribute, pack_mode
  GVL_Retain.gvl: overlap_score=1
    overlap_tokens=attribute

--- ST_Trend_History_Record.dut ---
exists=True
live_refs=0
line_count=7
content_preview:
{attribute 'pack_mode' := '1'}
TYPE ST_Trend_History_Record :
STRUCT
    timestamp_ms : UDINT := 0;
    value : REAL := 0.0;
END_STRUCT
END_TYPE
possible_live_analogs:
  FB_History_Manager.st: overlap_score=1
    overlap_tokens=timestamp_ms
  FB_BlackBox_Recorder.st: overlap_score=0
  FB_NVRAM_Manager.st: overlap_score=0
  ST_History_Record.dut: overlap_score=4
    overlap_tokens=attribute, pack_mode, timestamp_ms, value
  ST_System_State_Snapshot.dut: overlap_score=2
    overlap_tokens=attribute, pack_mode
  GVL_Retain.gvl: overlap_score=1
    overlap_tokens=attribute

--- E_Debug_Log_Level.dut ---
exists=True
live_refs=1
  ref=ST_Debug_Log_Record.dut
line_count=9
content_preview:
{attribute 'strict'}
TYPE E_Debug_Log_Level :
(
    LOG_LEVEL_MINIMAL := 0,
    LOG_LEVEL_NORMAL := 1,
    LOG_LEVEL_VERBOSE := 2,
    LOG_LEVEL_DEBUG := 3
) USINT;
END_TYPE
possible_live_analogs:
  FB_History_Manager.st: overlap_score=0
  FB_BlackBox_Recorder.st: overlap_score=0
  FB_NVRAM_Manager.st: overlap_score=0
  ST_History_Record.dut: overlap_score=1
    overlap_tokens=attribute
  ST_System_State_Snapshot.dut: overlap_score=1
    overlap_tokens=attribute
  GVL_Retain.gvl: overlap_score=1
    overlap_tokens=attribute

--- E_Trend_Parameter_Type.dut ---
exists=True
live_refs=2
  ref=ST_Trend_Config.dut
  ref=ST_Trend_Header.dut
line_count=12
content_preview:
{attribute 'strict'}
TYPE E_Trend_Parameter_Type :
(
    TREND_PARAM_NONE := 0,
    TREND_PARAM_TEMP_AIR := 1,
    TREND_PARAM_TEMP_FLOOR := 2,
    TREND_PARAM_PRESSURE := 3,
    TREND_PARAM_PUMP_CURRENT := 4,
    TREND_PARAM_GAS_METHANE := 5,
    TREND_PARAM_GAS_CO := 6
) USINT;
END_TYPE
possible_live_analogs:
  FB_History_Manager.st: overlap_score=0
  FB_BlackBox_Recorder.st: overlap_score=0
  FB_NVRAM_Manager.st: overlap_score=0
  ST_History_Record.dut: overlap_score=1
    overlap_tokens=attribute
  ST_System_State_Snapshot.dut: overlap_score=1
    overlap_tokens=attribute
  GVL_Retain.gvl: overlap_score=1
    overlap_tokens=attribute

=== END STEP 146 ===
