]633;E;echo "=== STEP 70: MAP HEATING V2 REAL SOURCES ===";fd114dcf-b8f0-4fa9-a638-75bd3982af51]633;C=== STEP 70: MAP HEATING V2 REAL SOURCES ===
timestamp_utc=2026-04-16T20:11:56Z

=== HEATING V2 STAGING CALL BLOCK ===
701:fbHeatingV2Staging(

----- CONTEXT line 701 -----
        VI_Nominal_Life := 50000 // 50,000 часов
    );
    VO_Boiler_Status[L_i].Resource_Percent := TO_REAL(L_Boiler_Life[L_i].VO_Remaining_Percent);
    VO_Boiler_Status[L_i].Running := VI_Boiler_Flame_Status[L_i];
END_FOR;
GVL_STATE.G_Heating_Subsystem_Degraded := L_Any_Subsystem_Degraded;

// ========================================
// Heating V2 staging execution
// ========================================
fbHeatingV2Staging(
    VI_Zone_ID := 1,
    VI_Enable := TRUE,
    VI_Target_Temp := 22.0,
    VI_Valve_Position_Setpoint := 50.0,
    VI_Pump_Enable := TRUE,

    VI_Is_Active := TRUE,
    VI_Room_Temp := 21.0,
    VI_Supply_Temp := 35.0,
    VI_Return_Temp := 30.0,
    VI_Valve_Position_Actual := 50.0,
    VI_Alarm_Active := FALSE,

    VO_Command_Shadow => L_Heating_V2_Command_V2,
    VO_State_Shadow => L_Heating_V2_State_V2
);

// Heating V2 staging validation
IF ABS(VO_Manifold_Valves[1] - L_Heating_V2_Command_V2.Valve_Position_Setpoint) > 0.1 THEN
    L_Heating_V2_Shadow_Diff_Found := TRUE;
END_IF;
IF ABS(VI_Room_Temps[1] - L_Heating_V2_State_V2.Room_Temp) > 0.1 THEN
    L_Heating_V2_Shadow_Diff_Found := TRUE;
END_IF;
IF ABS(VI_Manifold_Temps_Supply[1] - L_Heating_V2_State_V2.Supply_Temp) > 0.1 THEN
    L_Heating_V2_Shadow_Diff_Found := TRUE;


=== CANDIDATE REAL SOURCES: VALVE / TEMP / STATUS ===
80:    L_Target_Supply_Temp : REAL; // Рассчитанная целевая температура подачи
113:    L_IO_Failsafe_Active : BOOL; // Флаг потери связи с модулями I/O
114:    L_Freeze_Mode_Active : BOOL; // Флаг антизамерзания по ТЗ
126:    L_Any_Subsystem_Degraded : BOOL;
143:    L_Freeze_Mode_Active := TRUE;
147:GVL_STATE.G_Heating_IO_Fault := FALSE;
149:GVL_STATE.G_Heating_Subsystem_Degraded := FALSE;
151:L_Any_Subsystem_Degraded := FALSE;
163:    L_Freeze_Mode_Active := (VI_Outdoor_Temp < -5.0);
166:            L_Freeze_Mode_Active := TRUE;
183:    IF L_Freeze_Mode_Active THEN
230:L_IO_Failsafe_Active := FALSE;
233:        L_IO_Failsafe_Active := TRUE;
234:        GVL_STATE.G_Heating_IO_Fault := TRUE;
235:GVL_STATE.G_Heating_Subsystem_Degraded := TRUE;
240:IF L_IO_Failsafe_Active THEN
243:    L_Freeze_Mode_Active := (VI_Outdoor_Temp < -5.0);
247:            L_Freeze_Mode_Active := TRUE;
252:    IF L_Freeze_Mode_Active THEN
259:        IF L_Freeze_Mode_Active THEN
275:    IF L_Freeze_Mode_Active THEN
287:L_Target_Supply_Temp := 35.0; // Базовая уставка
290:    L_Target_Supply_Temp := L_Target_Supply_Temp + (15.0 - VI_Outdoor_Temp) * VI_Config.Weather_Coef;
292:L_Target_Supply_Temp := LIMIT(20.0, L_Target_Supply_Temp, 45.0); // Ограничение диапазона для теплого пола
295:    IF L_Target_Supply_Temp > 35.0 THEN
296:        L_Target_Supply_Temp := 35.0;
328:L_Freeze_Mode_Active := L_Policy_Freeze_Protection OR (VI_Outdoor_Temp < -5.0);
329:IF NOT L_Freeze_Mode_Active THEN
332:            L_Freeze_Mode_Active := TRUE;
338:IF L_Freeze_Mode_Active THEN
340:    IF L_Target_Supply_Temp < L_Freeze_Target_Supply THEN
341:        L_Target_Supply_Temp := L_Freeze_Target_Supply;
451:            VI_SetPoint := L_Target_Supply_Temp,
476:        IF L_Freeze_Mode_Active THEN
575:IF L_Freeze_Mode_Active AND L_Demand_Power < 20.0 THEN
586:    VI_Enable := VI_IsActivePLC AND ((L_Demand_Power > GVL_CONSTANTS.C_BOILER_CASCADE_MIN_DEMAND) OR L_Freeze_Mode_Active),
591:    VI_Target_Supply_Temp := L_Target_Supply_Temp,
641:        L_Any_Subsystem_Degraded := TRUE;
645:        L_Any_Subsystem_Degraded := TRUE;
649:        L_Any_Subsystem_Degraded := TRUE;
696:GVL_STATE.G_Heating_Subsystem_Degraded := L_Any_Subsystem_Degraded;
720:IF ABS(VO_Manifold_Valves[1] - L_Heating_V2_Command_V2.Valve_Position_Setpoint) > 0.1 THEN
723:IF ABS(VI_Room_Temps[1] - L_Heating_V2_State_V2.Room_Temp) > 0.1 THEN
726:IF ABS(VI_Manifold_Temps_Supply[1] - L_Heating_V2_State_V2.Supply_Temp) > 0.1 THEN

=== MANIFOLD / ZONE CONTROL AREA ===
168:        VO_Zone_Valves[L_i] := FALSE;
172:        VO_Manifold_Pumps[L_i] := FALSE;
173:        VO_Manifold_Valves[L_i] := 0.0;
211:        VO_Zone_Valves[L_i] := FALSE;
215:        VO_Manifold_Pumps[L_i] := FALSE;
216:        VO_Manifold_Valves[L_i] := 0.0;
249:        VO_Zone_Valves[L_j] := FALSE;
260:            VO_Manifold_Pumps[L_j] := TRUE;
261:            VO_Manifold_Valves[L_j] := 35.0;
263:            VO_Manifold_Pumps[L_j] := FALSE;
264:            VO_Manifold_Valves[L_j] := 0.0;
393:        VO_Zone_Valves[L_i] := FALSE; // Безопасное состояние при ошибке обоих датчиков
406:            VO_Valve_Bool => VO_Zone_Valves[L_i]
412:        VO_Zone_Valves[L_i] := FALSE;
419:                VO_Zone_Valves[L_i] := (VI_Rule_Actions[L_j].Value > 0.5);
433:    IF VO_Zone_Valves[L_i] THEN
455:            VO_Output => VO_Manifold_Valves[L_i]
460:    L_Pump_Run_Timer[L_i](IN := VO_Manifold_Pumps[L_i] AND NOT L_Pump_In_Pause[L_i], PT := T#72h, VI_System_Time_MS := VI_System_Time_MS);
469:        VO_Manifold_Pumps[L_i] := FALSE;
470:        VO_Manifold_Valves[L_i] := 0.0; // Принудительно закрываем смесительный клапан
472:        VO_Manifold_Pumps[L_i] := VI_IsActivePLC AND L_Any_Zone_Active[L_i] AND NOT L_Pump_In_Pause[L_i];
477:            VO_Manifold_Pumps[L_i] := TRUE;
478:            IF VO_Manifold_Valves[L_i] < 35.0 THEN
479:                VO_Manifold_Valves[L_i] := 35.0;
484:    VO_Status[L_i].Pump_On := VO_Manifold_Pumps[L_i];
489:    VO_Status[L_i].Valve_Pos := VO_Manifold_Valves[L_i];
495:        VI_Is_Running := VO_Manifold_Pumps[L_i],
502:        IF VO_Manifold_Pumps[L_i] THEN
558:            VO_Manifold_Valves[L_i] := 100.0;
560:            VO_Manifold_Valves[L_i] := 0.0;
562:        VO_Manifold_Pumps[L_i] := FALSE; // Отключаем насос при тестировании клапана
569:    IF VO_Manifold_Pumps[L_i] THEN
570:        L_Demand_Power := L_Demand_Power + VO_Manifold_Valves[L_i];
720:IF ABS(VO_Manifold_Valves[1] - L_Heating_V2_Command_V2.Valve_Position_Setpoint) > 0.1 THEN

=== TEMPERATURE SOURCE AREA ===
80:    L_Target_Supply_Temp : REAL; // Рассчитанная целевая температура подачи
188:            IF VI_Manifold_Temps_Supply[L_i] < L_Min_Supply_Temp THEN
189:                L_Min_Supply_Temp := VI_Manifold_Temps_Supply[L_i];
287:L_Target_Supply_Temp := 35.0; // Базовая уставка
290:    L_Target_Supply_Temp := L_Target_Supply_Temp + (15.0 - VI_Outdoor_Temp) * VI_Config.Weather_Coef;
292:L_Target_Supply_Temp := LIMIT(20.0, L_Target_Supply_Temp, 45.0); // Ограничение диапазона для теплого пола
295:    IF L_Target_Supply_Temp > 35.0 THEN
296:        L_Target_Supply_Temp := 35.0;
340:    IF L_Target_Supply_Temp < L_Freeze_Target_Supply THEN
341:        L_Target_Supply_Temp := L_Freeze_Target_Supply;
357:        VI_Value := VI_Room_Temps[L_Climate_Zone_ID],
451:            VI_SetPoint := L_Target_Supply_Temp,
452:            VI_ProcessValue := VI_Manifold_Temps_Supply[L_i],
487:    VO_Status[L_i].Temp_Supply := VI_Manifold_Temps_Supply[L_i];
488:    VO_Status[L_i].Temp_Return := VI_Manifold_Temps_Return[L_i];
503:            L_Delta_T := VI_Manifold_Temps_Supply[L_i] - VI_Manifold_Temps_Return[L_i];
591:    VI_Target_Supply_Temp := L_Target_Supply_Temp,
723:IF ABS(VI_Room_Temps[1] - L_Heating_V2_State_V2.Room_Temp) > 0.1 THEN
726:IF ABS(VI_Manifold_Temps_Supply[1] - L_Heating_V2_State_V2.Supply_Temp) > 0.1 THEN

=== STATUS / DIAGNOSTIC AREA ===
57:    VO_Freeze_Risk_Status : BOOL; // Признак риска замерзания при защёлкнутой газовой аварии
113:    L_IO_Failsafe_Active : BOOL; // Флаг потери связи с модулями I/O
114:    L_Freeze_Mode_Active : BOOL; // Флаг антизамерзания по ТЗ
115:    L_Freeze_Target_Supply : REAL; // Уставка подачи в режиме антизамерзания
123:    L_Policy_Degraded : BOOL; // Policy: limited conservative operation
124:    L_Policy_Freeze_Protection : BOOL; // Policy: freeze protection mode
126:    L_Any_Subsystem_Degraded : BOOL;
136:L_Policy_Degraded := (VI_System_Mode = E_System_Operating_Mode.MODE_DEGRADED);
137:L_Policy_Freeze_Protection := (VI_System_Mode = E_System_Operating_Mode.MODE_FREEZE_PROTECTION);
142:IF L_Policy_Freeze_Protection THEN
143:    L_Freeze_Mode_Active := TRUE;
147:GVL_STATE.G_Heating_IO_Fault := FALSE;
148:GVL_STATE.G_Heating_Sensor_Fault := FALSE;
149:GVL_STATE.G_Heating_Subsystem_Degraded := FALSE;
151:L_Any_Subsystem_Degraded := FALSE;
160:VO_Freeze_Risk_Status := FALSE;
163:    L_Freeze_Mode_Active := (VI_Outdoor_Temp < -5.0);
166:            L_Freeze_Mode_Active := TRUE;
183:    IF L_Freeze_Mode_Active THEN
185:        L_Freeze_Target_Supply := LIMIT(20.0, VI_Config.Freeze_Threshold + 2.0, 35.0);
196:        IF L_Min_Supply_Temp < (L_Freeze_Target_Supply - 1.0) THEN
198:        ELSIF L_Min_Supply_Temp > (L_Freeze_Target_Supply + 1.0) THEN
203:        VO_Freeze_Risk_Status := TRUE;
230:L_IO_Failsafe_Active := FALSE;
233:        L_IO_Failsafe_Active := TRUE;
234:        GVL_STATE.G_Heating_IO_Fault := TRUE;
235:GVL_STATE.G_Heating_Subsystem_Degraded := TRUE;
240:IF L_IO_Failsafe_Active THEN
243:    L_Freeze_Mode_Active := (VI_Outdoor_Temp < -5.0);
247:            L_Freeze_Mode_Active := TRUE;
252:    IF L_Freeze_Mode_Active THEN
253:        L_Freeze_Target_Supply := LIMIT(20.0, VI_Config.Freeze_Threshold + 2.0, 35.0);
255:        L_Freeze_Target_Supply := 0.0;
259:        IF L_Freeze_Mode_Active THEN
275:    IF L_Freeze_Mode_Active THEN
279:            VO_Boiler_OT_Setpoint[1] := L_Freeze_Target_Supply;
294:IF L_Policy_Degraded THEN
328:L_Freeze_Mode_Active := L_Policy_Freeze_Protection OR (VI_Outdoor_Temp < -5.0);
329:IF NOT L_Freeze_Mode_Active THEN
332:            L_Freeze_Mode_Active := TRUE;
338:IF L_Freeze_Mode_Active THEN
339:    L_Freeze_Target_Supply := LIMIT(20.0, VI_Config.Freeze_Threshold + 2.0, 45.0);
340:    IF L_Target_Supply_Temp < L_Freeze_Target_Supply THEN
341:        L_Target_Supply_Temp := L_Freeze_Target_Supply;
425:GVL_STATE.G_Heating_Sensor_Fault := L_Any_Sensor_Error;
476:        IF L_Freeze_Mode_Active THEN
484:    VO_Status[L_i].Pump_On := VO_Manifold_Pumps[L_i];
485:    VO_Status[L_i].Pump_Current := VI_Manifold_Currents[L_i];
486:    VO_Status[L_i].Pressure := VI_Manifold_Pressures[L_i];
487:    VO_Status[L_i].Temp_Supply := VI_Manifold_Temps_Supply[L_i];
488:    VO_Status[L_i].Temp_Return := VI_Manifold_Temps_Return[L_i];
489:    VO_Status[L_i].Valve_Pos := VO_Manifold_Valves[L_i];
495:        VI_Is_Running := VO_Manifold_Pumps[L_i],
498:        VIO_Health_Data := VO_Status[L_i].Health
510:            VO_Status[L_i].Error := FALSE;
511:            VO_Status[L_i].Error_ID := 0;
514:                VO_Status[L_i].Error := TRUE;
515:                VO_Status[L_i].Error_ID := TO_WORD(GVL_CONFIG.ERR_PUMP_NO_CURRENT);
517:                VO_Status[L_i].Error := TRUE;
518:                VO_Status[L_i].Error_ID := TO_WORD(GVL_CONFIG.ERR_PUMP_UNDERCURRENT);
520:                VO_Status[L_i].Error := TRUE;
521:                VO_Status[L_i].Error_ID := TO_WORD(GVL_CONFIG.ERR_PUMP_OVERCURRENT);
525:            IF (NOT VO_Status[L_i].Error) AND (VI_Manifold_Pressures[L_i] < 1.5 OR VI_Manifold_Pressures[L_i] > 2.5) THEN
526:                VO_Status[L_i].Error := TRUE;
527:                VO_Status[L_i].Error_ID := TO_WORD(GVL_CONFIG.ERR_PRESSURE_OUT_OF_RANGE);
531:            IF NOT VO_Status[L_i].Error THEN
533:                    VO_Status[L_i].Error := TRUE;
534:                    VO_Status[L_i].Error_ID := TO_WORD(GVL_CONFIG.ERR_DELTA_T_LOW);
536:                    VO_Status[L_i].Error := TRUE;
537:                    VO_Status[L_i].Error_ID := TO_WORD(GVL_CONFIG.ERR_DELTA_T_HIGH);
575:IF L_Freeze_Mode_Active AND L_Demand_Power < 20.0 THEN
579:IF L_Policy_Degraded THEN
586:    VI_Enable := VI_IsActivePLC AND ((L_Demand_Power > GVL_CONSTANTS.C_BOILER_CASCADE_MIN_DEMAND) OR L_Freeze_Mode_Active),
641:        L_Any_Subsystem_Degraded := TRUE;
645:        L_Any_Subsystem_Degraded := TRUE;
649:        L_Any_Subsystem_Degraded := TRUE;
694:    VO_Boiler_Status[L_i].Running := VI_Boiler_Flame_Status[L_i];
696:GVL_STATE.G_Heating_Subsystem_Degraded := L_Any_Subsystem_Degraded;
713:    VI_Alarm_Active := FALSE,

=== PRELIMINARY MAPPING QUESTIONS ===
1. VI_Valve_Position_Setpoint -> likely VO_Manifold_Valves[1] ?
2. VI_Room_Temp -> likely VI_Room_Temps[1] ?
3. VI_Supply_Temp -> likely VI_Manifold_Temps_Supply[1] ?
4. VI_Return_Temp -> likely VI_Manifold_Temps_Return[1] ?
5. VI_Is_Active / VI_Pump_Enable -> likely VO_Manifold_Pumps[1] or L_Any_Zone_Active[1] ?
6. VI_Alarm_Active -> likely GVL_STATE.G_Heating_IO_Fault OR GVL_STATE.G_Heating_Subsystem_Degraded ?

=== END STEP 70 ===
