]633;E;echo "=== STEP 25: ADD POLICY EVENT COOLDOWN ===";efb6d0e6-aaa4-469c-84e4-0cc7d1f7ffb4]633;C=== STEP 25: ADD POLICY EVENT COOLDOWN ===
timestamp_utc=2026-04-16T17:38:16Z

=== BEFORE ===
614:                VI_Event_Type := 5,
637:                    VI_Event_Type := 6,
650:                    VI_Event_Type := 7,

=== APPLY ===
OK: added 5s cooldown for policy scenario events

=== AFTER ===
58:    L_Last_Policy_Event_Time_MS : UDINT;
614:            IF (L_Last_Policy_Event_Time_MS = 0) OR
615:               ((GVL_STATUS.G_System_Time_MS - L_Last_Policy_Event_Time_MS) >= 5000) THEN
617:                    VI_Event_Type := 5,
622:                L_Last_Policy_Event_Time_MS := GVL_STATUS.G_System_Time_MS;
641:                IF (L_Last_Policy_Event_Time_MS = 0) OR
642:                   ((GVL_STATUS.G_System_Time_MS - L_Last_Policy_Event_Time_MS) >= 5000) THEN
644:                        VI_Event_Type := 6,
649:                    L_Last_Policy_Event_Time_MS := GVL_STATUS.G_System_Time_MS;
658:                IF (L_Last_Policy_Event_Time_MS = 0) OR
659:                   ((GVL_STATUS.G_System_Time_MS - L_Last_Policy_Event_Time_MS) >= 5000) THEN
661:                        VI_Event_Type := 7,
666:                    L_Last_Policy_Event_Time_MS := GVL_STATUS.G_System_Time_MS;

=== CONTEXT POLICY BLOCKS ===
       (L_Scenario_Req_Operator = E_SCENARIO_TYPE.SCENARIO_NONE) AND
       (L_Scenario_Req_Gateway = E_SCENARIO_TYPE.SCENARIO_NONE) AND
       (L_Scenario_Req_Rule = E_SCENARIO_TYPE.SCENARIO_NONE) AND
       (L_Scenario_Intent <> E_SCENARIO_TYPE.SCENARIO_AWAY) THEN

        IF L_Scenario_Intent <> E_SCENARIO_TYPE.SCENARIO_AWAY THEN
            L_Scenario_Intent := E_SCENARIO_TYPE.SCENARIO_AWAY;
            L_Scenario_Source := SRC_POLICY;

            IF (L_Last_Policy_Event_Time_MS = 0) OR
               ((GVL_STATUS.G_System_Time_MS - L_Last_Policy_Event_Time_MS) >= 5000) THEN
                fbLogEvent(
                    VI_Event_Type := 5,
                    VI_Timestamp := GVL_STATUS.G_System_Time_MS,
                    VI_Param1 := TO_UDINT(L_Scenario_Source),
                    VI_Param2 := TO_UDINT(E_SCENARIO_TYPE.SCENARIO_AWAY)
                );
                L_Last_Policy_Event_Time_MS := GVL_STATUS.G_System_Time_MS;
            END_IF;
        END_IF;
    END_IF;
END_IF;

// === DEGRADED-AWARE SCENARIO ADAPTATION ===
// Soft adaptation in degraded mode: keep explicit requests intact,
// but if no source is requesting a scenario, move behavior to a safer baseline.
IF GVL_STATE.G_System_Mode = E_System_Operating_Mode.MODE_DEGRADED THEN
    IF (L_Scenario_Req_Operator = E_SCENARIO_TYPE.SCENARIO_NONE) AND
       (L_Scenario_Req_Gateway = E_SCENARIO_TYPE.SCENARIO_NONE) AND
       (L_Scenario_Req_Rule = E_SCENARIO_TYPE.SCENARIO_NONE) THEN

        IF GVL_ALARM.G_Security_Armed THEN
            IF L_Scenario_Intent <> E_SCENARIO_TYPE.SCENARIO_AWAY THEN
                L_Scenario_Intent := E_SCENARIO_TYPE.SCENARIO_AWAY;
                L_Scenario_Source := SRC_POLICY;

                IF (L_Last_Policy_Event_Time_MS = 0) OR
                   ((GVL_STATUS.G_System_Time_MS - L_Last_Policy_Event_Time_MS) >= 5000) THEN
                    fbLogEvent(
                        VI_Event_Type := 6,
                        VI_Timestamp := GVL_STATUS.G_System_Time_MS,
                        VI_Param1 := TO_UDINT(L_Scenario_Source),
                        VI_Param2 := TO_UDINT(E_SCENARIO_TYPE.SCENARIO_AWAY)
                    );
                    L_Last_Policy_Event_Time_MS := GVL_STATUS.G_System_Time_MS;
                END_IF;
            END_IF;

        ELSIF L_Scenario_Intent = E_SCENARIO_TYPE.SCENARIO_PRESENCE THEN
            IF L_Scenario_Intent <> E_SCENARIO_TYPE.SCENARIO_SLEEP THEN
                L_Scenario_Intent := E_SCENARIO_TYPE.SCENARIO_SLEEP;
                L_Scenario_Source := SRC_POLICY;

                IF (L_Last_Policy_Event_Time_MS = 0) OR
                   ((GVL_STATUS.G_System_Time_MS - L_Last_Policy_Event_Time_MS) >= 5000) THEN
                    fbLogEvent(

=== DIFF ===
diff --git a/PRG_System.st b/PRG_System.st
index ab43a56..6332196 100644
--- a/PRG_System.st
+++ b/PRG_System.st
@@ -55,6 +55,7 @@ VAR
     L_Last_Event_Value : REAL;
     L_Last_Event_Time_MS : UDINT;
     L_Gateway_Writes_Allowed : BOOL;
+    L_Last_Policy_Event_Time_MS : UDINT;
 
     L_Scenario_Req_Operator : E_SCENARIO_TYPE;
     L_Scenario_Req_Gateway  : E_SCENARIO_TYPE;
@@ -610,12 +611,16 @@ IF GVL_STATE.G_System_Mode = E_System_Operating_Mode.MODE_NORMAL THEN
             L_Scenario_Intent := E_SCENARIO_TYPE.SCENARIO_AWAY;
             L_Scenario_Source := SRC_POLICY;
 
-            fbLogEvent(
-                VI_Event_Type := 5,
-                VI_Timestamp := GVL_STATUS.G_System_Time_MS,
-                VI_Param1 := TO_UDINT(L_Scenario_Source),
-                VI_Param2 := TO_UDINT(E_SCENARIO_TYPE.SCENARIO_AWAY)
-            );
+            IF (L_Last_Policy_Event_Time_MS = 0) OR
+               ((GVL_STATUS.G_System_Time_MS - L_Last_Policy_Event_Time_MS) >= 5000) THEN
+                fbLogEvent(
+                    VI_Event_Type := 5,
+                    VI_Timestamp := GVL_STATUS.G_System_Time_MS,
+                    VI_Param1 := TO_UDINT(L_Scenario_Source),
+                    VI_Param2 := TO_UDINT(E_SCENARIO_TYPE.SCENARIO_AWAY)
+                );
+                L_Last_Policy_Event_Time_MS := GVL_STATUS.G_System_Time_MS;
+            END_IF;
         END_IF;
     END_IF;
 END_IF;
@@ -633,12 +638,16 @@ IF GVL_STATE.G_System_Mode = E_System_Operating_Mode.MODE_DEGRADED THEN
                 L_Scenario_Intent := E_SCENARIO_TYPE.SCENARIO_AWAY;
                 L_Scenario_Source := SRC_POLICY;
 
-                fbLogEvent(
-                    VI_Event_Type := 6,
-                    VI_Timestamp := GVL_STATUS.G_System_Time_MS,
-                    VI_Param1 := TO_UDINT(L_Scenario_Source),
-                    VI_Param2 := TO_UDINT(E_SCENARIO_TYPE.SCENARIO_AWAY)
-                );
+                IF (L_Last_Policy_Event_Time_MS = 0) OR
+                   ((GVL_STATUS.G_System_Time_MS - L_Last_Policy_Event_Time_MS) >= 5000) THEN
+                    fbLogEvent(
+                        VI_Event_Type := 6,
+                        VI_Timestamp := GVL_STATUS.G_System_Time_MS,
+                        VI_Param1 := TO_UDINT(L_Scenario_Source),
+                        VI_Param2 := TO_UDINT(E_SCENARIO_TYPE.SCENARIO_AWAY)
+                    );
+                    L_Last_Policy_Event_Time_MS := GVL_STATUS.G_System_Time_MS;
+                END_IF;
             END_IF;
 
         ELSIF L_Scenario_Intent = E_SCENARIO_TYPE.SCENARIO_PRESENCE THEN
@@ -646,12 +655,16 @@ IF GVL_STATE.G_System_Mode = E_System_Operating_Mode.MODE_DEGRADED THEN
                 L_Scenario_Intent := E_SCENARIO_TYPE.SCENARIO_SLEEP;
                 L_Scenario_Source := SRC_POLICY;
 
-                fbLogEvent(
-                    VI_Event_Type := 7,
-                    VI_Timestamp := GVL_STATUS.G_System_Time_MS,
-                    VI_Param1 := TO_UDINT(L_Scenario_Source),
-                    VI_Param2 := TO_UDINT(E_SCENARIO_TYPE.SCENARIO_SLEEP)
-                );
+                IF (L_Last_Policy_Event_Time_MS = 0) OR
+                   ((GVL_STATUS.G_System_Time_MS - L_Last_Policy_Event_Time_MS) >= 5000) THEN
+                    fbLogEvent(
+                        VI_Event_Type := 7,
+                        VI_Timestamp := GVL_STATUS.G_System_Time_MS,
+                        VI_Param1 := TO_UDINT(L_Scenario_Source),
+                        VI_Param2 := TO_UDINT(E_SCENARIO_TYPE.SCENARIO_SLEEP)
+                    );
+                    L_Last_Policy_Event_Time_MS := GVL_STATUS.G_System_Time_MS;
+                END_IF;
             END_IF;
         END_IF;
     END_IF;

=== END STEP 25 ===
