]633;E;echo "=== STEP 69: MICRO AUDIT HEATING V2 STAGING ===";fd114dcf-b8f0-4fa9-a638-75bd3982af51]633;C=== STEP 69: MICRO AUDIT HEATING V2 STAGING ===
timestamp_utc=2026-04-16T20:07:29Z

=== FILE: FB_Heating_V2_Staging.st ===
FUNCTION_BLOCK FB_Heating_V2_Staging
VAR_INPUT
    VI_Zone_ID : INT;
    VI_Enable : BOOL;
    VI_Target_Temp : REAL;
    VI_Valve_Position_Setpoint : REAL;
    VI_Pump_Enable : BOOL;
    VI_Is_Active : BOOL;
    VI_Room_Temp : REAL;
    VI_Supply_Temp : REAL;
    VI_Return_Temp : REAL;
    VI_Valve_Position_Actual : REAL;
    VI_Alarm_Active : BOOL;
END_VAR
VAR_OUTPUT
    VO_Command_Shadow : ST_Heating_Command_V2;
    VO_State_Shadow : ST_Heating_State_V2;
END_VAR

VO_Command_Shadow.Valve_Position_Setpoint := VI_Valve_Position_Setpoint;
VO_State_Shadow.Room_Temp := VI_Room_Temp;
VO_State_Shadow.Supply_Temp := VI_Supply_Temp;
END_FUNCTION_BLOCK

=== FILE: FB_Heating_System_Manager.st (header / vars) ===
// ==============================================================================
// Блок управления системой отопления (Heating System Manager)
// Назначение:
// - Управление контурами теплого пола (открытие/закрытие клапанов).
// - Управление насосами коллекторов и смесительными узлами.
// - Управление каскадом котлов (ротация, расчет ресурса).
// - Защита от перегрева и замерзания.
// - Интеграция с Rule Engine.
// ==============================================================================
FUNCTION_BLOCK FB_Heating_System_Manager
VAR_INPUT
    L_Climate_Zone_ID : INT;

    VI_System_Mode : E_System_Operating_Mode; // System mode from State Manager

    VI_System_Time_MS : UDINT; // Системное время (мс)
    VI_Current_TOD : TOD; // Текущее время суток
    VI_IsActivePLC : BOOL; // Флаг: Данный ПЛК является ведущим
    VI_Outdoor_Temp : REAL; // Уличная температура воздуха (°C)
    VI_Config : ST_Heating_Config; // Конфигурация системы отопления
    VI_Tariff : ST_Tariff_Config; // Настройки тарифов
    VI_Current_Hour : UINT; // Текущий час (0-23)
    VI_Boiler_Stop : BOOL; // Команда на остановку котлов (от газовой/пожарной сигнализации); вход сохранён для совместимости, не используется как direct control
    VI_DHW_Heating_Demand : BOOL; // Запрос тепла от бойлера ГВС (приоритет)
    VI_DHW_Target_Temp : REAL; // Целевая температура бойлера ГВС
    VI_Current_Scenario : E_SCENARIO_TYPE; // Текущий сценарий
    VI_Emergency_Stop : BOOL; // Агрегированный аварийный стоп от подсистемы безопасности
    VI_Gas_Safety_Stop : BOOL; // Газовая авария / закрытие газового клапана
    VI_Boiler_Error_Status : ARRAY[1..GVL_CONSTANTS.C_MAX_BOILERS] OF BOOL; // Ошибки котлов / ошибка адаптера
    VI_Boiler_OT_Online : ARRAY[1..GVL_CONSTANTS.C_MAX_BOILERS] OF BOOL; // Признак доступности OpenTherm-канала
    VI_Boiler_Modulation : ARRAY[1..GVL_CONSTANTS.C_MAX_BOILERS] OF REAL; // Текущая модуляция котлов (%)
END_VAR
VAR_IN_OUT
    VI_Floor_Temps : ARRAY[1..8] OF REAL; // Температуры стяжки пола по зонам
    VI_Room_Temps : ARRAY[1..16] OF REAL; // Температуры воздуха в помещениях
    VI_Manifold_Pressures : ARRAY[1..GVL_CONSTANTS.C_MAX_MANIFOLDS] OF REAL; // Давление в коллекторах (бар)
    VI_Manifold_Currents : ARRAY[1..GVL_CONSTANTS.C_MAX_MANIFOLDS] OF REAL; // Ток насосов коллекторов (мА)
    VI_Manifold_Temps_Supply : ARRAY[1..GVL_CONSTANTS.C_MAX_MANIFOLDS] OF REAL; // Температура подачи на коллекторах
    VI_Manifold_Temps_Return : ARRAY[1..GVL_CONSTANTS.C_MAX_MANIFOLDS] OF REAL; // Температура обратки на коллекторах
    VI_Boiler_Flame_Status : ARRAY[1..GVL_CONSTANTS.C_MAX_BOILERS] OF BOOL; // Статус наличия пламени в котлах
    VI_Zone_Configs : ARRAY[1..8] OF ST_FloorHeating_Circuit_Config; // Конфигурации контуров
    VI_Rule_Actions : ARRAY[1..GVL_CONSTANTS.C_MAX_RULES] OF ST_Rule_Action; // Действия от Rule Engine
    VI_IO_Modules_Online : ARRAY[1..GVL_CONSTANTS.C_MAX_MODULES] OF BOOL; // Статусы модулей ввода-вывода
    VI_Scenario_Configs : ARRAY[1..GVL_CONSTANTS.C_MAX_SCENARIOS] OF ST_Scenario_Config; // Конфигурации сценариев
    VI_Manifold_End_Switches : ARRAY[1..GVL_CONSTANTS.C_MAX_MANIFOLDS] OF BOOL; // Концевики клапанов
    VI_Valve_Test_Config : ARRAY[1..GVL_CONSTANTS.C_MAX_MANIFOLDS] OF ST_Valve_Test_Config; // Конфигурация тестирования клапанов
END_VAR

VAR_OUTPUT
    VO_Manifold_Valves : ARRAY[1..GVL_CONSTANTS.C_MAX_MANIFOLDS] OF REAL; // Выход: Положение клапанов смесителей (0-100%)
    VO_Manifold_Pumps : ARRAY[1..GVL_CONSTANTS.C_MAX_MANIFOLDS] OF BOOL; // Выход: Управление насосами коллекторов
    VO_Zone_Valves : ARRAY[1..8] OF BOOL; // Выход: Управление клапанами контуров (Зоны 1-16)
    VO_Boiler_OT_Enable : ARRAY[1..GVL_CONSTANTS.C_MAX_BOILERS] OF BOOL; // Физические команды в OpenTherm
    VO_Boiler_OT_Setpoint : ARRAY[1..GVL_CONSTANTS.C_MAX_BOILERS] OF REAL; // Физические уставки в OpenTherm
    VO_Backup_Circulation_Pump : BOOL; // Резервный циркуляционный насос в режиме антизамерзания при газовой аварии
    VO_Electric_Heater_Enable : BOOL; // Сухой контакт электрического нагревателя антизамерзания
    VO_Freeze_Risk_Status : BOOL; // Признак риска замерзания при защёлкнутой газовой аварии
    VO_Status : ARRAY[1..GVL_CONSTANTS.C_MAX_MANIFOLDS] OF ST_Manifold_Status; // Сводный статус коллекторных узлов для HMI
    VO_Boiler_Status : ARRAY[1..GVL_CONSTANTS.C_MAX_BOILERS] OF ST_Boiler_Status; // Сводный статус котлов для HMI
END_VAR

VAR
    // Heating V2 staging layer
    fbHeatingV2Staging : FB_Heating_V2_Staging;
    L_Heating_V2_Command_V2 : ST_Heating_Command_V2;
    L_Heating_V2_State_V2 : ST_Heating_State_V2;
    L_Heating_V2_Shadow_Diff_Found : BOOL;
    L_Heating_V2_Switch_Enabled : BOOL;
    L_Heating_V2_Path_Ready : BOOL;
    L_Heating_Using_Legacy_Fallback : BOOL;

    L_PID_Valves : ARRAY[1..GVL_CONSTANTS.C_MAX_MANIFOLDS] OF FB_PID_Controller; // ПИД-регуляторы для поддержания температуры подачи
    L_PID_Timer : ARRAY[1..GVL_CONSTANTS.C_MAX_MANIFOLDS] OF FB_System_Timer; // Таймеры вызова ПИД-регуляторов
    L_Floor_Controllers : ARRAY[1..8] OF FB_FloorHeating_Controller; // Контроллеры зон теплого пола
    L_Last_Boiler_Rotation : UDINT; // Время последней ротации ведущего котла
    L_Lead_Boiler : BYTE := 1; // Номер ведущего котла (1 или 2)
    L_i : INT; // Индекс для циклов
    L_Zone_Config : ST_FloorHeating_Circuit_Config;
    L_j : INT; // Вспомогательный индекс
    L_Target_Supply_Temp : REAL; // Рассчитанная целевая температура подачи
    L_Demand_Power : REAL; // Суммарный запрос мощности от всех коллекторов
    L_Any_Zone_Active : ARRAY[1..GVL_CONSTANTS.C_MAX_MANIFOLDS] OF BOOL; // Флаги наличия запроса тепла по коллекторам
    L_Current_Temp : REAL; // Текущая температура для ПИД
    L_Sensor_Error : BOOL; // Ошибка обоих датчиков
    
    // Плавный переход сценария
    L_Prev_Scenario : E_SCENARIO_TYPE;
    L_Scenario_Adjust : REAL;
    L_Target_Scenario_Adjust : REAL;
    L_Transition_Temp : FB_Scenario_Transition_Controller;
    
    // ТЗ 2.5: Защита от перегрева стяжки
    L_Overheat_Timer : ARRAY[1..8] OF FB_System_Timer; // Таймеры задержки отключения при перегреве
    
    // ТЗ 2.6: Сервисная диагностика и паузы
    L_Pump_Run_Timer : ARRAY[1..GVL_CONSTANTS.C_MAX_MANIFOLDS] OF FB_System_Timer; // Таймер непрерывной работы насоса (до 72ч)
    L_Pump_Pause_Timer : ARRAY[1..GVL_CONSTANTS.C_MAX_MANIFOLDS] OF FB_System_Timer; // Таймер обязательной паузы насоса (1ч)
    L_Pump_In_Pause : ARRAY[1..GVL_CONSTANTS.C_MAX_MANIFOLDS] OF BOOL; // Флаг: Насос находится в режиме сервисной паузы
    
    // ТЗ 2.8: Учет ресурса оборудования
    L_Last_Scan_Time : UDINT; // Время предыдущего цикла для расчета наработки
    L_Scan_Time_Init : BOOL := FALSE;
    L_Lifespan_S : REAL := 50000.0 * 3600.0; // Расчетный ресурс котла (50,000 часов в секундах)
    L_Delta_MS : UDINT; // Разница времени
    L_Pump_Diag : ARRAY[1..GVL_CONSTANTS.C_MAX_MANIFOLDS] OF FB_Device_Predictive_Diag; // Диагностика насосов
    L_Boiler_Life : ARRAY[1..GVL_CONSTANTS.C_MAX_BOILERS] OF FB_Lifetime_Predictor; // Предиктор ресурса котлов
    
    fbFloorTempValidator : ARRAY[1..8] OF FB_Analog_Validator;
    fbRoomTempValidator : ARRAY[1..16] OF FB_Analog_Validator;
    fbValveTestManager : FB_Valve_Test_Manager; // Менеджер тестирования клапанов
    fbBoilerCascade : FB_Boiler_Cascade_Manager; // Выделенный менеджер каскада котлов
    fbBoilerOpenTherm : FB_Boiler_OpenTherm_Interface; // Основной транспорт OpenTherm
    L_IO_Failsafe_Active : BOOL; // Флаг потери связи с модулями I/O
    L_Freeze_Mode_Active : BOOL; // Флаг антизамерзания по ТЗ
    L_Freeze_Target_Supply : REAL; // Уставка подачи в режиме антизамерзания
    L_Delta_T : REAL; // Разница температур подача/обратка
    L_Min_Supply_Temp : REAL; // Минимальная температура теплоносителя для антизамерзания
    L_Boiler_OT_Command_Valid : ARRAY[1..GVL_CONSTANTS.C_MAX_BOILERS] OF BOOL; // Команда ушла через OT
    L_Boiler_Request_Enable : ARRAY[1..GVL_CONSTANTS.C_MAX_BOILERS] OF BOOL; // Внутренний request на котлы от логики каскада
    L_Boiler_Request_Setpoint : ARRAY[1..GVL_CONSTANTS.C_MAX_BOILERS] OF REAL; // Внутренняя request-уставка котлов
    L_Policy_Normal : BOOL; // Policy: normal operation
    L_Policy_Safe_Stop : BOOL; // Policy: hard safe stop
    L_Policy_Degraded : BOOL; // Policy: limited conservative operation
    L_Policy_Freeze_Protection : BOOL; // Policy: freeze protection mode
    L_Any_Sensor_Error : BOOL;
    L_Any_Subsystem_Degraded : BOOL;
END_VAR



// ========================================
// Heating policy layer (phase2)
// ========================================
L_Policy_Normal := (VI_System_Mode = E_System_Operating_Mode.MODE_NORMAL);
L_Policy_Safe_Stop := (VI_System_Mode = E_System_Operating_Mode.MODE_SAFE_STOP);
L_Policy_Degraded := (VI_System_Mode = E_System_Operating_Mode.MODE_DEGRADED);
L_Policy_Freeze_Protection := (VI_System_Mode = E_System_Operating_Mode.MODE_FREEZE_PROTECTION);

// ========================================
// Heating freeze policy activation

=== FILE: FB_Heating_System_Manager.st (staging call area) ===
64:    fbHeatingV2Staging : FB_Heating_V2_Staging;
701:fbHeatingV2Staging(

----- CONTEXT line 64 -----
    VO_Manifold_Valves : ARRAY[1..GVL_CONSTANTS.C_MAX_MANIFOLDS] OF REAL; // Выход: Положение клапанов смесителей (0-100%)
    VO_Manifold_Pumps : ARRAY[1..GVL_CONSTANTS.C_MAX_MANIFOLDS] OF BOOL; // Выход: Управление насосами коллекторов
    VO_Zone_Valves : ARRAY[1..8] OF BOOL; // Выход: Управление клапанами контуров (Зоны 1-16)
    VO_Boiler_OT_Enable : ARRAY[1..GVL_CONSTANTS.C_MAX_BOILERS] OF BOOL; // Физические команды в OpenTherm
    VO_Boiler_OT_Setpoint : ARRAY[1..GVL_CONSTANTS.C_MAX_BOILERS] OF REAL; // Физические уставки в OpenTherm
    VO_Backup_Circulation_Pump : BOOL; // Резервный циркуляционный насос в режиме антизамерзания при газовой аварии
    VO_Electric_Heater_Enable : BOOL; // Сухой контакт электрического нагревателя антизамерзания
    VO_Freeze_Risk_Status : BOOL; // Признак риска замерзания при защёлкнутой газовой аварии
    VO_Status : ARRAY[1..GVL_CONSTANTS.C_MAX_MANIFOLDS] OF ST_Manifold_Status; // Сводный статус коллекторных узлов для HMI
    VO_Boiler_Status : ARRAY[1..GVL_CONSTANTS.C_MAX_BOILERS] OF ST_Boiler_Status; // Сводный статус котлов для HMI
END_VAR

VAR
    // Heating V2 staging layer
    fbHeatingV2Staging : FB_Heating_V2_Staging;
    L_Heating_V2_Command_V2 : ST_Heating_Command_V2;
    L_Heating_V2_State_V2 : ST_Heating_State_V2;
    L_Heating_V2_Shadow_Diff_Found : BOOL;
    L_Heating_V2_Switch_Enabled : BOOL;
    L_Heating_V2_Path_Ready : BOOL;
    L_Heating_Using_Legacy_Fallback : BOOL;

    L_PID_Valves : ARRAY[1..GVL_CONSTANTS.C_MAX_MANIFOLDS] OF FB_PID_Controller; // ПИД-регуляторы для поддержания температуры подачи
    L_PID_Timer : ARRAY[1..GVL_CONSTANTS.C_MAX_MANIFOLDS] OF FB_System_Timer; // Таймеры вызова ПИД-регуляторов
    L_Floor_Controllers : ARRAY[1..8] OF FB_FloorHeating_Controller; // Контроллеры зон теплого пола
    L_Last_Boiler_Rotation : UDINT; // Время последней ротации ведущего котла
    L_Lead_Boiler : BYTE := 1; // Номер ведущего котла (1 или 2)
    L_i : INT; // Индекс для циклов
    L_Zone_Config : ST_FloorHeating_Circuit_Config;
    L_j : INT; // Вспомогательный индекс
    L_Target_Supply_Temp : REAL; // Рассчитанная целевая температура подачи
    L_Demand_Power : REAL; // Суммарный запрос мощности от всех коллекторов
    L_Any_Zone_Active : ARRAY[1..GVL_CONSTANTS.C_MAX_MANIFOLDS] OF BOOL; // Флаги наличия запроса тепла по коллекторам
    L_Current_Temp : REAL; // Текущая температура для ПИД
    L_Sensor_Error : BOOL; // Ошибка обоих датчиков
    
    // Плавный переход сценария
    L_Prev_Scenario : E_SCENARIO_TYPE;
    L_Scenario_Adjust : REAL;
    L_Target_Scenario_Adjust : REAL;
    L_Transition_Temp : FB_Scenario_Transition_Controller;
    
    // ТЗ 2.5: Защита от перегрева стяжки
    L_Overheat_Timer : ARRAY[1..8] OF FB_System_Timer; // Таймеры задержки отключения при перегреве
    
    // ТЗ 2.6: Сервисная диагностика и паузы
    L_Pump_Run_Timer : ARRAY[1..GVL_CONSTANTS.C_MAX_MANIFOLDS] OF FB_System_Timer; // Таймер непрерывной работы насоса (до 72ч)

----- CONTEXT line 701 -----
    
    L_Boiler_Life[L_i](
        VI_Runtime_Hours := TO_UDINT(VO_Boiler_Status[L_i].Work_Hours),
        VI_Start_Count := 0, // Не считаем пуски для котлов в этой версии
        VI_Nominal_Life := 50000 // 50,000 часов
    );
    VO_Boiler_Status[L_i].Resource_Percent := TO_REAL(L_Boiler_Life[L_i].VO_Remaining_Percent);
    VO_Boiler_Status[L_i].Running := VI_Boiler_Flame_Status[L_i];
END_FOR;
GVL_STATE.G_Heating_Subsystem_Degraded := L_Any_Subsystem_Degraded;

// ========================================
// Heating V2 staging execution
// ========================================
fbHeatingV2Staging(
    VI_Zone_ID := 1,
    VI_Enable := TRUE,
    VI_Target_Temp := 22.0,
    VI_Valve_Position_Setpoint := 50.0,
    VI_Pump_Enable := TRUE,

    VI_Is_Active := TRUE,
    VI_Room_Temp := 21.0,
    VI_Supply_Temp := 35.0,
    VI_Return_Temp := 30.0,
    VI_Valve_Position_Actual := 50.0,
    VI_Alarm_Active := FALSE,

    VO_Command_Shadow => L_Heating_V2_Command_V2,
    VO_State_Shadow => L_Heating_V2_State_V2
);

// Heating V2 staging validation
IF ABS(VO_Manifold_Valves[1] - L_Heating_V2_Command_V2.Valve_Position_Setpoint) > 0.1 THEN
    L_Heating_V2_Shadow_Diff_Found := TRUE;
END_IF;
IF ABS(VI_Room_Temps[1] - L_Heating_V2_State_V2.Room_Temp) > 0.1 THEN
    L_Heating_V2_Shadow_Diff_Found := TRUE;
END_IF;
IF ABS(VI_Manifold_Temps_Supply[1] - L_Heating_V2_State_V2.Supply_Temp) > 0.1 THEN
    L_Heating_V2_Shadow_Diff_Found := TRUE;
END_IF;

// Guarded Heating V2 enable
IF L_Heating_V2_Switch_Enabled THEN
    IF NOT L_Heating_V2_Shadow_Diff_Found THEN
        L_Heating_V2_Path_Ready := TRUE;


=== V2 SHADOW TYPES ===
TYPE ST_Heating_Command_V2 : STRUCT
    Valve_Position_Setpoint : REAL;
END_STRUCT
END_TYPE
TYPE ST_Heating_State_V2 : STRUCT
    Room_Temp : REAL;
    Supply_Temp : REAL;
END_STRUCT
END_TYPE
=== ROOT REFERENCES ===
./FB_Heating_System_Manager.st:64:    fbHeatingV2Staging : FB_Heating_V2_Staging;
./FB_Heating_V2_Staging.st:1:FUNCTION_BLOCK FB_Heating_V2_Staging

./FB_Heating_System_Manager.st:65:    L_Heating_V2_Command_V2 : ST_Heating_Command_V2;
./FB_Heating_V2_Staging.st:16:    VO_Command_Shadow : ST_Heating_Command_V2;
./ST_Heating_Command_V2.dut:1:TYPE ST_Heating_Command_V2 : STRUCT

./FB_Heating_System_Manager.st:66:    L_Heating_V2_State_V2 : ST_Heating_State_V2;
./FB_Heating_V2_Staging.st:17:    VO_State_Shadow : ST_Heating_State_V2;
./ST_Heating_State_V2.dut:1:TYPE ST_Heating_State_V2 : STRUCT

=== PRELIMINARY COLLAPSE QUESTIONS ===
1. Does staging contain real control logic or only shadow packing/unpacking?
2. Can command/state shadow fields move directly into FB_Heating_System_Manager?
3. Are there external references beyond FB_Heating_System_Manager?

=== END STEP 69 ===
