]633;E;echo "=== STEP 98: INLINE HISTORY V2 CORE INTO ALARM MANAGER ===";10d0c29c-b3a2-4a8b-83d2-50752c6e8f09]633;C=== STEP 98: INLINE HISTORY V2 CORE INTO ALARM MANAGER ===
timestamp_utc=2026-04-17T07:11:18Z

=== BEFORE ===
70:    fbHistoryV2Core : FB_History_V2_Core;
377:fbHistoryV2Core(

=== APPLY ===
OK: inlined history V2 core logic into FB_Alarm_Manager.st

=== AFTER ===
70:    fbHistoryV2Core : FB_History_V2_Core;

=== ROOT REFERENCES ===
./FB_Alarm_Manager.st:70:    fbHistoryV2Core : FB_History_V2_Core;
./FB_Alarm_Manager.st:377:// Inlined from FB_History_V2_Core
./FB_History_V2_Core.st:1:FUNCTION_BLOCK FB_History_V2_Core

=== DIFF ===
diff --git a/FB_Alarm_Manager.st b/FB_Alarm_Manager.st
index a8fc922..4e5e5fb 100644
--- a/FB_Alarm_Manager.st
+++ b/FB_Alarm_Manager.st
@@ -374,13 +374,11 @@ FOR L_i := 1 TO GVL_CONSTANTS.C_MAX_ALARMS DO
 END_FOR;
 
 // Shadow bridge: Alarm -> History V2 (diagnostic only)
-fbHistoryV2Core(
-    VI_Event_Pulse := VO_Event_Pulse,
-    VI_Event_Code := VO_Event_Code,
-    VI_Event_Value := VO_Event_Value,
-    VI_System_Time_MS := VI_System_Time_MS,
-    VIO_History_Buffer := L_History_V2_Buffer_Shadow
-);
+// Inlined from FB_History_V2_Core
+IF VO_Event_Pulse THEN
+    L_History_V2_Buffer_Shadow[1].Event_Code := TO_UINT(VO_Event_Code);
+    L_History_V2_Buffer_Shadow[1].Event_Value := VO_Event_Value;
+END_IF;
 
 // Shadow bridge: System -> BlackBox V2 (diagnostic only)
 fbBlackBoxV2Core(

=== END STEP 98 ===
