]633;E;echo "=== STEP 152: FINAL UNREACHABLE DECISION REGISTRY ===";1082d7f0-2e56-44f1-a435-9222cac375b7]633;C=== STEP 152: FINAL UNREACHABLE DECISION REGISTRY ===
timestamp_utc=2026-04-17T20:34:08Z

=== GLOBAL SUMMARY ===
Method: MAIN-based reachable graph + functional audit
Goal: safe cleanup without breaking runtime or losing features

=== CLUSTER: DEBUG LOGGER ===
FILES:
  ST_Debug_Log_Record.dut
  ST_Debug_Logger_Config.dut
  E_Debug_Log_Level.dut
VERDICT: DELETE_DONE
RATIONALE:
- No references outside cluster
- Parent FB_Debug_Logger already removed
- No functional overlap with live system

=== CLUSTER: DRY-RUN TEST HARNESS ===
FILES:
  FB_DryRun_Assertion_Map.st
  FB_DryRun_Simulation_Harness.st
VERDICT: DELETE_DONE
RATIONALE:
- Pure test harness (scenario injection + expected outputs)
- No integration with MAIN
- No runtime value

=== CLUSTER: TREND SYSTEM ===
FILES:
  FB_Trend_Logger.st
  FB_Trend_Analyzer.st
  ST_Trend_Config.dut
  ST_Trend_Data.dut
  ST_Trend_Header.dut
  ST_Trend_History_Record.dut
  E_Trend_Parameter_Type.dut
VERDICT: KEEP (UNINTEGRATED_FEATURE)
RATIONALE:
- Provides continuous sampling + analytics (min/max/avg/trend)
- No equivalent in current runtime
- Not integrated but functionally valuable

=== CLUSTER: SNAPSHOT SYSTEM ===
FILES:
  FB_State_Snapshot_Manager.st
  FB_State_Snapshot_NVRAM.st
  ST_State_Snapshot.dut
VERDICT: KEEP (UNINTEGRATED_ALTERNATIVE_FEATURE)
RATIONALE:
- Event-driven state snapshot + ring buffer
- File-based persistence (CAA_File)
- Partially overlaps with live persistence but not identical
- Represents alternative forensic/debug capability

=== RISK MODEL UPDATE ===
ZERO-REF: unsafe metric
UNREACHABLE FROM MAIN: strong signal but requires functional audit
FINAL RULE:
  delete only if:
    - unreachable
    - AND no unique functionality
    - AND no architectural role

=== NEXT POSSIBLE DIRECTIONS ===
1) Integrate Trend into runtime
2) Integrate Snapshot into event system
3) Build automated dependency + decision guard
4) Continue unreachable audit (other clusters)

=== END STEP 152 ===
