]633;E;echo "=== STEP 128B: MAP HEATING SCAFFOLD EXACT TAIL ===";c91143c6-a704-4775-b84b-ecf25abd49a0]633;C=== STEP 128B: MAP HEATING SCAFFOLD EXACT TAIL ===
timestamp_utc=2026-04-17T10:14:15Z

=== MATCHES ===
64:    L_Heating_V2_Command_V2 : ST_Heating_Command_V2;
65:    L_Heating_V2_State_V2 : ST_Heating_State_V2;
66:    L_Heating_V2_Shadow_Diff_Found : BOOL;
67:    L_Heating_V2_Switch_Enabled : BOOL;
68:    L_Heating_V2_Path_Ready : BOOL;
69:    L_Heating_Using_Legacy_Fallback : BOOL;
148:GVL_STATE.G_Heating_Subsystem_Degraded := FALSE;
151:L_Heating_V2_Shadow_Diff_Found := FALSE;
152:L_Heating_V2_Switch_Enabled := TRUE;
153:L_Heating_V2_Path_Ready := FALSE;
154:L_Heating_Using_Legacy_Fallback := TRUE;
234:GVL_STATE.G_Heating_Subsystem_Degraded := TRUE;
695:GVL_STATE.G_Heating_Subsystem_Degraded := L_Any_Subsystem_Degraded;
698:// Heating V2 shadow execution (phase2)
699:// Inlined from FB_Heating_V2_Staging
701:L_Heating_V2_Command_V2.Valve_Position_Setpoint := VO_Manifold_Valves[1];
702:L_Heating_V2_State_V2.Room_Temp := VI_Room_Temps[1];
703:L_Heating_V2_State_V2.Supply_Temp := VI_Manifold_Temps_Supply[1];
706:IF ABS(VO_Manifold_Valves[1] - L_Heating_V2_Command_V2.Valve_Position_Setpoint) > 0.1 THEN
707:    L_Heating_V2_Shadow_Diff_Found := TRUE;
709:IF ABS(VI_Room_Temps[1] - L_Heating_V2_State_V2.Room_Temp) > 0.1 THEN
710:    L_Heating_V2_Shadow_Diff_Found := TRUE;
712:IF ABS(VI_Manifold_Temps_Supply[1] - L_Heating_V2_State_V2.Supply_Temp) > 0.1 THEN
713:    L_Heating_V2_Shadow_Diff_Found := TRUE;
716:// Guarded Heating V2 enable
717:IF L_Heating_V2_Switch_Enabled THEN
718:    IF NOT L_Heating_V2_Shadow_Diff_Found THEN
719:        L_Heating_V2_Path_Ready := TRUE;
720:        L_Heating_Using_Legacy_Fallback := FALSE;
722:        L_Heating_V2_Path_Ready := FALSE;
723:        L_Heating_Using_Legacy_Fallback := TRUE;
726:    L_Heating_V2_Path_Ready := FALSE;
727:    L_Heating_Using_Legacy_Fallback := TRUE;

=== CONTEXT AROUND INLINE COMMENT ===
    L_Boiler_Life[L_i](
        VI_Runtime_Hours := TO_UDINT(VO_Boiler_Status[L_i].Work_Hours),
        VI_Start_Count := 0, // Не считаем пуски для котлов в этой версии
        VI_Nominal_Life := 50000 // 50,000 часов
    );
    VO_Boiler_Status[L_i].Resource_Percent := TO_REAL(L_Boiler_Life[L_i].VO_Remaining_Percent);
    VO_Boiler_Status[L_i].Running := VI_Boiler_Flame_Status[L_i];
END_FOR;
GVL_STATE.G_Heating_Subsystem_Degraded := L_Any_Subsystem_Degraded;

// ========================================
// Heating V2 shadow execution (phase2)
// Inlined from FB_Heating_V2_Staging
// ========================================
L_Heating_V2_Command_V2.Valve_Position_Setpoint := VO_Manifold_Valves[1];
L_Heating_V2_State_V2.Room_Temp := VI_Room_Temps[1];
L_Heating_V2_State_V2.Supply_Temp := VI_Manifold_Temps_Supply[1];

// Heating V2 staging validation
IF ABS(VO_Manifold_Valves[1] - L_Heating_V2_Command_V2.Valve_Position_Setpoint) > 0.1 THEN
    L_Heating_V2_Shadow_Diff_Found := TRUE;
END_IF;
IF ABS(VI_Room_Temps[1] - L_Heating_V2_State_V2.Room_Temp) > 0.1 THEN
    L_Heating_V2_Shadow_Diff_Found := TRUE;
END_IF;
IF ABS(VI_Manifold_Temps_Supply[1] - L_Heating_V2_State_V2.Supply_Temp) > 0.1 THEN
    L_Heating_V2_Shadow_Diff_Found := TRUE;
END_IF;

// Guarded Heating V2 enable
IF L_Heating_V2_Switch_Enabled THEN
    IF NOT L_Heating_V2_Shadow_Diff_Found THEN
        L_Heating_V2_Path_Ready := TRUE;
        L_Heating_Using_Legacy_Fallback := FALSE;
    ELSE
        L_Heating_V2_Path_Ready := FALSE;
        L_Heating_Using_Legacy_Fallback := TRUE;
    END_IF;
ELSE
    L_Heating_V2_Path_Ready := FALSE;
    L_Heating_Using_Legacy_Fallback := TRUE;
END_IF;


END_FUNCTION_BLOCK
// >>> BULK_SYNC_ANCHOR: FB_Heating_System_Manager <<<

=== LAST 180 LINES WITH NUMBERS ===
   553	IF fbValveTestManager.VO_Test_Active THEN
   554	    L_i := fbValveTestManager.VO_Current_Valve;
   555	    IF L_i >= 1 AND L_i <= GVL_CONSTANTS.C_MAX_MANIFOLDS THEN
   556	        IF fbValveTestManager.VO_Valve_Cmd[L_i] THEN
   557	            VO_Manifold_Valves[L_i] := 100.0;
   558	        ELSE
   559	            VO_Manifold_Valves[L_i] := 0.0;
   560	        END_IF;
   561	        VO_Manifold_Pumps[L_i] := FALSE; // Отключаем насос при тестировании клапана
   562	    END_IF;
   563	END_IF;
   564	
   565	// 5. Управление каскадом котлов (ТЗ 2.8, OpenTherm-only, без legacy mirror)
   566	L_Demand_Power := 0.0;
   567	FOR L_i := 1 TO GVL_CONSTANTS.C_MAX_MANIFOLDS DO
   568	    IF VO_Manifold_Pumps[L_i] THEN
   569	        L_Demand_Power := L_Demand_Power + VO_Manifold_Valves[L_i];
   570	    END_IF;
   571	END_FOR;
   572	
   573	// В режиме антизамерзания обеспечиваем минимальный запрос тепла
   574	IF L_Freeze_Mode_Active AND L_Demand_Power < 20.0 THEN
   575	    L_Demand_Power := 20.0;
   576	END_IF;
   577	
   578	IF L_Policy_Degraded THEN
   579	    IF L_Demand_Power > 60.0 THEN
   580	        L_Demand_Power := 60.0;
   581	    END_IF;
   582	END_IF;
   583	
   584	fbBoilerCascade(
   585	    VI_Enable := VI_IsActivePLC AND ((L_Demand_Power > GVL_CONSTANTS.C_BOILER_CASCADE_MIN_DEMAND) OR L_Freeze_Mode_Active),
   586	    VI_System_Time_MS := VI_System_Time_MS,
   587	    VI_Boiler_Stop := FALSE,
   588	    VI_DHW_Heating_Demand := VI_DHW_Heating_Demand,
   589	    VI_DHW_Target_Temp := VI_DHW_Target_Temp,
   590	    VI_Target_Supply_Temp := L_Target_Supply_Temp,
   591	    VI_Demand_Power := L_Demand_Power,
   592	    VI_Boiler_Flame_Status := VI_Boiler_Flame_Status,
   593	    VI_Boiler_Error_Status := VI_Boiler_Error_Status,
   594	    VI_Boiler_OT_Online := VI_Boiler_OT_Online,
   595	    VI_Boiler_Modulation := VI_Boiler_Modulation,
   596	    VO_Boiler_Enable => L_Boiler_Request_Enable,
   597	    VO_Boiler_Setpoint => L_Boiler_Request_Setpoint,
   598	    VO_Lead_Boiler => L_Lead_Boiler
   599	);
   600	
   601	
   602	
   603	// ========================================
   604	// OT availability enforcement (no fallback)
   605	// ========================================
   606	FOR L_i := 1 TO GVL_CONSTANTS.C_MAX_BOILERS DO
   607	    IF NOT VI_Boiler_OT_Online[L_i] OR VI_Boiler_Error_Status[L_i] THEN
   608	        L_Boiler_Request_Enable[L_i] := FALSE;
   609	        L_Boiler_Request_Setpoint[L_i] := 0.0;
   610	    END_IF;
   611	END_FOR;
   612	
   613	fbBoilerOpenTherm(
   614	    VI_Enable := L_Boiler_Request_Enable,
   615	    VI_Setpoint := L_Boiler_Request_Setpoint,
   616	    VI_OT_Online := VI_Boiler_OT_Online,
   617	    VI_OT_Error := VI_Boiler_Error_Status,
   618	    VO_OT_Enable => VO_Boiler_OT_Enable,
   619	    VO_OT_Setpoint => VO_Boiler_OT_Setpoint,
   620	    VO_OT_Command_Valid => L_Boiler_OT_Command_Valid
   621	);
   622	
   623	
   624	// ========================================
   625	// Boiler status normalization
   626	// ========================================
   627	FOR L_i := 1 TO GVL_CONSTANTS.C_MAX_BOILERS DO
   628	    // Базовый сброс диагностических флагов котла
   629	    VO_Boiler_Status[L_i].Active := L_Boiler_Request_Enable[L_i];
   630	    VO_Boiler_Status[L_i].Warning := FALSE;
   631	    VO_Boiler_Status[L_i].Error := FALSE;
   632	
   633	    // Приоритет причин:
   634	    // 1. Нет канала OpenTherm
   635	    // 2. Котёл вернул ошибку
   636	    // 3. Есть запрос, но нет пламени
   637	    IF NOT VI_Boiler_OT_Online[L_i] THEN
   638	        VO_Boiler_Status[L_i].Error := TRUE;
   639	        VO_Boiler_Status[L_i].Error_ID := TO_WORD(GVL_CONFIG.ERR_BOILER_OFFLINE);
   640	        L_Any_Subsystem_Degraded := TRUE;
   641	    ELSIF VI_Boiler_Error_Status[L_i] THEN
   642	        VO_Boiler_Status[L_i].Error := TRUE;
   643	        VO_Boiler_Status[L_i].Error_ID := TO_WORD(GVL_CONFIG.ERR_BOILER_GENERAL_FAULT);
   644	        L_Any_Subsystem_Degraded := TRUE;
   645	    ELSIF L_Boiler_Request_Enable[L_i] AND NOT VI_Boiler_Flame_Status[L_i] THEN
   646	        VO_Boiler_Status[L_i].Warning := TRUE;
   647	        VO_Boiler_Status[L_i].Error_ID := TO_WORD(GVL_CONFIG.ERR_BOILER_NO_FLAME);
   648	        L_Any_Subsystem_Degraded := TRUE;
   649	    ELSE
   650	        VO_Boiler_Status[L_i].Error_ID := 0;
   651	    END_IF;
   652	END_FOR;
   653	
   654	// Расчет наработки и остаточного ресурса котлов (ТЗ 2.8)
   655	IF NOT L_Scan_Time_Init THEN
   656	    L_Last_Scan_Time := VI_System_Time_MS;
   657	    L_Scan_Time_Init := TRUE;
   658	END_IF;
   659	
   660	L_Delta_MS := (SEL(VI_System_Time_MS >= L_Last_Scan_Time, VI_System_Time_MS - L_Last_Scan_Time, (4294967295 - L_Last_Scan_Time) + VI_System_Time_MS + 1));
   661	IF L_Delta_MS > 1000 THEN
   662	    L_Delta_MS := 1000; // Ограничение дельты для предотвращения скачков после перезагрузки
   663	END_IF;
   664	
   665	L_Last_Scan_Time := VI_System_Time_MS;
   666	
   667	FOR L_i := 1 TO GVL_CONSTANTS.C_MAX_BOILERS DO
   668	    VO_Boiler_Status[L_i].Work_Seconds := GVL_Retain.G_Boiler_Work_Seconds[L_i];
   669	    
   670	    IF VI_Boiler_Flame_Status[L_i] THEN
   671	        GVL_Retain.G_Boiler_Accumulated_MS[L_i] := GVL_Retain.G_Boiler_Accumulated_MS[L_i] + L_Delta_MS;
   672	        IF GVL_Retain.G_Boiler_Accumulated_MS[L_i] >= GVL_CONSTANTS.C_MS_IN_SECOND THEN
   673	            GVL_Retain.G_Boiler_Work_Seconds[L_i] := GVL_Retain.G_Boiler_Work_Seconds[L_i] + (GVL_Retain.G_Boiler_Accumulated_MS[L_i] / 1000);
   674	            GVL_Retain.G_Boiler_Accumulated_MS[L_i] := GVL_Retain.G_Boiler_Accumulated_MS[L_i] MOD 1000;
   675	            
   676	            // Защита от переполнения (сброс при достижении ~136 лет)
   677	            IF GVL_Retain.G_Boiler_Work_Seconds[L_i] > 4000000000 THEN
   678	                GVL_Retain.G_Boiler_Work_Seconds[L_i] := 0;
   679	            END_IF;
   680	            
   681	            VO_Boiler_Status[L_i].Work_Seconds := GVL_Retain.G_Boiler_Work_Seconds[L_i];
   682	        END_IF;
   683	    END_IF;
   684	    
   685	    VO_Boiler_Status[L_i].Work_Hours := TO_REAL(VO_Boiler_Status[L_i].Work_Seconds) / 3600.0;
   686	    
   687	    L_Boiler_Life[L_i](
   688	        VI_Runtime_Hours := TO_UDINT(VO_Boiler_Status[L_i].Work_Hours),
   689	        VI_Start_Count := 0, // Не считаем пуски для котлов в этой версии
   690	        VI_Nominal_Life := 50000 // 50,000 часов
   691	    );
   692	    VO_Boiler_Status[L_i].Resource_Percent := TO_REAL(L_Boiler_Life[L_i].VO_Remaining_Percent);
   693	    VO_Boiler_Status[L_i].Running := VI_Boiler_Flame_Status[L_i];
   694	END_FOR;
   695	GVL_STATE.G_Heating_Subsystem_Degraded := L_Any_Subsystem_Degraded;
   696	
   697	// ========================================
   698	// Heating V2 shadow execution (phase2)
   699	// Inlined from FB_Heating_V2_Staging
   700	// ========================================
   701	L_Heating_V2_Command_V2.Valve_Position_Setpoint := VO_Manifold_Valves[1];
   702	L_Heating_V2_State_V2.Room_Temp := VI_Room_Temps[1];
   703	L_Heating_V2_State_V2.Supply_Temp := VI_Manifold_Temps_Supply[1];
   704	
   705	// Heating V2 staging validation
   706	IF ABS(VO_Manifold_Valves[1] - L_Heating_V2_Command_V2.Valve_Position_Setpoint) > 0.1 THEN
   707	    L_Heating_V2_Shadow_Diff_Found := TRUE;
   708	END_IF;
   709	IF ABS(VI_Room_Temps[1] - L_Heating_V2_State_V2.Room_Temp) > 0.1 THEN
   710	    L_Heating_V2_Shadow_Diff_Found := TRUE;
   711	END_IF;
   712	IF ABS(VI_Manifold_Temps_Supply[1] - L_Heating_V2_State_V2.Supply_Temp) > 0.1 THEN
   713	    L_Heating_V2_Shadow_Diff_Found := TRUE;
   714	END_IF;
   715	
   716	// Guarded Heating V2 enable
   717	IF L_Heating_V2_Switch_Enabled THEN
   718	    IF NOT L_Heating_V2_Shadow_Diff_Found THEN
   719	        L_Heating_V2_Path_Ready := TRUE;
   720	        L_Heating_Using_Legacy_Fallback := FALSE;
   721	    ELSE
   722	        L_Heating_V2_Path_Ready := FALSE;
   723	        L_Heating_Using_Legacy_Fallback := TRUE;
   724	    END_IF;
   725	ELSE
   726	    L_Heating_V2_Path_Ready := FALSE;
   727	    L_Heating_Using_Legacy_Fallback := TRUE;
   728	END_IF;
   729	
   730	
   731	END_FUNCTION_BLOCK
   732	// >>> BULK_SYNC_ANCHOR: FB_Heating_System_Manager <<<

=== END STEP 128B ===
