]633;E;echo "=== STEP 71: REPLACE HEATING V2 LITERALS WITH REAL SOURCES ===";fd114dcf-b8f0-4fa9-a638-75bd3982af51]633;C=== STEP 71: REPLACE HEATING V2 LITERALS WITH REAL SOURCES ===
timestamp_utc=2026-04-16T20:15:30Z

=== BEFORE ===
fbHeatingV2Staging(
    VI_Zone_ID := 1,
    VI_Enable := TRUE,
    VI_Target_Temp := 22.0,
    VI_Valve_Position_Setpoint := 50.0,
    VI_Pump_Enable := TRUE,

    VI_Is_Active := TRUE,
    VI_Room_Temp := 21.0,
    VI_Supply_Temp := 35.0,
    VI_Return_Temp := 30.0,
    VI_Valve_Position_Actual := 50.0,
    VI_Alarm_Active := FALSE,

    VO_Command_Shadow => L_Heating_V2_Command_V2,
    VO_State_Shadow => L_Heating_V2_State_V2
);


=== APPLY ===
OK: replaced heating V2 staging literals with real sources

=== AFTER ===
fbHeatingV2Staging(
    VI_Zone_ID := 1,
    VI_Enable := VO_Manifold_Pumps[1],
    VI_Target_Temp := L_Target_Supply_Temp,
    VI_Valve_Position_Setpoint := VO_Manifold_Valves[1],
    VI_Pump_Enable := VO_Manifold_Pumps[1],

    VI_Is_Active := VO_Manifold_Pumps[1],
    VI_Room_Temp := VI_Room_Temps[1],
    VI_Supply_Temp := VI_Manifold_Temps_Supply[1],
    VI_Return_Temp := VI_Manifold_Temps_Return[1],
    VI_Valve_Position_Actual := VO_Manifold_Valves[1],
    VI_Alarm_Active := GVL_STATE.G_Heating_IO_Fault OR GVL_STATE.G_Heating_Subsystem_Degraded,

    VO_Command_Shadow => L_Heating_V2_Command_V2,
    VO_State_Shadow => L_Heating_V2_State_V2
);


=== DIFF ===
diff --git a/FB_Heating_System_Manager.st b/FB_Heating_System_Manager.st
index a40491b..5ee0ffd 100644
--- a/FB_Heating_System_Manager.st
+++ b/FB_Heating_System_Manager.st
@@ -700,17 +700,17 @@ GVL_STATE.G_Heating_Subsystem_Degraded := L_Any_Subsystem_Degraded;
 // ========================================
 fbHeatingV2Staging(
     VI_Zone_ID := 1,
-    VI_Enable := TRUE,
-    VI_Target_Temp := 22.0,
-    VI_Valve_Position_Setpoint := 50.0,
-    VI_Pump_Enable := TRUE,
-
-    VI_Is_Active := TRUE,
-    VI_Room_Temp := 21.0,
-    VI_Supply_Temp := 35.0,
-    VI_Return_Temp := 30.0,
-    VI_Valve_Position_Actual := 50.0,
-    VI_Alarm_Active := FALSE,
+    VI_Enable := VO_Manifold_Pumps[1],
+    VI_Target_Temp := L_Target_Supply_Temp,
+    VI_Valve_Position_Setpoint := VO_Manifold_Valves[1],
+    VI_Pump_Enable := VO_Manifold_Pumps[1],
+
+    VI_Is_Active := VO_Manifold_Pumps[1],
+    VI_Room_Temp := VI_Room_Temps[1],
+    VI_Supply_Temp := VI_Manifold_Temps_Supply[1],
+    VI_Return_Temp := VI_Manifold_Temps_Return[1],
+    VI_Valve_Position_Actual := VO_Manifold_Valves[1],
+    VI_Alarm_Active := GVL_STATE.G_Heating_IO_Fault OR GVL_STATE.G_Heating_Subsystem_Degraded,
 
     VO_Command_Shadow => L_Heating_V2_Command_V2,
     VO_State_Shadow => L_Heating_V2_State_V2

=== END STEP 71 ===
