]633;E;echo "=== STEP 50: ATTACH SCENARIO GUARD DIAGNOSTIC ONLY ===";f1165683-fe3b-4368-874e-5c1706c7b9d6]633;C=== STEP 50: ATTACH SCENARIO GUARD DIAGNOSTIC ONLY ===
timestamp_utc=2026-04-16T18:53:35Z

=== BEFORE ===
14:    fbScenarioManager : FB_Scenario_Manager;
676:fbScenarioManager(

=== APPLY ===
OK: attached scenario guard in diagnostic-only mode

=== AFTER ===
14:    fbScenarioManager : FB_Scenario_Manager;
15:    fbScenarioGuard : FB_Scenario_Transition_Guard;
677:fbScenarioGuard(
682:IF NOT fbScenarioGuard.VO_Transition_Allowed THEN
683:    GVL_STATUS.G_Diagnostics.HMI_Last_Message := CONCAT('Scenario guard: ', fbScenarioGuard.VO_Reason);
686:fbScenarioManager(

=== CONTEXT ===
    fbCoreKernelObserver : FB_CoreKernel_Live_Observer;
    fbSystemHealth : FB_System_Health;
    fbRedundancy : FB_Redundancy_Manager;
    fbGateway : FB_Gateway_Interface;
    fbScenarioManager : FB_Scenario_Manager;
    fbScenarioGuard : FB_Scenario_Transition_Guard;
    fbSimulationManager : FB_Simulation_Manager;
    fbRuleEngine : FB_Rule_Engine;
    fbNVRAMManager : FB_NVRAM_Manager;

    fbBlackBox : FB_BlackBox_Recorder;

                    L_Last_Policy_Event_Time_MS := GVL_STATUS.G_System_Time_MS;
                END_IF;
            END_IF;
        END_IF;
    END_IF;
END_IF;

fbScenarioGuard(
    VI_Current_Scenario := GVL_STATUS.G_Current_Scenario,
    VI_Target_Scenario := L_Scenario_Intent
);

IF NOT fbScenarioGuard.VO_Transition_Allowed THEN
    GVL_STATUS.G_Diagnostics.HMI_Last_Message := CONCAT('Scenario guard: ', fbScenarioGuard.VO_Reason);
END_IF;

fbScenarioManager(
    VI_System_Time_MS := GVL_STATUS.G_System_Time_MS,
    VI_Activate_Request := L_Scenario_Intent,
    VI_IsActivePLC := GVL_STATUS.G_Is_Active_PLC,
    VI_System_Mode := GVL_STATE.G_System_Mode,

=== DIFF ===
diff --git a/PRG_System.st b/PRG_System.st
index a2de6cc..a325fcd 100644
--- a/PRG_System.st
+++ b/PRG_System.st
@@ -12,6 +12,7 @@ VAR
     fbRedundancy : FB_Redundancy_Manager;
     fbGateway : FB_Gateway_Interface;
     fbScenarioManager : FB_Scenario_Manager;
+    fbScenarioGuard : FB_Scenario_Transition_Guard;
     fbSimulationManager : FB_Simulation_Manager;
     fbRuleEngine : FB_Rule_Engine;
     fbNVRAMManager : FB_NVRAM_Manager;
@@ -673,6 +674,15 @@ IF GVL_STATE.G_System_Mode = E_System_Operating_Mode.MODE_DEGRADED THEN
     END_IF;
 END_IF;
 
+fbScenarioGuard(
+    VI_Current_Scenario := GVL_STATUS.G_Current_Scenario,
+    VI_Target_Scenario := L_Scenario_Intent
+);
+
+IF NOT fbScenarioGuard.VO_Transition_Allowed THEN
+    GVL_STATUS.G_Diagnostics.HMI_Last_Message := CONCAT('Scenario guard: ', fbScenarioGuard.VO_Reason);
+END_IF;
+
 fbScenarioManager(
     VI_System_Time_MS := GVL_STATUS.G_System_Time_MS,
     VI_Activate_Request := L_Scenario_Intent,

=== END STEP 50 ===
