]633;E;echo "=== RUN STEP 195 ===";cb07821a-d34c-4035-be1a-7133cf9aa4fd]633;C=== RUN STEP 195 ===
=== STEP 195: AUDIT SENSORS_SAFETY_LEAVES ===

=== CANDIDATE SET ===
E_SENSOR_TYPE.dut | class=DUT_OR_ENUM
FB_CO_Detector.st | class=FUNCTION_BLOCK
FB_Gas_Methane_Detector.st | class=FUNCTION_BLOCK
FB_Gas_Smoke_Manager.st | class=FUNCTION_BLOCK
FB_Gas_Valve_Controller.st | class=FUNCTION_BLOCK
FB_Maintenance_Access.st | class=FUNCTION_BLOCK
FB_Sensor_Analog_Processing.st | class=FUNCTION_BLOCK
FB_Sensor_Calibration.st | class=FUNCTION_BLOCK
FB_Sensor_Calibration_Processor.st | class=FUNCTION_BLOCK
FB_Sensor_Distribution.st | class=FUNCTION_BLOCK
FB_Smoke_Detector.st | class=FUNCTION_BLOCK
ST_Component_Maintenance.dut | class=DUT_OR_ENUM
ST_Gas_Valve_Configuration.dut | class=DUT_OR_ENUM
ST_Maintenance_Access_Config.dut | class=DUT_OR_ENUM
ST_Sensor_Calibration_Record.dut | class=DUT_OR_ENUM
ST_Zone_Sensors.dut | class=DUT_OR_ENUM

=== BUCKET CO ===
--- FB_CO_Detector.st ---
live_refs=0
line_count=13
preview:
FUNCTION_BLOCK FB_CO_Detector
VAR_INPUT
    VI_CO_PPM : REAL;
    VI_Threshold_Warning : REAL := 30.0;
    VI_Threshold_Alarm   : REAL := 70.0;
END_VAR
VAR_OUTPUT
    VO_CO_Warning_Level : BOOL;
    VO_CO_Alarm_Level   : BOOL;
END_VAR

VO_CO_Warning_Level := (VI_CO_PPM >= VI_Threshold_Warning);
VO_CO_Alarm_Level   := (VI_CO_PPM >= VI_Threshold_Alarm);
possible_live_analogs:
  PRG_System.st: overlap_score=0
  PRG_Heating.st: overlap_score=0
  PRG_Ventilation.st: overlap_score=0
  FB_Safety_Manager.st: overlap_score=0
  FB_System_Health.st: overlap_score=0
  FB_Alarm_Manager.st: overlap_score=0
  ST_Zone_Sensors.dut: overlap_score=0
  GVL_STATE.gvl: overlap_score=0
  GVL_STATUS.gvl: overlap_score=0
  GVL_CONFIG.gvl: overlap_score=0

--- ST_Component_Maintenance.dut ---
live_refs=1
  ref=ST_Zone_Sensors.dut
line_count=9
preview:
{attribute 'pack_mode' := '1'}
TYPE ST_Component_Maintenance :
STRUCT
    Is_Faulty : BOOL;
    Is_In_Maintenance : BOOL;
    Fallback_Value : REAL;
    Use_Last_Good_Value : BOOL;
END_STRUCT
END_TYPE
possible_live_analogs:
  PRG_System.st: overlap_score=0
  PRG_Heating.st: overlap_score=0
  PRG_Ventilation.st: overlap_score=0
  FB_Safety_Manager.st: overlap_score=0
  FB_System_Health.st: overlap_score=0
  FB_Alarm_Manager.st: overlap_score=0
  ST_Zone_Sensors.dut: overlap_score=1
    overlap_tokens=ST_Component_Maintenance
  GVL_STATE.gvl: overlap_score=0
  GVL_STATUS.gvl: overlap_score=0
  GVL_CONFIG.gvl: overlap_score=0

--- ST_Maintenance_Access_Config.dut ---
live_refs=0
line_count=9
preview:
{attribute 'pack_mode' := '1'}
TYPE ST_Maintenance_Access_Config :
STRUCT
    maintenance_enabled : BOOL := FALSE;
    max_duration_minutes : UDINT := 60;
    requires_two_person : BOOL := TRUE;
    access_level_required : BYTE := 2;
END_STRUCT
END_TYPE
possible_live_analogs:
  PRG_System.st: overlap_score=0
  PRG_Heating.st: overlap_score=0
  PRG_Ventilation.st: overlap_score=0
  FB_Safety_Manager.st: overlap_score=0
  FB_System_Health.st: overlap_score=0
  FB_Alarm_Manager.st: overlap_score=0
  ST_Zone_Sensors.dut: overlap_score=0
  GVL_STATE.gvl: overlap_score=0
  GVL_STATUS.gvl: overlap_score=0
  GVL_CONFIG.gvl: overlap_score=0

=== BUCKET GAS ===
--- FB_Gas_Methane_Detector.st ---
live_refs=0
line_count=10
preview:
FUNCTION_BLOCK FB_Gas_Methane_Detector
VAR_INPUT
    VI_Methane_LEL : REAL;
    VI_Threshold   : REAL := 20.0;
END_VAR
VAR_OUTPUT
    VO_Gas_Detected : BOOL;
END_VAR

VO_Gas_Detected := (VI_Methane_LEL >= VI_Threshold);
possible_live_analogs:
  PRG_System.st: overlap_score=0
  PRG_Heating.st: overlap_score=0
  PRG_Ventilation.st: overlap_score=0
  FB_Safety_Manager.st: overlap_score=0
  FB_System_Health.st: overlap_score=0
  FB_Alarm_Manager.st: overlap_score=0
  ST_Zone_Sensors.dut: overlap_score=0
  GVL_STATE.gvl: overlap_score=0
  GVL_STATUS.gvl: overlap_score=0
  GVL_CONFIG.gvl: overlap_score=0

--- FB_Gas_Smoke_Manager.st ---
live_refs=1
  ref=PRG_Safety.st
line_count=149
preview:
FUNCTION_BLOCK FB_Gas_Smoke_Manager
VAR_INPUT
    VI_System_Time_MS : UDINT;
    VI_IsActivePLC    : BOOL;
    VI_Mute_Request   : BOOL;
END_VAR

VAR_IN_OUT
    VI_Methane_LEL    : ARRAY[1..GVL_CONSTANTS.C_MAX_METHANE_SENSORS] OF REAL;
    VI_CO_PPM         : ARRAY[1..GVL_CONSTANTS.C_MAX_CO_SENSORS] OF REAL;
    VI_Smoke_Sensors  : ARRAY[1..GVL_CONSTANTS.C_MAX_SMOKE_SENSORS] OF BOOL;
END_VAR

VAR_OUTPUT
    // Health signals
    VO_Smoke_Detected   : BOOL;
    VO_Gas_Detected     : BOOL;
    VO_CO_Warning_Level : BOOL;
    VO_CO_Alarm_Level   : BOOL;

    // Actuators
    VO_Siren_Active      : BOOL;
    VO_Gas_Valve_Close   : BOOL;
    VO_Boiler_Stop       : BOOL;
    VO_Vent_PV3_Boost    : BOOL;
    VO_Supply_100_Req    : BOOL;
    VO_Exhaust_100_Req   : BOOL;
    VO_Supply_80_Req     : BOOL;
    VO_Vent_Stop         : BOOL;

...
possible_live_analogs:
  PRG_System.st: overlap_score=9
    overlap_tokens=BULK_SYNC_ANCHOR, GVL_CONSTANTS, Health, VI_IsActivePLC, VI_Smoke_Sensors, VI_System_Time_MS, VO_Siren_Active, VO_Status_Msg, outputs
  PRG_Heating.st: overlap_score=4
    overlap_tokens=BULK_SYNC_ANCHOR, GVL_CONSTANTS, VI_IsActivePLC, VI_System_Time_MS
  PRG_Ventilation.st: overlap_score=5
    overlap_tokens=BULK_SYNC_ANCHOR, GVL_CONSTANTS, VI_IsActivePLC, VI_System_Time_MS, VO_Status_Msg
  FB_Safety_Manager.st: overlap_score=1
    overlap_tokens=BULK_SYNC_ANCHOR
  FB_System_Health.st: overlap_score=2
    overlap_tokens=BULK_SYNC_ANCHOR, outputs
  FB_Alarm_Manager.st: overlap_score=6
    overlap_tokens=BULK_SYNC_ANCHOR, FB_System_Timer, GVL_CONSTANTS, VI_IsActivePLC, VI_System_Time_MS, VO_Siren_Active
  ST_Zone_Sensors.dut: overlap_score=0
  GVL_STATE.gvl: overlap_score=4
    overlap_tokens=C_MAX_CO_SENSORS, C_MAX_METHANE_SENSORS, C_MAX_SMOKE_SENSORS, GVL_CONSTANTS
  GVL_STATUS.gvl: overlap_score=1
    overlap_tokens=GVL_CONSTANTS
  GVL_CONFIG.gvl: overlap_score=3
    overlap_tokens=C_MAX_METHANE_SENSORS, C_MAX_SMOKE_SENSORS, GVL_CONSTANTS

--- FB_Gas_Valve_Controller.st ---
live_refs=0
line_count=41
preview:
FUNCTION_BLOCK FB_Gas_Valve_Controller IMPLEMENTS IValveController
VAR_INPUT
    VI_System_Time : UDINT;
    VI_IsActivePLC : BOOL;
    VI_Gas_Alarm   : BOOL;
    VI_Config      : ST_Gas_Valve_Configuration;
END_VAR
VAR_OUTPUT
    VO_Valve_Closed : BOOL;
    VO_Status_Msg   : STRING(200);
END_VAR

// При аварии газа - немедленное закрытие
IF VI_Gas_Alarm AND VI_IsActivePLC THEN
    VO_Valve_Closed := TRUE;
    VO_Status_Msg := 'ГАЗОВЫЙ КЛАПАН ЗАКРЫТ ПО АВАРИИ';
END_IF;

METHOD OpenValve : BOOL
VAR_INPUT
    VI_Operator_ID : STRING(10);
    VI_Force : BOOL;
END_VAR
IF VI_IsActivePLC OR VI_Force THEN
    VO_Valve_Closed := FALSE;
    OpenValve := TRUE;
END_IF;
END_METHOD

METHOD CloseValve : BOOL
...
possible_live_analogs:
  PRG_System.st: overlap_score=6
    overlap_tokens=TO_BYTE, VI_Config, VI_Gas_Alarm, VI_IsActivePLC, VI_Operator_ID, VO_Status_Msg
  PRG_Heating.st: overlap_score=2
    overlap_tokens=VI_Config, VI_IsActivePLC
  PRG_Ventilation.st: overlap_score=4
    overlap_tokens=VI_Config, VI_Gas_Alarm, VI_IsActivePLC, VO_Status_Msg
  FB_Safety_Manager.st: overlap_score=1
    overlap_tokens=VI_Gas_Alarm
  FB_System_Health.st: overlap_score=0
  FB_Alarm_Manager.st: overlap_score=3
    overlap_tokens=TO_BYTE, VI_Gas_Alarm, VI_IsActivePLC
  ST_Zone_Sensors.dut: overlap_score=0
  GVL_STATE.gvl: overlap_score=0
  GVL_STATUS.gvl: overlap_score=0
  GVL_CONFIG.gvl: overlap_score=1
    overlap_tokens=ST_Gas_Valve_Configuration

--- ST_Gas_Valve_Configuration.dut ---
live_refs=2
  ref=FB_Gas_Valve_Controller.st
  ref=GVL_CONFIG.gvl
line_count=10
preview:
{attribute 'pack_mode' := '1'}
TYPE ST_Gas_Valve_Configuration :
STRUCT
    valve_id : BYTE := 0;
    valve_type : E_VALVE_TYPE := E_VALVE_TYPE.VALVE_NC;
    close_time_seconds : UDINT := 10;
    open_time_seconds : UDINT := 10;
    emergency_open_allowed : BOOL := FALSE;
END_STRUCT
END_TYPE
possible_live_analogs:
  PRG_System.st: overlap_score=0
  PRG_Heating.st: overlap_score=0
  PRG_Ventilation.st: overlap_score=0
  FB_Safety_Manager.st: overlap_score=0
  FB_System_Health.st: overlap_score=0
  FB_Alarm_Manager.st: overlap_score=0
  ST_Zone_Sensors.dut: overlap_score=0
  GVL_STATE.gvl: overlap_score=0
  GVL_STATUS.gvl: overlap_score=0
  GVL_CONFIG.gvl: overlap_score=1
    overlap_tokens=ST_Gas_Valve_Configuration

=== BUCKET MAINTENANCE ===
--- FB_Maintenance_Access.st ---
live_refs=0
line_count=28
preview:
FUNCTION_BLOCK FB_Maintenance_Access
VAR_INPUT
    VI_System_Time : UDINT;
    VI_Activate    : BOOL;
    VI_Duration    : UDINT := 60; // мин
END_VAR
VAR_OUTPUT
    VO_Active      : BOOL;
    VO_Time_Left   : UDINT;
END_VAR
VAR
    L_Start_Time   : UDINT;
    L_elapsed      : UDINT;
END_VAR

IF VI_Activate AND NOT VO_Active THEN
    VO_Active := TRUE;
    L_Start_Time := VI_System_Time;
END_IF;

IF VO_Active THEN
    L_elapsed := (SEL(VI_System_Time >= L_Start_Time, VI_System_Time - L_Start_Time, (4294967295 - L_Start_Time) + VI_System_Time + 1)) / GVL_CONSTANTS.C_MS_IN_MINUTE;
    IF L_elapsed >= VI_Duration THEN
        VO_Active := FALSE;
    ELSE
        VO_Time_Left := VI_Duration - L_elapsed;
    END_IF;
END_IF;
possible_live_analogs:
  PRG_System.st: overlap_score=1
    overlap_tokens=GVL_CONSTANTS
  PRG_Heating.st: overlap_score=1
    overlap_tokens=GVL_CONSTANTS
  PRG_Ventilation.st: overlap_score=1
    overlap_tokens=GVL_CONSTANTS
  FB_Safety_Manager.st: overlap_score=0
  FB_System_Health.st: overlap_score=0
  FB_Alarm_Manager.st: overlap_score=1
    overlap_tokens=GVL_CONSTANTS
  ST_Zone_Sensors.dut: overlap_score=0
  GVL_STATE.gvl: overlap_score=1
    overlap_tokens=GVL_CONSTANTS
  GVL_STATUS.gvl: overlap_score=1
    overlap_tokens=GVL_CONSTANTS
  GVL_CONFIG.gvl: overlap_score=2
    overlap_tokens=C_MS_IN_MINUTE, GVL_CONSTANTS

=== BUCKET SENSORS_OTHER ===
--- E_SENSOR_TYPE.dut ---
live_refs=1
  ref=ST_Sensor_Calibration_Record.dut
line_count=15
preview:
{attribute 'strict'}
TYPE E_SENSOR_TYPE :
(
  SENSOR_TYPE_NONE := 0,
  SENSOR_TYPE_DOOR_WINDOW := 5,
  SENSOR_TYPE_GLASS_BREAK := 6,
  SENSOR_TYPE_FLOOD := 7,
  SENSOR_TYPE_SMOKE := 8,
  SENSOR_TYPE_GAS_METHANE := 1,
  SENSOR_TYPE_GAS_CO := 2,
  SENSOR_TYPE_TEMP_FLOOR := 3,
  SENSOR_TYPE_TEMP_AIR := 4,
  SENSOR_TYPE_CO2 := 9
) USINT;
END_TYPE
possible_live_analogs:
  PRG_System.st: overlap_score=0
  PRG_Heating.st: overlap_score=0
  PRG_Ventilation.st: overlap_score=0
  FB_Safety_Manager.st: overlap_score=0
  FB_System_Health.st: overlap_score=0
  FB_Alarm_Manager.st: overlap_score=0
  ST_Zone_Sensors.dut: overlap_score=0
  GVL_STATE.gvl: overlap_score=0
  GVL_STATUS.gvl: overlap_score=0
  GVL_CONFIG.gvl: overlap_score=0

--- FB_Sensor_Analog_Processing.st ---
live_refs=0
line_count=123
preview:
FUNCTION_BLOCK FB_Sensor_Analog_Processing
VAR_INPUT
    VI_Raw_Value : WORD; // Raw value from module (e.g., 0-27648)
    VI_Sensor_Type : INT := 0; // 0: 4-20mA, 1: 0-10V, 2: PT100/1000 (direct temp * 10)
    VI_Min_Scale : REAL; // Minimum scale value (e.g., 0 bar)
    VI_Max_Scale : REAL; // Maximum scale value (e.g., 10 bar)
    VI_Offset : REAL; // Calibration offset
    VI_Multiplier : REAL := 1.0; // Calibration multiplier
    VI_Filter_Time_MS : UDINT := GVL_CONSTANTS.C_MS_IN_SECOND; // Filtering time
    VI_System_Time_MS : UDINT; // System time in ms
    VI_Fallback_Mode : INT := 0; // 0: Hold last good value, 1: Use default value
    VI_Default_Value : REAL := 0.0; // Default value for fallback mode 1
END_VAR
VAR_OUTPUT
    VO_Value : REAL; // Processed value
    VO_Error : BOOL; // Sensor error (open/short circuit)
    VO_Diag_Code : WORD; // Diagnostic code (0: OK, 1: Open circuit, 2: Short circuit, 3: Out of range)
END_VAR
VAR
    L_Scaled : REAL;
    L_Filtered : REAL;
    L_History : ARRAY[0..9] OF REAL; // Массив для скользящего среднего (10 значений)
    L_History_Idx : INT := 0;
    L_History_Sum : REAL := 0.0;
    L_History_Count : INT := 0;
    L_Last_Time : UDINT;
    L_DT : UDINT;
    L_First_Scan : BOOL := TRUE;
    L_i : INT;
END_VAR
...
possible_live_analogs:
  PRG_System.st: overlap_score=11
    overlap_tokens=GVL_CONSTANTS, System, TO_INT, TO_REAL, VI_Offset, VI_System_Time_MS, VO_Error, direct, from, mode, range
  PRG_Heating.st: overlap_score=4
    overlap_tokens=GVL_CONSTANTS, TO_REAL, VI_System_Time_MS, mode
  PRG_Ventilation.st: overlap_score=3
    overlap_tokens=GVL_CONSTANTS, VI_System_Time_MS, default
  FB_Safety_Manager.st: overlap_score=0
  FB_System_Health.st: overlap_score=0
  FB_Alarm_Manager.st: overlap_score=6
    overlap_tokens=GVL_CONSTANTS, Sensor, TO_INT, TO_REAL, Unknown, VI_System_Time_MS
  ST_Zone_Sensors.dut: overlap_score=0
  GVL_STATE.gvl: overlap_score=1
    overlap_tokens=GVL_CONSTANTS
  GVL_STATUS.gvl: overlap_score=1
    overlap_tokens=GVL_CONSTANTS
  GVL_CONFIG.gvl: overlap_score=3
    overlap_tokens=C_MS_IN_SECOND, GVL_CONSTANTS, fallback

--- FB_Sensor_Calibration.st ---
live_refs=0
line_count=25
preview:
FUNCTION_BLOCK FB_Sensor_Calibration
VAR_INPUT
    VI_Sensor_ID : UDINT;
    VI_Reference_Value : REAL;
    VI_Current_Value : REAL;
    VI_Apply : BOOL;
END_VAR
VAR_OUTPUT
    VO_Offset : REAL;
    VO_Multiplier : REAL := 1.0;
    VO_Done : BOOL;
END_VAR
VAR
    L_Applied : BOOL;
END_VAR

IF VI_Apply AND NOT L_Applied THEN
    // Простая калибровка смещением (одноточечная)
    VO_Offset := VI_Reference_Value - VI_Current_Value;
    VO_Done := TRUE;
    L_Applied := TRUE;
ELSIF NOT VI_Apply THEN
    VO_Done := FALSE;
    L_Applied := FALSE;
END_IF;
possible_live_analogs:
  PRG_System.st: overlap_score=2
    overlap_tokens=VI_Current_Value, VO_Done
  PRG_Heating.st: overlap_score=0
  PRG_Ventilation.st: overlap_score=0
  FB_Safety_Manager.st: overlap_score=0
  FB_System_Health.st: overlap_score=0
  FB_Alarm_Manager.st: overlap_score=0
  ST_Zone_Sensors.dut: overlap_score=0
  GVL_STATE.gvl: overlap_score=0
  GVL_STATUS.gvl: overlap_score=0
  GVL_CONFIG.gvl: overlap_score=0

--- FB_Sensor_Calibration_Processor.st ---
live_refs=0
line_count=10
preview:
FUNCTION_BLOCK FB_Sensor_Calibration_Processor
VAR_INPUT
    VI_Raw_Value : REAL;
    VI_Record    : ST_Sensor_Calibration_Record;
END_VAR
VAR_OUTPUT
    VO_Calibrated_Value : REAL;
END_VAR

VO_Calibrated_Value := (VI_Raw_Value * VI_Record.multiplier) + VI_Record.offset;
possible_live_analogs:
  PRG_System.st: overlap_score=0
  PRG_Heating.st: overlap_score=0
  PRG_Ventilation.st: overlap_score=0
  FB_Safety_Manager.st: overlap_score=0
  FB_System_Health.st: overlap_score=0
  FB_Alarm_Manager.st: overlap_score=0
  ST_Zone_Sensors.dut: overlap_score=0
  GVL_STATE.gvl: overlap_score=0
  GVL_STATUS.gvl: overlap_score=0
  GVL_CONFIG.gvl: overlap_score=1
    overlap_tokens=ST_Sensor_Calibration_Record

--- FB_Sensor_Distribution.st ---
live_refs=0
line_count=18
preview:
FUNCTION_BLOCK FB_Sensor_Distribution
VAR_INPUT
    VI_Raw_Temp : REAL;
    VI_Raw_Hum  : REAL;
    VI_Raw_CO2  : REAL;
END_VAR
VAR_OUTPUT
    VO_Temp_Heating : REAL;
    VO_Temp_Vent    : REAL;
    VO_Hum_Vent     : REAL;
    VO_CO2_Vent     : REAL;
END_VAR

// Распределение данных по подсистемам
VO_Temp_Heating := VI_Raw_Temp;
VO_Temp_Vent    := VI_Raw_Temp;
VO_Hum_Vent     := VI_Raw_Hum;
VO_CO2_Vent     := VI_Raw_CO2;
possible_live_analogs:
  PRG_System.st: overlap_score=0
  PRG_Heating.st: overlap_score=0
  PRG_Ventilation.st: overlap_score=0
  FB_Safety_Manager.st: overlap_score=0
  FB_System_Health.st: overlap_score=0
  FB_Alarm_Manager.st: overlap_score=0
  ST_Zone_Sensors.dut: overlap_score=0
  GVL_STATE.gvl: overlap_score=0
  GVL_STATUS.gvl: overlap_score=0
  GVL_CONFIG.gvl: overlap_score=0

--- ST_Sensor_Calibration_Record.dut ---
live_refs=3
  ref=FB_Calibration_Manager.st
  ref=FB_Sensor_Calibration_Processor.st
  ref=GVL_CONFIG.gvl
line_count=12
preview:
{attribute 'pack_mode' := '1'}
TYPE ST_Sensor_Calibration_Record :
STRUCT
    sensor_id : UDINT := 0;
    sensor_type : E_SENSOR_TYPE;
    zone_id : BYTE := 0;
    offset : REAL := 0.0;
    multiplier : REAL := 1.0;
    last_calibration_timestamp : UDINT := 0;
    verification_passed : BOOL := FALSE;
END_STRUCT
END_TYPE
possible_live_analogs:
  PRG_System.st: overlap_score=1
    overlap_tokens=zone_id
  PRG_Heating.st: overlap_score=0
  PRG_Ventilation.st: overlap_score=0
  FB_Safety_Manager.st: overlap_score=0
  FB_System_Health.st: overlap_score=0
  FB_Alarm_Manager.st: overlap_score=0
  ST_Zone_Sensors.dut: overlap_score=0
  GVL_STATE.gvl: overlap_score=0
  GVL_STATUS.gvl: overlap_score=0
  GVL_CONFIG.gvl: overlap_score=1
    overlap_tokens=ST_Sensor_Calibration_Record

--- ST_Zone_Sensors.dut ---
live_refs=0
line_count=11
preview:
{attribute 'pack_mode' := '1'}
TYPE ST_Zone_Sensors :
STRUCT
    Temp_Room : REAL;
    Temp_Floor : REAL;
    Motion_Active : BOOL;
    Switch_Physical : BOOL;
    Light_State : BOOL;
    Maintenance : ST_Component_Maintenance;
END_STRUCT
END_TYPE
possible_live_analogs:
  PRG_System.st: overlap_score=0
  PRG_Heating.st: overlap_score=0
  PRG_Ventilation.st: overlap_score=0
  FB_Safety_Manager.st: overlap_score=0
  FB_System_Health.st: overlap_score=0
  FB_Alarm_Manager.st: overlap_score=0
  ST_Zone_Sensors.dut: overlap_score=8
    overlap_tokens=Light_State, Maintenance, Motion_Active, ST_Component_Maintenance, ST_Zone_Sensors, Switch_Physical, Temp_Floor, Temp_Room
  GVL_STATE.gvl: overlap_score=0
  GVL_STATUS.gvl: overlap_score=0
  GVL_CONFIG.gvl: overlap_score=0

=== BUCKET SMOKE ===
--- FB_Smoke_Detector.st ---
live_refs=0
line_count=9
preview:
FUNCTION_BLOCK FB_Smoke_Detector
VAR_INPUT
    VI_Smoke_Signal : BOOL;
END_VAR
VAR_OUTPUT
    VO_Smoke_Detected : BOOL;
END_VAR

VO_Smoke_Detected := VI_Smoke_Signal;
possible_live_analogs:
  PRG_System.st: overlap_score=0
  PRG_Heating.st: overlap_score=0
  PRG_Ventilation.st: overlap_score=0
  FB_Safety_Manager.st: overlap_score=0
  FB_System_Health.st: overlap_score=0
  FB_Alarm_Manager.st: overlap_score=0
  ST_Zone_Sensors.dut: overlap_score=0
  GVL_STATE.gvl: overlap_score=0
  GVL_STATUS.gvl: overlap_score=0
  GVL_CONFIG.gvl: overlap_score=0

=== SPECIAL FOCUS: ST_Zone_Sensors ===
exists=True
{attribute 'pack_mode' := '1'}
TYPE ST_Zone_Sensors :
STRUCT
    Temp_Room : REAL;
    Temp_Floor : REAL;
    Motion_Active : BOOL;
    Switch_Physical : BOOL;
    Light_State : BOOL;
    Maintenance : ST_Component_Maintenance;
END_STRUCT
END_TYPE

=== SPECIAL FOCUS: GVL_STATE SAFETY SIGNALS ===
4:    G_Room_Temps : ARRAY[1..GVL_CONSTANTS.C_MAX_ZONES] OF REAL;
5:    G_Room_Hum : ARRAY[1..GVL_CONSTANTS.C_MAX_ZONES] OF REAL;
6:    G_Room_CO2 : ARRAY[1..GVL_CONSTANTS.C_MAX_ZONES] OF REAL;
7:    G_Motion_Sensors : ARRAY[1..32] OF BOOL;
8:    G_Door_Sensors : ARRAY[1..GVL_CONSTANTS.C_MAX_DOOR_SENSORS] OF BOOL;
9:    G_Window_Sensors : ARRAY[1..GVL_CONSTANTS.C_MAX_ZONES] OF BOOL;
10:    G_Water_Sensors : ARRAY[1..GVL_CONSTANTS.C_MAX_FLOOD_SENSORS] OF BOOL;
11:    G_Smoke_Sensors : ARRAY[1..GVL_CONSTANTS.C_MAX_SMOKE_SENSORS] OF BOOL;
12:    G_Methane_Sensors : ARRAY[1..GVL_CONSTANTS.C_MAX_METHANE_SENSORS] OF REAL;
13:    G_CO_Sensors : ARRAY[1..GVL_CONSTANTS.C_MAX_CO_SENSORS] OF REAL;
14:    G_Manifold_Pressures : ARRAY[1..GVL_CONSTANTS.C_MAX_MANIFOLDS] OF REAL;
15:    G_Manifold_Currents : ARRAY[1..GVL_CONSTANTS.C_MAX_MANIFOLDS] OF REAL;
16:    G_Manifold_T_Supply : ARRAY[1..GVL_CONSTANTS.C_MAX_MANIFOLDS] OF REAL;
17:    G_Manifold_T_Return : ARRAY[1..GVL_CONSTANTS.C_MAX_MANIFOLDS] OF REAL;
18:    G_Boiler_Flame : ARRAY[1..GVL_CONSTANTS.C_MAX_BOILERS] OF BOOL;
19:    G_Boiler_Error : ARRAY[1..GVL_CONSTANTS.C_MAX_BOILERS] OF BOOL;
20:    G_Boiler_OT_Online : ARRAY[1..GVL_CONSTANTS.C_MAX_BOILERS] OF BOOL; // Статус доступности OpenTherm-канала котла от реального OT-адаптера/драйвера
21:    G_Boiler_OT_Enable : ARRAY[1..GVL_CONSTANTS.C_MAX_BOILERS] OF BOOL; // Команды разрешения через OpenTherm
22:    G_Boiler_OT_Setpoint : ARRAY[1..GVL_CONSTANTS.C_MAX_BOILERS] OF REAL; // Уставки через OpenTherm
24:    G_Socket_Switches : ARRAY[1..GVL_CONSTANTS.C_MAX_SOCKETS] OF BOOL; // Legacy-поле: локальные выключатели розеток не используются
26:    G_Supply_Temps : ARRAY[1..GVL_CONSTANTS.C_MAX_SUPPLY_TEMPS] OF REAL; // Температура приточного воздуха после калорифера
30:    G_Manifold_Pumps : ARRAY[1..GVL_CONSTANTS.C_MAX_MANIFOLDS] OF BOOL;
31:    G_Manifold_Valves : ARRAY[1..GVL_CONSTANTS.C_MAX_MANIFOLDS] OF REAL; // 0.0 - 1.0
32:    G_Manifold_End_Switches : ARRAY[1..GVL_CONSTANTS.C_MAX_MANIFOLDS] OF BOOL; // Концевики клапанов
33:    G_Supply_Fans : ARRAY[1..GVL_CONSTANTS.C_MAX_SUPPLY_FANS] OF REAL; // 0.0 - 1.0
34:    G_Exhaust_Fans : ARRAY[1..GVL_CONSTANTS.C_MAX_EXHAUST_FANS] OF REAL; // 0.0 - 1.0
35:    G_Vent_Heater_Power : ARRAY[1..GVL_CONSTANTS.C_MAX_BOILERS] OF REAL;
37:    G_Blinds_Positions : ARRAY[1..GVL_CONSTANTS.C_MAX_BLINDS] OF BYTE;
38:    G_Socket_States : ARRAY[1..GVL_CONSTANTS.C_MAX_SOCKETS] OF BOOL;
43:    G_Safety_Gas_Alarm : BOOL;
45:    G_Safety_Smoke_Alarm : BOOL;
47:    G_Safety_Gas_Latched : BOOL; // защёлкнутая газовая авария
49:    G_Safety_Smoke_Latched : BOOL; // защёлкнутая дымовая/пожарная авария
54:    G_Heating_Sensor_Fault : BOOL;
57:    G_DHW_Sensor_Fault : BOOL;
63:    G_Access_Comm_Fault : BOOL;
69:    G_Rule_Actions : ARRAY[1..GVL_CONSTANTS.C_MAX_RULES] OF ST_Rule_Action;

=== END STEP 195 ===
