]633;E;echo "=== STEP 209: SHADOW SAFETY QUALITY FLAGS ===";048f1674-a031-43cb-9e47-f7004f3b361c]633;C=== STEP 209: SHADOW SAFETY QUALITY FLAGS ===
timestamp_utc=2026-04-18T14:21:34Z

=== APPLY ===
OK: added shadow safety quality flags

=== VERIFY DUT ===
120:    Sensor_Shadow_CO_Unstable : BOOL;
121:    Sensor_Shadow_Methane_Unstable : BOOL;
122:    Sensor_Shadow_Smoke_Mismatch : BOOL;
123:    Sensor_Shadow_Quality_Text : STRING(160);

=== VERIFY PRG_SYSTEM ===
1363:// === SHADOW SAFETY QUALITY FLAGS ===
1364:GVL_STATUS.G_Diagnostics.Sensor_Shadow_CO_Unstable := GVL_Safety_Bridge.G_CO_Diff > 5.0;
1365:GVL_STATUS.G_Diagnostics.Sensor_Shadow_Methane_Unstable := GVL_Safety_Bridge.G_Methane_Diff > 5.0;
1366:GVL_STATUS.G_Diagnostics.Sensor_Shadow_Smoke_Mismatch := GVL_Safety_Bridge.G_Smoke_Diff;
1368:IF GVL_STATUS.G_Diagnostics.Sensor_Shadow_Smoke_Mismatch THEN
1369:    GVL_STATUS.G_Diagnostics.Sensor_Shadow_Quality_Text := 'Smoke shadow mismatch';
1370:ELSIF GVL_STATUS.G_Diagnostics.Sensor_Shadow_Methane_Unstable THEN
1371:    GVL_STATUS.G_Diagnostics.Sensor_Shadow_Quality_Text := 'Methane shadow unstable';
1372:ELSIF GVL_STATUS.G_Diagnostics.Sensor_Shadow_CO_Unstable THEN
1373:    GVL_STATUS.G_Diagnostics.Sensor_Shadow_Quality_Text := 'CO shadow unstable';
1375:    GVL_STATUS.G_Diagnostics.Sensor_Shadow_Quality_Text := 'Shadow safety quality OK';

=== END STEP 209 ===
