]633;E;echo "=== STEP 214: SHADOW SAFETY RECOVERY WAVE CLOSURE ===";5d3a4a2f-9043-4f2a-b7ba-cc078720fce7]633;C=== STEP 214: SHADOW SAFETY RECOVERY WAVE CLOSURE ===
timestamp_utc=2026-04-18T15:01:27Z

=== STATUS ===
compile=OK
errors=0

=== SHADOW SAFETY INPUTS ===
co_shadow_pipeline=ENABLED
methane_shadow_pipeline=ENABLED
smoke_shadow_pipeline=ENABLED

=== BRIDGE ===
runtime_vs_shadow_bridge=ENABLED
co_diff=ENABLED
methane_diff=ENABLED
smoke_diff=ENABLED

=== SELECTOR ===
selector_layer=ENABLED
effective_arrays=ENABLED
co_switch=ENABLED
methane_switch=ENABLED
smoke_switch=ENABLED

=== SAFETY MANAGER INTEGRATION ===
fb_gas_smoke_manager_inputs=THROUGH_EFFECTIVE_ARRAYS
runtime_fallback=AVAILABLE

=== DIAGNOSTICS ===
shadow_co_status=ENABLED
shadow_co_diff=ENABLED
shadow_methane_status=ENABLED
shadow_methane_diff=ENABLED
shadow_smoke_status=ENABLED
shadow_quality_flags=ENABLED
shadow_quality_text=ENABLED

=== POLICY ===
configurable_thresholds=ENABLED
auto_fallback_policy=ENABLED
debounce_policy=ENABLED
auto_recovery_policy=ENABLED
hysteresis_recovery=ENABLED

=== POLICY PARAMETERS ===
co_max_diff=GVL_Safety_Selector.G_CO_Shadow_Max_Diff
methane_max_diff=GVL_Safety_Selector.G_Methane_Shadow_Max_Diff
co_recovery_diff=GVL_Safety_Selector.G_CO_Shadow_Recovery_Diff
methane_recovery_diff=GVL_Safety_Selector.G_Methane_Shadow_Recovery_Diff
unstable_cycles_limit=GVL_Safety_Selector.G_Shadow_Unstable_Cycles_Limit
block_shadow_on_mismatch=GVL_Safety_Selector.G_Block_Shadow_On_Mismatch

=== GUARANTEES ===
typed_diagnostics_aligned=OK
selector_policy_architecture=OK
shadow_auto_fallback=OK
shadow_auto_recovery=OK
anti_flap_behavior=OK
compile_stable=OK

=== BASELINE LOCK ===
shadow_safety_recovery_wave=PROTECTED
do_not_cleanup=YES
policy_loop=STABLE

=== NEXT EVOLUTION ===
field_threshold_tuning=OPTIONAL
history_logging_of_policy_events=OPTIONAL
advanced_policy_modes=FUTURE

=== END STEP 214 ===
