]633;E;echo "=== STEP 111: MICRO AUDIT ALARM MANAGER INTERNAL SCAFFOLD CLEANUP ===";d2f9cd72-cf3a-446c-b425-a96632cf891c]633;C=== STEP 111: MICRO AUDIT ALARM MANAGER INTERNAL SCAFFOLD CLEANUP ===
timestamp_utc=2026-04-17T08:06:24Z

=== VAR CANDIDATES ===
61:    L_Alarm_Compat_All_OK : BOOL;
64:    L_Alarm_Shadow_Mismatch : BOOL;
65:    L_Alarm_Shadow_First_Mismatch : INT;
66:    L_Alarm_V2_Switch_Enabled : BOOL;
67:    L_Alarm_V2_Path_Ready : BOOL;
68:    L_Alarm_Using_Legacy_Fallback : BOOL;
69:    L_BlackBox_V2_Snapshot_Shadow : ST_BlackBox_Snapshot_V2;
70:    L_History_V2_Shadow_Diff_Found : BOOL;
71:    L_History_V2_Shadow_First_Diff_Slot : INT;
72:    L_BlackBox_V2_Shadow_Diff_Found : BOOL;
73:    L_History_V2_Buffer_Shadow : ARRAY[1..GVL_CONSTANTS.C_MAX_HISTORY_RECORDS] OF ST_History_Event_V2;
74:    L_Alarm_V2_Shadow_Compare_Enabled : BOOL;
75:    L_Alarm_V2_Shadow_Diff_Found : BOOL;
76:    L_Alarm_V2_Shadow_First_Diff_Slot : INT;
77:    L_Alarm_V2_Event_Pulse : BOOL;
78:    L_Alarm_V2_Event_Code : UDINT;
79:    L_Alarm_V2_Event_Value : REAL;
80:    L_Alarm_V2_List_Shadow : ARRAY[1..GVL_CONSTANTS.C_MAX_ALARMS] OF ST_Alarm_Record;
81:    L_Alarm_V2_Next_ID_Shadow : UDINT;
88:L_Alarm_Compat_All_OK := TRUE;
91:L_Alarm_Shadow_Mismatch := FALSE;
92:L_Alarm_Shadow_First_Mismatch := 0;
93:L_Alarm_V2_Switch_Enabled := TRUE;
94:L_Alarm_V2_Path_Ready := FALSE;
95:L_Alarm_Using_Legacy_Fallback := TRUE;
96:L_Alarm_V2_Shadow_Compare_Enabled := TRUE;
97:L_Alarm_V2_Shadow_Diff_Found := FALSE;
98:L_Alarm_V2_Shadow_First_Diff_Slot := 0;
99:L_Alarm_V2_Event_Pulse := FALSE;
100:L_Alarm_V2_Event_Code := 0;
101:L_Alarm_V2_Event_Value := 0.0;
102:L_Alarm_V2_Next_ID_Shadow := VIO_Next_Alarm_ID;
103:L_History_V2_Shadow_Diff_Found := FALSE;
104:L_History_V2_Shadow_First_Diff_Slot := 0;
105:L_BlackBox_V2_Shadow_Diff_Found := FALSE;
214:IF L_Alarm_V2_Shadow_Compare_Enabled THEN
215:    L_Alarm_V2_Event_Pulse := FALSE;
216:    L_Alarm_V2_Event_Code := 0;
217:    L_Alarm_V2_Event_Value := 0.0;
222:IF L_Alarm_V2_Switch_Enabled AND L_Alarm_V2_Path_Ready THEN
234:    IF L_Alarm_V2_Switch_Enabled AND L_Alarm_V2_Path_Ready THEN
235:        L_Alarm_Using_Legacy_Fallback := FALSE;
239:        L_Alarm_Using_Legacy_Fallback := TRUE;
292:IF L_Alarm_V2_Shadow_Compare_Enabled THEN
294:        IF (VO_Alarm_List[L_i].ID <> L_Alarm_V2_List_Shadow[L_i].ID)
295:           OR (VO_Alarm_List[L_i].Is_Active <> L_Alarm_V2_List_Shadow[L_i].Is_Active)
296:           OR (VO_Alarm_List[L_i].Is_Acknowledged <> L_Alarm_V2_List_Shadow[L_i].Is_Acknowledged)
297:           OR (VO_Alarm_List[L_i].Severity <> L_Alarm_V2_List_Shadow[L_i].Severity) THEN
298:            L_Alarm_V2_Shadow_Diff_Found := TRUE;
299:            IF L_Alarm_V2_Shadow_First_Diff_Slot = 0 THEN
300:                L_Alarm_V2_Shadow_First_Diff_Slot := L_i;
365:    L_History_V2_Buffer_Shadow[1].Event_Code := TO_UINT(VO_Event_Code);
366:    L_History_V2_Buffer_Shadow[1].Event_Value := VO_Event_Value;
371:L_BlackBox_V2_Snapshot_Shadow.Gas_Alarm := VI_Gas_Alarm;
372:L_BlackBox_V2_Snapshot_Shadow.Fire_Alarm := VI_Fire_Alarm;
373:L_BlackBox_V2_Snapshot_Shadow.Flood_Alarm := VI_Flood_Alarm;
374:L_BlackBox_V2_Snapshot_Shadow.First_Fault_Type := TO_BYTE(VI_First_Fault_Type);
375:L_BlackBox_V2_Snapshot_Shadow.First_Fault_Source := TO_BYTE(VI_First_Fault_Source);
379:    IF (L_History_V2_Buffer_Shadow[1].Event_Code <> VO_Event_Code)
380:       OR (ABS(L_History_V2_Buffer_Shadow[1].Event_Value - VO_Event_Value) > 0.0001) THEN
381:        L_History_V2_Shadow_Diff_Found := TRUE;
382:        IF L_History_V2_Shadow_First_Diff_Slot = 0 THEN
383:            L_History_V2_Shadow_First_Diff_Slot := 1;
388:IF (L_BlackBox_V2_Snapshot_Shadow.Gas_Alarm <> VI_Gas_Alarm)
389:   OR (L_BlackBox_V2_Snapshot_Shadow.Fire_Alarm <> VI_Fire_Alarm)
390:   OR (L_BlackBox_V2_Snapshot_Shadow.Flood_Alarm <> VI_Flood_Alarm)
391:   OR (L_BlackBox_V2_Snapshot_Shadow.First_Fault_Type <> TO_BYTE(VI_First_Fault_Type))
392:   OR (L_BlackBox_V2_Snapshot_Shadow.First_Fault_Source <> TO_BYTE(VI_First_Fault_Source)) THEN
393:    L_BlackBox_V2_Shadow_Diff_Found := TRUE;
398:IF L_Alarm_V2_Switch_Enabled THEN
399:    IF (NOT L_Alarm_V2_Shadow_Diff_Found)
400:       AND (NOT L_History_V2_Shadow_Diff_Found)
401:       AND (NOT L_BlackBox_V2_Shadow_Diff_Found) THEN
402:        L_Alarm_V2_Path_Ready := TRUE;
403:        L_Alarm_Using_Legacy_Fallback := FALSE;
405:        L_Alarm_V2_Path_Ready := FALSE;
406:        L_Alarm_Using_Legacy_Fallback := TRUE;
409:    L_Alarm_V2_Path_Ready := FALSE;
410:    L_Alarm_Using_Legacy_Fallback := TRUE;

=== INLINE COMMENT AREAS ===
213:// Inlined from FB_Alarm_V2_Core
221:// Inlined from FB_Alarm_V2_Core
228:    // Inlined from FB_Alarm_Compatibility_Package:
363:// Inlined from FB_History_V2_Core
370:// Inlined from FB_BlackBox_V2_Core

=== ALARM V2 SCAFFOLD AREA ===
        L_Pending_Alarms[L_Pending_Count].Is_Acknowledged := FALSE;
    END_IF;
END_FOR;

// Shadow comparison: Alarm V2 core is currently a no-op.
// Inlined from FB_Alarm_V2_Core
IF L_Alarm_V2_Shadow_Compare_Enabled THEN
    L_Alarm_V2_Event_Pulse := FALSE;
    L_Alarm_V2_Event_Code := 0;
    L_Alarm_V2_Event_Value := 0.0;
END_IF;

// Staging integration: Alarm V2 core is currently a no-op.
// Inlined from FB_Alarm_V2_Core
IF L_Alarm_V2_Switch_Enabled AND L_Alarm_V2_Path_Ready THEN
    // No runtime mutation in current V2 core.
END_IF;

// Обработка очереди новых тревог с учетом приоритетов
FOR L_i := 1 TO L_Pending_Count DO
    // Inlined from FB_Alarm_Compatibility_Package:
    // current compatibility path is a no-op roundtrip with VO_OK always TRUE.
    // Phase 4 scaffold: optional Alarm V2 switch point.
    // Current state: always remain on legacy behavior.
    // Future state: when Alarm V2 path is implemented and validated,
    // this block becomes the controlled branch point.
    IF L_Alarm_V2_Switch_Enabled AND L_Alarm_V2_Path_Ready THEN
        L_Alarm_Using_Legacy_Fallback := FALSE;
        // Guarded V2 pipeline is allowed by shadow validation.
        // Current runtime logic still keeps legacy action flow authoritative until next package.
    ELSE
        L_Alarm_Using_Legacy_Fallback := TRUE;
    END_IF;

    L_Target_Slot := 0;
    
    // 1. Ищем пустой слот
    FOR L_k := 1 TO GVL_CONSTANTS.C_MAX_ALARMS DO
        IF VO_Alarm_List[L_k].ID = 0 THEN

=== ALARM V2 SHADOW COMPARE AREA ===
    END_IF;
END_FOR;

// Shadow comparison results: compare legacy output and V2 shadow output.
IF L_Alarm_V2_Shadow_Compare_Enabled THEN
    FOR L_i := 1 TO GVL_CONSTANTS.C_MAX_ALARMS DO
        IF (VO_Alarm_List[L_i].ID <> L_Alarm_V2_List_Shadow[L_i].ID)
           OR (VO_Alarm_List[L_i].Is_Active <> L_Alarm_V2_List_Shadow[L_i].Is_Active)
           OR (VO_Alarm_List[L_i].Is_Acknowledged <> L_Alarm_V2_List_Shadow[L_i].Is_Acknowledged)
           OR (VO_Alarm_List[L_i].Severity <> L_Alarm_V2_List_Shadow[L_i].Severity) THEN
            L_Alarm_V2_Shadow_Diff_Found := TRUE;
            IF L_Alarm_V2_Shadow_First_Diff_Slot = 0 THEN
                L_Alarm_V2_Shadow_First_Diff_Slot := L_i;
            END_IF;
        END_IF;
    END_FOR;
END_IF;

=== HISTORY / BLACKBOX SHADOW AREA ===
END_FOR;

// Shadow bridge: Alarm -> History V2 (diagnostic only)
// Inlined from FB_History_V2_Core
IF VO_Event_Pulse THEN
    L_History_V2_Buffer_Shadow[1].Event_Code := TO_UINT(VO_Event_Code);
    L_History_V2_Buffer_Shadow[1].Event_Value := VO_Event_Value;
END_IF;

// Shadow bridge: System -> BlackBox V2 (diagnostic only)
// Inlined from FB_BlackBox_V2_Core
L_BlackBox_V2_Snapshot_Shadow.Gas_Alarm := VI_Gas_Alarm;
L_BlackBox_V2_Snapshot_Shadow.Fire_Alarm := VI_Fire_Alarm;
L_BlackBox_V2_Snapshot_Shadow.Flood_Alarm := VI_Flood_Alarm;
L_BlackBox_V2_Snapshot_Shadow.First_Fault_Type := TO_BYTE(VI_First_Fault_Type);
L_BlackBox_V2_Snapshot_Shadow.First_Fault_Source := TO_BYTE(VI_First_Fault_Source);

// Shadow validation: History V2 / BlackBox V2
IF VO_Event_Pulse THEN
    IF (L_History_V2_Buffer_Shadow[1].Event_Code <> VO_Event_Code)
       OR (ABS(L_History_V2_Buffer_Shadow[1].Event_Value - VO_Event_Value) > 0.0001) THEN
        L_History_V2_Shadow_Diff_Found := TRUE;
        IF L_History_V2_Shadow_First_Diff_Slot = 0 THEN
            L_History_V2_Shadow_First_Diff_Slot := 1;
        END_IF;
    END_IF;
END_IF;

IF (L_BlackBox_V2_Snapshot_Shadow.Gas_Alarm <> VI_Gas_Alarm)
   OR (L_BlackBox_V2_Snapshot_Shadow.Fire_Alarm <> VI_Fire_Alarm)
   OR (L_BlackBox_V2_Snapshot_Shadow.Flood_Alarm <> VI_Flood_Alarm)
   OR (L_BlackBox_V2_Snapshot_Shadow.First_Fault_Type <> TO_BYTE(VI_First_Fault_Type))
   OR (L_BlackBox_V2_Snapshot_Shadow.First_Fault_Source <> TO_BYTE(VI_First_Fault_Source)) THEN
    L_BlackBox_V2_Shadow_Diff_Found := TRUE;
END_IF;


=== PATH READY / FALLBACK AREA ===
// Guarded V2 pipeline enable:
// V2 path is allowed only when no shadow diff is present in Alarm/History/BlackBox.
IF L_Alarm_V2_Switch_Enabled THEN
    IF (NOT L_Alarm_V2_Shadow_Diff_Found)
       AND (NOT L_History_V2_Shadow_Diff_Found)
       AND (NOT L_BlackBox_V2_Shadow_Diff_Found) THEN
        L_Alarm_V2_Path_Ready := TRUE;
        L_Alarm_Using_Legacy_Fallback := FALSE;
    ELSE
        L_Alarm_V2_Path_Ready := FALSE;
        L_Alarm_Using_Legacy_Fallback := TRUE;
    END_IF;
ELSE
    L_Alarm_V2_Path_Ready := FALSE;
    L_Alarm_Using_Legacy_Fallback := TRUE;
END_IF;


=== PRELIMINARY REMOVAL CANDIDATES ===
1. L_Alarm_Compat_All_OK
2. L_Alarm_First_Warning
3. L_Alarm_First_Warning_Latched
4. L_Alarm_Shadow_Mismatch
5. L_Alarm_Shadow_First_Mismatch
6. L_Alarm_V2_Switch_Enabled
7. L_Alarm_V2_Path_Ready
8. L_Alarm_Using_Legacy_Fallback
9. L_Alarm_V2_Shadow_Compare_Enabled
10. L_Alarm_V2_Shadow_Diff_Found
11. L_Alarm_V2_Shadow_First_Diff_Slot
12. L_Alarm_V2_Event_Pulse
13. L_Alarm_V2_Event_Code
14. L_Alarm_V2_Event_Value
15. L_Alarm_V2_List_Shadow
16. L_Alarm_V2_Next_ID_Shadow
17. L_History_V2_Shadow_Diff_Found
18. L_History_V2_Shadow_First_Diff_Slot
19. L_History_V2_Buffer_Shadow
20. L_BlackBox_V2_Shadow_Diff_Found
21. L_BlackBox_V2_Snapshot_Shadow

=== PRELIMINARY QUESTIONS ===
1. Which of these symbols are now fully dead after file cleanup?
2. Which compare blocks can be removed without touching main alarm behavior?
3. Can the entire remaining V2 shadow scaffold be removed in one wave?

=== END STEP 111 ===
