]633;E;echo "=== STEP 96: MICRO AUDIT RULE COMPATIBILITY PACKAGE ===";10d0c29c-b3a2-4a8b-83d2-50752c6e8f09]633;C=== STEP 96: MICRO AUDIT RULE COMPATIBILITY PACKAGE ===
timestamp_utc=2026-04-17T06:54:43Z

=== FILE: FB_Rule_Compatibility_Package.st ===
FUNCTION_BLOCK FB_Rule_Compatibility_Package
VAR_INPUT
    VI_Rule_Legacy : ST_User_Rule;
END_VAR
VAR_OUTPUT
    VO_Forward_OK : BOOL;
    VO_Reverse_OK : BOOL;
    VO_Warning_Text : STRING(255);
    VO_Rule_Legacy_Roundtrip : ST_Rule;
END_VAR

VO_Forward_OK := TRUE;
VO_Reverse_OK := TRUE;
VO_Warning_Text := '';

VO_Rule_Legacy_Roundtrip.Action_Type := VI_Rule_Legacy.Action_Type;
VO_Rule_Legacy_Roundtrip.Action_Target_ID := VI_Rule_Legacy.Action_Target_ID;
VO_Rule_Legacy_Roundtrip.Action_Value := VI_Rule_Legacy.Action_Value;
VO_Rule_Legacy_Roundtrip.Condition_Type := VI_Rule_Legacy.Condition_Type;
VO_Rule_Legacy_Roundtrip.Condition_Target_ID := VI_Rule_Legacy.Condition_Target_ID;
VO_Rule_Legacy_Roundtrip.Condition_Op := VI_Rule_Legacy.Condition_Op;
VO_Rule_Legacy_Roundtrip.Condition_Value := VI_Rule_Legacy.Condition_Value;
VO_Rule_Legacy_Roundtrip.Condition_Value_Max := VI_Rule_Legacy.Condition_Value_Max;
END_FUNCTION_BLOCK

=== OWNER CONTEXT: FB_Rule_Engine.st ===
28:    fbCompat : ARRAY[1..GVL_CONSTANTS.C_MAX_RULES] OF FB_Rule_Compatibility_Package;
29:    L_Compat_All_OK : BOOL;
30:    L_Compat_First_Warning : STRING(255);
31:    L_Compat_First_Warning_Latched : BOOL;
33:    L_Shadow_V2_Roundtrip_Mismatch : BOOL;
48:L_Compat_All_OK := TRUE;
49:L_Compat_First_Warning := '';
50:L_Compat_First_Warning_Latched := FALSE;
52:L_Shadow_V2_Roundtrip_Mismatch := FALSE;
69:    fbCompat[L_i](VI_Rule_Legacy := VI_Rules[L_i]);
71:    IF NOT fbCompat[L_i].VO_Forward_OK OR NOT fbCompat[L_i].VO_Reverse_OK THEN
72:        L_Compat_All_OK := FALSE;
75:    IF (NOT L_Compat_First_Warning_Latched) AND (fbCompat[L_i].VO_Warning_Text <> '') THEN
76:        L_Compat_First_Warning := fbCompat[L_i].VO_Warning_Text;
77:        L_Compat_First_Warning_Latched := TRUE;
81:        IF (fbCompat[L_i].VO_Rule_Legacy_Roundtrip.Action_Type <> VI_Rules[L_i].Action_Type)
82:           OR (fbCompat[L_i].VO_Rule_Legacy_Roundtrip.Action_Target_ID <> VI_Rules[L_i].Action_Target_ID)
83:           OR (ABS(fbCompat[L_i].VO_Rule_Legacy_Roundtrip.Action_Value - VI_Rules[L_i].Action_Value) > 0.0001)
84:           OR (fbCompat[L_i].VO_Rule_Legacy_Roundtrip.Condition_Type <> VI_Rules[L_i].Condition_Type)
85:           OR (fbCompat[L_i].VO_Rule_Legacy_Roundtrip.Condition_Target_ID <> VI_Rules[L_i].Condition_Target_ID)
86:           OR (fbCompat[L_i].VO_Rule_Legacy_Roundtrip.Condition_Op <> VI_Rules[L_i].Condition_Op)
87:           OR (ABS(fbCompat[L_i].VO_Rule_Legacy_Roundtrip.Condition_Value - VI_Rules[L_i].Condition_Value) > 0.0001)
88:           OR (ABS(fbCompat[L_i].VO_Rule_Legacy_Roundtrip.Condition_Value_Max - VI_Rules[L_i].Condition_Value_Max) > 0.0001) THEN
89:            L_Shadow_V2_Roundtrip_Mismatch := TRUE;


IF L_Elapsed_Time >= GVL_CONSTANTS.C_MS_IN_MINUTE THEN
    L_Last_Reset_Time := VI_System_Time_MS;
    FOR L_i := 1 TO GVL_CONSTANTS.C_MAX_RULES DO
        L_Trigger_Count[L_i] := 0;
    END_FOR;
END_IF;

FOR L_i := 1 TO GVL_CONSTANTS.C_MAX_RULES DO
    fbCompat[L_i](VI_Rule_Legacy := VI_Rules[L_i]);

    IF NOT fbCompat[L_i].VO_Forward_OK OR NOT fbCompat[L_i].VO_Reverse_OK THEN
        L_Compat_All_OK := FALSE;
    END_IF;

    IF (NOT L_Compat_First_Warning_Latched) AND (fbCompat[L_i].VO_Warning_Text <> '') THEN
        L_Compat_First_Warning := fbCompat[L_i].VO_Warning_Text;
        L_Compat_First_Warning_Latched := TRUE;
    END_IF;

    IF L_Shadow_V2_Enabled THEN
        IF (fbCompat[L_i].VO_Rule_Legacy_Roundtrip.Action_Type <> VI_Rules[L_i].Action_Type)
           OR (fbCompat[L_i].VO_Rule_Legacy_Roundtrip.Action_Target_ID <> VI_Rules[L_i].Action_Target_ID)
           OR (ABS(fbCompat[L_i].VO_Rule_Legacy_Roundtrip.Action_Value - VI_Rules[L_i].Action_Value) > 0.0001)
           OR (fbCompat[L_i].VO_Rule_Legacy_Roundtrip.Condition_Type <> VI_Rules[L_i].Condition_Type)
           OR (fbCompat[L_i].VO_Rule_Legacy_Roundtrip.Condition_Target_ID <> VI_Rules[L_i].Condition_Target_ID)
           OR (fbCompat[L_i].VO_Rule_Legacy_Roundtrip.Condition_Op <> VI_Rules[L_i].Condition_Op)
           OR (ABS(fbCompat[L_i].VO_Rule_Legacy_Roundtrip.Condition_Value - VI_Rules[L_i].Condition_Value) > 0.0001)
           OR (ABS(fbCompat[L_i].VO_Rule_Legacy_Roundtrip.Condition_Value_Max - VI_Rules[L_i].Condition_Value_Max) > 0.0001) THEN
            L_Shadow_V2_Roundtrip_Mismatch := TRUE;
            IF L_Shadow_V2_First_Mismatch_Rule = 0 THEN
                L_Shadow_V2_First_Mismatch_Rule := L_i;
            END_IF;
        END_IF;
    END_IF;

    // Phase 4 scaffold: optional V2 switch point.
    // Current state: always remain on legacy behavior.
    // Future state: when V2 path is implemented and validated,
    // this block becomes the controlled branch point.
    IF L_V2_Switch_Enabled AND L_V2_Path_Ready THEN
        L_V2_Using_Legacy_Fallback := FALSE;
        // V2 action-generation path placeholder.
        // No runtime behavior change yet.
    ELSE
        L_V2_Using_Legacy_Fallback := TRUE;

=== ROOT REFERENCES ===
./FB_Rule_Compatibility_Package.st:1:FUNCTION_BLOCK FB_Rule_Compatibility_Package
./FB_Rule_Engine.st:28:    fbCompat : ARRAY[1..GVL_CONSTANTS.C_MAX_RULES] OF FB_Rule_Compatibility_Package;

=== RELATED TYPES ===
TYPE ST_Rule :
STRUCT
    Action_Type : INT;
    Action_Target_ID : INT;
    Action_Value : REAL;

    Condition_Type : INT;
    Condition_Target_ID : INT;
    Condition_Op : INT;
    Condition_Value : REAL;
    Condition_Value_Max : REAL;
END_STRUCT
END_TYPE
{attribute 'pack_mode' := '1'}
TYPE ST_User_Rule :
STRUCT
    Enabled : BOOL;
    Condition_Type : E_Rule_Condition_Type;
    Condition_Target_ID : BYTE; // ID зоны или датчика
    Condition_Op : E_Rule_Comparison;
    Condition_Value : REAL;
    Condition_Value_Max : REAL; // Для COMP_IN_RANGE
    Action_Target_ID : BYTE;
    Action_Value : REAL;
    Action_Type : E_Rule_Action_Type;
    Priority : BYTE;
END_STRUCT
END_TYPE
=== PRELIMINARY QUESTIONS ===
1. Does the compatibility package transform anything, or only copy fields into roundtrip form?
2. Is it still providing useful validation against legacy/user rule structure?
3. Can this logic be inlined into FB_Rule_Engine, or should it remain as a compatibility guard?

=== END STEP 96 ===
