]633;E;echo "=== STEP 106: DELETE ALARM-SIDE DEAD FILES ===";10d0c29c-b3a2-4a8b-83d2-50752c6e8f09]633;C=== STEP 106: DELETE ALARM-SIDE DEAD FILES ===
timestamp_utc=2026-04-17T07:38:37Z

=== BEFORE DELETE ===
FB_Alarm_Compatibility_Package.st
FB_Alarm_V2_Core.st
FB_BlackBox_V2_Core.st
FB_History_V2_Core.st

=== DELETE ===

=== AFTER DELETE ===

=== ROOT REFERENCES AFTER DELETE ===
--- FB_Alarm_Compatibility_Package ---
./FB_Alarm_Manager.st:228:    // Inlined from FB_Alarm_Compatibility_Package:

--- FB_History_V2_Core ---
./FB_Alarm_Manager.st:363:// Inlined from FB_History_V2_Core

--- FB_BlackBox_V2_Core ---
./FB_Alarm_Manager.st:370:// Inlined from FB_BlackBox_V2_Core

--- FB_Alarm_V2_Core ---
./FB_Alarm_Manager.st:213:// Inlined from FB_Alarm_V2_Core
./FB_Alarm_Manager.st:221:// Inlined from FB_Alarm_V2_Core

=== CONTROL: RULE COMPAT STILL PRESENT ===
FB_Rule_Compatibility_Package.st

FB_Rule_Engine.st:28:    fbCompat : ARRAY[1..GVL_CONSTANTS.C_MAX_RULES] OF FB_Rule_Compatibility_Package;

=== CONCLUSION ===
Alarm-side dead core/compat files removed.
Rule compatibility layer preserved.

=== END STEP 106 ===
