]633;E;echo "=== STEP 221: SHADOW POLICY TIME WINDOW WAVE CLOSURE ===";5d3a4a2f-9043-4f2a-b7ba-cc078720fce7]633;C=== STEP 221: SHADOW POLICY TIME WINDOW WAVE CLOSURE ===
timestamp_utc=2026-04-18T15:40:07Z

=== STATUS ===
compile=OK
errors=0

=== EVENT LAYER ===
fallback_events=ENABLED
recovery_events=ENABLED

=== AGGREGATION ===
per_channel_counters=ENABLED
total_counters=ENABLED

=== SUMMARY ===
health_flags=ENABLED
dominant_channel=ENABLED
policy_summary_text=ENABLED

=== TIME WINDOW LAYER ===
recent_window_ms=GVL_STATUS.G_Diagnostics.Sensor_Shadow_Recent_Window_MS
default_window=3600000
last_event_timestamps=ENABLED
recent_flags=ENABLED
recent_activity_text=ENABLED

=== GUARANTEES ===
analytics_layer_non_intrusive=YES
no_selector_side_effects=YES
time_window_logic_isolated=YES

=== BASELINE LOCK ===
shadow_policy_time_window_wave=PROTECTED
do_not_cleanup=YES
analytics_stack_complete=YES

=== NEXT EVOLUTION ===
rate_based_metrics=OPTIONAL
threshold_alerts_from_rate=OPTIONAL
external_monitoring_integration=FUTURE

=== END STEP 221 ===
