]633;E;echo "=== STEP 205: ENABLE SHADOW CO WITH LOGS ===";048f1674-a031-43cb-9e47-f7004f3b361c]633;C=== STEP 205: ENABLE SHADOW CO WITH LOGS ===
timestamp_utc=2026-04-18T13:55:50Z

=== APPLY ===
OK: enabled GVL_Safety_Selector.G_Use_Shadow_CO := TRUE

=== VERIFY PRG_SYSTEM ===
1293:// === SAFETY SELECTOR LAYER ===
1294:GVL_Safety_Selector.G_Use_Shadow_CO := TRUE;

=== CONTEXT AROUND SELECTOR ===
// === SAFETY SELECTOR LAYER ===
GVL_Safety_Selector.G_Use_Shadow_CO := TRUE;

// base copy from runtime arrays
FOR L_Safety_Selector_i := 1 TO GVL_CONSTANTS.C_MAX_CO_SENSORS DO
    GVL_Safety_Selector.G_CO_Effective_Array[L_Safety_Selector_i] := GVL_STATE.G_CO_Sensors[L_Safety_Selector_i];
END_FOR;

FOR L_Safety_Selector_i := 1 TO GVL_CONSTANTS.C_MAX_METHANE_SENSORS DO
    GVL_Safety_Selector.G_Methane_Effective_Array[L_Safety_Selector_i] := GVL_STATE.G_Methane_Sensors[L_Safety_Selector_i];
END_FOR;

FOR L_Safety_Selector_i := 1 TO GVL_CONSTANTS.C_MAX_SMOKE_SENSORS DO
    GVL_Safety_Selector.G_Smoke_Effective_Array[L_Safety_Selector_i] := GVL_STATE.G_Smoke_Sensors[L_Safety_Selector_i];
END_FOR;

// CO
IF GVL_Safety_Selector.G_Use_Shadow_CO THEN
    GVL_Safety_Selector.G_CO_Effective := GVL_Sensor_Shadow.G_CO_Calibrated;
    GVL_Safety_Selector.G_CO_Effective_Array[1] := GVL_Sensor_Shadow.G_CO_Calibrated;
ELSE

=== END STEP 205 ===
