]633;E;echo "=== STEP 47: SCENARIO TRANSITION MATRIX SOURCE AUDIT ===";f1165683-fe3b-4368-874e-5c1706c7b9d6]633;C=== STEP 47: SCENARIO TRANSITION MATRIX SOURCE AUDIT ===
timestamp_utc=2026-04-16T18:46:58Z

=== ARBITRATION CORE ===


// === SCENARIO PRIORITY RESOLUTION ===
// Produces L_Scenario_Req_Final (TRACE ONLY, not executed directly)
IF GVL_STATE.G_System_Mode = E_System_Operating_Mode.MODE_SAFE_STOP THEN
    L_Scenario_Req_Final := 0;
    L_Scenario_Source := SRC_SAFETY;
ELSIF L_Scenario_Req_Operator <> 0 THEN
    L_Scenario_Req_Final := L_Scenario_Req_Operator;
    L_Scenario_Source := SRC_OPERATOR;
ELSIF L_Scenario_Req_Gateway <> 0 THEN
    L_Scenario_Req_Final := L_Scenario_Req_Gateway;
    L_Scenario_Source := SRC_GATEWAY;
ELSIF L_Scenario_Req_Rule <> 0 THEN
    L_Scenario_Req_Final := L_Scenario_Req_Rule;
    L_Scenario_Source := SRC_RULE;
ELSE
    L_Scenario_Req_Final := GVL_STATUS.G_Current_Scenario;
    L_Scenario_Source := SRC_NONE;
END_IF;

L_Scenario_Intent := L_Scenario_Req_Final;

// === FAIL-SAFE SCENARIO CLAMP ===
CASE GVL_STATE.G_System_Mode OF
    E_System_Operating_Mode.MODE_SAFE_STOP:
        L_Scenario_Intent := E_SCENARIO_TYPE.SCENARIO_NONE;

    E_System_Operating_Mode.MODE_FREEZE_PROTECTION:
        L_Scenario_Intent := E_SCENARIO_TYPE.SCENARIO_NONE;

    E_System_Operating_Mode.MODE_DEGRADED:
        CASE L_Scenario_Intent OF
            E_SCENARIO_TYPE.SCENARIO_NONE,
            E_SCENARIO_TYPE.SCENARIO_PRESENCE,
            E_SCENARIO_TYPE.SCENARIO_AWAY,
            E_SCENARIO_TYPE.SCENARIO_SLEEP:
                ; // allowed in degraded
        ELSE
            L_Scenario_Intent := E_SCENARIO_TYPE.SCENARIO_NONE;
        END_CASE;
END_CASE;

// === CONTEXT FAIL-SAFE AUTOMATION ===
// If security is armed and no explicit source is requesting another scenario,
// force safe occupancy context to AWAY while system remains in MODE_NORMAL.
IF GVL_STATE.G_System_Mode = E_System_Operating_Mode.MODE_NORMAL THEN
    IF GVL_ALARM.G_Security_Armed AND
       (L_Scenario_Req_Operator = E_SCENARIO_TYPE.SCENARIO_NONE) AND
       (L_Scenario_Req_Gateway = E_SCENARIO_TYPE.SCENARIO_NONE) AND
       (L_Scenario_Req_Rule = E_SCENARIO_TYPE.SCENARIO_NONE) AND
       (L_Scenario_Intent <> E_SCENARIO_TYPE.SCENARIO_AWAY) THEN

        IF L_Scenario_Intent <> E_SCENARIO_TYPE.SCENARIO_AWAY THEN
            L_Scenario_Intent := E_SCENARIO_TYPE.SCENARIO_AWAY;
            L_Scenario_Source := SRC_POLICY;

            IF (L_Last_Policy_Event_Time_MS = 0) OR
               ((GVL_STATUS.G_System_Time_MS - L_Last_Policy_Event_Time_MS) >= 5000) THEN
                fbLogEvent(
                    VI_Event_Type := 5,

=== POLICY OVERRIDES ===
                    VI_Event_Type := 5,
                    VI_Timestamp := GVL_STATUS.G_System_Time_MS,
                    VI_Param1 := TO_UDINT(L_Scenario_Source),
                    VI_Param2 := TO_UDINT(E_SCENARIO_TYPE.SCENARIO_AWAY)
                );
                L_Last_Policy_Event_Time_MS := GVL_STATUS.G_System_Time_MS;
            END_IF;
        END_IF;
    END_IF;
END_IF;

// === DEGRADED-AWARE SCENARIO ADAPTATION ===
// Soft adaptation in degraded mode: keep explicit requests intact,
// but if no source is requesting a scenario, move behavior to a safer baseline.
IF GVL_STATE.G_System_Mode = E_System_Operating_Mode.MODE_DEGRADED THEN
    IF (L_Scenario_Req_Operator = E_SCENARIO_TYPE.SCENARIO_NONE) AND
       (L_Scenario_Req_Gateway = E_SCENARIO_TYPE.SCENARIO_NONE) AND
       (L_Scenario_Req_Rule = E_SCENARIO_TYPE.SCENARIO_NONE) THEN

        IF GVL_ALARM.G_Security_Armed THEN
            IF L_Scenario_Intent <> E_SCENARIO_TYPE.SCENARIO_AWAY THEN
                L_Scenario_Intent := E_SCENARIO_TYPE.SCENARIO_AWAY;
                L_Scenario_Source := SRC_POLICY;

                IF (L_Last_Policy_Event_Time_MS = 0) OR
                   ((GVL_STATUS.G_System_Time_MS - L_Last_Policy_Event_Time_MS) >= 5000) THEN
                    fbLogEvent(
                        VI_Event_Type := 6,
                        VI_Timestamp := GVL_STATUS.G_System_Time_MS,
                        VI_Param1 := TO_UDINT(L_Scenario_Source),
                        VI_Param2 := TO_UDINT(E_SCENARIO_TYPE.SCENARIO_AWAY)
                    );
                    L_Last_Policy_Event_Time_MS := GVL_STATUS.G_System_Time_MS;
                END_IF;
            END_IF;

        ELSIF L_Scenario_Intent = E_SCENARIO_TYPE.SCENARIO_PRESENCE THEN
            IF L_Scenario_Intent <> E_SCENARIO_TYPE.SCENARIO_SLEEP THEN
                L_Scenario_Intent := E_SCENARIO_TYPE.SCENARIO_SLEEP;
                L_Scenario_Source := SRC_POLICY;

                IF (L_Last_Policy_Event_Time_MS = 0) OR
                   ((GVL_STATUS.G_System_Time_MS - L_Last_Policy_Event_Time_MS) >= 5000) THEN
                    fbLogEvent(
                        VI_Event_Type := 7,
                        VI_Timestamp := GVL_STATUS.G_System_Time_MS,
                        VI_Param1 := TO_UDINT(L_Scenario_Source),
                        VI_Param2 := TO_UDINT(E_SCENARIO_TYPE.SCENARIO_SLEEP)
                    );
                    L_Last_Policy_Event_Time_MS := GVL_STATUS.G_System_Time_MS;
                END_IF;
            END_IF;
        END_IF;
    END_IF;
END_IF;


=== SCENARIO MANAGER CALL ===

fbScenarioManager(
    VI_System_Time_MS := GVL_STATUS.G_System_Time_MS,
    VI_Activate_Request := L_Scenario_Intent,
    VI_IsActivePLC := GVL_STATUS.G_Is_Active_PLC,
    VI_System_Mode := GVL_STATE.G_System_Mode,
    VO_Current_Scenario => GVL_STATUS.G_Current_Scenario
);



// 14. Менеджер NVRAM
// Pack persistent snapshot into compact byte buffer for controlled NVRAM mirroring
L_Persist_Buffer[0] := TO_BYTE(TO_INT(L_Persist_Struct.System_Mode));
IF L_Persist_Struct.Safety_Gas_Latched THEN
    L_Persist_Buffer[1] := BYTE#1;

=== SCENARIO CHANGE LOGGING ===
    L_History_Event.priority := E_ALERT_PRIORITY.ALERT_PRIORITY_HIGH;
    L_Last_First_Fault_Source := fbSystemHealth.VO_First_Fault_Source;

ELSIF GVL_STATUS.G_Current_Scenario <> GVL_STATUS.G_Previous_Scenario THEN
    L_History_Write_Event := TRUE;
    L_History_Event.event_code := 1001; // Scenario transition
    L_History_Event.event_value := TO_REAL(GVL_STATUS.G_Current_Scenario);
    L_History_Event.unit := 4; // scenario domain
    L_History_Event.zone_id := 0;
    L_History_Event.priority := E_ALERT_PRIORITY.ALERT_PRIORITY_HIGH;

    fbLogEvent(
        VI_Event_Type := 1,
        VI_Timestamp := GVL_STATUS.G_System_Time_MS,
        VI_Param1 := TO_UDINT(L_Scenario_Source),
        VI_Param2 := TO_UDINT(GVL_STATUS.G_Current_Scenario)
    );

    GVL_STATUS.G_Previous_Scenario := GVL_STATUS.G_Current_Scenario;

ELSIF GVL_STATUS.G_Diagnostics.Alarm_Event_Pulse THEN

=== SOURCE ENUM ===
TYPE E_SCENARIO_SOURCE :
(
    SRC_NONE := 0,
    SRC_OPERATOR := 1,
    SRC_GATEWAY := 2,
    SRC_RULE := 3,
    SRC_SAFETY := 4,
    SRC_POLICY := 5
);
END_TYPE

=== SCENARIO ENUM ===
{attribute 'strict'}
TYPE E_SCENARIO_TYPE :
(
    SCENARIO_NONE := 0,
    SCENARIO_MORNING := 1,
    SCENARIO_EVENING := 2,
    SCENARIO_AWAY := 3,
    SCENARIO_PARTY := 4,
    SCENARIO_SLEEP := 5,
    SCENARIO_EMERGENCY := 6,
    SCENARIO_PRESENCE := 7
) USINT;
END_TYPE
=== END STEP 47 ===
