]633;E;echo "== PROJECT STRUCTURE ==";aead165b-2723-41a0-9368-252251fb72b7]633;C== PROJECT STRUCTURE ==

-- ROOT --
./-files _ grep 'methods_v1_interface_check.txt'
./.git
./ACCESS_SUMMARY.txt
./AGENTS.md
./CONSTANTS.dut
./E_ALERT_PRIORITY.dut
./E_Debug_Log_Level.dut
./E_Gateway_Command_Type.dut
./E_Lifetime_Device_Type.dut
./E_Outdoor_Mode.dut
./E_PLC_ROLE.dut
./E_Rule_Action_Type.dut
./E_Rule_Comparison.dut
./E_Rule_Condition_Type.dut
./E_SCENARIO_SOURCE.dut
./E_SCENARIO_TYPE.dut
./E_SENSOR_TYPE.dut
./E_System_Operating_Mode.dut
./E_System_Root_Cause.dut
./E_System_Severity.dut
./E_Trend_Parameter_Type.dut
./E_TwoFactor_Method.dut
./E_VALVE_TYPE.dut
./E_VENTILATION_LOCATION.dut
./E_VENTILATION_UNIT_TYPE.dut
./E_Valve_Test_Result.dut
./E_WEATHER_COMPENSATION_METHOD.dut
./E_Zone_Access_Level.dut
./FB_AccessCode_Manager.st
./FB_Access_Control.st
./FB_Alarm_Compatibility_Package.st
./FB_Alarm_Manager.st
./FB_Alarm_V2_Core.st
./FB_Analog_Validator.st
./FB_Astro_Timer.st
./FB_BlackBox_Recorder.st
./FB_BlackBox_V2_Core.st
./FB_Blinds_V2_Staging.st
./FB_Boiler_Cascade_Manager.st
./FB_Boiler_OpenTherm_Interface.st
./FB_CO_Detector.st
./FB_CRC32_Calculator.st
./FB_Calibration_Manager.st
./FB_Command_Deduplication.st
./FB_CoreKernel_Live_Observer.st
./FB_DHW_Manager.st
./FB_DHW_V2_Staging.st
./FB_Debug_Logger.st
./FB_Device_Predictive_Diag.st
./FB_Emergency_Valve_Open.st
./FB_Exhaust_Ventilation_Controller.st
./FB_Fault_Logger.st
./FB_FloorHeating_Controller.st
./FB_FloorHeating_Freeze_Protection.st
./FB_FloorHeating_Overheat_Protection.st
./FB_Gas_Methane_Detector.st
./FB_Gas_Smoke_Manager.st
./FB_Gas_Valve_Controller.st
./FB_Gateway_Interface.st
./FB_HMAC_SHA1.st
./FB_HMI_Interface.st
./FB_Heating_System_Manager.st
./FB_Heating_V2_Staging.st
./FB_History_Manager.st
./FB_History_V2_Core.st
./FB_IO_Module_Watchdog.st
./FB_Lifetime_Predictor.st
./FB_Lighting_Blinds_Manager.st
./FB_Lighting_V2_Staging.st
./FB_LogEvent.st
./FB_Maintenance_Access.st
./FB_Manifold_Pump_Controller.st
./FB_Manual_Valve_Control.st
./FB_NVRAM_Manager.st
./FB_Outdoor_Lighting_Controller.st
./FB_PID_Controller.st
./FB_PLC_Heartbeat.st
./FB_Pre_Departure_Heating.st
./FB_Presence_Playback.st
./FB_Presence_Simulator.st
./FB_Random_Generator.st
./FB_Redundancy_Manager.st
./FB_Rule_Compatibility_Package.st
./FB_Rule_Engine.st
./FB_SHA1.st
./FB_Safety_Manager.st
./FB_Scenario_Manager.st
./FB_Scenario_Transition_Controller.st
./FB_Security_Alarm.st
./FB_Security_System_Manager.st
./FB_Sensor_Analog_Processing.st
./FB_Sensor_Calibration.st
./FB_Sensor_Calibration_Processor.st
./FB_Sensor_Distribution.st
./FB_Simulation_Manager.st
./FB_Smoke_Detector.st
./FB_Socket_Manager.st
./FB_Socket_V2_Staging.st
./FB_State_Manager.st
./FB_State_Manager_MVP.st
./FB_State_Replication.st
./FB_State_Snapshot_Manager.st
./FB_State_Snapshot_NVRAM.st
./FB_Supply_Ventilation_Controller.st
./FB_System_Health.st
./FB_System_Timer.st
./FB_System_Timer_TOF.st
./FB_Trend_Analyzer.st
./FB_Trend_Logger.st
./FB_TwoFactor_Auth.st
./FB_Valve_Test.st
./FB_Valve_Test_Manager.st
./FB_Ventilation_System_Manager.st
./FB_Ventilation_V2_Staging.st
./FB_Watchdog.st
./FB_Water_Leakage_Manager.st
./FB_Water_Valve_Controller.st
./FB_Zone_Access_Manager.st
./GVL_ALARM.gvl
./GVL_BlackBox.gvl
./GVL_COMMAND.gvl
./GVL_CONFIG.gvl
./GVL_CONSTANTS.gvl
./GVL_DEBUG.gvl
./GVL_EVENT.gvl
./GVL_GATEWAY.gvl
./GVL_HEALTH_BRIDGE.gvl
./GVL_IO.gvl
./GVL_MODBUS.gvl
./GVL_PERSISTENT.gvl
./GVL_Retain.gvl
./GVL_STATE.gvl
./GVL_STATUS.gvl
./GVL_TIME.gvl
./IValveController.st
./MAIN.st
./PRG_Heating.st
./PRG_IO_Read.st
./PRG_IO_Write.st
./PRG_Lighting.st
./PRG_PLC_A.st
./PRG_PLC_B.st
./PRG_Safety.st
./PRG_Security.st
./PRG_System.st
./PRG_Test.st
./PRG_Ventilation.st
./ST_Alarm_Record.dut
./ST_Astro_Time.dut
./ST_BlackBox_Record.dut
./ST_BlackBox_Snapshot_V2.dut
./ST_Blinds_Command_V2.dut
./ST_Blinds_State_V2.dut
./ST_Boiler_Status.dut
./ST_Component_Maintenance.dut
./ST_DHW_Command_V2.dut
./ST_DHW_Config.dut
./ST_DHW_State_V2.dut
./ST_DHW_Status.dut
./ST_Debug_Log_Record.dut
./ST_Debug_Logger_Config.dut
./ST_Device_Health.dut
./ST_EVENT.dut
./ST_Flood_Config.dut
./ST_Flood_Global_Config.dut
./ST_FloorHeating_Circuit_Config.dut
./ST_FloorHeating_Global_Config.dut
./ST_FloorHeating_Manifold_Config.dut
./ST_Gas_Valve_Configuration.dut
./ST_Gateway_Command.dut
./ST_Heating_Command_V2.dut
./ST_Heating_Config.dut
./ST_Heating_State_V2.dut
./ST_History_Event_V2.dut
./ST_History_Record.dut
./ST_Lifetime_Status.dut
./ST_Lighting_Command_V2.dut
./ST_Lighting_State_V2.dut
./ST_Maintenance_Access_Config.dut
./ST_Manifold_Status.dut
./ST_Operator_Zone_Rights.dut
./ST_Outdoor_Zone_Config.dut
./ST_Owen_Analog_Value.dut
./ST_Rule.dut
./ST_Rule_Action.dut
./ST_Scenario_Config.dut
./ST_Scenario_Transition_Config.dut
./ST_Security_Global_Config.dut
./ST_Security_Zone_State.dut
./ST_Sensor_Calibration_Record.dut
./ST_Socket_Command_V2.dut
./ST_Socket_State_V2.dut
./ST_State_Snapshot.dut
./ST_System_Diagnostics.dut
./ST_System_State_Snapshot.dut
./ST_System_State_Summary.dut
./ST_Tariff_Config.dut
./ST_Trend_Config.dut
./ST_Trend_Data.dut
./ST_Trend_Header.dut
./ST_Trend_History_Record.dut
./ST_TwoFactor_Auth_State.dut
./ST_TwoFactor_Data.dut
./ST_User_Rule.dut
./ST_Valve_Test_Config.dut
./ST_Ventilation_Command_V2.dut
./ST_Ventilation_Config.dut
./ST_Ventilation_Global_Config.dut
./ST_Ventilation_Scenario_Mode.dut
./ST_Ventilation_State_V2.dut
./ST_Ventilation_Unit.dut
./ST_Ventilation_Unit_Config.dut
./ST_Zone_Sensors.dut
./TZ_NEW.txt
./_ refresh method interface check_ __ true
./access_check.txt
./apply_commit.sh
./diagnostics
./docs
./h
./repo_logs
./steps
./workspace
./Система умного дома.xml
./диагностика
./компилятор

-- LEVEL 2 --
./-files _ grep 'methods_v1_interface_check.txt'
./.git
./.git/AUTO_MERGE
./.git/COMMIT_EDITMSG
./.git/FETCH_HEAD
./.git/HEAD
./.git/ORIG_HEAD
./.git/config
./.git/description
./.git/hooks
./.git/index
./.git/info
./.git/lfs
./.git/logs
./.git/objects
./.git/packed-refs
./.git/refs
./ACCESS_SUMMARY.txt
./AGENTS.md
./CONSTANTS.dut
./E_ALERT_PRIORITY.dut
./E_Debug_Log_Level.dut
./E_Gateway_Command_Type.dut
./E_Lifetime_Device_Type.dut
./E_Outdoor_Mode.dut
./E_PLC_ROLE.dut
./E_Rule_Action_Type.dut
./E_Rule_Comparison.dut
./E_Rule_Condition_Type.dut
./E_SCENARIO_SOURCE.dut
./E_SCENARIO_TYPE.dut
./E_SENSOR_TYPE.dut
./E_System_Operating_Mode.dut
./E_System_Root_Cause.dut
./E_System_Severity.dut
./E_Trend_Parameter_Type.dut
./E_TwoFactor_Method.dut
./E_VALVE_TYPE.dut
./E_VENTILATION_LOCATION.dut
./E_VENTILATION_UNIT_TYPE.dut
./E_Valve_Test_Result.dut
./E_WEATHER_COMPENSATION_METHOD.dut
./E_Zone_Access_Level.dut
./FB_AccessCode_Manager.st
./FB_Access_Control.st
./FB_Alarm_Compatibility_Package.st
./FB_Alarm_Manager.st
./FB_Alarm_V2_Core.st
./FB_Analog_Validator.st
./FB_Astro_Timer.st
./FB_BlackBox_Recorder.st
./FB_BlackBox_V2_Core.st
./FB_Blinds_V2_Staging.st
./FB_Boiler_Cascade_Manager.st
./FB_Boiler_OpenTherm_Interface.st
./FB_CO_Detector.st
./FB_CRC32_Calculator.st
./FB_Calibration_Manager.st
./FB_Command_Deduplication.st
./FB_CoreKernel_Live_Observer.st
./FB_DHW_Manager.st
./FB_DHW_V2_Staging.st
./FB_Debug_Logger.st
./FB_Device_Predictive_Diag.st
./FB_Emergency_Valve_Open.st
./FB_Exhaust_Ventilation_Controller.st
./FB_Fault_Logger.st
./FB_FloorHeating_Controller.st
./FB_FloorHeating_Freeze_Protection.st
./FB_FloorHeating_Overheat_Protection.st
./FB_Gas_Methane_Detector.st
./FB_Gas_Smoke_Manager.st
./FB_Gas_Valve_Controller.st
./FB_Gateway_Interface.st
./FB_HMAC_SHA1.st
./FB_HMI_Interface.st
./FB_Heating_System_Manager.st
./FB_Heating_V2_Staging.st
./FB_History_Manager.st
./FB_History_V2_Core.st
./FB_IO_Module_Watchdog.st
./FB_Lifetime_Predictor.st
./FB_Lighting_Blinds_Manager.st
./FB_Lighting_V2_Staging.st
./FB_LogEvent.st
./FB_Maintenance_Access.st
./FB_Manifold_Pump_Controller.st
./FB_Manual_Valve_Control.st
./FB_NVRAM_Manager.st
./FB_Outdoor_Lighting_Controller.st
./FB_PID_Controller.st
./FB_PLC_Heartbeat.st
./FB_Pre_Departure_Heating.st
./FB_Presence_Playback.st
./FB_Presence_Simulator.st
./FB_Random_Generator.st
./FB_Redundancy_Manager.st
./FB_Rule_Compatibility_Package.st
./FB_Rule_Engine.st
./FB_SHA1.st
./FB_Safety_Manager.st
./FB_Scenario_Manager.st
./FB_Scenario_Transition_Controller.st
./FB_Security_Alarm.st
./FB_Security_System_Manager.st
./FB_Sensor_Analog_Processing.st
./FB_Sensor_Calibration.st
./FB_Sensor_Calibration_Processor.st
./FB_Sensor_Distribution.st
./FB_Simulation_Manager.st
./FB_Smoke_Detector.st
./FB_Socket_Manager.st
./FB_Socket_V2_Staging.st
./FB_State_Manager.st
./FB_State_Manager_MVP.st
./FB_State_Replication.st
./FB_State_Snapshot_Manager.st
./FB_State_Snapshot_NVRAM.st
./FB_Supply_Ventilation_Controller.st
./FB_System_Health.st
./FB_System_Timer.st
./FB_System_Timer_TOF.st
./FB_Trend_Analyzer.st
./FB_Trend_Logger.st
./FB_TwoFactor_Auth.st
./FB_Valve_Test.st
./FB_Valve_Test_Manager.st
./FB_Ventilation_System_Manager.st
./FB_Ventilation_V2_Staging.st
./FB_Watchdog.st
./FB_Water_Leakage_Manager.st
./FB_Water_Valve_Controller.st
./FB_Zone_Access_Manager.st
./GVL_ALARM.gvl
./GVL_BlackBox.gvl
./GVL_COMMAND.gvl
./GVL_CONFIG.gvl
./GVL_CONSTANTS.gvl
./GVL_DEBUG.gvl
./GVL_EVENT.gvl
./GVL_GATEWAY.gvl
./GVL_HEALTH_BRIDGE.gvl
./GVL_IO.gvl
./GVL_MODBUS.gvl
./GVL_PERSISTENT.gvl
./GVL_Retain.gvl
./GVL_STATE.gvl
./GVL_STATUS.gvl
./GVL_TIME.gvl
./IValveController.st
./MAIN.st
./PRG_Heating.st
./PRG_IO_Read.st
./PRG_IO_Write.st
./PRG_Lighting.st
./PRG_PLC_A.st
./PRG_PLC_B.st
./PRG_Safety.st
./PRG_Security.st
./PRG_System.st
./PRG_Test.st
./PRG_Ventilation.st
./ST_Alarm_Record.dut
./ST_Astro_Time.dut
./ST_BlackBox_Record.dut
./ST_BlackBox_Snapshot_V2.dut
./ST_Blinds_Command_V2.dut
./ST_Blinds_State_V2.dut
./ST_Boiler_Status.dut
./ST_Component_Maintenance.dut
./ST_DHW_Command_V2.dut
./ST_DHW_Config.dut
./ST_DHW_State_V2.dut
./ST_DHW_Status.dut
./ST_Debug_Log_Record.dut
./ST_Debug_Logger_Config.dut
./ST_Device_Health.dut
./ST_EVENT.dut
./ST_Flood_Config.dut
./ST_Flood_Global_Config.dut
./ST_FloorHeating_Circuit_Config.dut
./ST_FloorHeating_Global_Config.dut
./ST_FloorHeating_Manifold_Config.dut
./ST_Gas_Valve_Configuration.dut
./ST_Gateway_Command.dut
./ST_Heating_Command_V2.dut
./ST_Heating_Config.dut
./ST_Heating_State_V2.dut
./ST_History_Event_V2.dut
./ST_History_Record.dut
./ST_Lifetime_Status.dut
./ST_Lighting_Command_V2.dut
./ST_Lighting_State_V2.dut
./ST_Maintenance_Access_Config.dut
./ST_Manifold_Status.dut
./ST_Operator_Zone_Rights.dut
./ST_Outdoor_Zone_Config.dut
./ST_Owen_Analog_Value.dut
./ST_Rule.dut
./ST_Rule_Action.dut
./ST_Scenario_Config.dut
./ST_Scenario_Transition_Config.dut
./ST_Security_Global_Config.dut
./ST_Security_Zone_State.dut
./ST_Sensor_Calibration_Record.dut
./ST_Socket_Command_V2.dut
./ST_Socket_State_V2.dut
./ST_State_Snapshot.dut
./ST_System_Diagnostics.dut
./ST_System_State_Snapshot.dut
./ST_System_State_Summary.dut
./ST_Tariff_Config.dut
./ST_Trend_Config.dut
./ST_Trend_Data.dut
./ST_Trend_Header.dut
./ST_Trend_History_Record.dut
./ST_TwoFactor_Auth_State.dut
./ST_TwoFactor_Data.dut
./ST_User_Rule.dut
./ST_Valve_Test_Config.dut
./ST_Ventilation_Command_V2.dut
./ST_Ventilation_Config.dut
./ST_Ventilation_Global_Config.dut
./ST_Ventilation_Scenario_Mode.dut
./ST_Ventilation_State_V2.dut
./ST_Ventilation_Unit.dut
./ST_Ventilation_Unit_Config.dut
./ST_Zone_Sensors.dut
./TZ_NEW.txt
./_ refresh method interface check_ __ true
./access_check.txt
./apply_commit.sh
./diagnostics
./diagnostics/2026_04_16
./docs
./docs/ARCHITECTURE_NOTES.md
./docs/CHANGELOG_WORK.md
./docs/DEVELOPMENT_WORKFLOW.md
./docs/DEVELOPMENT_WORKFLOW_V2.md
./docs/EQUIPMENT_DECISIONS.md
./docs/EXECUTION_CONVENTIONS.md
./docs/EXECUTION_CONVENTIONS_2026-04-05.md
./docs/FB_INVENTORY_AUDIT.md
./docs/FB_INVENTORY_AUDIT_BATCH_02.md
./docs/FB_INVENTORY_AUDIT_BATCH_03.md
./docs/FB_INVENTORY_AUDIT_BATCH_04.md
./docs/IMPORT_PIPELINE_RULES.md
./docs/IO_MAPPING_CONCEPT.md
./docs/MASTER_GUIDE.md
./docs/POLICY_LAYER.md
./docs/PROJECT_ROADMAP.md
./docs/PROJECT_STATUS_2026-04-05.md
./docs/PROJECT_STATUS_2026-04-06_FULL.md
./docs/RECOVERY_STRATEGY.md
./docs/REFACTOR_PLAN_ARCH_ALIGNMENT.md
./docs/REPOSITORY_WRITE_RULES.md
./docs/START_NEW_CHAT_TEMPLATE.md
./docs/SYSTEM_PRIORITIES.md
./docs/TEST_COMMIT_PIPELINE.md
./docs/TZ_NEW.txt
./docs/WORKFLOW.md
./docs/WORK_NOTES.md
./docs/architecture
./docs/assistant_bridge
./docs/systems
./docs/tech_debt
./h
./repo_logs
./repo_logs/nvram
./steps
./steps/MASTER_PIPELINE
./workspace
./workspace/WORKFLOW_GITHUB_CODESYS.md
./workspace/compile_green_cleanup_inventory_2026-04-12.md
./workspace/draft_v2_inventory_2026-04-12.md
./workspace/dut_rebuild
./workspace/export_forensics
./workspace/gvl_constants_inventory_2026-04-12.md
./workspace/index
./workspace/logs
./workspace/system_layer_cleanup
./Система умного дома.xml
./диагностика
./диагностика/VISIBLE_TEST.txt
./диагностика/branch_push_probe.log
./диагностика/file_access_audit.log
./диагностика/git_access_check.log
./диагностика/gitignore_before_delete.log
./диагностика/publish_probe.log
./диагностика/repo_rights_final.log
./компилятор
./компилятор/import_codesys_FINAL.py
./компилятор/import_codesys_FINAL.py.bak
./компилятор/import_codesys_FINAL_METHODS_V2.py
./компилятор/import_codesys_FINAL_METHODS_V3.py
./компилятор/method_overlay_clean.py
./компилятор/method_overlay_clean.py.bak
./компилятор/out
./компилятор/Система умного дома.xml
./компилятор/запуск_сборки.md
./компилятор/запуск_сборки.sh

-- FIND KEY DIRS --
./компилятор
./repo_logs/nvram

-- FIND PRG_System --
./steps/MASTER_PIPELINE/005_RESULT.xml:10162:PRG_System();
./steps/MASTER_PIPELINE/005_RESULT.xml:10179:PRG_System();
./steps/MASTER_PIPELINE/005_RESULT.xml:10696:      <pou name="PRG_System" pouType="program">
./steps/MASTER_PIPELINE/005_RESULT.xml:11657:// &gt;&gt;&gt; BULK_SYNC_ANCHOR: PRG_System &lt;&lt;&lt;</xhtml>
./steps/MASTER_PIPELINE/005_RESULT.xml:12817:        <Object Name="PRG_System" ObjectId="6825a430-df04-4279-976d-ebbbc5c9fe18" />
./steps/MASTER_PIPELINE/001_universal_pou_builder.log:44:POU=PRG_System XML_NAME=PRG_System TYPE=program TREE=root_program VARS=47 OBJECT_ID=b227438b-8c64-4ca2-a457-572930e9b42e OK
./steps/MASTER_PIPELINE/PRG.xml:39:PRG_System();
./steps/MASTER_PIPELINE/001_universal_v2.log:103:POU=PRG_System XML_NAME=PRG_System TYPE=program TREE=prg VARS=51 OBJECT_ID=3fa04139-fcb1-4963-8ec1-9302bff4e5be OK
./steps/MASTER_PIPELINE/004_RESULT.xml:9498:      <pou name="PRG_System" pouType="program">
./steps/MASTER_PIPELINE/004_RESULT.xml:10412:// &gt;&gt;&gt; BULK_SYNC_ANCHOR: PRG_System &lt;&lt;&lt;</xhtml>
./steps/MASTER_PIPELINE/004_RESULT.xml:11309:PRG_System();
./steps/MASTER_PIPELINE/004_RESULT.xml:11326:PRG_System();
./steps/MASTER_PIPELINE/004_RESULT.xml:11392:PRG_System();
./steps/MASTER_PIPELINE/004_RESULT.xml:11520:          <Object Name="PRG_System" ObjectId="ad44cbb8-e514-4989-bb19-d8518f34444e" />
./steps/MASTER_PIPELINE/out/004_RESULT.xml:9498:      <pou name="PRG_System" pouType="program">
./steps/MASTER_PIPELINE/out/004_RESULT.xml:10412:// &gt;&gt;&gt; BULK_SYNC_ANCHOR: PRG_System &lt;&lt;&lt;</xhtml>
./steps/MASTER_PIPELINE/out/004_RESULT.xml:11309:PRG_System();
./steps/MASTER_PIPELINE/out/004_RESULT.xml:11326:PRG_System();
./steps/MASTER_PIPELINE/out/004_RESULT.xml:11392:PRG_System();
./steps/MASTER_PIPELINE/out/004_RESULT.xml:11520:          <Object Name="PRG_System" ObjectId="1ca28b6e-0c1e-4652-8004-cb970199fee5" />
./steps/MASTER_PIPELINE/out/003_RESULT.xml:10875:      <pou name="PRG_System" pouType="program">
./steps/MASTER_PIPELINE/out/003_RESULT.xml:11789:// &gt;&gt;&gt; BULK_SYNC_ANCHOR: PRG_System &lt;&lt;&lt;</xhtml>
./steps/MASTER_PIPELINE/out/003_RESULT.xml:12686:PRG_System();
./steps/MASTER_PIPELINE/out/003_RESULT.xml:12703:PRG_System();
./steps/MASTER_PIPELINE/out/003_RESULT.xml:12769:PRG_System();
./steps/MASTER_PIPELINE/out/003_RESULT.xml:12933:          <Object Name="PRG_System" ObjectId="f23109e1-4767-4846-94b9-f63bf26e6eb0" />
./steps/MASTER_PIPELINE/002_BASE.xml:16355:PRG_System();
./steps/MASTER_PIPELINE/002_BASE.xml:16372:PRG_System();
./steps/MASTER_PIPELINE/002_BASE.xml:16890:      <pou name="PRG_System" pouType="program">
./steps/MASTER_PIPELINE/002_BASE.xml:17823:// &gt;&gt;&gt; BULK_SYNC_ANCHOR: PRG_System &lt;&lt;&lt;</xhtml>
./steps/MASTER_PIPELINE/002_BASE.xml:18048:PRG_System();
./steps/MASTER_PIPELINE/002_BASE.xml:19398:          <Object Name="PRG_System" ObjectId="3fa04139-fcb1-4963-8ec1-9302bff4e5be" />
./steps/MASTER_PIPELINE/001_universal_methods_v1.log:103:POU=PRG_System XML_NAME=PRG_System TYPE=program TREE=prg VARS=51 METHODS=0 OBJECT_ID=3d12a210-b0e8-45e9-9343-be80fb68fb0b OK
./steps/MASTER_PIPELINE/003_RESULT.xml:10875:      <pou name="PRG_System" pouType="program">
./steps/MASTER_PIPELINE/003_RESULT.xml:11789:// &gt;&gt;&gt; BULK_SYNC_ANCHOR: PRG_System &lt;&lt;&lt;</xhtml>
./steps/MASTER_PIPELINE/003_RESULT.xml:12686:PRG_System();
./steps/MASTER_PIPELINE/003_RESULT.xml:12703:PRG_System();
./steps/MASTER_PIPELINE/003_RESULT.xml:12769:PRG_System();
./steps/MASTER_PIPELINE/003_RESULT.xml:12933:          <Object Name="PRG_System" ObjectId="ad44cbb8-e514-4989-bb19-d8518f34444e" />
./steps/MASTER_PIPELINE/001_universal.log:44:POU=PRG_System XML_NAME=PRG_System TYPE=program TREE=root_program VARS=47 OBJECT_ID=b227438b-8c64-4ca2-a457-572930e9b42e OK
./steps/MASTER_PIPELINE/005_import_prg.log:10:PRG: PRG_System
./steps/MASTER_PIPELINE/001_BASE.xml:11145:PRG_System();
./steps/MASTER_PIPELINE/001_BASE.xml:11162:PRG_System();
./steps/MASTER_PIPELINE/001_BASE.xml:11667:      <pou name="PRG_System" pouType="program">
./steps/MASTER_PIPELINE/001_BASE.xml:12581:// &gt;&gt;&gt; BULK_SYNC_ANCHOR: PRG_System &lt;&lt;&lt;</xhtml>
./steps/MASTER_PIPELINE/001_BASE.xml:12769:PRG_System();
./steps/MASTER_PIPELINE/001_BASE.xml:14025:        <Object Name="PRG_System" ObjectId="b227438b-8c64-4ca2-a457-572930e9b42e" />
./steps/MASTER_PIPELINE/005_import_prg_v2.log:13:PRG_System: localVars=47
./PRG_PLC_A.st:7:PRG_System();
./PRG_Safety.st:402:// Disabled in current compile pass: mode recovery is handled by PRG_System / StateManager.

== END ==
