== START SNAPSHOT ==
-- CREATE DIR --
-- COPY COMPILER --
-- COPY RESULT XML --
-- LIST SNAPSHOT --
snapshots/clean_build_2026_04_16
snapshots/clean_build_2026_04_16/Система умного дома.xml
snapshots/clean_build_2026_04_16/компилятор
snapshots/clean_build_2026_04_16/компилятор/import_codesys_FINAL.py.bak
snapshots/clean_build_2026_04_16/компилятор/Система умного дома.xml
snapshots/clean_build_2026_04_16/компилятор/logs
snapshots/clean_build_2026_04_16/компилятор/logs/004_import_dut_v11.log
snapshots/clean_build_2026_04_16/компилятор/logs/method_overlay_clean_python.log
snapshots/clean_build_2026_04_16/компилятор/logs/001_universal_pou_gvl.log
snapshots/clean_build_2026_04_16/компилятор/method_overlay_clean.py
snapshots/clean_build_2026_04_16/компилятор/import_codesys_FINAL_METHODS_V3.py
snapshots/clean_build_2026_04_16/компилятор/run_compile_smoke.sh
snapshots/clean_build_2026_04_16/компилятор/__pycache__
snapshots/clean_build_2026_04_16/компилятор/__pycache__/import_codesys_FINAL.cpython-312.pyc
snapshots/clean_build_2026_04_16/компилятор/import_codesys_FINAL.py
snapshots/clean_build_2026_04_16/компилятор/out
snapshots/clean_build_2026_04_16/компилятор/out/RESULT_methods_clean.xml
snapshots/clean_build_2026_04_16/компилятор/out/.gitkeep
snapshots/clean_build_2026_04_16/компилятор/запуск_сборки.md
snapshots/clean_build_2026_04_16/компилятор/import_codesys_FINAL_METHODS_V2.py
snapshots/clean_build_2026_04_16/компилятор/method_overlay_clean.py.bak
snapshots/clean_build_2026_04_16/компилятор/запуск_сборки.sh
== END ==
