=== DATE ===
Tue Apr 28 15:57:39 UTC 2026

=== BRANCH ===
main

=== BEFORE: safety helper references ===
140:    L_Freeze_Mode_Active := TRUE;
156:    L_Freeze_Mode_Active := (VI_Outdoor_Temp < -5.0);
159:            L_Freeze_Mode_Active := TRUE;
236:    L_Freeze_Mode_Active := (VI_Outdoor_Temp < -5.0);
240:            L_Freeze_Mode_Active := TRUE;

=== APPLY PATCH: add fbSafetyGate instance ===

=== APPLY PATCH: insert safety gate call after policy flags ===

=== APPLY PATCH: remove duplicate initial freeze assignment ===

=== AFTER: safety helper references ===
124:    fbSafetyGate : FB_Heating_Safety_Gate; // Extracted safety gate helper
137:fbSafetyGate(
152:// Calculated by fbSafetyGate above.
167:    L_Freeze_Mode_Active := (VI_Outdoor_Temp < -5.0);
170:            L_Freeze_Mode_Active := TRUE;
247:    L_Freeze_Mode_Active := (VI_Outdoor_Temp < -5.0);
251:            L_Freeze_Mode_Active := TRUE;

=== DIFF ===
diff --git a/FB_Heating_System_Manager.st b/FB_Heating_System_Manager.st
index 6ac5290..d57d903 100644
--- a/FB_Heating_System_Manager.st
+++ b/FB_Heating_System_Manager.st
@@ -121,6 +121,7 @@ VAR
     L_Adaptive_Effective_Delta : REAL;
     L_Adaptive_Correction : REAL;
     fbAdaptiveTarget : FB_Heating_Adaptive_Target; // Extracted adaptive target helper
+    fbSafetyGate : FB_Heating_Safety_Gate; // Extracted safety gate helper
 END_VAR
 
 
@@ -133,12 +134,22 @@ L_Policy_Safe_Stop := (VI_System_Mode = E_System_Operating_Mode.MODE_SAFE_STOP);
 L_Policy_Degraded := (VI_System_Mode = E_System_Operating_Mode.MODE_DEGRADED);
 L_Policy_Freeze_Protection := (VI_System_Mode = E_System_Operating_Mode.MODE_FREEZE_PROTECTION);
 
+fbSafetyGate(
+    VI_System_Mode := VI_System_Mode,
+    VI_Emergency_Stop := VI_Emergency_Stop,
+    VI_Gas_Safety_Stop := VI_Gas_Safety_Stop,
+    VI_IO_Failsafe_Active := FALSE,
+    VI_Outdoor_Temp := VI_Outdoor_Temp,
+    VI_Freeze_Threshold := VI_Config.Freeze_Threshold,
+    VI_Floor_Temps := VI_Floor_Temps,
+    VO_Freeze_Mode_Active => L_Freeze_Mode_Active,
+    VO_Freeze_Target_Supply => L_Freeze_Target_Supply
+);
+
 // ========================================
 // Heating freeze policy activation
 // ========================================
-IF L_Policy_Freeze_Protection THEN
-    L_Freeze_Mode_Active := TRUE;
-END_IF;
+// Calculated by fbSafetyGate above.
 
 // 0. Агрегация деградации для system mode
 GVL_STATE.G_Heating_IO_Fault := FALSE;

=== STATUS AFTER ===
 M FB_Heating_System_Manager.st
?? migration_logs/06_connect_safety_gate_partial.log
