=== DATE ===
Tue Apr 28 16:05:34 UTC 2026

=== BEFORE: manifold control refs ===

=== PATCH: add fbManifoldControl instance ===

=== PATCH: insert call before manifold loop ===

=== AFTER: manifold control refs ===
126:    fbManifoldControl : FB_Heating_Manifold_Control; // Extracted manifold control helper
414:fbManifoldControl(

=== DIFF ===
diff --git a/FB_Heating_System_Manager.st b/FB_Heating_System_Manager.st
index c2b1cec..04cbd8e 100644
--- a/FB_Heating_System_Manager.st
+++ b/FB_Heating_System_Manager.st
@@ -123,6 +123,7 @@ VAR
     fbAdaptiveTarget : FB_Heating_Adaptive_Target; // Extracted adaptive target helper
     fbSafetyGate : FB_Heating_Safety_Gate; // Extracted safety gate helper
     fbCircuitControl : FB_Heating_Circuit_Control; // Extracted circuit control helper
+    fbManifoldControl : FB_Heating_Manifold_Control; // Extracted manifold control helper
 END_VAR
 
 
@@ -409,6 +410,15 @@ FOR L_i := 1 TO GVL_CONSTANTS.C_MAX_HEATING_CIRCUITS DO
     END_IF;
 END_FOR;
 
+// --- PRE-MANIFOLD CONTROL (EXTRACTED BLOCK PREP) ---
+fbManifoldControl(
+    VI_System_Time_MS := VI_System_Time_MS,
+    VI_Manifold_Temps_Supply := VI_Manifold_Temps_Supply,
+    VI_Manifold_Temps_Return := VI_Manifold_Temps_Return,
+    VO_Manifold_Pumps => VO_Manifold_Pumps,
+    VO_Manifold_Valves => VO_Manifold_Valves
+);
+
 // 4. Управление смесительными узлами коллекторов (ТЗ 2.6, 12.2)
 FOR L_i := 1 TO GVL_CONSTANTS.C_MAX_MANIFOLDS DO
     // ПИД-регулирование трехходового клапана для поддержания стабильной температуры подачи
