=== DATE ===
Tue Apr 28 16:09:00 UTC 2026

=== BEFORE: boiler control refs ===

=== PATCH: add fbBoilerControl instance ===

=== PATCH: insert call before boiler/cascade usage ===

=== AFTER: boiler control refs ===
127:    fbBoilerControl : FB_Heating_Boiler_Control; // Extracted boiler control helper
549:fbBoilerControl(

=== DIFF ===
diff --git a/FB_Heating_System_Manager.st b/FB_Heating_System_Manager.st
index 04cbd8e..c2eac71 100644
--- a/FB_Heating_System_Manager.st
+++ b/FB_Heating_System_Manager.st
@@ -124,6 +124,7 @@ VAR
     fbSafetyGate : FB_Heating_Safety_Gate; // Extracted safety gate helper
     fbCircuitControl : FB_Heating_Circuit_Control; // Extracted circuit control helper
     fbManifoldControl : FB_Heating_Manifold_Control; // Extracted manifold control helper
+    fbBoilerControl : FB_Heating_Boiler_Control; // Extracted boiler control helper
 END_VAR
 
 
@@ -544,6 +545,14 @@ IF fbValveTestManager.VO_Test_Active THEN
     END_IF;
 END_IF;
 
+// --- PRE-BOILER CONTROL (EXTRACTED BLOCK PREP) ---
+fbBoilerControl(
+    VI_System_Time_MS := VI_System_Time_MS,
+    VI_Boiler_Modulation := VI_Boiler_Modulation,
+    VO_Boiler_OT_Enable => VO_Boiler_OT_Enable,
+    VO_Boiler_OT_Setpoint => VO_Boiler_OT_Setpoint
+);
+
 // 5. Управление каскадом котлов (ТЗ 2.8, OpenTherm-only, без legacy mirror)
 L_Demand_Power := 0.0;
 FOR L_i := 1 TO GVL_CONSTANTS.C_MAX_MANIFOLDS DO
