=== DATE ===
Tue Apr 28 16:42:24 UTC 2026

=== BEFORE: manifold call/loop ===
96:    fbValveTestManager : FB_Valve_Test_Manager; // Менеджер тестирования клапанов
119:    fbManifoldControl : FB_Heating_Manifold_Control; // Extracted manifold control helper
337:fbManifoldControl(
345:// 4. Управление смесительными узлами коллекторов (ТЗ 2.6, 12.2)
447:    // Выполняется менеджером fbValveTestManager
450:fbValveTestManager(
458:IF fbValveTestManager.VO_Test_Active THEN
459:    L_i := fbValveTestManager.VO_Current_Valve;
461:        IF fbValveTestManager.VO_Valve_Cmd[L_i] THEN

=== PATCH: extend fbManifoldControl call ===

=== PATCH: remove old manifold loop but keep valve test manager ===

=== AFTER: manifold call/loop ===
96:    fbValveTestManager : FB_Valve_Test_Manager; // Менеджер тестирования клапанов
119:    fbManifoldControl : FB_Heating_Manifold_Control; // Extracted manifold control helper
337:fbManifoldControl(
353:// 4. Управление смесительными узлами коллекторов
357:fbValveTestManager(
365:IF fbValveTestManager.VO_Test_Active THEN
366:    L_i := fbValveTestManager.VO_Current_Valve;
368:        IF fbValveTestManager.VO_Valve_Cmd[L_i] THEN

=== CHECK: old manifold internals ===
65:    L_PID_Valves : ARRAY[1..GVL_CONSTANTS.C_MAX_MANIFOLDS] OF FB_PID_Controller; // ПИД-регуляторы для поддержания температуры подачи
66:    L_PID_Timer : ARRAY[1..GVL_CONSTANTS.C_MAX_MANIFOLDS] OF FB_System_Timer; // Таймеры вызова ПИД-регуляторов
84:    L_Pump_Run_Timer : ARRAY[1..GVL_CONSTANTS.C_MAX_MANIFOLDS] OF FB_System_Timer; // Таймер непрерывной работы насоса (до 72ч)
85:    L_Pump_Pause_Timer : ARRAY[1..GVL_CONSTANTS.C_MAX_MANIFOLDS] OF FB_System_Timer; // Таймер обязательной паузы насоса (1ч)
86:    L_Pump_In_Pause : ARRAY[1..GVL_CONSTANTS.C_MAX_MANIFOLDS] OF BOOL; // Флаг: Насос находится в режиме сервисной паузы
93:    L_Pump_Diag : ARRAY[1..GVL_CONSTANTS.C_MAX_MANIFOLDS] OF FB_Device_Predictive_Diag; // Диагностика насосов
102:    L_Delta_T : REAL; // Разница температур подача/обратка

=== DIFF ===
diff --git a/FB_Heating_System_Manager.st b/FB_Heating_System_Manager.st
index 89cc3b6..22b128f 100644
--- a/FB_Heating_System_Manager.st
+++ b/FB_Heating_System_Manager.st
@@ -336,116 +336,23 @@ END_FOR;
 // --- PRE-MANIFOLD CONTROL (EXTRACTED BLOCK PREP) ---
 fbManifoldControl(
     VI_System_Time_MS := VI_System_Time_MS,
+    VI_IsActivePLC := VI_IsActivePLC,
+    VI_DHW_Heating_Demand := VI_DHW_Heating_Demand,
+    VI_Freeze_Mode_Active := L_Freeze_Mode_Active,
+    VI_Target_Supply_Temp := L_Target_Supply_Temp,
+    VI_Any_Zone_Active := L_Any_Zone_Active,
+    VI_Manifold_Pressures := VI_Manifold_Pressures,
+    VI_Manifold_Currents := VI_Manifold_Currents,
     VI_Manifold_Temps_Supply := VI_Manifold_Temps_Supply,
     VI_Manifold_Temps_Return := VI_Manifold_Temps_Return,
     VO_Manifold_Pumps => VO_Manifold_Pumps,
-    VO_Manifold_Valves => VO_Manifold_Valves
+    VO_Manifold_Valves => VO_Manifold_Valves,
+    VO_Status => VO_Status
 );
 
-// 4. Управление смесительными узлами коллекторов (ТЗ 2.6, 12.2)
-FOR L_i := 1 TO GVL_CONSTANTS.C_MAX_MANIFOLDS DO
-    // ПИД-регулирование трехходового клапана для поддержания стабильной температуры подачи
-    // Вызываем ПИД регулятор каждую секунду
-    L_PID_Timer[L_i](IN := TRUE, PT := T#1s, VI_System_Time_MS := VI_System_Time_MS);
-    IF L_PID_Timer[L_i].Q THEN
-        L_PID_Timer[L_i](IN := FALSE, PT := T#1s, VI_System_Time_MS := VI_System_Time_MS); // Сброс таймера
-        L_PID_Timer[L_i](IN := TRUE, PT := T#1s, VI_System_Time_MS := VI_System_Time_MS); // Перезапуск
-        
-        L_PID_Valves[L_i](
-            VI_SetPoint := L_Target_Supply_Temp,
-            VI_ProcessValue := VI_Manifold_Temps_Supply[L_i],
-            VI_Kp := 2.0, VI_Tn := 120.0, VI_Tv := 0.0,
-            VI_Y_Min := 0.0, VI_Y_Max := 100.0, VI_Cycle_Time_S := 1.0,
-            VO_Output => VO_Manifold_Valves[L_i]
-        );
-    END_IF;
-
-    // ТЗ 2.6: Реализация обязательной паузы насоса (защита от закисания и перегрева при 72ч работе)
-    L_Pump_Run_Timer[L_i](IN := VO_Manifold_Pumps[L_i] AND NOT L_Pump_In_Pause[L_i], PT := T#72h, VI_System_Time_MS := VI_System_Time_MS);
-    IF L_Pump_Run_Timer[L_i].Q THEN L_Pump_In_Pause[L_i] := TRUE; END_IF;
-    
-    L_Pump_Pause_Timer[L_i](IN := L_Pump_In_Pause[L_i], PT := T#1h, VI_System_Time_MS := VI_System_Time_MS);
-    IF L_Pump_Pause_Timer[L_i].Q THEN L_Pump_In_Pause[L_i] := FALSE; END_IF;
-
-    // Включение насоса при наличии запроса от зон и отсутствии сервисной паузы
-    // Приоритет ГВС: если есть запрос от ГВС, отключаем насосы отопления и закрываем клапаны
-    IF VI_DHW_Heating_Demand THEN
-        VO_Manifold_Pumps[L_i] := FALSE;
-        VO_Manifold_Valves[L_i] := 0.0; // Принудительно закрываем смесительный клапан
-    ELSE
-        VO_Manifold_Pumps[L_i] := VI_IsActivePLC AND L_Any_Zone_Active[L_i] AND NOT L_Pump_In_Pause[L_i];
-    END_IF;
-
-    // Защита от замерзания системы (ТЗ 2.4)
-        IF L_Freeze_Mode_Active THEN
-            VO_Manifold_Pumps[L_i] := TRUE;
-            IF VO_Manifold_Valves[L_i] < 35.0 THEN
-                VO_Manifold_Valves[L_i] := 35.0;
-            END_IF;
-        END_IF;
-
-        // Сбор диагностических данных для визуализации на HMI
-    VO_Status[L_i].Pump_On := VO_Manifold_Pumps[L_i];
-    VO_Status[L_i].Pump_Current := VI_Manifold_Currents[L_i];
-    VO_Status[L_i].Pressure := VI_Manifold_Pressures[L_i];
-    VO_Status[L_i].Temp_Supply := VI_Manifold_Temps_Supply[L_i];
-    VO_Status[L_i].Temp_Return := VI_Manifold_Temps_Return[L_i];
-    VO_Status[L_i].Valve_Pos := VO_Manifold_Valves[L_i];
-    
-    // Предиктивная диагностика насоса
-    L_Pump_Diag[L_i](
-        VI_Current_Value := VI_Manifold_Currents[L_i],
-        VI_Nominal_Value := 0.55, // Номинальный ток насоса по ТЗ: середина диапазона 0.3..0.8 А
-        VI_Is_Running := VO_Manifold_Pumps[L_i],
-        VI_Reset_Stats := FALSE,
-        VI_System_Time_MS := VI_System_Time_MS,
-        VIO_Health_Data := VO_Status[L_i].Health
-    );
-    
-    // Автоматический контроль рабочих параметров (ток / давление / ΔT)
-        IF VO_Manifold_Pumps[L_i] THEN
-            L_Delta_T := VI_Manifold_Temps_Supply[L_i] - VI_Manifold_Temps_Return[L_i];
-
-            // Контроль тока насоса:
-            // Приоритет ошибок:
-            // 1. Насос/ток
-            // 2. Давление
-            // 3. ΔT
-            VO_Status[L_i].Error := FALSE;
-            VO_Status[L_i].Error_ID := 0;
-
-            IF VI_Manifold_Currents[L_i] <= 0.01 THEN
-                VO_Status[L_i].Error := TRUE;
-                VO_Status[L_i].Error_ID := TO_WORD(GVL_CONFIG.ERR_PUMP_NO_CURRENT);
-            ELSIF VI_Manifold_Currents[L_i] < 0.3 THEN
-                VO_Status[L_i].Error := TRUE;
-                VO_Status[L_i].Error_ID := TO_WORD(GVL_CONFIG.ERR_PUMP_UNDERCURRENT);
-            ELSIF VI_Manifold_Currents[L_i] > 1.5 THEN
-                VO_Status[L_i].Error := TRUE;
-                VO_Status[L_i].Error_ID := TO_WORD(GVL_CONFIG.ERR_PUMP_OVERCURRENT);
-            END_IF;
-
-            // Проверка давления в системе (норма 1.5 - 2.5 бар)
-            IF (NOT VO_Status[L_i].Error) AND (VI_Manifold_Pressures[L_i] < 1.5 OR VI_Manifold_Pressures[L_i] > 2.5) THEN
-                VO_Status[L_i].Error := TRUE;
-                VO_Status[L_i].Error_ID := TO_WORD(GVL_CONFIG.ERR_PRESSURE_OUT_OF_RANGE);
-            END_IF;
-
-            // Проверка эффективности теплообмена (ΔT 5..10°C норма)
-            IF NOT VO_Status[L_i].Error THEN
-                IF L_Delta_T < 5.0 THEN
-                    VO_Status[L_i].Error := TRUE;
-                    VO_Status[L_i].Error_ID := TO_WORD(GVL_CONFIG.ERR_DELTA_T_LOW);
-                ELSIF L_Delta_T > 10.0 THEN
-                    VO_Status[L_i].Error := TRUE;
-                    VO_Status[L_i].Error_ID := TO_WORD(GVL_CONFIG.ERR_DELTA_T_HIGH);
-                END_IF;
-            END_IF;
-        END_IF;
-
-        // ТЗ 12.2: Еженедельное тестирование запорной арматуры (предотвращение закисания)
-    // Выполняется менеджером fbValveTestManager
-END_FOR;
+// 4. Управление смесительными узлами коллекторов
+// Moved to FB_Heating_Manifold_Control.
+// Valve test override remains below.
 
 fbValveTestManager(
     VI_System_Time_MS := VI_System_Time_MS,
