=== DATE ===
Tue Apr 28 17:06:11 UTC 2026

=== BEFORE: old boiler logic ===
6:// - Управление каскадом котлов (ротация, расчет ресурса).
91:    fbBoilerCascade : FB_Boiler_Cascade_Manager; // Выделенный менеджер каскада котлов
92:    fbBoilerOpenTherm : FB_Boiler_OpenTherm_Interface; // Основной транспорт OpenTherm
146:GVL_STATE.G_Heating_Subsystem_Degraded := FALSE;
228:GVL_STATE.G_Heating_Subsystem_Degraded := TRUE;
393:// 5. Управление каскадом котлов (ТЗ 2.8, OpenTherm-only, без legacy mirror)
412:fbBoilerCascade(
441:fbBoilerOpenTherm(
453:// Boiler status normalization
482:// Расчет наработки и остаточного ресурса котлов (ТЗ 2.8)
523:GVL_STATE.G_Heating_Subsystem_Degraded := L_Any_Subsystem_Degraded;

=== PATCH: remove old boiler logic ===

=== AFTER: old boiler logic ===
6:// - Управление каскадом котлов (ротация, расчет ресурса).
91:    fbBoilerCascade : FB_Boiler_Cascade_Manager; // Выделенный менеджер каскада котлов
92:    fbBoilerOpenTherm : FB_Boiler_OpenTherm_Interface; // Основной транспорт OpenTherm
146:GVL_STATE.G_Heating_Subsystem_Degraded := FALSE;
228:GVL_STATE.G_Heating_Subsystem_Degraded := TRUE;
393:// 5. Управление каскадом котлов
395:GVL_STATE.G_Heating_Subsystem_Degraded := L_Any_Subsystem_Degraded;

=== KEEP: boiler helper call ===
113:    fbBoilerControl : FB_Heating_Boiler_Control; // Extracted boiler control helper
371:fbBoilerControl(
388:    VO_Any_Subsystem_Degraded => L_Any_Subsystem_Degraded,
390:    VO_Demand_Power => L_Demand_Power
394:// Moved to FB_Heating_Boiler_Control.

=== DIFF ===
diff --git a/FB_Heating_System_Manager.st b/FB_Heating_System_Manager.st
index c7ad958..ae55202 100644
--- a/FB_Heating_System_Manager.st
+++ b/FB_Heating_System_Manager.st
@@ -390,137 +390,10 @@ fbBoilerControl(
     VO_Demand_Power => L_Demand_Power
 );
 
-// 5. Управление каскадом котлов (ТЗ 2.8, OpenTherm-only, без legacy mirror)
-L_Demand_Power := 0.0;
-FOR L_i := 1 TO GVL_CONSTANTS.C_MAX_MANIFOLDS DO
-    IF VO_Manifold_Pumps[L_i] THEN
-        L_Demand_Power := L_Demand_Power + VO_Manifold_Valves[L_i];
-    END_IF;
-END_FOR;
-
-// В режиме антизамерзания обеспечиваем минимальный запрос тепла
-IF L_Freeze_Mode_Active AND L_Demand_Power < 20.0 THEN
-    L_Demand_Power := 20.0;
-END_IF;
-
-IF L_Policy_Degraded THEN
-    IF L_Demand_Power > 60.0 THEN
-        L_Demand_Power := 60.0;
-    END_IF;
-END_IF;
-
-fbBoilerCascade(
-    VI_Enable := VI_IsActivePLC AND ((L_Demand_Power > GVL_CONSTANTS.C_BOILER_CASCADE_MIN_DEMAND) OR L_Freeze_Mode_Active),
-    VI_System_Time_MS := VI_System_Time_MS,
-    VI_Boiler_Stop := FALSE,
-    VI_DHW_Heating_Demand := VI_DHW_Heating_Demand,
-    VI_DHW_Target_Temp := VI_DHW_Target_Temp,
-    VI_Target_Supply_Temp := L_Target_Supply_Temp,
-    VI_Demand_Power := L_Demand_Power,
-    VI_Boiler_Flame_Status := VI_Boiler_Flame_Status,
-    VI_Boiler_Error_Status := VI_Boiler_Error_Status,
-    VI_Boiler_OT_Online := VI_Boiler_OT_Online,
-    VI_Boiler_Modulation := VI_Boiler_Modulation,
-    VO_Boiler_Enable => L_Boiler_Request_Enable,
-    VO_Boiler_Setpoint => L_Boiler_Request_Setpoint,
-    VO_Lead_Boiler => L_Lead_Boiler
-);
-
-
-
-// ========================================
-// OT availability enforcement (no fallback)
-// ========================================
-FOR L_i := 1 TO GVL_CONSTANTS.C_MAX_BOILERS DO
-    IF NOT VI_Boiler_OT_Online[L_i] OR VI_Boiler_Error_Status[L_i] THEN
-        L_Boiler_Request_Enable[L_i] := FALSE;
-        L_Boiler_Request_Setpoint[L_i] := 0.0;
-    END_IF;
-END_FOR;
-
-fbBoilerOpenTherm(
-    VI_Enable := L_Boiler_Request_Enable,
-    VI_Setpoint := L_Boiler_Request_Setpoint,
-    VI_OT_Online := VI_Boiler_OT_Online,
-    VI_OT_Error := VI_Boiler_Error_Status,
-    VO_OT_Enable => VO_Boiler_OT_Enable,
-    VO_OT_Setpoint => VO_Boiler_OT_Setpoint,
-    VO_OT_Command_Valid => L_Boiler_OT_Command_Valid
-);
-
-
-// ========================================
-// Boiler status normalization
-// ========================================
-FOR L_i := 1 TO GVL_CONSTANTS.C_MAX_BOILERS DO
-    // Базовый сброс диагностических флагов котла
-    VO_Boiler_Status[L_i].Active := L_Boiler_Request_Enable[L_i];
-    VO_Boiler_Status[L_i].Warning := FALSE;
-    VO_Boiler_Status[L_i].Error := FALSE;
-
-    // Приоритет причин:
-    // 1. Нет канала OpenTherm
-    // 2. Котёл вернул ошибку
-    // 3. Есть запрос, но нет пламени
-    IF NOT VI_Boiler_OT_Online[L_i] THEN
-        VO_Boiler_Status[L_i].Error := TRUE;
-        VO_Boiler_Status[L_i].Error_ID := TO_WORD(GVL_CONFIG.ERR_BOILER_OFFLINE);
-        L_Any_Subsystem_Degraded := TRUE;
-    ELSIF VI_Boiler_Error_Status[L_i] THEN
-        VO_Boiler_Status[L_i].Error := TRUE;
-        VO_Boiler_Status[L_i].Error_ID := TO_WORD(GVL_CONFIG.ERR_BOILER_GENERAL_FAULT);
-        L_Any_Subsystem_Degraded := TRUE;
-    ELSIF L_Boiler_Request_Enable[L_i] AND NOT VI_Boiler_Flame_Status[L_i] THEN
-        VO_Boiler_Status[L_i].Warning := TRUE;
-        VO_Boiler_Status[L_i].Error_ID := TO_WORD(GVL_CONFIG.ERR_BOILER_NO_FLAME);
-        L_Any_Subsystem_Degraded := TRUE;
-    ELSE
-        VO_Boiler_Status[L_i].Error_ID := 0;
-    END_IF;
-END_FOR;
-
-// Расчет наработки и остаточного ресурса котлов (ТЗ 2.8)
-IF NOT L_Scan_Time_Init THEN
-    L_Last_Scan_Time := VI_System_Time_MS;
-    L_Scan_Time_Init := TRUE;
-END_IF;
-
-L_Delta_MS := (SEL(VI_System_Time_MS >= L_Last_Scan_Time, VI_System_Time_MS - L_Last_Scan_Time, (4294967295 - L_Last_Scan_Time) + VI_System_Time_MS + 1));
-IF L_Delta_MS > 1000 THEN
-    L_Delta_MS := 1000; // Ограничение дельты для предотвращения скачков после перезагрузки
-END_IF;
-
-L_Last_Scan_Time := VI_System_Time_MS;
-
-FOR L_i := 1 TO GVL_CONSTANTS.C_MAX_BOILERS DO
-    VO_Boiler_Status[L_i].Work_Seconds := GVL_Retain.G_Boiler_Work_Seconds[L_i];
-    
-    IF VI_Boiler_Flame_Status[L_i] THEN
-        GVL_Retain.G_Boiler_Accumulated_MS[L_i] := GVL_Retain.G_Boiler_Accumulated_MS[L_i] + L_Delta_MS;
-        IF GVL_Retain.G_Boiler_Accumulated_MS[L_i] >= GVL_CONSTANTS.C_MS_IN_SECOND THEN
-            GVL_Retain.G_Boiler_Work_Seconds[L_i] := GVL_Retain.G_Boiler_Work_Seconds[L_i] + (GVL_Retain.G_Boiler_Accumulated_MS[L_i] / 1000);
-            GVL_Retain.G_Boiler_Accumulated_MS[L_i] := GVL_Retain.G_Boiler_Accumulated_MS[L_i] MOD 1000;
-            
-            // Защита от переполнения (сброс при достижении ~136 лет)
-            IF GVL_Retain.G_Boiler_Work_Seconds[L_i] > 4000000000 THEN
-                GVL_Retain.G_Boiler_Work_Seconds[L_i] := 0;
-            END_IF;
-            
-            VO_Boiler_Status[L_i].Work_Seconds := GVL_Retain.G_Boiler_Work_Seconds[L_i];
-        END_IF;
-    END_IF;
-    
-    VO_Boiler_Status[L_i].Work_Hours := TO_REAL(VO_Boiler_Status[L_i].Work_Seconds) / 3600.0;
-    
-    L_Boiler_Life[L_i](
-        VI_Runtime_Hours := TO_UDINT(VO_Boiler_Status[L_i].Work_Hours),
-        VI_Start_Count := 0, // Не считаем пуски для котлов в этой версии
-        VI_Nominal_Life := 50000 // 50,000 часов
-    );
-    VO_Boiler_Status[L_i].Resource_Percent := TO_REAL(L_Boiler_Life[L_i].VO_Remaining_Percent);
-    VO_Boiler_Status[L_i].Running := VI_Boiler_Flame_Status[L_i];
-END_FOR;
+// 5. Управление каскадом котлов
+// Moved to FB_Heating_Boiler_Control.
 GVL_STATE.G_Heating_Subsystem_Degraded := L_Any_Subsystem_Degraded;
 
+
 END_FUNCTION_BLOCK
 // >>> BULK_SYNC_ANCHOR: FB_Heating_System_Manager <<<
