=== DATE ===
Wed Apr 29 06:39:05 UTC 2026

=== PATCH HEALTH ORCHESTRATOR OUTPUTS ===

=== PATCH PRG_System HEALTH OUTPUT WIRING ===

=== VERIFY BAD REFERENCES REMOVED ===
812:IF fbSystemHealth.VO_IO_Fault AND NOT L_IO_Fault_Prev THEN
821:IF NOT fbSystemHealth.VO_IO_Fault AND L_IO_Fault_Prev THEN
830:L_IO_Fault_Prev := fbSystemHealth.VO_IO_Fault;

=== VERIFY NEW WIRING ===
PRG_System.st:58:    L_First_Fault_Active : BOOL;
PRG_System.st:61:    L_System_Severity : E_System_Severity;
PRG_System.st:62:    L_Root_Cause : E_System_Root_Cause;
PRG_System.st:63:    L_Watchdog_Fault : BOOL;
PRG_System.st:121:    VO_First_Fault_Active => L_First_Fault_Active,
PRG_System.st:124:    VO_System_Severity => L_System_Severity,
PRG_System.st:125:    VO_Root_Cause => L_Root_Cause,
PRG_System.st:126:    VO_Watchdog_Fault => L_Watchdog_Fault
PRG_System.st:214:    VI_First_Fault_Active := L_First_Fault_Active,
PRG_System.st:543:L_BB_Record.First_Fault_Active := L_First_Fault_Active;
PRG_System.st:544:L_BB_Record.System_Severity := TO_BYTE(TO_INT(L_System_Severity));
PRG_System.st:545:L_BB_Record.Root_Cause := TO_BYTE(TO_INT(L_Root_Cause));
PRG_System.st:546:L_BB_Record.Watchdog_Fault := L_Watchdog_Fault;
PRG_System.st:549:L_BB_Freeze := GVL_ALARM.G_Gas_Alarm_Active OR GVL_ALARM.G_Fire_Alarm_Active OR GVL_ALARM.G_Flood_Alarm_Active OR L_First_Fault_Active;
PRG_System.st:579:ELSIF L_Root_Cause <> L_Last_Root_Cause THEN
PRG_System.st:582:    L_History_Event.event_value := TO_REAL(TO_INT(L_Root_Cause));
PRG_System.st:586:    L_Last_Root_Cause := L_Root_Cause;

=== DIFF ===
diff --git a/FB_System_Health_Orchestrator.st b/FB_System_Health_Orchestrator.st
index 4489786..253b789 100644
--- a/FB_System_Health_Orchestrator.st
+++ b/FB_System_Health_Orchestrator.st
@@ -11,6 +11,9 @@ VAR_OUTPUT
     VO_First_Fault_Active : BOOL;
     VO_First_Fault_Type : INT;
     VO_First_Fault_Source : INT;
+    VO_System_Severity : E_System_Severity;
+    VO_Root_Cause : E_System_Root_Cause;
+    VO_Watchdog_Fault : BOOL;
 END_VAR
 
 VAR
@@ -143,6 +146,9 @@ END_CASE;
 VO_First_Fault_Active := fbSystemHealth.VO_First_Fault_Active;
 VO_First_Fault_Type := fbSystemHealth.VO_First_Fault_Type;
 VO_First_Fault_Source := fbSystemHealth.VO_First_Fault_Source;
+VO_System_Severity := fbSystemHealth.VO_System_Severity;
+VO_Root_Cause := fbSystemHealth.VO_Root_Cause;
+VO_Watchdog_Fault := fbWatchdog.VO_Watchdog_Fault;
 
 GVL_STATUS.G_System_Mode_Msg := fbStateManager.VO_Status_Msg;
 
diff --git a/PRG_System.st b/PRG_System.st
index 41dd5d7..973b018 100644
--- a/PRG_System.st
+++ b/PRG_System.st
@@ -55,6 +55,12 @@ VAR
     L_Last_System_Mode : E_System_Operating_Mode;
     L_Last_First_Fault_Type : INT;
     L_Last_First_Fault_Source : INT;
+    L_First_Fault_Active : BOOL;
+    L_First_Fault_Type : INT;
+    L_First_Fault_Source : INT;
+    L_System_Severity : E_System_Severity;
+    L_Root_Cause : E_System_Root_Cause;
+    L_Watchdog_Fault : BOOL;
     L_Last_Root_Cause : E_System_Root_Cause;
     L_History_Event : ST_History_Record;
     L_History_Write_Event : BOOL;
@@ -112,9 +118,12 @@ fbSystemRedundancy(
 
 // 3.4-3.7. Safety / health / state mode
 fbSystemHealthOrchestrator(
-    VO_First_Fault_Active => L_History_Write_Event,
-    VO_First_Fault_Type => L_Last_First_Fault_Type,
-    VO_First_Fault_Source => L_Last_First_Fault_Source
+    VO_First_Fault_Active => L_First_Fault_Active,
+    VO_First_Fault_Type => L_First_Fault_Type,
+    VO_First_Fault_Source => L_First_Fault_Source,
+    VO_System_Severity => L_System_Severity,
+    VO_Root_Cause => L_Root_Cause,
+    VO_Watchdog_Fault => L_Watchdog_Fault
 );
 
 // === STAGE G2b: SYSTEM GATE PUBLICATION ===
@@ -202,9 +211,9 @@ END_FOR;
 
 // 8.5 Менеджер тревог
 fbSystemAlarmOrchestrator(
-    VI_First_Fault_Active := L_History_Write_Event,
-    VI_First_Fault_Type := L_Last_First_Fault_Type,
-    VI_First_Fault_Source := L_Last_First_Fault_Source
+    VI_First_Fault_Active := L_First_Fault_Active,
+    VI_First_Fault_Type := L_First_Fault_Type,
+    VI_First_Fault_Source := L_First_Fault_Source
 );
 
 // Command arbitration: OPERATOR > GATEWAY
@@ -529,15 +538,15 @@ L_BB_Record.Valve_Gas_Status := SEL(GVL_COMMAND.G_Gas_Valve_Close, BYTE#0, BYTE#
 L_BB_Record.Valve_Water_Status := SEL((GVL_COMMAND.G_Close_Valve_35 OR GVL_COMMAND.G_Close_Valve_36), BYTE#0, BYTE#1);
 
 L_BB_Record.System_Mode := TO_BYTE(TO_INT(GVL_STATE.G_System_Mode));
-L_BB_Record.First_Fault_Type := TO_BYTE(TO_INT(fbSystemHealth.VO_First_Fault_Type));
-L_BB_Record.First_Fault_Source := TO_BYTE(TO_INT(fbSystemHealth.VO_First_Fault_Source));
-L_BB_Record.First_Fault_Active := fbSystemHealth.VO_First_Fault_Active;
-L_BB_Record.System_Severity := TO_BYTE(TO_INT(fbSystemHealth.VO_System_Severity));
-L_BB_Record.Root_Cause := TO_BYTE(TO_INT(fbSystemHealth.VO_Root_Cause));
-L_BB_Record.Watchdog_Fault := fbWatchdog.VO_Watchdog_Fault;
+L_BB_Record.First_Fault_Type := TO_BYTE(TO_INT(L_First_Fault_Type));
+L_BB_Record.First_Fault_Source := TO_BYTE(TO_INT(L_First_Fault_Source));
+L_BB_Record.First_Fault_Active := L_First_Fault_Active;
+L_BB_Record.System_Severity := TO_BYTE(TO_INT(L_System_Severity));
+L_BB_Record.Root_Cause := TO_BYTE(TO_INT(L_Root_Cause));
+L_BB_Record.Watchdog_Fault := L_Watchdog_Fault;
 
 
-L_BB_Freeze := GVL_ALARM.G_Gas_Alarm_Active OR GVL_ALARM.G_Fire_Alarm_Active OR GVL_ALARM.G_Flood_Alarm_Active OR fbSystemHealth.VO_First_Fault_Active;
+L_BB_Freeze := GVL_ALARM.G_Gas_Alarm_Active OR GVL_ALARM.G_Fire_Alarm_Active OR GVL_ALARM.G_Flood_Alarm_Active OR L_First_Fault_Active;
 
 fbBlackBox(
     VI_Current_Data := L_BB_Record,
@@ -567,23 +576,23 @@ IF GVL_STATE.G_System_Mode <> L_Last_System_Mode THEN
     END_IF;
     L_Last_System_Mode := GVL_STATE.G_System_Mode;
 
-ELSIF fbSystemHealth.VO_Root_Cause <> L_Last_Root_Cause THEN
+ELSIF L_Root_Cause <> L_Last_Root_Cause THEN
     L_History_Write_Event := TRUE;
     L_History_Event.event_code := 1102; // Root cause changed
-    L_History_Event.event_value := TO_REAL(TO_INT(fbSystemHealth.VO_Root_Cause));
+    L_History_Event.event_value := TO_REAL(TO_INT(L_Root_Cause));
     L_History_Event.unit := 2; // root cause enum domain
-    L_History_Event.zone_id := TO_BYTE(fbSystemHealth.VO_First_Fault_Source);
+    L_History_Event.zone_id := TO_BYTE(L_First_Fault_Source);
     L_History_Event.priority := E_ALERT_PRIORITY.ALERT_PRIORITY_HIGH;
-    L_Last_Root_Cause := fbSystemHealth.VO_Root_Cause;
+    L_Last_Root_Cause := L_Root_Cause;
 
-ELSIF fbSystemHealth.VO_First_Fault_Source <> L_Last_First_Fault_Source THEN
+ELSIF L_First_Fault_Source <> L_Last_First_Fault_Source THEN
     L_History_Write_Event := TRUE;
     L_History_Event.event_code := 1103; // First fault source changed
-    L_History_Event.event_value := TO_REAL(fbSystemHealth.VO_First_Fault_Source);
+    L_History_Event.event_value := TO_REAL(L_First_Fault_Source);
     L_History_Event.unit := 3; // root cause source domain
-    L_History_Event.zone_id := TO_BYTE(fbSystemHealth.VO_First_Fault_Source);
+    L_History_Event.zone_id := TO_BYTE(L_First_Fault_Source);
     L_History_Event.priority := E_ALERT_PRIORITY.ALERT_PRIORITY_HIGH;
-    L_Last_First_Fault_Source := fbSystemHealth.VO_First_Fault_Source;
+    L_Last_First_Fault_Source := L_First_Fault_Source;
 
 ELSIF GVL_STATUS.G_Current_Scenario <> GVL_STATUS.G_Previous_Scenario THEN
     L_History_Write_Event := TRUE;
