=== DATE ===
Wed Apr 29 07:24:51 UTC 2026

=== FIX: REMOVE OLD GATEWAY BLOCK ===
[OK] Gateway block removed

=== VERIFY GATEWAY REMOVED ===

=== LINE COUNT ===
655 PRG_System.st

=== DIFF ===
diff --git a/PRG_System.st b/PRG_System.st
index cd2f042..62110e6 100644
--- a/PRG_System.st
+++ b/PRG_System.st
@@ -267,240 +267,7 @@ fbSystemGatewayIntent(
     VIO_Scenario_Req_Gateway := L_Scenario_Req_Gateway
 );
 
-// 13. Интерфейс шлюза (Modbus TCP)
-fbGateway(
-    
-    VI_System_Time_MS := GVL_STATUS.G_System_Time_MS,
-    VI_Local_PLC_Role := SEL(GVL_STATUS.G_Is_Active_PLC, E_PLC_ROLE.ROLE_STANDBY, E_PLC_ROLE.ROLE_ACTIVE),
-    VI_Incoming_Command := GVL_GATEWAY.G_Gateway_Command,
-    VI_Command_Received := GVL_GATEWAY.G_Gateway_Command_Received,
-    VI_FloorHeating_Temps := L_FloorTemps_8,
-    VI_Room_Temps := GVL_STATE.G_Room_Temps,
-    VI_Zone_Valve_States := L_Zone_Valves_8,
-    VI_Manifold_Pressures := GVL_STATE.G_Manifold_Pressures,
-    VI_Manifold_Pump_States := GVL_STATE.G_Manifold_Pumps,
-    VI_Outdoor_Temp := GVL_STATE.G_Outdoor_Temp,
-    VI_Security_Armed := GVL_ALARM.G_Security_Armed,
-    VI_Flood_Alarm_Active := GVL_ALARM.G_Flood_Alarm_Active,
-    VI_Gas_Alarm_Active := GVL_ALARM.G_Gas_Alarm_Active,
-    VI_Fire_Alarm_Active := GVL_ALARM.G_Fire_Alarm_Active,
-    VI_Methane_Concentration := GVL_STATE.G_Methane_Sensors[1],
-    VI_Lighting_Base_Levels := L_Lighting_32,
-    VI_Socket_States := GVL_STATE.G_Socket_States,
-    VI_Blinds_Positions := GVL_STATE.G_Blinds_Positions,
-    VI_Active_Scenario := GVL_STATUS.G_Current_Scenario,
-    VI_Send_2FA_Req := GVL_COMMAND.G_Send_2FA_Req,
-    VI_2FA_Code := GVL_COMMAND.G_2FA_Code_Out,
-    VI_Allowed_IPs := GVL_CONFIG.G_Allowed_IPs,
-    VO_Telegram_Msg => GVL_GATEWAY.G_Gateway_Telegram_Msg,
-    VO_Send_Telegram => GVL_GATEWAY.G_Gateway_Send_Telegram,
-    VO_HMI_Status_Message => GVL_GATEWAY.G_Gateway_HMI_Status_Message,
-    
-    VO_Data_Ready => GVL_GATEWAY.G_Gateway_Data_Ready,
-    VO_Modbus_Registers => GVL_GATEWAY.G_Gateway_Modbus_Registers,
-    VO_Arm_Req => GVL_COMMAND.G_Arm_Req,
-    VO_Disarm_Req => GVL_COMMAND.G_Disarm_Req,
-    VO_PIN_Code => GVL_COMMAND.G_PIN_Code,
-    VO_RFID_Tag => GVL_COMMAND.G_RFID_Tag,
-    VO_2FA_Code_In => GVL_COMMAND.G_2FA_Code_In,
-    VO_Lighting_Override => GVL_COMMAND.G_Lighting_Override,
-    VO_Blinds_Override => GVL_COMMAND.G_Blinds_Override,
-    VO_Socket_Override => GVL_COMMAND.G_Socket_Override,
-    VO_Reset_Errors_Req => GVL_COMMAND.G_Reset_Errors
-);
-
-GVL_INTENT_USER.I_Source_Valid := TRUE;
-GVL_INTENT_USER.I_Last_Update_MS := GVL_STATUS.G_System_Time_MS;
-GVL_INTENT_USER.I_Arm_Request := GVL_COMMAND.G_Arm_Req;
-GVL_INTENT_USER.I_Disarm_Request := GVL_COMMAND.G_Disarm_Req;
-GVL_INTENT_USER.I_PIN_Code := GVL_COMMAND.G_PIN_Code;
-GVL_INTENT_USER.I_RFID_Tag := GVL_COMMAND.G_RFID_Tag;
-GVL_INTENT_USER.I_2FA_Code_In := GVL_COMMAND.G_2FA_Code_In;  
-GVL_INTENT_USER.I_Lighting_Override_32 := GVL_COMMAND.G_Lighting_Override;
-GVL_INTENT_USER.I_Blinds_Override_32 := GVL_COMMAND.G_Blinds_Override;
-GVL_INTENT_USER.I_Socket_Override_32 := GVL_COMMAND.G_Socket_Override;
-GVL_INTENT_USER.I_Reset_Errors := GVL_COMMAND.G_Reset_Errors;
-GVL_INTENT_USER.I_Set_Temp_Req := fbGateway.VO_Set_Temp_Req;
-GVL_INTENT_USER.I_Target_Zone := fbGateway.VO_Target_Zone;
-GVL_INTENT_USER.I_Target_Temperature := fbGateway.VO_Target_Temp;
-GVL_INTENT_USER.I_Set_Vent_Req := fbGateway.VO_Set_Vent_Req;
-GVL_INTENT_USER.I_Target_Vent_Speed := fbGateway.VO_Target_Vent_Speed;
-GVL_INTENT_USER.I_Set_Config_Req := fbGateway.VO_Set_Config_Req;
-GVL_INTENT_USER.I_Time_Sync_Req := fbGateway.VO_Sync_Time_Req;
-GVL_INTENT_USER.I_New_Time_MS := fbGateway.VO_New_Time_MS;
-
-IF L_Gateway_Writes_Allowed AND
-   fbGateway.VO_Set_Scenario_Req AND
-   ((GVL_STATE.G_System_Mode = E_System_Operating_Mode.MODE_NORMAL) OR
-    (GVL_STATE.G_System_Mode = E_System_Operating_Mode.MODE_DEGRADED)) THEN
-    L_Scenario_Req_Gateway := fbGateway.VO_Target_Scenario;
-END_IF;
-
-IF L_Gateway_Writes_Allowed AND
-   fbGateway.VO_Set_Temp_Req AND
-   (GVL_STATE.G_System_Mode = E_System_Operating_Mode.MODE_NORMAL) THEN
-    GVL_CONFIG.G_HMI_FloorHeating_Configs[fbGateway.VO_Target_Zone].design_temp := fbGateway.VO_Target_Temp;
-END_IF;
-
-IF L_Gateway_Writes_Allowed AND
-   fbGateway.VO_Set_Vent_Req AND
-   (GVL_STATE.G_System_Mode = E_System_Operating_Mode.MODE_NORMAL) THEN
-    GVL_CONFIG.G_HMI_Vent_Global_Config.default_supply_speed := fbGateway.VO_Target_Vent_Speed;
-END_IF;
-
-IF L_Gateway_Writes_Allowed AND
-   fbGateway.VO_Set_Config_Req AND
-   (GVL_STATE.G_System_Mode = E_System_Operating_Mode.MODE_NORMAL) THEN
-    GVL_CONFIG.G_HMI_Apply_Settings := TRUE;
-END_IF;
-
-IF L_Gateway_Writes_Allowed AND
-   fbGateway.VO_Sync_Time_Req AND
-   (GVL_STATE.G_System_Mode = E_System_Operating_Mode.MODE_NORMAL) THEN
-    GVL_STATUS.G_Time_Of_Day_MS := fbGateway.VO_New_Time_MS;
-END_IF;
-
-
-// === STAGE I2b: FINAL USER INTENT PUBLICATION ===
-GVL_INTENT_USER.I_Scenario_Request := L_Scenario_Req_Gateway;
-GVL_INTENT_USER.I_Gate_Open_Request := GVL_COMMAND.G_Gate_Open;
-GVL_INTENT_USER.I_Wicket_Open_Request := GVL_COMMAND.G_Wicket_Open;
-GVL_INTENT_USER.I_Lock_1_Open_Request := GVL_COMMAND.G_Lock_1_Open;
-GVL_INTENT_USER.I_Lock_1_Close_Request := GVL_COMMAND.G_Lock_1_Close;
-GVL_INTENT_USER.I_Lock_2_Open_Request := GVL_COMMAND.G_Lock_2_Open;
-GVL_INTENT_USER.I_Lock_2_Close_Request := GVL_COMMAND.G_Lock_2_Close;
-GVL_INTENT_USER.I_Dangerous_Action_Request := GVL_COMMAND.CMD_Dangerous_Action_Request;
-GVL_INTENT_USER.I_Dangerous_Action_Confirm := GVL_COMMAND.CMD_Dangerous_Action_Confirm;
-GVL_INTENT_USER.I_User_Access_Level := GVL_COMMAND.CMD_User_Access_Level;
-GVL_INTENT_USER.I_Water_Selective_Recover := GVL_COMMAND.CMD_Water_Selective_Recover;
-GVL_INTENT_USER.I_Gas_Selective_Recover := GVL_COMMAND.CMD_Gas_Selective_Recover;
-
-// === SCENARIO REQUEST VALIDATION ===
-// Normalize invalid values to NONE to avoid corrupt inputs.
-// Actual enum range in E_SCENARIO_TYPE is 0..7.
-IF TO_USINT(L_Scenario_Req_Operator) > 7 THEN
-    L_Scenario_Req_Operator := E_SCENARIO_TYPE.SCENARIO_NONE;
-END_IF;
-
-IF TO_USINT(L_Scenario_Req_Gateway) > 7 THEN
-    L_Scenario_Req_Gateway := E_SCENARIO_TYPE.SCENARIO_NONE;
-END_IF;
-
-IF TO_USINT(L_Scenario_Req_Rule) > 7 THEN
-    L_Scenario_Req_Rule := E_SCENARIO_TYPE.SCENARIO_NONE;
-END_IF;
-
-// === SCENARIO PRIORITY RESOLUTION ===
-// Produces L_Scenario_Req_Final (TRACE ONLY, not executed directly)
-IF GVL_STATE.G_System_Mode = E_System_Operating_Mode.MODE_SAFE_STOP THEN
-    L_Scenario_Req_Final := 0;
-    L_Scenario_Source := SRC_SAFETY;
-ELSIF L_Scenario_Req_Operator <> 0 THEN
-    L_Scenario_Req_Final := L_Scenario_Req_Operator;
-    L_Scenario_Source := SRC_OPERATOR;
-ELSIF L_Scenario_Req_Gateway <> 0 THEN
-    L_Scenario_Req_Final := L_Scenario_Req_Gateway;
-    L_Scenario_Source := SRC_GATEWAY;
-ELSIF L_Scenario_Req_Rule <> 0 THEN
-    L_Scenario_Req_Final := L_Scenario_Req_Rule;
-    L_Scenario_Source := SRC_RULE;
-ELSE
-    L_Scenario_Req_Final := GVL_STATUS.G_Current_Scenario;
-    L_Scenario_Source := SRC_NONE;
-END_IF;
-
-L_Scenario_Intent := L_Scenario_Req_Final;
-
-// === FAIL-SAFE SCENARIO CLAMP ===
-CASE GVL_STATE.G_System_Mode OF
-    E_System_Operating_Mode.MODE_SAFE_STOP:
-        L_Scenario_Intent := E_SCENARIO_TYPE.SCENARIO_NONE;
-
-    E_System_Operating_Mode.MODE_FREEZE_PROTECTION:
-        L_Scenario_Intent := E_SCENARIO_TYPE.SCENARIO_NONE;
-
-    E_System_Operating_Mode.MODE_DEGRADED:
-        CASE L_Scenario_Intent OF
-            E_SCENARIO_TYPE.SCENARIO_NONE,
-            E_SCENARIO_TYPE.SCENARIO_PRESENCE,
-            E_SCENARIO_TYPE.SCENARIO_AWAY,
-            E_SCENARIO_TYPE.SCENARIO_SLEEP:
-                ; // allowed in degraded
-        ELSE
-            L_Scenario_Intent := E_SCENARIO_TYPE.SCENARIO_NONE;
-        END_CASE;
-END_CASE;
-
-// === CONTEXT FAIL-SAFE AUTOMATION ===
-// If security is armed and no explicit source is requesting another scenario,
-// force safe occupancy context to AWAY while system remains in MODE_NORMAL.
-IF GVL_STATE.G_System_Mode = E_System_Operating_Mode.MODE_NORMAL THEN
-    IF GVL_ALARM.G_Security_Armed AND
-       (L_Scenario_Req_Operator = E_SCENARIO_TYPE.SCENARIO_NONE) AND
-       (L_Scenario_Req_Gateway = E_SCENARIO_TYPE.SCENARIO_NONE) AND
-       (L_Scenario_Req_Rule = E_SCENARIO_TYPE.SCENARIO_NONE) AND
-       (L_Scenario_Intent <> E_SCENARIO_TYPE.SCENARIO_AWAY) THEN
-
-        IF L_Scenario_Intent <> E_SCENARIO_TYPE.SCENARIO_AWAY THEN
-            L_Scenario_Intent := E_SCENARIO_TYPE.SCENARIO_AWAY;
-            L_Scenario_Source := SRC_POLICY;
-
-            fbLogEvent(
-                VI_Event_Type := 5,
-                VI_Timestamp := GVL_STATUS.G_System_Time_MS,
-                VI_Param1 := TO_UDINT(L_Scenario_Source),
-                VI_Param2 := TO_UDINT(E_SCENARIO_TYPE.SCENARIO_AWAY)
-            );
-        END_IF;
-    END_IF;
-END_IF;
-
-// === DEGRADED-AWARE SCENARIO ADAPTATION ===
-// Soft adaptation in degraded mode: keep explicit requests intact,
-// but if no source is requesting a scenario, move behavior to a safer baseline.
-IF GVL_STATE.G_System_Mode = E_System_Operating_Mode.MODE_DEGRADED THEN
-    IF (L_Scenario_Req_Operator = E_SCENARIO_TYPE.SCENARIO_NONE) AND
-       (L_Scenario_Req_Gateway = E_SCENARIO_TYPE.SCENARIO_NONE) AND
-       (L_Scenario_Req_Rule = E_SCENARIO_TYPE.SCENARIO_NONE) THEN
-
-        IF GVL_ALARM.G_Security_Armed THEN
-            IF L_Scenario_Intent <> E_SCENARIO_TYPE.SCENARIO_AWAY THEN
-                L_Scenario_Intent := E_SCENARIO_TYPE.SCENARIO_AWAY;
-                L_Scenario_Source := SRC_POLICY;
-
-                fbLogEvent(
-                    VI_Event_Type := 6,
-                    VI_Timestamp := GVL_STATUS.G_System_Time_MS,
-                    VI_Param1 := TO_UDINT(L_Scenario_Source),
-                    VI_Param2 := TO_UDINT(E_SCENARIO_TYPE.SCENARIO_AWAY)
-                );
-            END_IF;
-
-        ELSIF L_Scenario_Intent = E_SCENARIO_TYPE.SCENARIO_PRESENCE THEN
-            IF L_Scenario_Intent <> E_SCENARIO_TYPE.SCENARIO_SLEEP THEN
-                L_Scenario_Intent := E_SCENARIO_TYPE.SCENARIO_SLEEP;
-                L_Scenario_Source := SRC_POLICY;
-
-                fbLogEvent(
-                    VI_Event_Type := 7,
-                    VI_Timestamp := GVL_STATUS.G_System_Time_MS,
-                    VI_Param1 := TO_UDINT(L_Scenario_Source),
-                    VI_Param2 := TO_UDINT(E_SCENARIO_TYPE.SCENARIO_SLEEP)
-                );
-            END_IF;
-        END_IF;
-    END_IF;
-END_IF;
-
-fbScenarioManager(
-    VI_System_Time_MS := GVL_STATUS.G_System_Time_MS,
-    VI_Activate_Request := L_Scenario_Intent,
-    VI_IsActivePLC := GVL_STATUS.G_Is_Active_PLC,
-    VI_System_Mode := GVL_STATE.G_System_Mode,
-    VO_Current_Scenario => GVL_STATUS.G_Current_Scenario
-);
-
-
+// Gateway moved to helper
 
 // 14. Менеджер NVRAM
 // Pack persistent snapshot into compact byte buffer for controlled NVRAM mirroring
