=== DATE ===
Wed Apr 29 07:31:20 UTC 2026

=== CLEAN REMAINING EXTRACTED BLOCKS ===
[OK] removed legacy persist/nvram

=== REMOVE INVALID HISTORY HELPER IF PRESENT ===
rm 'FB_System_History_Manager.st'
[OK] removed invalid FB_System_History_Manager.st

=== VERIFY REMNANTS ===
45:    L_NVRAM_Cmd : BYTE;
46:    L_NVRAM_Offset : UDINT;
94:    L_Persist_Buffer : ARRAY[0..4] OF BYTE;
96:    L_Persist_Buffer_Changed : BOOL;
117:    VIO_Persist_Buffer := L_Persist_Buffer,
119:    VIO_Persist_Buffer_Changed := L_Persist_Buffer_Changed,
121:    VIO_NVRAM_Cmd := L_NVRAM_Cmd,
122:    VIO_NVRAM_Offset := L_NVRAM_Offset,

=== LINE COUNT ===
587 PRG_System.st

=== DIFF ===
diff --git a/PRG_System.st b/PRG_System.st
index 62110e6..6b1b7b8 100644
--- a/PRG_System.st
+++ b/PRG_System.st
@@ -269,75 +269,7 @@ fbSystemGatewayIntent(
 
 // Gateway moved to helper
 
-// 14. Менеджер NVRAM
-// Pack persistent snapshot into compact byte buffer for controlled NVRAM mirroring
-L_Persist_Buffer[0] := TO_BYTE(TO_INT(GVL_STATE.G_System_Mode));
-IF GVL_PERSISTENT.P_Safety_Gas_Latched THEN
-    L_Persist_Buffer[1] := BYTE#1;
-ELSE
-    L_Persist_Buffer[1] := BYTE#0;
-END_IF;
-IF GVL_PERSISTENT.P_Safety_Smoke_Latched THEN
-    L_Persist_Buffer[2] := BYTE#1;
-ELSE
-    L_Persist_Buffer[2] := BYTE#0;
-END_IF;
-IF GVL_PERSISTENT.P_Safety_Leak_Latched THEN
-    L_Persist_Buffer[3] := BYTE#1;
-ELSE
-    L_Persist_Buffer[3] := BYTE#0;
-END_IF;
-IF GVL_PERSISTENT.P_DHW_Heating_Active THEN
-    L_Persist_Buffer[4] := BYTE#1;
-ELSE
-    L_Persist_Buffer[4] := BYTE#0;
-END_IF;
-
-L_Persist_Buffer_Changed :=
-    (L_Persist_Buffer[0] <> L_Last_Written_Persist_Buffer[0]) OR
-    (L_Persist_Buffer[1] <> L_Last_Written_Persist_Buffer[1]) OR
-    (L_Persist_Buffer[2] <> L_Last_Written_Persist_Buffer[2]) OR
-    (L_Persist_Buffer[3] <> L_Last_Written_Persist_Buffer[3]) OR
-    (L_Persist_Buffer[4] <> L_Last_Written_Persist_Buffer[4]);
-
-L_NVRAM_Cmd := 0;
-L_NVRAM_Offset := 0;
-
-IF GVL_CONFIG.G_HMI_Apply_Settings THEN
-    // explicit config apply may request a controlled write
-    L_NVRAM_Cmd := 1;
-    GVL_CONFIG.G_HMI_Apply_Settings := FALSE;
-
-ELSIF L_Persist_Buffer_Changed THEN
-    // controlled write: no more often than once per 60 seconds
-    IF (L_Last_Persist_Write_MS = 0) OR
-       ((GVL_STATUS.G_System_Time_MS - L_Last_Persist_Write_MS) >= 60000) THEN
-        L_NVRAM_Cmd := 1;
-    END_IF;
-END_IF;
-
-fbNVRAMManager(
-    VI_Command := L_NVRAM_Cmd,
-    VI_Offset := L_NVRAM_Offset,
-    VI_DataRef := L_Persist_Buffer[0],
-    VI_DataSize := 5,
-    VI_System_Time_MS := GVL_STATUS.G_System_Time_MS,
-    VI_Operator_ID := 'SYSTEM',
-    VI_IsActivePLC := GVL_STATUS.G_Is_Active_PLC,
-    VI_TwoPersonConfirmation := FALSE,
-    VO_Done => L_NVRAM_Done,
-    VO_Error => L_NVRAM_Err,
-    VO_ErrorID => L_NVRAM_ErrID
-);
-
-IF (L_NVRAM_Cmd = 1) AND L_NVRAM_Done AND NOT L_NVRAM_Err THEN
-    L_Last_Written_Persist_Buffer[0] := L_Persist_Buffer[0];
-    L_Last_Written_Persist_Buffer[1] := L_Persist_Buffer[1];
-    L_Last_Written_Persist_Buffer[2] := L_Persist_Buffer[2];
-    L_Last_Written_Persist_Buffer[3] := L_Persist_Buffer[3];
-    L_Last_Written_Persist_Buffer[4] := L_Persist_Buffer[4];
-    L_Last_Persist_Write_MS := GVL_STATUS.G_System_Time_MS;
-END_IF;
+// Persist/NVRAM moved to helper
 
 // 15. Черный ящик
 L_BB_Record.Timestamp := GVL_STATUS.G_System_Time_MS;
