=== STEP 001 UNIVERSAL V2A START ===
INPUT_XML=Система умного дома.xml
INPUT_SIZE=409548
SOURCE_FILES=101
MAIN_SOURCE_EXISTS=True
POU=FB_AccessCode_Manager XML_NAME=FB_AccessCode_Manager TYPE=functionBlock TREE=pous VARS=11 OBJECT_ID=627be784-f12f-4f98-9746-1cce196670fb OK
POU=FB_Access_Control XML_NAME=FB_Access_Control TYPE=functionBlock TREE=pous VARS=37 OBJECT_ID=0a60c79e-878d-461a-956a-3b62cc9f0d25 OK
POU=FB_Alarm_Compatibility_Package XML_NAME=FB_Alarm_Compatibility_Package TYPE=functionBlock TREE=pous VARS=3 OBJECT_ID=3abcbf0d-90e1-484e-8626-96003c6cce57 OK
POU=FB_Alarm_Manager XML_NAME=FB_Alarm_Manager TYPE=functionBlock TREE=pous VARS=66 OBJECT_ID=8e4f9388-50ff-4c08-990e-78cba65be384 OK
POU=FB_Alarm_V2_Core XML_NAME=FB_Alarm_V2_Core TYPE=functionBlock TREE=pous VARS=7 OBJECT_ID=8e526126-b3dc-4349-bc06-e4979cb6c618 OK
POU=FB_Analog_Validator XML_NAME=FB_Analog_Validator TYPE=functionBlock TREE=pous VARS=9 OBJECT_ID=babd7c9f-48bc-40f1-9f64-6431953d833c OK
POU=FB_Astro_Timer XML_NAME=FB_Astro_Timer TYPE=functionBlock TREE=pous VARS=20 OBJECT_ID=23426d7d-ffcf-4dd3-a641-2b4dab3e4ec8 OK
POU=FB_BlackBox_Recorder XML_NAME=FB_BlackBox_Recorder TYPE=functionBlock TREE=pous VARS=6 OBJECT_ID=5104e417-2a9b-4f15-a4d0-f581324683f6 OK
POU=FB_BlackBox_V2_Core XML_NAME=FB_BlackBox_V2_Core TYPE=functionBlock TREE=pous VARS=10 OBJECT_ID=64274eac-5dea-4c3c-975a-e2e9fefb7513 OK
POU=FB_Blinds_V2_Staging XML_NAME=FB_Blinds_V2_Staging TYPE=functionBlock TREE=pous VARS=12 OBJECT_ID=a3923dbf-fbf2-4b63-9de5-2017dcb3a374 OK
POU=FB_Boiler_Cascade_Manager XML_NAME=FB_Boiler_Cascade_Manager TYPE=functionBlock TREE=pous VARS=25 OBJECT_ID=790e4340-e6b4-4e97-b155-4139a0007e64 OK
POU=FB_Boiler_OpenTherm_Interface XML_NAME=FB_Boiler_OpenTherm_Interface TYPE=functionBlock TREE=pous VARS=8 OBJECT_ID=0f58674a-2c32-4c95-9e6f-14b68c03cb20 OK
POU=FB_CO_Detector XML_NAME=FB_CO_Detector TYPE=functionBlock TREE=pous VARS=5 OBJECT_ID=13ee1e12-aa91-4457-9179-e7814e30f662 OK
POU=FB_CRC32_Calculator XML_NAME=FB_CRC32_Calculator TYPE=functionBlock TREE=pous VARS=2 OBJECT_ID=5a3bce29-74ff-4f0b-a164-2a72007c483f OK
POU=FB_Calibration_Manager XML_NAME=FB_Calibration_Manager TYPE=functionBlock TREE=pous VARS=11 OBJECT_ID=3b81fa8d-b45c-477d-82aa-b8d263a04169 OK
POU=FB_Command_Deduplication XML_NAME=FB_Command_Deduplication TYPE=functionBlock TREE=pous VARS=11 OBJECT_ID=9c03b9ba-4bef-4bf1-8e1f-fecd3dfae186 OK
POU=FB_CoreKernel_Live_Observer XML_NAME=FB_CoreKernel_Live_Observer TYPE=functionBlock TREE=pous VARS=0 OBJECT_ID=256caf9d-157a-457a-ac35-137d828a5b88 OK
POU=FB_DHW_Manager XML_NAME=FB_DHW_Manager TYPE=functionBlock TREE=pous VARS=36 OBJECT_ID=bedfb4d2-a1d3-46cb-b7f8-80b6466726a2 OK
POU=FB_DHW_V2_Staging XML_NAME=FB_DHW_V2_Staging TYPE=functionBlock TREE=pous VARS=13 OBJECT_ID=f8003a3c-6005-40db-a94d-9c40b2579619 OK
POU=FB_Debug_Logger XML_NAME=FB_Debug_Logger TYPE=functionBlock TREE=pous VARS=16 OBJECT_ID=9f30cd87-dec7-4de4-8e12-3bf713a5da8e OK
POU=FB_Device_Predictive_Diag XML_NAME=FB_Device_Predictive_Diag TYPE=functionBlock TREE=pous VARS=12 OBJECT_ID=0bf7932c-7f3d-422b-86a8-d6bd3a2fb625 OK
POU=FB_Emergency_Valve_Open XML_NAME=FB_Emergency_Valve_Open TYPE=functionBlock TREE=pous VARS=3 OBJECT_ID=1eb5096b-9d5c-4212-b8ec-bb90e325e8fd OK
POU=FB_Exhaust_Ventilation_Controller XML_NAME=FB_Exhaust_Ventilation_Controller TYPE=functionBlock TREE=pous VARS=4 OBJECT_ID=1f782cc4-3a80-4688-a29d-1ddae64b2aa0 OK
POU=FB_Fault_Logger XML_NAME=FB_Fault_Logger TYPE=functionBlock TREE=pous VARS=14 OBJECT_ID=5e1ef068-40f8-4069-bcec-7932ccbcfba6 OK
POU=FB_FloorHeating_Controller XML_NAME=FB_FloorHeating_Controller TYPE=functionBlock TREE=pous VARS=18 OBJECT_ID=79fc3025-ba53-4fe7-935e-50440d2b88fc OK
POU=FB_FloorHeating_Freeze_Protection XML_NAME=FB_FloorHeating_Freeze_Protection TYPE=functionBlock TREE=pous VARS=6 OBJECT_ID=159acba2-0d95-4998-a96a-3a2865f782a9 OK
POU=FB_FloorHeating_Overheat_Protection XML_NAME=FB_FloorHeating_Overheat_Protection TYPE=functionBlock TREE=pous VARS=5 OBJECT_ID=6001a541-d2f9-4b9a-a194-9cd670df9d19 OK
POU=FB_Gas_Methane_Detector XML_NAME=FB_Gas_Methane_Detector TYPE=functionBlock TREE=pous VARS=3 OBJECT_ID=6de8a192-090e-4c33-9e2e-a85514f79b48 OK
POU=FB_Gas_Smoke_Manager XML_NAME=FB_Gas_Smoke_Manager TYPE=functionBlock TREE=pous VARS=31 OBJECT_ID=e1cd8ac5-7289-4e83-b212-bca12527fc94 OK
POU=FB_Gas_Valve_Controller XML_NAME=FB_Gas_Valve_Controller TYPE=functionBlock TREE=pous VARS=10 OBJECT_ID=88a2c04e-e105-4ab9-83b0-a224610101d3 OK
POU=FB_Gateway_Interface XML_NAME=FB_Gateway_Interface TYPE=functionBlock TREE=pous VARS=67 OBJECT_ID=f017a2cc-8244-4289-b9e5-269c38e51cdc WARN=VAR: unparsed lines=1
POU=FB_HMAC_SHA1 XML_NAME=FB_HMAC_SHA1 TYPE=functionBlock TREE=pous VARS=14 OBJECT_ID=e868f726-cb07-49a9-9b32-3f4809ec3e13 OK
POU=FB_HMI_Interface XML_NAME=FB_HMI_Interface TYPE=functionBlock TREE=pous VARS=5 OBJECT_ID=28e1d06f-5b98-467e-9daf-c97486858625 OK
POU=FB_Heating_System_Manager XML_NAME=FB_Heating_System_Manager TYPE=functionBlock TREE=pous VARS=94 OBJECT_ID=6ce1b810-17a2-4f34-a80c-4d122ab05789 OK
POU=FB_Heating_V2_Staging XML_NAME=FB_Heating_V2_Staging TYPE=functionBlock TREE=pous VARS=13 OBJECT_ID=550102a4-d313-4fcd-8dd9-4cad1fb9e463 OK
POU=FB_History_Manager XML_NAME=FB_History_Manager TYPE=functionBlock TREE=pous VARS=5 OBJECT_ID=4a4fdc59-c55b-4e1d-8a23-98f2fa2df924 OK
POU=FB_History_V2_Core XML_NAME=FB_History_V2_Core TYPE=functionBlock TREE=pous VARS=5 OBJECT_ID=13192c5e-b0f2-43b0-83fb-30b2fab64211 OK
POU=FB_IO_Module_Watchdog XML_NAME=FB_IO_Module_Watchdog TYPE=functionBlock TREE=pous VARS=9 OBJECT_ID=5f557eee-b1dd-4aca-85a6-82cd08e5655e OK
POU=FB_Lifetime_Predictor XML_NAME=FB_Lifetime_Predictor TYPE=functionBlock TREE=pous VARS=5 OBJECT_ID=78a331ae-4c6f-4b89-822e-4c88e8a468ad OK
POU=FB_Lighting_Blinds_Manager XML_NAME=FB_Lighting_Blinds_Manager TYPE=functionBlock TREE=pous VARS=54 OBJECT_ID=12126855-3471-4666-833a-fb00e3481b06 OK
POU=FB_Lighting_V2_Staging XML_NAME=FB_Lighting_V2_Staging TYPE=functionBlock TREE=pous VARS=13 OBJECT_ID=3331c241-e993-4869-bcef-9219674e5d77 OK
POU=FB_Maintenance_Access XML_NAME=FB_Maintenance_Access TYPE=functionBlock TREE=pous VARS=7 OBJECT_ID=85b66845-64aa-4cec-8a61-7d7f9e9f10fe OK
POU=FB_Manifold_Pump_Controller XML_NAME=FB_Manifold_Pump_Controller TYPE=functionBlock TREE=pous VARS=8 OBJECT_ID=679f35f7-4b68-48e7-a0fb-132bacb27e3a OK
POU=FB_Manual_Valve_Control XML_NAME=FB_Manual_Valve_Control TYPE=functionBlock TREE=pous VARS=8 OBJECT_ID=844c079a-e893-4e4c-b2ca-f5cf160d79f6 OK
POU=FB_NVRAM_Manager XML_NAME=FB_NVRAM_Manager TYPE=functionBlock TREE=pous VARS=19 OBJECT_ID=a4118b1b-6dd0-4930-9255-569a04d20ca2 WARN=VAR: unparsed lines=1
POU=FB_Outdoor_Lighting_Controller XML_NAME=FB_Outdoor_Lighting_Controller TYPE=functionBlock TREE=pous VARS=4 OBJECT_ID=ab25dffe-6dd0-45fe-8605-1b746e29d193 OK
POU=FB_PID_Controller XML_NAME=FB_PID_Controller TYPE=functionBlock TREE=pous VARS=19 OBJECT_ID=f5b46e5f-e44b-40d8-86bc-d1a10f9167b0 OK
POU=FB_PLC_Heartbeat XML_NAME=FB_PLC_Heartbeat TYPE=functionBlock TREE=pous VARS=15 OBJECT_ID=95b901c7-42ea-4d2f-9dc8-81a968db3483 OK
POU=FB_Pre_Departure_Heating XML_NAME=FB_Pre_Departure_Heating TYPE=functionBlock TREE=pous VARS=6 OBJECT_ID=9c858407-095f-4b5f-8bb9-ce6d9e5fc73b OK
POU=FB_Presence_Playback XML_NAME=FB_Presence_Playback TYPE=functionBlock TREE=pous VARS=6 OBJECT_ID=bd2aa091-1221-405b-93bb-451b9a482e77 OK
POU=FB_Presence_Simulator XML_NAME=FB_Presence_Simulator TYPE=functionBlock TREE=pous VARS=6 OBJECT_ID=d9a62cab-0887-410a-9ca9-c749de955814 OK
POU=FB_Random_Generator XML_NAME=FB_Random_Generator TYPE=functionBlock TREE=pous VARS=11 OBJECT_ID=31a709cf-d9fd-4c25-8ff3-b6aebf19f783 WARN=VAR: unparsed lines=1
POU=FB_Redundancy_Manager XML_NAME=FB_Redundancy_Manager TYPE=functionBlock TREE=pous VARS=18 OBJECT_ID=436f6021-daf7-47a0-b072-9699896788b2 OK
POU=FB_Rule_Compatibility_Package XML_NAME=FB_Rule_Compatibility_Package TYPE=functionBlock TREE=pous VARS=5 OBJECT_ID=af189b98-7db7-4be6-bbd5-136d4f41e914 OK
POU=FB_Rule_Engine XML_NAME=FB_Rule_Engine TYPE=functionBlock TREE=pous VARS=35 OBJECT_ID=acb56f62-d87b-4132-b644-c813da9726a5 OK
POU=FB_SHA1 XML_NAME=FB_SHA1 TYPE=functionBlock TREE=pous VARS=11 OBJECT_ID=45148e58-8f67-479e-93c7-dc30dbe37232 OK
POU=FB_Safety_Manager XML_NAME=FB_Safety_Manager TYPE=functionBlock TREE=pous VARS=9 OBJECT_ID=77378e17-5d4c-40f5-9724-75971557d2b3 OK
POU=FB_Scenario_Manager XML_NAME=FB_Scenario_Manager TYPE=functionBlock TREE=pous VARS=7 OBJECT_ID=24b54156-b0a0-403e-b5f1-fbdb9adad56c OK
POU=FB_Scenario_Transition_Controller XML_NAME=FB_Scenario_Transition_Controller TYPE=functionBlock TREE=pous VARS=9 OBJECT_ID=739d5561-7af4-4fae-8964-57c77fd2ffd0 OK
POU=FB_Security_Alarm XML_NAME=FB_Security_Alarm TYPE=functionBlock TREE=pous VARS=8 OBJECT_ID=3a5b8fc8-bda9-4073-9fd7-5c2baa108ce6 OK
POU=FB_Security_System_Manager XML_NAME=FB_Security_System_Manager TYPE=functionBlock TREE=pous VARS=34 OBJECT_ID=0b03f83b-3b4a-462c-8344-625b556e0169 OK
POU=FB_Sensor_Analog_Processing XML_NAME=FB_Sensor_Analog_Processing TYPE=functionBlock TREE=pous VARS=23 OBJECT_ID=6575d0b5-dae7-4ef2-9467-21c9f3023936 OK
POU=FB_Sensor_Calibration XML_NAME=FB_Sensor_Calibration TYPE=functionBlock TREE=pous VARS=8 OBJECT_ID=4a11cf8f-16a4-4bd5-9b0a-cb29bc601bbc OK
POU=FB_Sensor_Calibration_Processor XML_NAME=FB_Sensor_Calibration_Processor TYPE=functionBlock TREE=pous VARS=3 OBJECT_ID=aa2664fc-be07-417e-8a3c-eb9f2f93d56a OK
POU=FB_Sensor_Distribution XML_NAME=FB_Sensor_Distribution TYPE=functionBlock TREE=pous VARS=7 OBJECT_ID=be3021fe-fb9d-479d-a01c-aa977ef47e5b OK
POU=FB_Simulation_Manager XML_NAME=FB_Simulation_Manager TYPE=functionBlock TREE=pous VARS=13 OBJECT_ID=5c341c59-a5b3-40c3-b20c-f1206b51ac0c OK
POU=FB_Smoke_Detector XML_NAME=FB_Smoke_Detector TYPE=functionBlock TREE=pous VARS=2 OBJECT_ID=2d3a9e11-5648-4c21-9741-22dc2d2dc017 OK
POU=FB_Socket_Manager XML_NAME=FB_Socket_Manager TYPE=functionBlock TREE=pous VARS=25 OBJECT_ID=2a411c2e-45c1-4c50-9832-0b5f40f753ed OK
POU=FB_Socket_V2_Staging XML_NAME=FB_Socket_V2_Staging TYPE=functionBlock TREE=pous VARS=12 OBJECT_ID=b234271d-a599-4a8e-91ba-a917f40fc871 OK
POU=FB_State_Manager XML_NAME=FB_State_Manager TYPE=functionBlock TREE=pous VARS=8 OBJECT_ID=3363a3df-3d15-4a22-b3d4-4ca3a79e9d14 OK
POU=FB_State_Manager_MVP XML_NAME=FB_State_Manager_MVP TYPE=functionBlock TREE=pous VARS=10 OBJECT_ID=70aae3fe-3dd8-48fd-9a8b-2876201c5aa6 OK
POU=FB_State_Replication XML_NAME=FB_State_Replication TYPE=functionBlock TREE=pous VARS=11 OBJECT_ID=0ecdd96a-7cfb-40f6-9a04-f6d528194711 OK
POU=FB_State_Snapshot_Manager XML_NAME=FB_State_Snapshot_Manager TYPE=functionBlock TREE=pous VARS=7 OBJECT_ID=68de5b86-fd07-496c-9d71-e8a67d908735 OK
POU=FB_State_Snapshot_NVRAM XML_NAME=FB_State_Snapshot_NVRAM TYPE=functionBlock TREE=pous VARS=11 OBJECT_ID=936f3c79-0d76-4c01-873c-c7b27d21c084 OK
POU=FB_Supply_Ventilation_Controller XML_NAME=FB_Supply_Ventilation_Controller TYPE=functionBlock TREE=pous VARS=7 OBJECT_ID=168489dd-35d9-41aa-bee6-836c8f32f923 OK
POU=FB_System_Health XML_NAME=FB_System_Health TYPE=functionBlock TREE=pous VARS=19 OBJECT_ID=a35d8b1d-5e65-492f-8713-ec2e2ac2d2f0 OK
POU=FB_System_Timer XML_NAME=FB_System_Timer TYPE=functionBlock TREE=pous VARS=7 OBJECT_ID=c3e5212c-3259-4cb6-a145-0f99e029df4a OK
POU=FB_System_Timer_TOF XML_NAME=FB_System_Timer_TOF TYPE=functionBlock TREE=pous VARS=8 OBJECT_ID=c622b528-6ba6-4fb2-92d1-20092e54396c OK
POU=FB_Trend_Analyzer XML_NAME=FB_Trend_Analyzer TYPE=functionBlock TREE=pous VARS=9 OBJECT_ID=b619e505-13e1-40af-a951-0777370140c0 OK
POU=FB_Trend_Logger XML_NAME=FB_Trend_Logger TYPE=functionBlock TREE=pous VARS=7 OBJECT_ID=7898d6c7-7a1f-40fa-9b28-a6236c11de59 OK
POU=FB_TwoFactor_Auth XML_NAME=FB_TwoFactor_Auth TYPE=functionBlock TREE=pous VARS=24 OBJECT_ID=9f27e9be-b8d6-4432-9699-df1c0d78ade2 OK
POU=FB_Valve_Test XML_NAME=FB_Valve_Test TYPE=functionBlock TREE=pous VARS=8 OBJECT_ID=4c9fcda8-b3df-4e77-9201-ab044ba440c9 OK
POU=FB_Valve_Test_Manager XML_NAME=FB_Valve_Test_Manager TYPE=functionBlock TREE=pous VARS=17 OBJECT_ID=65709d56-aab3-431f-9d1d-b56f1af6111f OK
POU=FB_Ventilation_System_Manager XML_NAME=FB_Ventilation_System_Manager TYPE=functionBlock TREE=pous VARS=43 OBJECT_ID=ab5e5d66-83e7-4e81-ac7e-0959abd2a440 OK
POU=FB_Ventilation_V2_Staging XML_NAME=FB_Ventilation_V2_Staging TYPE=functionBlock TREE=pous VARS=13 OBJECT_ID=c1ae637e-e525-46f3-8c8e-9ec89cdf86bc OK
POU=FB_Watchdog XML_NAME=FB_Watchdog TYPE=functionBlock TREE=pous VARS=8 OBJECT_ID=182095b4-4543-4e1d-884a-7ff3f8396d2f OK
POU=FB_Water_Leakage_Manager XML_NAME=FB_Water_Leakage_Manager TYPE=functionBlock TREE=pous VARS=13 OBJECT_ID=0c33bc07-3114-456a-83d4-1bdd1b41c60c OK
POU=FB_Water_Valve_Controller XML_NAME=FB_Water_Valve_Controller TYPE=functionBlock TREE=pous VARS=9 OBJECT_ID=0613567e-ed7a-4f88-a7a1-a7ee027c55b3 OK
POU=FB_Zone_Access_Manager XML_NAME=FB_Zone_Access_Manager TYPE=functionBlock TREE=pous VARS=5 OBJECT_ID=c4378817-78ac-414d-857c-d02676a5a2b6 OK
POU=PRG_Heating XML_NAME=PRG_Heating TYPE=program TREE=prg VARS=5 OBJECT_ID=8ba140cb-c458-4e71-b1b6-9552111ba7b7 OK
POU=PRG_IO_Read XML_NAME=PRG_IO_Read TYPE=program TREE=prg VARS=12 OBJECT_ID=fe227e46-aa04-4255-96d1-339b7cba65e9 OK
POU=PRG_IO_Write XML_NAME=PRG_IO_Write TYPE=program TREE=prg VARS=1 OBJECT_ID=2218afc0-587b-4b54-a873-130a9b76e182 OK
POU=PRG_Lighting XML_NAME=PRG_Lighting TYPE=program TREE=prg VARS=7 OBJECT_ID=661e322c-c4e6-41e2-b094-971dee621a04 OK
POU=PRG_PLC_A XML_NAME=PRG_PLC_A TYPE=program TREE=prg VARS=0 OBJECT_ID=7b4c8cd6-9416-40f2-84ca-6ab964da1ca7 OK
POU=PRG_PLC_B XML_NAME=PRG_PLC_B TYPE=program TREE=prg VARS=0 OBJECT_ID=05d53c50-b9ae-443a-9eee-ac4e46a207c5 OK
POU=PRG_Safety XML_NAME=PRG_Safety TYPE=program TREE=prg VARS=10 OBJECT_ID=4f07457f-a4c4-4cec-bfd1-5261a89a7343 OK
POU=PRG_Security XML_NAME=PRG_Security TYPE=program TREE=prg VARS=4 OBJECT_ID=6826283e-78aa-4592-8756-f07fee139b05 OK
POU=PRG_System XML_NAME=PRG_System TYPE=program TREE=prg VARS=51 OBJECT_ID=3fa04139-fcb1-4963-8ec1-9302bff4e5be OK
POU=PRG_Test XML_NAME=PRG_Test TYPE=program TREE=prg VARS=10 OBJECT_ID=1b2c493c-9cb9-441f-acf6-74bdd7c523d0 OK
POU=PRG_Ventilation XML_NAME=PRG_Ventilation TYPE=program TREE=prg VARS=5 OBJECT_ID=30eb6227-ca2a-4b83-b078-68b9a249de71 OK
POU=MAIN XML_NAME=PLC_PRG TYPE=program TREE=prg VARS=0 OBJECT_ID=c278415e-1e17-4920-a605-3b028a64609f OK
OLD_POU_WINDOW_FOUND=True
OLD_POU_WINDOW_NAMES=PRG_PLC_A|PRG_PLC_B|FB_Access_Control|FB_AccessCode_Manager|FB_Astro_Timer|FB_BlackBox_Recorder|FB_Boiler_Cascade_Controller|FB_Boiler_Cascade_Manager|FB_Calibration_Manager|FB_CO_Detector|FB_CRC32_Calculator|FB_Debug_Logger|FB_Device_Predictive_Diag|FB_DHW_Manager|FB_Emergency_Valve_Open|FB_Exhaust_Ventilation_Controller|FB_Flood_Detector|FB_FloorHeating_Controller|FB_FloorHeating_Freeze_Protection|FB_FloorHeating_Overheat_Protection|FB_Gas_Methane_Detector|FB_Gas_Smoke_Manager|FB_Gas_Valve_Controller|FB_Gateway_Interface|FB_Heating_System_Manager|FB_History_Manager|FB_Lifetime_Predictor|FB_Lighting_Blinds_Manager|FB_Maintenance_Access|FB_Manifold_Mixing_Valve_Controller|FB_Manifold_Pump_Controller|FB_Manual_Valve_Control|FB_NVRAM_Manager|FB_Outdoor_Lighting_Controller|FB_PID_Controller|FB_PLC_Heartbeat|FB_Pre_Departure_Heating|FB_Presence_Playback|FB_Presence_Simulator|FB_Random_Generator|FB_Scenario_Manager|FB_Scenario_Transition_Controller|FB_Security_Alarm|FB_Security_System|FB_Security_System_Manager|FB_Sensor_Calibration_Processor|FB_Sensor_Distribution|FB_Simulation_Manager|FB_Smoke_Detector|FB_SMS_Notification|FB_State_Manager|FB_State_Snapshot_Manager|FB_State_Snapshot_NVRAM|FB_Supply_Ventilation_Controller|FB_Trend_Analyzer|FB_TwoFactor_Auth|FB_User_Rule_Engine|FB_Valve_Test|FB_Ventilation_System_Manager|FB_Water_Leakage_Manager|FB_Water_Valve_Controller|FB_Zone_Access_Manager|PRG_Main
OLD_POUS_TREE_NAMES=FB_Lifetime_Predictor|FB_Gas_Valve_Controller|FB_TwoFactor_Auth|FB_Manual_Valve_Control|FB_Boiler_Cascade_Manager|FB_CRC32_Calculator|FB_Emergency_Valve_Open|FB_AccessCode_Manager|FB_Manifold_Pump_Controller|FB_Debug_Logger|FB_Astro_Timer|FB_BlackBox_Recorder|FB_PLC_Heartbeat|FB_User_Rule_Engine|FB_Water_Valve_Controller|FB_FloorHeating_Freeze_Protection|FB_Gateway_Interface|FB_Heating_System_Manager|FB_History_Manager|FB_Calibration_Manager|FB_CO_Detector|FB_FloorHeating_Overheat_Protection|FB_Gas_Methane_Detector|FB_Gas_Smoke_Manager|FB_Device_Predictive_Diag|FB_PID_Controller|FB_NVRAM_Manager|FB_Outdoor_Lighting_Controller|FB_Pre_Departure_Heating|FB_Exhaust_Ventilation_Controller|FB_Flood_Detector|FB_Valve_Test|FB_Zone_Access_Manager|FB_Ventilation_System_Manager|FB_Water_Leakage_Manager|FB_Random_Generator|FB_Scenario_Manager|FB_Scenario_Transition_Controller|FB_Boiler_Cascade_Controller|FB_Security_Alarm|FB_Security_System|FB_Security_System_Manager|FB_FloorHeating_Controller|FB_DHW_Manager|FB_Presence_Playback|FB_Presence_Simulator|FB_Lighting_Blinds_Manager|FB_Maintenance_Access|FB_Manifold_Mixing_Valve_Controller|FB_Sensor_Calibration_Processor|FB_Sensor_Distribution|FB_Simulation_Manager|FB_Smoke_Detector|FB_SMS_Notification|FB_State_Manager|FB_State_Snapshot_Manager|FB_State_Snapshot_NVRAM|FB_Supply_Ventilation_Controller|FB_Trend_Analyzer|FB_Access_Control
OLD_PRG_TREE_NAMES=
POU_TOTAL=101
POUS_FOLDER_COUNT=89
PRG_FOLDER_COUNT=12
TOTAL_VARS_PARSED=1385
POU_WITH_WARNINGS=3
OUTPUT_XML=/workspaces/SmartHomeNew/steps/MASTER_PIPELINE/002_BASE.xml
OUTPUT_SIZE=673326
POU_COUNT_IN_OUTPUT=101
OBJECTID_COUNT_IN_OUTPUT=174
=== STEP 001 UNIVERSAL V2A DONE ===
