=== STEP 001 UNIVERSAL METHODS V1 START ===
INPUT_XML=Система умного дома.xml
INPUT_SIZE=409548
SOURCE_FILES=101
MAIN_SOURCE_EXISTS=True
POU=FB_AccessCode_Manager XML_NAME=FB_AccessCode_Manager TYPE=functionBlock TREE=pous VARS=11 METHODS=0 OBJECT_ID=df5165bb-6db3-43e1-a103-d287611e9377 OK
POU=FB_Access_Control XML_NAME=FB_Access_Control TYPE=functionBlock TREE=pous VARS=37 METHODS=0 OBJECT_ID=53ac8d96-d0d6-4271-b40b-87533d5d387a OK
POU=FB_Alarm_Compatibility_Package XML_NAME=FB_Alarm_Compatibility_Package TYPE=functionBlock TREE=pous VARS=3 METHODS=0 OBJECT_ID=cc5ba566-4629-4525-99a3-2822fe25faf5 OK
POU=FB_Alarm_Manager XML_NAME=FB_Alarm_Manager TYPE=functionBlock TREE=pous VARS=66 METHODS=0 OBJECT_ID=39dce356-fb25-4d7b-af10-47196ba5905d OK
POU=FB_Alarm_V2_Core XML_NAME=FB_Alarm_V2_Core TYPE=functionBlock TREE=pous VARS=7 METHODS=0 OBJECT_ID=32b253d1-3a38-4334-9df9-8c8178a53edc OK
POU=FB_Analog_Validator XML_NAME=FB_Analog_Validator TYPE=functionBlock TREE=pous VARS=9 METHODS=0 OBJECT_ID=58539fc5-ee3b-41ed-adc3-34bf2246ff96 OK
POU=FB_Astro_Timer XML_NAME=FB_Astro_Timer TYPE=functionBlock TREE=pous VARS=20 METHODS=0 OBJECT_ID=41d1eb28-2cc7-4fbf-83be-ab0fa387beab OK
POU=FB_BlackBox_Recorder XML_NAME=FB_BlackBox_Recorder TYPE=functionBlock TREE=pous VARS=6 METHODS=0 OBJECT_ID=aee1d60b-0502-4ce3-9ace-075285f4dcdf OK
POU=FB_BlackBox_V2_Core XML_NAME=FB_BlackBox_V2_Core TYPE=functionBlock TREE=pous VARS=10 METHODS=0 OBJECT_ID=eadfaf0b-f4ba-4b61-b50f-9e7dae6014ff OK
POU=FB_Blinds_V2_Staging XML_NAME=FB_Blinds_V2_Staging TYPE=functionBlock TREE=pous VARS=12 METHODS=0 OBJECT_ID=8a5cb6a6-b684-4a98-ae52-2127eda6e590 OK
POU=FB_Boiler_Cascade_Manager XML_NAME=FB_Boiler_Cascade_Manager TYPE=functionBlock TREE=pous VARS=25 METHODS=0 OBJECT_ID=fcd50e00-bd7b-41a5-bacf-6ce4f4960eca OK
POU=FB_Boiler_OpenTherm_Interface XML_NAME=FB_Boiler_OpenTherm_Interface TYPE=functionBlock TREE=pous VARS=8 METHODS=0 OBJECT_ID=7def6da5-5157-4989-9b99-87b782daa79d OK
POU=FB_CO_Detector XML_NAME=FB_CO_Detector TYPE=functionBlock TREE=pous VARS=5 METHODS=0 OBJECT_ID=2cefcca1-8598-4fa9-9f1d-519e457baa93 OK
POU=FB_CRC32_Calculator XML_NAME=FB_CRC32_Calculator TYPE=functionBlock TREE=pous VARS=2 METHODS=1 OBJECT_ID=d342baa1-350a-413d-a58b-52884135fdc2 OK
POU=FB_Calibration_Manager XML_NAME=FB_Calibration_Manager TYPE=functionBlock TREE=pous VARS=11 METHODS=0 OBJECT_ID=8c083cd1-891d-47d2-a428-f3d3aea5ef1c OK
POU=FB_Command_Deduplication XML_NAME=FB_Command_Deduplication TYPE=functionBlock TREE=pous VARS=11 METHODS=0 OBJECT_ID=ba77fda0-bc90-4a86-b352-3b97553528c6 OK
POU=FB_CoreKernel_Live_Observer XML_NAME=FB_CoreKernel_Live_Observer TYPE=functionBlock TREE=pous VARS=0 METHODS=0 OBJECT_ID=261e8e3e-490a-4741-b3d1-eec3da39a18f OK
POU=FB_DHW_Manager XML_NAME=FB_DHW_Manager TYPE=functionBlock TREE=pous VARS=36 METHODS=0 OBJECT_ID=dbee16a7-f45e-4240-b0a1-fc0be8234123 OK
POU=FB_DHW_V2_Staging XML_NAME=FB_DHW_V2_Staging TYPE=functionBlock TREE=pous VARS=13 METHODS=0 OBJECT_ID=5fc85490-9ed1-4835-9c2a-294899917eab OK
POU=FB_Debug_Logger XML_NAME=FB_Debug_Logger TYPE=functionBlock TREE=pous VARS=16 METHODS=0 OBJECT_ID=c5e9e684-dfd1-4b39-8a29-9e1298069206 OK
POU=FB_Device_Predictive_Diag XML_NAME=FB_Device_Predictive_Diag TYPE=functionBlock TREE=pous VARS=12 METHODS=0 OBJECT_ID=bfbab84e-790e-4fd0-912c-854b09f12b14 OK
POU=FB_Emergency_Valve_Open XML_NAME=FB_Emergency_Valve_Open TYPE=functionBlock TREE=pous VARS=3 METHODS=0 OBJECT_ID=0d0055fc-b983-4397-ac42-a335bee8f477 OK
POU=FB_Exhaust_Ventilation_Controller XML_NAME=FB_Exhaust_Ventilation_Controller TYPE=functionBlock TREE=pous VARS=4 METHODS=0 OBJECT_ID=f8bfb96c-187a-4b43-afd5-d170b0316c88 OK
POU=FB_Fault_Logger XML_NAME=FB_Fault_Logger TYPE=functionBlock TREE=pous VARS=14 METHODS=0 OBJECT_ID=cfb7370b-b919-4ba6-88a0-fafd1fdb3b70 OK
POU=FB_FloorHeating_Controller XML_NAME=FB_FloorHeating_Controller TYPE=functionBlock TREE=pous VARS=18 METHODS=0 OBJECT_ID=23ecc6e1-9bc3-4af4-a369-9a9eb2732fb7 OK
POU=FB_FloorHeating_Freeze_Protection XML_NAME=FB_FloorHeating_Freeze_Protection TYPE=functionBlock TREE=pous VARS=6 METHODS=0 OBJECT_ID=42c4918b-2e3c-45e0-a64c-e6ae676d9016 OK
POU=FB_FloorHeating_Overheat_Protection XML_NAME=FB_FloorHeating_Overheat_Protection TYPE=functionBlock TREE=pous VARS=5 METHODS=0 OBJECT_ID=bf3dd1fe-7b45-4d12-b14e-781a25d87f10 OK
POU=FB_Gas_Methane_Detector XML_NAME=FB_Gas_Methane_Detector TYPE=functionBlock TREE=pous VARS=3 METHODS=0 OBJECT_ID=1e4b183b-6944-4016-8477-047d3c5f09da OK
POU=FB_Gas_Smoke_Manager XML_NAME=FB_Gas_Smoke_Manager TYPE=functionBlock TREE=pous VARS=31 METHODS=0 OBJECT_ID=2833bbec-8403-444a-984e-e6bd53e2e995 OK
POU=FB_Gas_Valve_Controller XML_NAME=FB_Gas_Valve_Controller TYPE=functionBlock TREE=pous VARS=6 METHODS=3 OBJECT_ID=b347309b-7698-40fd-b2bb-d26865a22726 OK
POU=FB_Gateway_Interface XML_NAME=FB_Gateway_Interface TYPE=functionBlock TREE=pous VARS=67 METHODS=0 OBJECT_ID=0f1c9340-ce4e-4a39-b1ae-b40b6a0bb4f7 WARN=VAR: unparsed lines=1
POU=FB_HMAC_SHA1 XML_NAME=FB_HMAC_SHA1 TYPE=functionBlock TREE=pous VARS=14 METHODS=0 OBJECT_ID=d38b294a-feb3-4990-88e8-6d99e83ddbf5 OK
POU=FB_HMI_Interface XML_NAME=FB_HMI_Interface TYPE=functionBlock TREE=pous VARS=5 METHODS=0 OBJECT_ID=0c1f54c7-075a-47c4-945d-006ae78f50aa OK
POU=FB_Heating_System_Manager XML_NAME=FB_Heating_System_Manager TYPE=functionBlock TREE=pous VARS=94 METHODS=0 OBJECT_ID=e2d019fb-1f0a-423c-9a6c-4ebea2355435 OK
POU=FB_Heating_V2_Staging XML_NAME=FB_Heating_V2_Staging TYPE=functionBlock TREE=pous VARS=13 METHODS=0 OBJECT_ID=751345ee-9cc0-402b-adc8-b9642ad29764 OK
POU=FB_History_Manager XML_NAME=FB_History_Manager TYPE=functionBlock TREE=pous VARS=5 METHODS=0 OBJECT_ID=a12aaa8c-54c0-4b92-8984-54c979a82a65 OK
POU=FB_History_V2_Core XML_NAME=FB_History_V2_Core TYPE=functionBlock TREE=pous VARS=5 METHODS=0 OBJECT_ID=bf12fe17-bff7-463e-8593-eecb1498f6b8 OK
POU=FB_IO_Module_Watchdog XML_NAME=FB_IO_Module_Watchdog TYPE=functionBlock TREE=pous VARS=9 METHODS=0 OBJECT_ID=42ce652f-6634-4707-9fab-53eb15446c6f OK
POU=FB_Lifetime_Predictor XML_NAME=FB_Lifetime_Predictor TYPE=functionBlock TREE=pous VARS=5 METHODS=0 OBJECT_ID=488f32fb-3113-4400-8ff4-cf123fbbc2a5 OK
POU=FB_Lighting_Blinds_Manager XML_NAME=FB_Lighting_Blinds_Manager TYPE=functionBlock TREE=pous VARS=54 METHODS=0 OBJECT_ID=8e3516ff-c2e8-4a00-9162-6fb2914e3aa6 OK
POU=FB_Lighting_V2_Staging XML_NAME=FB_Lighting_V2_Staging TYPE=functionBlock TREE=pous VARS=13 METHODS=0 OBJECT_ID=81639f81-73f3-41c5-b92c-58c102c4f6cd OK
POU=FB_Maintenance_Access XML_NAME=FB_Maintenance_Access TYPE=functionBlock TREE=pous VARS=7 METHODS=0 OBJECT_ID=642b95ec-6f97-4891-b008-ce4a8a70b878 OK
POU=FB_Manifold_Pump_Controller XML_NAME=FB_Manifold_Pump_Controller TYPE=functionBlock TREE=pous VARS=8 METHODS=0 OBJECT_ID=51dea0cd-baa4-48ef-b0b4-5c16b7d6dbf1 OK
POU=FB_Manual_Valve_Control XML_NAME=FB_Manual_Valve_Control TYPE=functionBlock TREE=pous VARS=8 METHODS=0 OBJECT_ID=fb7e729e-c3e9-45e6-bbe0-3d8fdf70286b OK
POU=FB_NVRAM_Manager XML_NAME=FB_NVRAM_Manager TYPE=functionBlock TREE=pous VARS=19 METHODS=0 OBJECT_ID=9644fc16-1320-4172-9f01-69b4627cb924 OK
POU=FB_Outdoor_Lighting_Controller XML_NAME=FB_Outdoor_Lighting_Controller TYPE=functionBlock TREE=pous VARS=4 METHODS=0 OBJECT_ID=fd06ba07-c999-44aa-837d-06a15a7421da OK
POU=FB_PID_Controller XML_NAME=FB_PID_Controller TYPE=functionBlock TREE=pous VARS=19 METHODS=0 OBJECT_ID=04d0e3b5-04c5-4f8e-b46b-d88c2a7426d9 OK
POU=FB_PLC_Heartbeat XML_NAME=FB_PLC_Heartbeat TYPE=functionBlock TREE=pous VARS=15 METHODS=0 OBJECT_ID=3ae66ee2-dfb5-4ef7-8bad-480b2fad2302 OK
POU=FB_Pre_Departure_Heating XML_NAME=FB_Pre_Departure_Heating TYPE=functionBlock TREE=pous VARS=6 METHODS=0 OBJECT_ID=b867ca53-83f1-478b-95a0-a71140816c5d OK
POU=FB_Presence_Playback XML_NAME=FB_Presence_Playback TYPE=functionBlock TREE=pous VARS=6 METHODS=0 OBJECT_ID=2c86aee3-3604-4891-8dba-d1523eb00d4a OK
POU=FB_Presence_Simulator XML_NAME=FB_Presence_Simulator TYPE=functionBlock TREE=pous VARS=6 METHODS=0 OBJECT_ID=f0e8b173-76a4-4bdf-8792-0a3f2a2736e8 OK
POU=FB_Random_Generator XML_NAME=FB_Random_Generator TYPE=functionBlock TREE=pous VARS=5 METHODS=2 OBJECT_ID=e0b05709-cc52-4fbd-96ae-e72b35193d9e OK
POU=FB_Redundancy_Manager XML_NAME=FB_Redundancy_Manager TYPE=functionBlock TREE=pous VARS=18 METHODS=0 OBJECT_ID=c6e77a61-af3a-4a4c-ba0f-d641385cebe3 OK
POU=FB_Rule_Compatibility_Package XML_NAME=FB_Rule_Compatibility_Package TYPE=functionBlock TREE=pous VARS=5 METHODS=0 OBJECT_ID=04097c3b-525b-409a-bece-639a545a96f0 OK
POU=FB_Rule_Engine XML_NAME=FB_Rule_Engine TYPE=functionBlock TREE=pous VARS=35 METHODS=0 OBJECT_ID=e0d2023a-6fa0-4b06-9f71-34284513f22e OK
POU=FB_SHA1 XML_NAME=FB_SHA1 TYPE=functionBlock TREE=pous VARS=11 METHODS=0 OBJECT_ID=8ccf8a1d-0368-4542-a831-39669faf595b OK
POU=FB_Safety_Manager XML_NAME=FB_Safety_Manager TYPE=functionBlock TREE=pous VARS=9 METHODS=0 OBJECT_ID=52c0474f-871c-48b3-8962-8b08c6ac6bbe OK
POU=FB_Scenario_Manager XML_NAME=FB_Scenario_Manager TYPE=functionBlock TREE=pous VARS=7 METHODS=0 OBJECT_ID=f8341832-2e1c-4cad-96bb-91f150e93a7e OK
POU=FB_Scenario_Transition_Controller XML_NAME=FB_Scenario_Transition_Controller TYPE=functionBlock TREE=pous VARS=9 METHODS=0 OBJECT_ID=e8c0489e-180c-4c6a-a137-4d7aa249d778 OK
POU=FB_Security_Alarm XML_NAME=FB_Security_Alarm TYPE=functionBlock TREE=pous VARS=8 METHODS=0 OBJECT_ID=703e53db-096a-4e6b-8aae-553afbbd43e0 OK
POU=FB_Security_System_Manager XML_NAME=FB_Security_System_Manager TYPE=functionBlock TREE=pous VARS=34 METHODS=0 OBJECT_ID=23f65f96-0bff-46d8-8cd5-7a56a47a6c3c OK
POU=FB_Sensor_Analog_Processing XML_NAME=FB_Sensor_Analog_Processing TYPE=functionBlock TREE=pous VARS=23 METHODS=0 OBJECT_ID=82329296-c4c5-4a11-97da-83a04e98c0c7 OK
POU=FB_Sensor_Calibration XML_NAME=FB_Sensor_Calibration TYPE=functionBlock TREE=pous VARS=8 METHODS=0 OBJECT_ID=ea60cd74-3904-43d4-a3db-04b2deb54cbd OK
POU=FB_Sensor_Calibration_Processor XML_NAME=FB_Sensor_Calibration_Processor TYPE=functionBlock TREE=pous VARS=3 METHODS=0 OBJECT_ID=941439a4-b487-4741-8dce-2730f6a10d94 OK
POU=FB_Sensor_Distribution XML_NAME=FB_Sensor_Distribution TYPE=functionBlock TREE=pous VARS=7 METHODS=0 OBJECT_ID=242aabf2-8103-4516-a5fd-d14e9e4287f0 OK
POU=FB_Simulation_Manager XML_NAME=FB_Simulation_Manager TYPE=functionBlock TREE=pous VARS=13 METHODS=0 OBJECT_ID=0a88decd-d692-41c0-bb4f-92cea7abe839 OK
POU=FB_Smoke_Detector XML_NAME=FB_Smoke_Detector TYPE=functionBlock TREE=pous VARS=2 METHODS=0 OBJECT_ID=c6418b5d-5f5d-4627-a9b5-e7b015ae9d96 OK
POU=FB_Socket_Manager XML_NAME=FB_Socket_Manager TYPE=functionBlock TREE=pous VARS=25 METHODS=0 OBJECT_ID=e8eec8f3-3d7d-43d8-8b7c-0aee902529cc OK
POU=FB_Socket_V2_Staging XML_NAME=FB_Socket_V2_Staging TYPE=functionBlock TREE=pous VARS=12 METHODS=0 OBJECT_ID=dc57bbd1-c7ab-461d-911e-ed16c6aeaa66 OK
POU=FB_State_Manager XML_NAME=FB_State_Manager TYPE=functionBlock TREE=pous VARS=8 METHODS=0 OBJECT_ID=16430b51-5005-475b-808b-8f0f67f297ba OK
POU=FB_State_Manager_MVP XML_NAME=FB_State_Manager_MVP TYPE=functionBlock TREE=pous VARS=10 METHODS=0 OBJECT_ID=a6d0383f-097c-47de-93a2-f7d692a741d4 OK
POU=FB_State_Replication XML_NAME=FB_State_Replication TYPE=functionBlock TREE=pous VARS=11 METHODS=0 OBJECT_ID=503cc6b1-6d28-4aa0-a98e-b16712aa2f7b OK
POU=FB_State_Snapshot_Manager XML_NAME=FB_State_Snapshot_Manager TYPE=functionBlock TREE=pous VARS=7 METHODS=0 OBJECT_ID=b7fc1745-0123-49eb-b070-ecc258e93111 OK
POU=FB_State_Snapshot_NVRAM XML_NAME=FB_State_Snapshot_NVRAM TYPE=functionBlock TREE=pous VARS=11 METHODS=0 OBJECT_ID=159c5b09-94c5-45d8-b5e1-c45ab89d3c65 OK
POU=FB_Supply_Ventilation_Controller XML_NAME=FB_Supply_Ventilation_Controller TYPE=functionBlock TREE=pous VARS=7 METHODS=0 OBJECT_ID=9d419637-5044-4247-a37c-53074b6f6816 OK
POU=FB_System_Health XML_NAME=FB_System_Health TYPE=functionBlock TREE=pous VARS=19 METHODS=0 OBJECT_ID=7a04cf1d-a36a-4399-95d2-65aa6af4233e OK
POU=FB_System_Timer XML_NAME=FB_System_Timer TYPE=functionBlock TREE=pous VARS=7 METHODS=0 OBJECT_ID=35a27866-13a8-4ad7-9d80-9825bc3adc24 OK
POU=FB_System_Timer_TOF XML_NAME=FB_System_Timer_TOF TYPE=functionBlock TREE=pous VARS=8 METHODS=0 OBJECT_ID=4718515e-87a3-4690-bbeb-7c378aa88bd0 OK
POU=FB_Trend_Analyzer XML_NAME=FB_Trend_Analyzer TYPE=functionBlock TREE=pous VARS=9 METHODS=0 OBJECT_ID=5171b01f-2eec-4c68-9459-aeb1693cd1fb OK
POU=FB_Trend_Logger XML_NAME=FB_Trend_Logger TYPE=functionBlock TREE=pous VARS=7 METHODS=0 OBJECT_ID=e65fcc4d-a999-4996-9691-c37add8a03eb OK
POU=FB_TwoFactor_Auth XML_NAME=FB_TwoFactor_Auth TYPE=functionBlock TREE=pous VARS=24 METHODS=0 OBJECT_ID=97d2fb08-50dd-4b40-9401-2150d98be305 OK
POU=FB_Valve_Test XML_NAME=FB_Valve_Test TYPE=functionBlock TREE=pous VARS=8 METHODS=0 OBJECT_ID=4ddd4893-69e2-45bc-b8be-d827ea62b2fd OK
POU=FB_Valve_Test_Manager XML_NAME=FB_Valve_Test_Manager TYPE=functionBlock TREE=pous VARS=17 METHODS=0 OBJECT_ID=b9379f86-bd33-4334-9021-a4e3dfab0d47 OK
POU=FB_Ventilation_System_Manager XML_NAME=FB_Ventilation_System_Manager TYPE=functionBlock TREE=pous VARS=43 METHODS=0 OBJECT_ID=b01f27bc-ece9-48e1-91d0-7cb11d2c779d OK
POU=FB_Ventilation_V2_Staging XML_NAME=FB_Ventilation_V2_Staging TYPE=functionBlock TREE=pous VARS=13 METHODS=0 OBJECT_ID=e3024471-edfb-4bc3-9643-f26e74c90c48 OK
POU=FB_Watchdog XML_NAME=FB_Watchdog TYPE=functionBlock TREE=pous VARS=8 METHODS=0 OBJECT_ID=b40e898a-8717-41d6-9e6b-8488801d5e46 OK
POU=FB_Water_Leakage_Manager XML_NAME=FB_Water_Leakage_Manager TYPE=functionBlock TREE=pous VARS=13 METHODS=0 OBJECT_ID=6c7c3325-d9e6-4aa1-b671-e5e0eec2d754 OK
POU=FB_Water_Valve_Controller XML_NAME=FB_Water_Valve_Controller TYPE=functionBlock TREE=pous VARS=5 METHODS=3 OBJECT_ID=c4197f6c-66b2-40fa-b1ed-c972832d0232 OK
POU=FB_Zone_Access_Manager XML_NAME=FB_Zone_Access_Manager TYPE=functionBlock TREE=pous VARS=5 METHODS=0 OBJECT_ID=64e33274-3937-435a-ab3f-a29a9af66934 OK
POU=PRG_Heating XML_NAME=PRG_Heating TYPE=program TREE=prg VARS=5 METHODS=0 OBJECT_ID=ad209a6f-f8ca-40e1-ab8d-228223d2bc88 OK
POU=PRG_IO_Read XML_NAME=PRG_IO_Read TYPE=program TREE=prg VARS=12 METHODS=0 OBJECT_ID=111f6092-300f-4aae-b6f4-3e334e67321f OK
POU=PRG_IO_Write XML_NAME=PRG_IO_Write TYPE=program TREE=prg VARS=1 METHODS=0 OBJECT_ID=85674fbf-bb7e-4825-869b-8d143a704845 OK
POU=PRG_Lighting XML_NAME=PRG_Lighting TYPE=program TREE=prg VARS=7 METHODS=0 OBJECT_ID=895c797d-7874-4747-9afe-89560674b7a8 OK
POU=PRG_PLC_A XML_NAME=PRG_PLC_A TYPE=program TREE=prg VARS=0 METHODS=0 OBJECT_ID=1fdad98d-5cef-488b-b545-43de181cc05e OK
POU=PRG_PLC_B XML_NAME=PRG_PLC_B TYPE=program TREE=prg VARS=0 METHODS=0 OBJECT_ID=d01f2c8b-0461-4ac3-9161-5c4f0a957045 OK
POU=PRG_Safety XML_NAME=PRG_Safety TYPE=program TREE=prg VARS=10 METHODS=0 OBJECT_ID=777f4e01-6e72-475a-ae28-a183729505aa OK
POU=PRG_Security XML_NAME=PRG_Security TYPE=program TREE=prg VARS=4 METHODS=0 OBJECT_ID=63663a3b-0dc7-440e-89a0-33e1b8cd852f OK
POU=PRG_System XML_NAME=PRG_System TYPE=program TREE=prg VARS=51 METHODS=0 OBJECT_ID=3d12a210-b0e8-45e9-9343-be80fb68fb0b OK
POU=PRG_Test XML_NAME=PRG_Test TYPE=program TREE=prg VARS=10 METHODS=0 OBJECT_ID=4a4a856e-34eb-48f1-a71a-891d2982d33a OK
POU=PRG_Ventilation XML_NAME=PRG_Ventilation TYPE=program TREE=prg VARS=5 METHODS=0 OBJECT_ID=71d5c4cb-c8bf-4b15-a658-360a5db5740a OK
POU=MAIN XML_NAME=PLC_PRG TYPE=program TREE=prg VARS=0 METHODS=0 OBJECT_ID=fc8db553-3c3f-411b-8a83-c09f9060ba5b OK
OLD_POU_WINDOW_FOUND=True
OLD_POU_WINDOW_NAMES=PRG_PLC_A|PRG_PLC_B|FB_Access_Control|FB_AccessCode_Manager|FB_Astro_Timer|FB_BlackBox_Recorder|FB_Boiler_Cascade_Controller|FB_Boiler_Cascade_Manager|FB_Calibration_Manager|FB_CO_Detector|FB_CRC32_Calculator|FB_Debug_Logger|FB_Device_Predictive_Diag|FB_DHW_Manager|FB_Emergency_Valve_Open|FB_Exhaust_Ventilation_Controller|FB_Flood_Detector|FB_FloorHeating_Controller|FB_FloorHeating_Freeze_Protection|FB_FloorHeating_Overheat_Protection|FB_Gas_Methane_Detector|FB_Gas_Smoke_Manager|FB_Gas_Valve_Controller|FB_Gateway_Interface|FB_Heating_System_Manager|FB_History_Manager|FB_Lifetime_Predictor|FB_Lighting_Blinds_Manager|FB_Maintenance_Access|FB_Manifold_Mixing_Valve_Controller|FB_Manifold_Pump_Controller|FB_Manual_Valve_Control|FB_NVRAM_Manager|FB_Outdoor_Lighting_Controller|FB_PID_Controller|FB_PLC_Heartbeat|FB_Pre_Departure_Heating|FB_Presence_Playback|FB_Presence_Simulator|FB_Random_Generator|FB_Scenario_Manager|FB_Scenario_Transition_Controller|FB_Security_Alarm|FB_Security_System|FB_Security_System_Manager|FB_Sensor_Calibration_Processor|FB_Sensor_Distribution|FB_Simulation_Manager|FB_Smoke_Detector|FB_SMS_Notification|FB_State_Manager|FB_State_Snapshot_Manager|FB_State_Snapshot_NVRAM|FB_Supply_Ventilation_Controller|FB_Trend_Analyzer|FB_TwoFactor_Auth|FB_User_Rule_Engine|FB_Valve_Test|FB_Ventilation_System_Manager|FB_Water_Leakage_Manager|FB_Water_Valve_Controller|FB_Zone_Access_Manager|PRG_Main
OLD_POUS_TREE_NAMES=FB_Lifetime_Predictor|FB_Gas_Valve_Controller|FB_TwoFactor_Auth|FB_Manual_Valve_Control|FB_Boiler_Cascade_Manager|FB_CRC32_Calculator|FB_Emergency_Valve_Open|FB_AccessCode_Manager|FB_Manifold_Pump_Controller|FB_Debug_Logger|FB_Astro_Timer|FB_BlackBox_Recorder|FB_PLC_Heartbeat|FB_User_Rule_Engine|FB_Water_Valve_Controller|FB_FloorHeating_Freeze_Protection|FB_Gateway_Interface|FB_Heating_System_Manager|FB_History_Manager|FB_Calibration_Manager|FB_CO_Detector|FB_FloorHeating_Overheat_Protection|FB_Gas_Methane_Detector|FB_Gas_Smoke_Manager|FB_Device_Predictive_Diag|FB_PID_Controller|FB_NVRAM_Manager|FB_Outdoor_Lighting_Controller|FB_Pre_Departure_Heating|FB_Exhaust_Ventilation_Controller|FB_Flood_Detector|FB_Valve_Test|FB_Zone_Access_Manager|FB_Ventilation_System_Manager|FB_Water_Leakage_Manager|FB_Random_Generator|FB_Scenario_Manager|FB_Scenario_Transition_Controller|FB_Boiler_Cascade_Controller|FB_Security_Alarm|FB_Security_System|FB_Security_System_Manager|FB_FloorHeating_Controller|FB_DHW_Manager|FB_Presence_Playback|FB_Presence_Simulator|FB_Lighting_Blinds_Manager|FB_Maintenance_Access|FB_Manifold_Mixing_Valve_Controller|FB_Sensor_Calibration_Processor|FB_Sensor_Distribution|FB_Simulation_Manager|FB_Smoke_Detector|FB_SMS_Notification|FB_State_Manager|FB_State_Snapshot_Manager|FB_State_Snapshot_NVRAM|FB_Supply_Ventilation_Controller|FB_Trend_Analyzer|FB_Access_Control
OLD_PRG_TREE_NAMES=
POU_TOTAL=101
POUS_FOLDER_COUNT=89
PRG_FOLDER_COUNT=12
TOTAL_VARS_PARSED=1371
TOTAL_METHODS_PARSED=9
POU_WITH_WARNINGS=1
OUTPUT_XML=/workspaces/SmartHomeNew/steps/MASTER_PIPELINE/002_BASE.xml
OUTPUT_SIZE=679280
POU_COUNT_IN_OUTPUT=101
METHOD_COUNT_IN_OUTPUT=12
OBJECTID_COUNT_IN_OUTPUT=174
=== STEP 001 UNIVERSAL METHODS V1 DONE ===
