]633;E;echo "=== STEP 164: ADD PRE-COMMIT HOOK ===";c69abe9d-8ccc-4cf8-8e5f-d5c0d5c396b0]633;C=== STEP 164: ADD PRE-COMMIT HOOK ===
timestamp_utc=2026-04-18T08:11:54Z

Hook installed at .git/hooks/pre-commit
-rwxrwxrwx 1 codespace codespace 134 Apr 18 08:11 .git/hooks/pre-commit

=== TEST RUN ===
=== PRE-COMMIT GUARD START ===
=== REPO GUARD START ===
OK: critical files present
OK: pattern checks passed
Running compile smoke...
=== COMPILE OUTPUT START ===
OVERLAY_OK=FB_CRC32_Calculator METHODS=1
OVERLAY_OK=FB_Gas_Valve_Controller METHODS=3
OVERLAY_OK=FB_Random_Generator METHODS=2
OVERLAY_OK=FB_Water_Valve_Controller METHODS=3
TARGET_POUS=4
TOTAL_METHODS=9
COMPILER_DIR=/workspaces/SmartHomeNew/компилятор
PROJECT_ROOT=/workspaces/SmartHomeNew
BASE_XML=/workspaces/SmartHomeNew/компилятор/Система умного дома.xml
OUT_003=/workspaces/SmartHomeNew/компилятор/out/003_RESULT.xml
OUT_004=/workspaces/SmartHomeNew/компилятор/out/004_RESULT.xml
OUT_RESULT=/workspaces/SmartHomeNew/компилятор/out/RESULT.xml
LOG_001=/workspaces/SmartHomeNew/компилятор/logs/001_universal_pou_gvl.log
LOG_004=/workspaces/SmartHomeNew/компилятор/logs/004_import_dut_v11.log
STEP_001_OK
STEP_004_OK
FINAL_RESULT_OK=/workspaces/SmartHomeNew/компилятор/out/RESULT.xml
BUILD_OK
RUN METHOD OVERLAY...
METHOD OVERLAY DONE
CLEANED: /workspaces/SmartHomeNew/компилятор/out/003_RESULT.xml
CLEANED: /workspaces/SmartHomeNew/компилятор/out/004_RESULT.xml
CLEANED: /workspaces/SmartHomeNew/компилятор/out/RESULT.xml

=== COMPILE OUTPUT END ===
OK: compile passed
=== REPO GUARD OK ===
=== PRE-COMMIT GUARD OK ===

=== END STEP 164 ===
