]633;E;echo "=== STEP 128: REMOVE HEATING MANAGER INTERNAL SCAFFOLD ===";c91143c6-a704-4775-b84b-ecf25abd49a0]633;C=== STEP 128: REMOVE HEATING MANAGER INTERNAL SCAFFOLD ===
timestamp_utc=2026-04-17T10:17:42Z

=== BEFORE ===
64:    L_Heating_V2_Command_V2 : ST_Heating_Command_V2;
65:    L_Heating_V2_State_V2 : ST_Heating_State_V2;
66:    L_Heating_V2_Shadow_Diff_Found : BOOL;
67:    L_Heating_V2_Switch_Enabled : BOOL;
68:    L_Heating_V2_Path_Ready : BOOL;
69:    L_Heating_Using_Legacy_Fallback : BOOL;
151:L_Heating_V2_Shadow_Diff_Found := FALSE;
152:L_Heating_V2_Switch_Enabled := TRUE;
153:L_Heating_V2_Path_Ready := FALSE;
154:L_Heating_Using_Legacy_Fallback := TRUE;
698:// Heating V2 shadow execution (phase2)
699:// Inlined from FB_Heating_V2_Staging
701:L_Heating_V2_Command_V2.Valve_Position_Setpoint := VO_Manifold_Valves[1];
702:L_Heating_V2_State_V2.Room_Temp := VI_Room_Temps[1];
703:L_Heating_V2_State_V2.Supply_Temp := VI_Manifold_Temps_Supply[1];
706:IF ABS(VO_Manifold_Valves[1] - L_Heating_V2_Command_V2.Valve_Position_Setpoint) > 0.1 THEN
707:    L_Heating_V2_Shadow_Diff_Found := TRUE;
709:IF ABS(VI_Room_Temps[1] - L_Heating_V2_State_V2.Room_Temp) > 0.1 THEN
710:    L_Heating_V2_Shadow_Diff_Found := TRUE;
712:IF ABS(VI_Manifold_Temps_Supply[1] - L_Heating_V2_State_V2.Supply_Temp) > 0.1 THEN
713:    L_Heating_V2_Shadow_Diff_Found := TRUE;
717:IF L_Heating_V2_Switch_Enabled THEN
718:    IF NOT L_Heating_V2_Shadow_Diff_Found THEN
719:        L_Heating_V2_Path_Ready := TRUE;
720:        L_Heating_Using_Legacy_Fallback := FALSE;
722:        L_Heating_V2_Path_Ready := FALSE;
723:        L_Heating_Using_Legacy_Fallback := TRUE;
726:    L_Heating_V2_Path_Ready := FALSE;
727:    L_Heating_Using_Legacy_Fallback := TRUE;

=== APPLY ===
OK: removed internal scaffold from FB_Heating_System_Manager.st

=== AFTER ===

=== CORE HEATING FLOW STILL PRESENT ===
50:    VO_Manifold_Valves : ARRAY[1..GVL_CONSTANTS.C_MAX_MANIFOLDS] OF REAL; // Выход: Положение клапанов смесителей (0-100%)
51:    VO_Manifold_Pumps : ARRAY[1..GVL_CONSTANTS.C_MAX_MANIFOLDS] OF BOOL; // Выход: Управление насосами коллекторов
52:    VO_Zone_Valves : ARRAY[1..8] OF BOOL; // Выход: Управление клапанами контуров (Зоны 1-16)
53:    VO_Boiler_OT_Enable : ARRAY[1..GVL_CONSTANTS.C_MAX_BOILERS] OF BOOL; // Физические команды в OpenTherm
54:    VO_Boiler_OT_Setpoint : ARRAY[1..GVL_CONSTANTS.C_MAX_BOILERS] OF REAL; // Физические уставки в OpenTherm
58:    VO_Status : ARRAY[1..GVL_CONSTANTS.C_MAX_MANIFOLDS] OF ST_Manifold_Status; // Сводный статус коллекторных узлов для HMI
59:    VO_Boiler_Status : ARRAY[1..GVL_CONSTANTS.C_MAX_BOILERS] OF ST_Boiler_Status; // Сводный статус котлов для HMI
65:    L_PID_Valves : ARRAY[1..GVL_CONSTANTS.C_MAX_MANIFOLDS] OF FB_PID_Controller; // ПИД-регуляторы для поддержания температуры подачи
98:    L_Pump_Diag : ARRAY[1..GVL_CONSTANTS.C_MAX_MANIFOLDS] OF FB_Device_Predictive_Diag; // Диагностика насосов
104:    fbBoilerCascade : FB_Boiler_Cascade_Manager; // Выделенный менеджер каскада котлов
105:    fbBoilerOpenTherm : FB_Boiler_OpenTherm_Interface; // Основной транспорт OpenTherm
114:    L_Policy_Normal : BOOL; // Policy: normal operation
115:    L_Policy_Safe_Stop : BOOL; // Policy: hard safe stop
116:    L_Policy_Degraded : BOOL; // Policy: limited conservative operation
117:    L_Policy_Freeze_Protection : BOOL; // Policy: freeze protection mode
127:L_Policy_Normal := (VI_System_Mode = E_System_Operating_Mode.MODE_NORMAL);
128:L_Policy_Safe_Stop := (VI_System_Mode = E_System_Operating_Mode.MODE_SAFE_STOP);
129:L_Policy_Degraded := (VI_System_Mode = E_System_Operating_Mode.MODE_DEGRADED);
130:L_Policy_Freeze_Protection := (VI_System_Mode = E_System_Operating_Mode.MODE_FREEZE_PROTECTION);
135:IF L_Policy_Freeze_Protection THEN
140:GVL_STATE.G_Heating_IO_Fault := FALSE;
141:GVL_STATE.G_Heating_Sensor_Fault := FALSE;
142:GVL_STATE.G_Heating_Subsystem_Degraded := FALSE;
157:        VO_Zone_Valves[L_i] := FALSE;
161:        VO_Manifold_Pumps[L_i] := FALSE;
162:        VO_Manifold_Valves[L_i] := 0.0;
166:        VO_Boiler_OT_Enable[L_i] := FALSE;
167:        VO_Boiler_OT_Setpoint[L_i] := 0.0;
168:        VO_Boiler_Status[L_i].Warning := FALSE;
169:        VO_Boiler_Status[L_i].Error := TRUE;
198:IF VI_Emergency_Stop OR L_Policy_Safe_Stop THEN
200:        VO_Zone_Valves[L_i] := FALSE;
204:        VO_Manifold_Pumps[L_i] := FALSE;
205:        VO_Manifold_Valves[L_i] := 0.0;
209:        VO_Boiler_OT_Enable[L_i] := FALSE;
210:        VO_Boiler_OT_Setpoint[L_i] := 0.0;
211:        VO_Boiler_Status[L_i].Warning := FALSE;
212:        VO_Boiler_Status[L_i].Error := TRUE;
223:        GVL_STATE.G_Heating_IO_Fault := TRUE;
224:GVL_STATE.G_Heating_Subsystem_Degraded := TRUE;
238:        VO_Zone_Valves[L_j] := FALSE;
249:            VO_Manifold_Pumps[L_j] := TRUE;
250:            VO_Manifold_Valves[L_j] := 35.0;
252:            VO_Manifold_Pumps[L_j] := FALSE;
253:            VO_Manifold_Valves[L_j] := 0.0;
260:        VO_Boiler_OT_Enable[L_j] := FALSE;
261:        VO_Boiler_OT_Setpoint[L_j] := 0.0;
267:            VO_Boiler_OT_Enable[1] := TRUE;
268:            VO_Boiler_OT_Setpoint[1] := L_Freeze_Target_Supply;
283:IF L_Policy_Degraded THEN
317:L_Freeze_Mode_Active := L_Policy_Freeze_Protection OR (VI_Outdoor_Temp < -5.0);
382:        VO_Zone_Valves[L_i] := FALSE; // Безопасное состояние при ошибке обоих датчиков
395:            VO_Valve_Bool => VO_Zone_Valves[L_i]
401:        VO_Zone_Valves[L_i] := FALSE;
408:                VO_Zone_Valves[L_i] := (VI_Rule_Actions[L_j].Value > 0.5);
414:GVL_STATE.G_Heating_Sensor_Fault := L_Any_Sensor_Error;
422:    IF VO_Zone_Valves[L_i] THEN
439:        L_PID_Valves[L_i](
444:            VO_Output => VO_Manifold_Valves[L_i]
449:    L_Pump_Run_Timer[L_i](IN := VO_Manifold_Pumps[L_i] AND NOT L_Pump_In_Pause[L_i], PT := T#72h, VI_System_Time_MS := VI_System_Time_MS);
458:        VO_Manifold_Pumps[L_i] := FALSE;
459:        VO_Manifold_Valves[L_i] := 0.0; // Принудительно закрываем смесительный клапан
461:        VO_Manifold_Pumps[L_i] := VI_IsActivePLC AND L_Any_Zone_Active[L_i] AND NOT L_Pump_In_Pause[L_i];
466:            VO_Manifold_Pumps[L_i] := TRUE;
467:            IF VO_Manifold_Valves[L_i] < 35.0 THEN
468:                VO_Manifold_Valves[L_i] := 35.0;
473:    VO_Status[L_i].Pump_On := VO_Manifold_Pumps[L_i];
474:    VO_Status[L_i].Pump_Current := VI_Manifold_Currents[L_i];
475:    VO_Status[L_i].Pressure := VI_Manifold_Pressures[L_i];
476:    VO_Status[L_i].Temp_Supply := VI_Manifold_Temps_Supply[L_i];
477:    VO_Status[L_i].Temp_Return := VI_Manifold_Temps_Return[L_i];
478:    VO_Status[L_i].Valve_Pos := VO_Manifold_Valves[L_i];
481:    L_Pump_Diag[L_i](
484:        VI_Is_Running := VO_Manifold_Pumps[L_i],
487:        VIO_Health_Data := VO_Status[L_i].Health
491:        IF VO_Manifold_Pumps[L_i] THEN
499:            VO_Status[L_i].Error := FALSE;
500:            VO_Status[L_i].Error_ID := 0;
503:                VO_Status[L_i].Error := TRUE;
504:                VO_Status[L_i].Error_ID := TO_WORD(GVL_CONFIG.ERR_PUMP_NO_CURRENT);
506:                VO_Status[L_i].Error := TRUE;
507:                VO_Status[L_i].Error_ID := TO_WORD(GVL_CONFIG.ERR_PUMP_UNDERCURRENT);
509:                VO_Status[L_i].Error := TRUE;
510:                VO_Status[L_i].Error_ID := TO_WORD(GVL_CONFIG.ERR_PUMP_OVERCURRENT);
514:            IF (NOT VO_Status[L_i].Error) AND (VI_Manifold_Pressures[L_i] < 1.5 OR VI_Manifold_Pressures[L_i] > 2.5) THEN
515:                VO_Status[L_i].Error := TRUE;
516:                VO_Status[L_i].Error_ID := TO_WORD(GVL_CONFIG.ERR_PRESSURE_OUT_OF_RANGE);
520:            IF NOT VO_Status[L_i].Error THEN
522:                    VO_Status[L_i].Error := TRUE;
523:                    VO_Status[L_i].Error_ID := TO_WORD(GVL_CONFIG.ERR_DELTA_T_LOW);
525:                    VO_Status[L_i].Error := TRUE;
526:                    VO_Status[L_i].Error_ID := TO_WORD(GVL_CONFIG.ERR_DELTA_T_HIGH);
547:            VO_Manifold_Valves[L_i] := 100.0;
549:            VO_Manifold_Valves[L_i] := 0.0;
551:        VO_Manifold_Pumps[L_i] := FALSE; // Отключаем насос при тестировании клапана
558:    IF VO_Manifold_Pumps[L_i] THEN
559:        L_Demand_Power := L_Demand_Power + VO_Manifold_Valves[L_i];
568:IF L_Policy_Degraded THEN
574:fbBoilerCascade(
603:fbBoilerOpenTherm(
608:    VO_OT_Enable => VO_Boiler_OT_Enable,
609:    VO_OT_Setpoint => VO_Boiler_OT_Setpoint,
619:    VO_Boiler_Status[L_i].Active := L_Boiler_Request_Enable[L_i];
620:    VO_Boiler_Status[L_i].Warning := FALSE;
621:    VO_Boiler_Status[L_i].Error := FALSE;
628:        VO_Boiler_Status[L_i].Error := TRUE;
629:        VO_Boiler_Status[L_i].Error_ID := TO_WORD(GVL_CONFIG.ERR_BOILER_OFFLINE);
632:        VO_Boiler_Status[L_i].Error := TRUE;
633:        VO_Boiler_Status[L_i].Error_ID := TO_WORD(GVL_CONFIG.ERR_BOILER_GENERAL_FAULT);
636:        VO_Boiler_Status[L_i].Warning := TRUE;
637:        VO_Boiler_Status[L_i].Error_ID := TO_WORD(GVL_CONFIG.ERR_BOILER_NO_FLAME);
640:        VO_Boiler_Status[L_i].Error_ID := 0;
658:    VO_Boiler_Status[L_i].Work_Seconds := GVL_Retain.G_Boiler_Work_Seconds[L_i];
671:            VO_Boiler_Status[L_i].Work_Seconds := GVL_Retain.G_Boiler_Work_Seconds[L_i];
675:    VO_Boiler_Status[L_i].Work_Hours := TO_REAL(VO_Boiler_Status[L_i].Work_Seconds) / 3600.0;
678:        VI_Runtime_Hours := TO_UDINT(VO_Boiler_Status[L_i].Work_Hours),
682:    VO_Boiler_Status[L_i].Resource_Percent := TO_REAL(L_Boiler_Life[L_i].VO_Remaining_Percent);
683:    VO_Boiler_Status[L_i].Running := VI_Boiler_Flame_Status[L_i];
685:GVL_STATE.G_Heating_Subsystem_Degraded := L_Any_Subsystem_Degraded;

=== TAIL CONTEXT ===
            VO_Manifold_Valves[L_i] := 0.0;
        END_IF;
        VO_Manifold_Pumps[L_i] := FALSE; // Отключаем насос при тестировании клапана
    END_IF;
END_IF;

// 5. Управление каскадом котлов (ТЗ 2.8, OpenTherm-only, без legacy mirror)
L_Demand_Power := 0.0;
FOR L_i := 1 TO GVL_CONSTANTS.C_MAX_MANIFOLDS DO
    IF VO_Manifold_Pumps[L_i] THEN
        L_Demand_Power := L_Demand_Power + VO_Manifold_Valves[L_i];
    END_IF;
END_FOR;

// В режиме антизамерзания обеспечиваем минимальный запрос тепла
IF L_Freeze_Mode_Active AND L_Demand_Power < 20.0 THEN
    L_Demand_Power := 20.0;
END_IF;

IF L_Policy_Degraded THEN
    IF L_Demand_Power > 60.0 THEN
        L_Demand_Power := 60.0;
    END_IF;
END_IF;

fbBoilerCascade(
    VI_Enable := VI_IsActivePLC AND ((L_Demand_Power > GVL_CONSTANTS.C_BOILER_CASCADE_MIN_DEMAND) OR L_Freeze_Mode_Active),
    VI_System_Time_MS := VI_System_Time_MS,
    VI_Boiler_Stop := FALSE,
    VI_DHW_Heating_Demand := VI_DHW_Heating_Demand,
    VI_DHW_Target_Temp := VI_DHW_Target_Temp,
    VI_Target_Supply_Temp := L_Target_Supply_Temp,
    VI_Demand_Power := L_Demand_Power,
    VI_Boiler_Flame_Status := VI_Boiler_Flame_Status,
    VI_Boiler_Error_Status := VI_Boiler_Error_Status,
    VI_Boiler_OT_Online := VI_Boiler_OT_Online,
    VI_Boiler_Modulation := VI_Boiler_Modulation,
    VO_Boiler_Enable => L_Boiler_Request_Enable,
    VO_Boiler_Setpoint => L_Boiler_Request_Setpoint,
    VO_Lead_Boiler => L_Lead_Boiler
);



// ========================================
// OT availability enforcement (no fallback)
// ========================================
FOR L_i := 1 TO GVL_CONSTANTS.C_MAX_BOILERS DO
    IF NOT VI_Boiler_OT_Online[L_i] OR VI_Boiler_Error_Status[L_i] THEN
        L_Boiler_Request_Enable[L_i] := FALSE;
        L_Boiler_Request_Setpoint[L_i] := 0.0;
    END_IF;
END_FOR;

fbBoilerOpenTherm(
    VI_Enable := L_Boiler_Request_Enable,
    VI_Setpoint := L_Boiler_Request_Setpoint,
    VI_OT_Online := VI_Boiler_OT_Online,
    VI_OT_Error := VI_Boiler_Error_Status,
    VO_OT_Enable => VO_Boiler_OT_Enable,
    VO_OT_Setpoint => VO_Boiler_OT_Setpoint,
    VO_OT_Command_Valid => L_Boiler_OT_Command_Valid
);


// ========================================
// Boiler status normalization
// ========================================
FOR L_i := 1 TO GVL_CONSTANTS.C_MAX_BOILERS DO
    // Базовый сброс диагностических флагов котла
    VO_Boiler_Status[L_i].Active := L_Boiler_Request_Enable[L_i];
    VO_Boiler_Status[L_i].Warning := FALSE;
    VO_Boiler_Status[L_i].Error := FALSE;

    // Приоритет причин:
    // 1. Нет канала OpenTherm
    // 2. Котёл вернул ошибку
    // 3. Есть запрос, но нет пламени
    IF NOT VI_Boiler_OT_Online[L_i] THEN
        VO_Boiler_Status[L_i].Error := TRUE;
        VO_Boiler_Status[L_i].Error_ID := TO_WORD(GVL_CONFIG.ERR_BOILER_OFFLINE);
        L_Any_Subsystem_Degraded := TRUE;
    ELSIF VI_Boiler_Error_Status[L_i] THEN
        VO_Boiler_Status[L_i].Error := TRUE;
        VO_Boiler_Status[L_i].Error_ID := TO_WORD(GVL_CONFIG.ERR_BOILER_GENERAL_FAULT);
        L_Any_Subsystem_Degraded := TRUE;
    ELSIF L_Boiler_Request_Enable[L_i] AND NOT VI_Boiler_Flame_Status[L_i] THEN
        VO_Boiler_Status[L_i].Warning := TRUE;
        VO_Boiler_Status[L_i].Error_ID := TO_WORD(GVL_CONFIG.ERR_BOILER_NO_FLAME);
        L_Any_Subsystem_Degraded := TRUE;
    ELSE
        VO_Boiler_Status[L_i].Error_ID := 0;
    END_IF;
END_FOR;

// Расчет наработки и остаточного ресурса котлов (ТЗ 2.8)
IF NOT L_Scan_Time_Init THEN
    L_Last_Scan_Time := VI_System_Time_MS;
    L_Scan_Time_Init := TRUE;
END_IF;

L_Delta_MS := (SEL(VI_System_Time_MS >= L_Last_Scan_Time, VI_System_Time_MS - L_Last_Scan_Time, (4294967295 - L_Last_Scan_Time) + VI_System_Time_MS + 1));
IF L_Delta_MS > 1000 THEN
    L_Delta_MS := 1000; // Ограничение дельты для предотвращения скачков после перезагрузки
END_IF;

L_Last_Scan_Time := VI_System_Time_MS;

FOR L_i := 1 TO GVL_CONSTANTS.C_MAX_BOILERS DO
    VO_Boiler_Status[L_i].Work_Seconds := GVL_Retain.G_Boiler_Work_Seconds[L_i];
    
    IF VI_Boiler_Flame_Status[L_i] THEN
        GVL_Retain.G_Boiler_Accumulated_MS[L_i] := GVL_Retain.G_Boiler_Accumulated_MS[L_i] + L_Delta_MS;
        IF GVL_Retain.G_Boiler_Accumulated_MS[L_i] >= GVL_CONSTANTS.C_MS_IN_SECOND THEN
            GVL_Retain.G_Boiler_Work_Seconds[L_i] := GVL_Retain.G_Boiler_Work_Seconds[L_i] + (GVL_Retain.G_Boiler_Accumulated_MS[L_i] / 1000);
            GVL_Retain.G_Boiler_Accumulated_MS[L_i] := GVL_Retain.G_Boiler_Accumulated_MS[L_i] MOD 1000;
            
            // Защита от переполнения (сброс при достижении ~136 лет)
            IF GVL_Retain.G_Boiler_Work_Seconds[L_i] > 4000000000 THEN
                GVL_Retain.G_Boiler_Work_Seconds[L_i] := 0;
            END_IF;
            
            VO_Boiler_Status[L_i].Work_Seconds := GVL_Retain.G_Boiler_Work_Seconds[L_i];
        END_IF;
    END_IF;
    
    VO_Boiler_Status[L_i].Work_Hours := TO_REAL(VO_Boiler_Status[L_i].Work_Seconds) / 3600.0;
    
    L_Boiler_Life[L_i](
        VI_Runtime_Hours := TO_UDINT(VO_Boiler_Status[L_i].Work_Hours),
        VI_Start_Count := 0, // Не считаем пуски для котлов в этой версии
        VI_Nominal_Life := 50000 // 50,000 часов
    );
    VO_Boiler_Status[L_i].Resource_Percent := TO_REAL(L_Boiler_Life[L_i].VO_Remaining_Percent);
    VO_Boiler_Status[L_i].Running := VI_Boiler_Flame_Status[L_i];
END_FOR;
GVL_STATE.G_Heating_Subsystem_Degraded := L_Any_Subsystem_Degraded;

END_FUNCTION_BLOCK
// >>> BULK_SYNC_ANCHOR: FB_Heating_System_Manager <<<

=== DIFF ===
diff --git a/FB_Heating_System_Manager.st b/FB_Heating_System_Manager.st
index db061e7..2fc00f8 100644
--- a/FB_Heating_System_Manager.st
+++ b/FB_Heating_System_Manager.st
@@ -61,12 +61,6 @@ END_VAR
 
 VAR
     // Heating V2 staging layer
-    L_Heating_V2_Command_V2 : ST_Heating_Command_V2;
-    L_Heating_V2_State_V2 : ST_Heating_State_V2;
-    L_Heating_V2_Shadow_Diff_Found : BOOL;
-    L_Heating_V2_Switch_Enabled : BOOL;
-    L_Heating_V2_Path_Ready : BOOL;
-    L_Heating_Using_Legacy_Fallback : BOOL;
 
     L_PID_Valves : ARRAY[1..GVL_CONSTANTS.C_MAX_MANIFOLDS] OF FB_PID_Controller; // ПИД-регуляторы для поддержания температуры подачи
     L_PID_Timer : ARRAY[1..GVL_CONSTANTS.C_MAX_MANIFOLDS] OF FB_System_Timer; // Таймеры вызова ПИД-регуляторов
@@ -148,10 +142,6 @@ GVL_STATE.G_Heating_Sensor_Fault := FALSE;
 GVL_STATE.G_Heating_Subsystem_Degraded := FALSE;
 L_Any_Sensor_Error := FALSE;
 L_Any_Subsystem_Degraded := FALSE;
-L_Heating_V2_Shadow_Diff_Found := FALSE;
-L_Heating_V2_Switch_Enabled := TRUE;
-L_Heating_V2_Path_Ready := FALSE;
-L_Heating_Using_Legacy_Fallback := TRUE;
 
 // 0. Аварийный стоп от подсистемы безопасности
 VO_Backup_Circulation_Pump := FALSE;
@@ -694,39 +684,5 @@ FOR L_i := 1 TO GVL_CONSTANTS.C_MAX_BOILERS DO
 END_FOR;
 GVL_STATE.G_Heating_Subsystem_Degraded := L_Any_Subsystem_Degraded;
 
-// ========================================
-// Heating V2 shadow execution (phase2)
-// Inlined from FB_Heating_V2_Staging
-// ========================================
-L_Heating_V2_Command_V2.Valve_Position_Setpoint := VO_Manifold_Valves[1];
-L_Heating_V2_State_V2.Room_Temp := VI_Room_Temps[1];
-L_Heating_V2_State_V2.Supply_Temp := VI_Manifold_Temps_Supply[1];
-
-// Heating V2 staging validation
-IF ABS(VO_Manifold_Valves[1] - L_Heating_V2_Command_V2.Valve_Position_Setpoint) > 0.1 THEN
-    L_Heating_V2_Shadow_Diff_Found := TRUE;
-END_IF;
-IF ABS(VI_Room_Temps[1] - L_Heating_V2_State_V2.Room_Temp) > 0.1 THEN
-    L_Heating_V2_Shadow_Diff_Found := TRUE;
-END_IF;
-IF ABS(VI_Manifold_Temps_Supply[1] - L_Heating_V2_State_V2.Supply_Temp) > 0.1 THEN
-    L_Heating_V2_Shadow_Diff_Found := TRUE;
-END_IF;
-
-// Guarded Heating V2 enable
-IF L_Heating_V2_Switch_Enabled THEN
-    IF NOT L_Heating_V2_Shadow_Diff_Found THEN
-        L_Heating_V2_Path_Ready := TRUE;
-        L_Heating_Using_Legacy_Fallback := FALSE;
-    ELSE
-        L_Heating_V2_Path_Ready := FALSE;
-        L_Heating_Using_Legacy_Fallback := TRUE;
-    END_IF;
-ELSE
-    L_Heating_V2_Path_Ready := FALSE;
-    L_Heating_Using_Legacy_Fallback := TRUE;
-END_IF;
-
-
 END_FUNCTION_BLOCK
 // >>> BULK_SYNC_ANCHOR: FB_Heating_System_Manager <<<

=== END STEP 128 ===
