]633;E;echo "=== STEP 102: MICRO AUDIT ALARM V2 CORE FINAL TAIL ===";10d0c29c-b3a2-4a8b-83d2-50752c6e8f09]633;C=== STEP 102: MICRO AUDIT ALARM V2 CORE FINAL TAIL ===
timestamp_utc=2026-04-17T07:25:41Z

=== FILE: FB_Alarm_V2_Core.st ===
FUNCTION_BLOCK FB_Alarm_V2_Core
VAR_INPUT
    VI_System_Time_MS : UDINT;
    VI_Pending_Alarms : ARRAY[1..10] OF ST_Alarm_Record;
END_VAR
VAR_IN_OUT
    VIO_Alarm_List : ARRAY[1..GVL_CONSTANTS.C_MAX_ALARMS] OF ST_Alarm_Record;
    VIO_Next_Alarm_ID : UDINT;
END_VAR
VAR_OUTPUT
    VO_Event_Pulse : BOOL;
    VO_Event_Code : UDINT;
    VO_Event_Value : REAL;
END_VAR

VO_Event_Pulse := FALSE;
VO_Event_Code := 0;
VO_Event_Value := 0.0;
END_FUNCTION_BLOCK

=== OWNER CONTEXT: FB_Alarm_Manager.st ===
66:    L_Alarm_V2_Switch_Enabled : BOOL;
67:    L_Alarm_V2_Path_Ready : BOOL;
68:    L_Alarm_Using_Legacy_Fallback : BOOL;
69:    fbAlarmV2Core : FB_Alarm_V2_Core;
75:    L_Alarm_V2_Shadow_Compare_Enabled : BOOL;
76:    L_Alarm_V2_Shadow_Diff_Found : BOOL;
77:    L_Alarm_V2_Shadow_First_Diff_Slot : INT;
78:    L_Alarm_V2_Event_Pulse : BOOL;
79:    L_Alarm_V2_Event_Code : UDINT;
80:    L_Alarm_V2_Event_Value : REAL;
81:    L_Alarm_V2_List_Shadow : ARRAY[1..GVL_CONSTANTS.C_MAX_ALARMS] OF ST_Alarm_Record;
82:    L_Alarm_V2_Next_ID_Shadow : UDINT;
94:L_Alarm_V2_Switch_Enabled := TRUE;
95:L_Alarm_V2_Path_Ready := FALSE;
96:L_Alarm_Using_Legacy_Fallback := TRUE;
97:L_Alarm_V2_Shadow_Compare_Enabled := TRUE;
98:L_Alarm_V2_Shadow_Diff_Found := FALSE;
99:L_Alarm_V2_Shadow_First_Diff_Slot := 0;
100:L_Alarm_V2_Event_Pulse := FALSE;
101:L_Alarm_V2_Event_Code := 0;
102:L_Alarm_V2_Event_Value := 0.0;
103:L_Alarm_V2_Next_ID_Shadow := VIO_Next_Alarm_ID;
215:IF L_Alarm_V2_Shadow_Compare_Enabled THEN
216:    fbAlarmV2Core(
219:        VIO_Alarm_List := L_Alarm_V2_List_Shadow,
220:        VIO_Next_Alarm_ID := L_Alarm_V2_Next_ID_Shadow,
221:        VO_Event_Pulse => L_Alarm_V2_Event_Pulse,
222:        VO_Event_Code => L_Alarm_V2_Event_Code,
223:        VO_Event_Value => L_Alarm_V2_Event_Value
229:IF L_Alarm_V2_Switch_Enabled AND L_Alarm_V2_Path_Ready THEN
230:    fbAlarmV2Core(
246:    IF L_Alarm_V2_Switch_Enabled AND L_Alarm_V2_Path_Ready THEN
247:        L_Alarm_Using_Legacy_Fallback := FALSE;
251:        L_Alarm_Using_Legacy_Fallback := TRUE;
304:IF L_Alarm_V2_Shadow_Compare_Enabled THEN
306:        IF (VO_Alarm_List[L_i].ID <> L_Alarm_V2_List_Shadow[L_i].ID)
307:           OR (VO_Alarm_List[L_i].Is_Active <> L_Alarm_V2_List_Shadow[L_i].Is_Active)
308:           OR (VO_Alarm_List[L_i].Is_Acknowledged <> L_Alarm_V2_List_Shadow[L_i].Is_Acknowledged)
309:           OR (VO_Alarm_List[L_i].Severity <> L_Alarm_V2_List_Shadow[L_i].Severity) THEN
310:            L_Alarm_V2_Shadow_Diff_Found := TRUE;
311:            IF L_Alarm_V2_Shadow_First_Diff_Slot = 0 THEN
312:                L_Alarm_V2_Shadow_First_Diff_Slot := L_i;
410:IF L_Alarm_V2_Switch_Enabled THEN
411:    IF (NOT L_Alarm_V2_Shadow_Diff_Found)
414:        L_Alarm_V2_Path_Ready := TRUE;
415:        L_Alarm_Using_Legacy_Fallback := FALSE;
417:        L_Alarm_V2_Path_Ready := FALSE;
418:        L_Alarm_Using_Legacy_Fallback := TRUE;
421:    L_Alarm_V2_Path_Ready := FALSE;
422:    L_Alarm_Using_Legacy_Fallback := TRUE;

=== CALL SITES ===
----- CONTEXT line 216 -----
        L_Pending_Count := L_Pending_Count + 1;
        L_Pending_Alarms[L_Pending_Count].Timestamp_MS := VI_System_Time_MS;
        L_Pending_Alarms[L_Pending_Count].Source := 'Boiler';
        L_Pending_Alarms[L_Pending_Count].Source_ID := TO_BYTE(L_j);
        L_Pending_Alarms[L_Pending_Count].Message := CONCAT('Авария котла №', INT_TO_STRING(L_j));
        L_Pending_Alarms[L_Pending_Count].Severity := E_ALERT_PRIORITY.ALERT_PRIORITY_HIGH;
        L_Pending_Alarms[L_Pending_Count].Is_Active := TRUE;
        L_Pending_Alarms[L_Pending_Count].Is_Acknowledged := FALSE;
    END_IF;
END_FOR;

// Shadow comparison: execute Alarm V2 core on a separate shadow list.
// Legacy path remains authoritative; this is diagnostics only.
IF L_Alarm_V2_Shadow_Compare_Enabled THEN
    fbAlarmV2Core(
        VI_System_Time_MS := VI_System_Time_MS,
        VI_Pending_Alarms := L_Pending_Alarms,
        VIO_Alarm_List := L_Alarm_V2_List_Shadow,
        VIO_Next_Alarm_ID := L_Alarm_V2_Next_ID_Shadow,
        VO_Event_Pulse => L_Alarm_V2_Event_Pulse,
        VO_Event_Code => L_Alarm_V2_Event_Code,
        VO_Event_Value => L_Alarm_V2_Event_Value
    );
END_IF;

// Staging integration: Alarm V2 core is called behind the phase-4 switch scaffold.
// Current state: switch remains disabled, so legacy path stays authoritative.
IF L_Alarm_V2_Switch_Enabled AND L_Alarm_V2_Path_Ready THEN
    fbAlarmV2Core(
        VI_System_Time_MS := VI_System_Time_MS,
        VI_Pending_Alarms := L_Pending_Alarms,
        VIO_Alarm_List := VO_Alarm_List,
        VIO_Next_Alarm_ID := VIO_Next_Alarm_ID
    );
END_IF;

// Обработка очереди новых тревог с учетом приоритетов
FOR L_i := 1 TO L_Pending_Count DO
    // Inlined from FB_Alarm_Compatibility_Package:
    // current compatibility path is a no-op roundtrip with VO_OK always TRUE.
    // Phase 4 scaffold: optional Alarm V2 switch point.
    // Current state: always remain on legacy behavior.
    // Future state: when Alarm V2 path is implemented and validated,

----- CONTEXT line 230 -----
    fbAlarmV2Core(
        VI_System_Time_MS := VI_System_Time_MS,
        VI_Pending_Alarms := L_Pending_Alarms,
        VIO_Alarm_List := L_Alarm_V2_List_Shadow,
        VIO_Next_Alarm_ID := L_Alarm_V2_Next_ID_Shadow,
        VO_Event_Pulse => L_Alarm_V2_Event_Pulse,
        VO_Event_Code => L_Alarm_V2_Event_Code,
        VO_Event_Value => L_Alarm_V2_Event_Value
    );
END_IF;

// Staging integration: Alarm V2 core is called behind the phase-4 switch scaffold.
// Current state: switch remains disabled, so legacy path stays authoritative.
IF L_Alarm_V2_Switch_Enabled AND L_Alarm_V2_Path_Ready THEN
    fbAlarmV2Core(
        VI_System_Time_MS := VI_System_Time_MS,
        VI_Pending_Alarms := L_Pending_Alarms,
        VIO_Alarm_List := VO_Alarm_List,
        VIO_Next_Alarm_ID := VIO_Next_Alarm_ID
    );
END_IF;

// Обработка очереди новых тревог с учетом приоритетов
FOR L_i := 1 TO L_Pending_Count DO
    // Inlined from FB_Alarm_Compatibility_Package:
    // current compatibility path is a no-op roundtrip with VO_OK always TRUE.
    // Phase 4 scaffold: optional Alarm V2 switch point.
    // Current state: always remain on legacy behavior.
    // Future state: when Alarm V2 path is implemented and validated,
    // this block becomes the controlled branch point.
    IF L_Alarm_V2_Switch_Enabled AND L_Alarm_V2_Path_Ready THEN
        L_Alarm_Using_Legacy_Fallback := FALSE;
        // Guarded V2 pipeline is allowed by shadow validation.
        // Current runtime logic still keeps legacy action flow authoritative until next package.
    ELSE
        L_Alarm_Using_Legacy_Fallback := TRUE;
    END_IF;

    L_Target_Slot := 0;
    
    // 1. Ищем пустой слот
    FOR L_k := 1 TO GVL_CONSTANTS.C_MAX_ALARMS DO
        IF VO_Alarm_List[L_k].ID = 0 THEN


=== SHADOW DIFF AREA ===
    END_IF;
END_FOR;

// Shadow comparison results: compare legacy output and V2 shadow output.
IF L_Alarm_V2_Shadow_Compare_Enabled THEN
    FOR L_i := 1 TO GVL_CONSTANTS.C_MAX_ALARMS DO
        IF (VO_Alarm_List[L_i].ID <> L_Alarm_V2_List_Shadow[L_i].ID)
           OR (VO_Alarm_List[L_i].Is_Active <> L_Alarm_V2_List_Shadow[L_i].Is_Active)
           OR (VO_Alarm_List[L_i].Is_Acknowledged <> L_Alarm_V2_List_Shadow[L_i].Is_Acknowledged)
           OR (VO_Alarm_List[L_i].Severity <> L_Alarm_V2_List_Shadow[L_i].Severity) THEN
            L_Alarm_V2_Shadow_Diff_Found := TRUE;
            IF L_Alarm_V2_Shadow_First_Diff_Slot = 0 THEN
                L_Alarm_V2_Shadow_First_Diff_Slot := L_i;
            END_IF;
        END_IF;
    END_FOR;
END_IF;

// 3. Обновление статуса существующих тревог (ушли ли они?)
FOR L_i := 1 TO GVL_CONSTANTS.C_MAX_ALARMS DO
    IF VO_Alarm_List[L_i].ID <> 0 THEN
        IF VO_Alarm_List[L_i].Source = 'Gas' THEN VO_Alarm_List[L_i].Is_Active := VI_Gas_Alarm;
        ELSIF VO_Alarm_List[L_i].Source = 'Fire' THEN VO_Alarm_List[L_i].Is_Active := VI_Fire_Alarm;
        ELSIF VO_Alarm_List[L_i].Source = 'Flood' THEN VO_Alarm_List[L_i].Is_Active := VI_Flood_Alarm;
        ELSIF VO_Alarm_List[L_i].Source = 'Security' THEN VO_Alarm_List[L_i].Is_Active := VI_Security_Alarm;
        ELSIF VO_Alarm_List[L_i].Source = 'Diagnostics' THEN VO_Alarm_List[L_i].Is_Active := VI_First_Fault_Active;
        ELSIF VO_Alarm_List[L_i].Source = 'Boiler' THEN 
            IF TO_INT(VO_Alarm_List[L_i].Source_ID) >= 1 AND TO_INT(VO_Alarm_List[L_i].Source_ID) <= GVL_CONSTANTS.C_MAX_BOILERS THEN
                VO_Alarm_List[L_i].Is_Active := VI_Boiler_Errors[TO_INT(VO_Alarm_List[L_i].Source_ID)];
            END_IF;
        END_IF;

=== ROOT REFERENCES ===
./FB_Alarm_Manager.st:69:    fbAlarmV2Core : FB_Alarm_V2_Core;
./FB_Alarm_V2_Core.st:1:FUNCTION_BLOCK FB_Alarm_V2_Core

=== PRELIMINARY QUESTIONS ===
1. Is FB_Alarm_V2_Core doing any meaningful mutation of alarm list or next-id?
2. Is the shadow compare still valuable if the core is a no-op?
3. Can the block be inlined or removed without changing current runtime behavior?

=== END STEP 102 ===
