]633;E;echo "=== STEP 138: REMOVE ZERO-REF GVL CANDIDATES ===";c91143c6-a704-4775-b84b-ecf25abd49a0]633;C=== STEP 138: REMOVE ZERO-REF GVL CANDIDATES ===
timestamp_utc=2026-04-17T11:47:08Z

=== EXISTENCE CHECK (BEFORE) ===
FOUND: GVL_BlackBox.gvl
FOUND: GVL_MODBUS.gvl
FOUND: GVL_TIME.gvl

=== REMOVE FILES ===
rm 'GVL_BlackBox.gvl'
rm 'GVL_MODBUS.gvl'
rm 'GVL_TIME.gvl'

=== EXISTENCE CHECK (AFTER) ===
REMOVED: GVL_BlackBox.gvl
REMOVED: GVL_MODBUS.gvl
REMOVED: GVL_TIME.gvl

=== RESIDUAL LIVE ROOT REFERENCES ===
--- GVL_BlackBox ---

--- GVL_MODBUS ---

--- GVL_TIME ---

=== PROTECTED FILES STILL UNTOUCHED ===
PRESENT: MAIN.st
PRESENT: PRG_PLC_A.st
PRESENT: PRG_PLC_B.st

=== END STEP 138 ===
