Runtime invariant audit summary
================================
STATUS: FAILED
ERRORS: 0
WARNINGS: 11
TOTAL FINDINGS: 11
STRICT MODE: True
BLOCKING FINDINGS: 11

[WARN] stale_state_safety_alarm_truth_usage @ PRG_Safety.st:62
  text: // projected GVL_STATE.G_Safety_*_Alarm compatibility fields.
  detail: GVL_STATE safety alarm fields must not replace GVL_HEALTH_BRIDGE truth for latch/alarm authority.
[WARN] stale_alarm_active_truth_usage @ FB_System_Gateway_Intent.st:31
  text: VI_Flood_Alarm_Active := GVL_ALARM.G_Flood_Alarm_Active,
  detail: Alarm active projections must not be used as authoritative safety truth; prefer GVL_HEALTH_BRIDGE.
[WARN] stale_alarm_active_truth_usage @ FB_System_Gateway_Intent.st:32
  text: VI_Gas_Alarm_Active := GVL_ALARM.G_Gas_Alarm_Active,
  detail: Alarm active projections must not be used as authoritative safety truth; prefer GVL_HEALTH_BRIDGE.
[WARN] stale_alarm_active_truth_usage @ FB_System_Gateway_Intent.st:33
  text: VI_Fire_Alarm_Active := GVL_ALARM.G_Fire_Alarm_Active,
  detail: Alarm active projections must not be used as authoritative safety truth; prefer GVL_HEALTH_BRIDGE.
[WARN] stale_alarm_active_truth_usage @ PRG_System_BlackBox.st:12
  text: L_BB_Record.Flood_Active := GVL_ALARM.G_Flood_Alarm_Active;
  detail: Alarm active projections must not be used as authoritative safety truth; prefer GVL_HEALTH_BRIDGE.
[WARN] stale_alarm_active_truth_usage @ PRG_System_BlackBox.st:13
  text: L_BB_Record.Fire_Active := GVL_ALARM.G_Fire_Alarm_Active;
  detail: Alarm active projections must not be used as authoritative safety truth; prefer GVL_HEALTH_BRIDGE.
[WARN] stale_alarm_active_truth_usage @ PRG_System_BlackBox.st:23
  text: L_BB_Freeze := GVL_ALARM.G_Gas_Alarm_Active OR GVL_ALARM.G_Fire_Alarm_Active OR GVL_ALARM.G_Flood_Alarm_Active OR GVL_SYSTEM_HEALTH.G_First_Fault_Active;
  detail: Alarm active projections must not be used as authoritative safety truth; prefer GVL_HEALTH_BRIDGE.
[WARN] stale_alarm_active_truth_usage @ PRG_Lighting.st:23
  text: L_Fire_Alarm_Active := GVL_ALARM.G_Fire_Alarm_Active OR GVL_STATE.G_Safety_Smoke_Latched;
  detail: Alarm active projections must not be used as authoritative safety truth; prefer GVL_HEALTH_BRIDGE.
[WARN] stale_alarm_active_truth_usage @ PRG_Lighting.st:89
  text: VI_Fire_Alarm := GVL_ALARM.G_Fire_Alarm_Active,
  detail: Alarm active projections must not be used as authoritative safety truth; prefer GVL_HEALTH_BRIDGE.
[WARN] stale_alarm_active_truth_usage @ PRG_Lighting.st:90
  text: VI_Flood_Alarm := GVL_ALARM.G_Flood_Alarm_Active,
  detail: Alarm active projections must not be used as authoritative safety truth; prefer GVL_HEALTH_BRIDGE.
[WARN] stale_state_safety_alarm_truth_usage @ PRG_System_Diagnostics_Ext.st:103
  text: // not stale projected GVL_STATE.G_Safety_*_Alarm compatibility fields.
  detail: GVL_STATE safety alarm fields must not replace GVL_HEALTH_BRIDGE truth for latch/alarm authority.
