]633;E;echo "=== STEP 129: INTERNAL SCAFFOLD CLEANUP CLOSURE LOG ===";c91143c6-a704-4775-b84b-ecf25abd49a0]633;C=== STEP 129: INTERNAL SCAFFOLD CLEANUP CLOSURE LOG ===
timestamp_utc=2026-04-17T10:21:05Z

=== CLEANED OWNER FILES ===
FB_Alarm_Manager.st
FB_Rule_Engine.st
FB_Socket_Manager.st
FB_DHW_Manager.st
FB_Ventilation_System_Manager.st
FB_Lighting_Blinds_Manager.st
FB_Heating_System_Manager.st

=== RESIDUAL INTERNAL SCAFFOLD SEARCH ===

=== INLINING COMMENT SEARCH ===
FB_Alarm_Manager.st:176:    // Inlined from FB_Alarm_Compatibility_Package:
FB_Rule_Engine.st:50:    // Inlined from FB_Rule_Compatibility_Package:

=== PHASE/V2 COMMENT SEARCH (COSMETIC TAILS) ===
FB_Socket_Manager.st:23:    // Socket V2 shadow (phase2)
FB_DHW_Manager.st:22:    // DHW V2 staging layer
FB_Ventilation_System_Manager.st:48:// Ventilation policy layer (phase3/v2)
FB_Lighting_Blinds_Manager.st:30:    // Blinds V2 shadow (phase2)
FB_Lighting_Blinds_Manager.st:31:    // Lighting V2 shadow (phase2)
FB_Heating_System_Manager.st:63:    // Heating V2 staging layer
FB_Heating_System_Manager.st:125:// Heating policy layer (phase2)

=== ROOT FILE PRESENCE CHECK FOR REMOVED CLASSES ===

=== ROOT REFERENCES TO REMOVED FILE CLASSES ===
--- FB_Lighting_V2_Staging ---

--- FB_Heating_V2_Staging ---

--- FB_Ventilation_V2_Staging ---

--- FB_Blinds_V2_Staging ---

--- FB_DHW_V2_Staging ---

--- FB_Socket_V2_Staging ---

--- FB_Alarm_Compatibility_Package ---
./FB_Alarm_Manager.st:176:    // Inlined from FB_Alarm_Compatibility_Package:

--- FB_History_V2_Core ---

--- FB_BlackBox_V2_Core ---

--- FB_Alarm_V2_Core ---

--- FB_Rule_Compatibility_Package ---
./FB_Rule_Engine.st:50:    // Inlined from FB_Rule_Compatibility_Package:

=== CONCLUSION ===
Internal scaffold cleanup wave is complete.
Expected remaining tails are cosmetic comments only.
Next wave can target comment cleanup / polish, not runtime scaffold.

=== END STEP 129 ===
