]633;E;echo "=== STEP 191 FIX: LIFETIME MANAGER INTEGER MATH ===";cb07821a-d34c-4035-be1a-7133cf9aa4fd]633;C=== STEP 191 FIX: LIFETIME MANAGER INTEGER MATH ===
timestamp_utc=2026-04-18T10:44:09Z

=== APPLY ===
OK: fixed FB_Lifetime_Manager to use integer math and ms accumulator

=== VERIFY ===
17:    L_Runtime_Accum_MS : UDINT;
18:    L_Nominal_Hours_UDINT : UDINT;
19:    L_Remaining_Percent_UDINT : UDINT;
41:    L_Runtime_Accum_MS := L_Runtime_Accum_MS + L_Delta_MS;
43:    WHILE L_Runtime_Accum_MS >= 3600000 DO
45:        L_Runtime_Accum_MS := L_Runtime_Accum_MS - 3600000;
50:L_Nominal_Hours_UDINT := REAL_TO_UDINT(VI_Nominal_Hours);
52:IF L_Nominal_Hours_UDINT > 0 THEN
53:    IF VIO_Status.runtime_hours >= L_Nominal_Hours_UDINT THEN
57:        VIO_Status.remaining_hours := L_Nominal_Hours_UDINT - VIO_Status.runtime_hours;
58:        L_Remaining_Percent_UDINT := (VIO_Status.remaining_hours * 100) / L_Nominal_Hours_UDINT;
60:        IF L_Remaining_Percent_UDINT > 100 THEN
61:            L_Remaining_Percent_UDINT := 100;
64:        VIO_Status.remaining_percent := UDINT_TO_BYTE(L_Remaining_Percent_UDINT);

FUNCTION_BLOCK FB_Lifetime_Manager
VAR_INPUT
    VI_System_Time_MS : UDINT;
    VI_Device_Active  : BOOL;
    VI_Device_ID      : BYTE;
    VI_Nominal_Hours : REAL;
END_VAR

VAR_IN_OUT
    VIO_Status : ST_Lifetime_Status;
END_VAR

VAR
    L_Last_Time : UDINT;
    L_Prev_State : BOOL;
    L_Delta_MS : UDINT;
    L_Runtime_Accum_MS : UDINT;
    L_Nominal_Hours_UDINT : UDINT;
    L_Remaining_Percent_UDINT : UDINT;
END_VAR

// === DELTA TIME ===
IF VI_System_Time_MS >= L_Last_Time THEN
    L_Delta_MS := VI_System_Time_MS - L_Last_Time;
ELSE
    // overflow
    L_Delta_MS := (4294967295 - L_Last_Time) + VI_System_Time_MS + 1;
END_IF;

L_Last_Time := VI_System_Time_MS;

// === START COUNT ===
IF VI_Device_Active AND NOT L_Prev_State THEN
    VIO_Status.start_count := VIO_Status.start_count + 1;
END_IF;

L_Prev_State := VI_Device_Active;

// === RUNTIME ACCUMULATION ===
IF VI_Device_Active THEN
    L_Runtime_Accum_MS := L_Runtime_Accum_MS + L_Delta_MS;

    WHILE L_Runtime_Accum_MS >= 3600000 DO
        VIO_Status.runtime_hours := VIO_Status.runtime_hours + 1;
        L_Runtime_Accum_MS := L_Runtime_Accum_MS - 3600000;
    END_WHILE;
END_IF;

// === BASIC LIFETIME ESTIMATION ===
L_Nominal_Hours_UDINT := REAL_TO_UDINT(VI_Nominal_Hours);

IF L_Nominal_Hours_UDINT > 0 THEN
    IF VIO_Status.runtime_hours >= L_Nominal_Hours_UDINT THEN
        VIO_Status.remaining_hours := 0;
        VIO_Status.remaining_percent := 0;
    ELSE
        VIO_Status.remaining_hours := L_Nominal_Hours_UDINT - VIO_Status.runtime_hours;
        L_Remaining_Percent_UDINT := (VIO_Status.remaining_hours * 100) / L_Nominal_Hours_UDINT;

        IF L_Remaining_Percent_UDINT > 100 THEN
            L_Remaining_Percent_UDINT := 100;
        END_IF;

        VIO_Status.remaining_percent := UDINT_TO_BYTE(L_Remaining_Percent_UDINT);
    END_IF;
ELSE
    VIO_Status.remaining_hours := 0;
    VIO_Status.remaining_percent := 0;
END_IF;

VIO_Status.maintenance_required := VIO_Status.remaining_percent <= 20;

// === BASIC FLAGS ===
VIO_Status.device_id := VI_Device_ID;
VIO_Status.last_calc_timestamp := VI_System_Time_MS;

END_FUNCTION_BLOCK

=== END STEP 191 FIX ===
