]633;E;echo "=== STEP 43: FIX GATEWAY CASE ROUTING ===";f1165683-fe3b-4368-874e-5c1706c7b9d6]633;C=== STEP 43: FIX GATEWAY CASE ROUTING ===
timestamp_utc=2026-04-16T18:32:56Z

=== BEFORE ===
                VO_HMI_Status_Message := 'Gateway: Уставка температуры изменена';
            END_IF;
        E_Gateway_Command_Type.CMD_SET_VENT: // Управление вентиляцией
            // Пример: изменение скорости притока
            VO_Set_Vent_Req := TRUE;
            VO_Target_Vent_Speed := TO_BYTE(L_Process_Command.target_value);
            VO_HMI_Status_Message := 'Gateway: Уставка вентиляции изменена';
        E_Gateway_Command_Type.CMD_TELEGRAM_MSG: // Отправка сообщения в Telegram
            VO_Telegram_Msg := L_Process_Command.telegram_msg;
            VO_Send_Telegram := TRUE;
            VO_HMI_Status_Message := 'Gateway: Сообщение Telegram отправлено';
            VO_Sync_Time_Req := TRUE;
            VO_New_Time_MS := TO_UDINT(L_Process_Command.target_value);
            VO_HMI_Status_Message := 'Gateway: Время синхронизировано';
        END_CASE;
    END_IF;
ELSE
    VO_HMI_Status_Message := 'Gateway: Ошибка CRC команды';
END_IF;
END_IF;
// >>> BULK_SYNC_ANCHOR: FB_Gateway_Interface <<<

=== APPLY ===
OK: gateway CASE routing fixed for telegram/sync/reset/config

=== AFTER ===
                VO_HMI_Status_Message := 'Gateway: Уставка температуры изменена';
            END_IF;
        E_Gateway_Command_Type.CMD_SET_VENT: // Управление вентиляцией
            // Пример: изменение скорости притока
            VO_Set_Vent_Req := TRUE;
            VO_Target_Vent_Speed := TO_BYTE(L_Process_Command.target_value);
            VO_HMI_Status_Message := 'Gateway: Уставка вентиляции изменена';
        E_Gateway_Command_Type.CMD_TELEGRAM_MSG: // Отправка сообщения в Telegram
            VO_Telegram_Msg := L_Process_Command.telegram_msg;
            VO_Send_Telegram := TRUE;
            VO_HMI_Status_Message := 'Gateway: Сообщение Telegram отправлено';

        E_Gateway_Command_Type.CMD_SYNC_TIME: // Синхронизация времени
            VO_Sync_Time_Req := TRUE;
            VO_New_Time_MS := TO_UDINT(L_Process_Command.target_value);
            VO_HMI_Status_Message := 'Gateway: Время синхронизировано';

        E_Gateway_Command_Type.CMD_RESET_ERRORS: // Квитирование / сброс ошибок
            VO_Reset_Errors_Req := TRUE;
            VO_HMI_Status_Message := 'Gateway: Запрос на сброс ошибок принят';

        E_Gateway_Command_Type.CMD_SET_CONFIG: // Применение конфигурации
            VO_Set_Config_Req := TRUE;
            VO_HMI_Status_Message := 'Gateway: Запрос на применение конфигурации принят';
        END_CASE;
    END_IF;
ELSE
    VO_HMI_Status_Message := 'Gateway: Ошибка CRC команды';
END_IF;

=== VERIFY KEY OUTPUTS ===
307:        E_Gateway_Command_Type.CMD_TELEGRAM_MSG: // Отправка сообщения в Telegram
312:        E_Gateway_Command_Type.CMD_SYNC_TIME: // Синхронизация времени
313:            VO_Sync_Time_Req := TRUE;
317:        E_Gateway_Command_Type.CMD_RESET_ERRORS: // Квитирование / сброс ошибок
318:            VO_Reset_Errors_Req := TRUE;
321:        E_Gateway_Command_Type.CMD_SET_CONFIG: // Применение конфигурации
322:            VO_Set_Config_Req := TRUE;

=== DIFF ===
diff --git a/FB_Gateway_Interface.st b/FB_Gateway_Interface.st
index 33f4bf0..87e45f8 100644
--- a/FB_Gateway_Interface.st
+++ b/FB_Gateway_Interface.st
@@ -308,9 +308,19 @@ IF L_Has_Command_To_Process THEN
             VO_Telegram_Msg := L_Process_Command.telegram_msg;
             VO_Send_Telegram := TRUE;
             VO_HMI_Status_Message := 'Gateway: Сообщение Telegram отправлено';
+
+        E_Gateway_Command_Type.CMD_SYNC_TIME: // Синхронизация времени
             VO_Sync_Time_Req := TRUE;
             VO_New_Time_MS := TO_UDINT(L_Process_Command.target_value);
             VO_HMI_Status_Message := 'Gateway: Время синхронизировано';
+
+        E_Gateway_Command_Type.CMD_RESET_ERRORS: // Квитирование / сброс ошибок
+            VO_Reset_Errors_Req := TRUE;
+            VO_HMI_Status_Message := 'Gateway: Запрос на сброс ошибок принят';
+
+        E_Gateway_Command_Type.CMD_SET_CONFIG: // Применение конфигурации
+            VO_Set_Config_Req := TRUE;
+            VO_HMI_Status_Message := 'Gateway: Запрос на применение конфигурации принят';
         END_CASE;
     END_IF;
 ELSE

=== END STEP 43 ===
