]633;E;echo "=== STEP 26: PRG_SYSTEM EVENT AND CONTROL FINAL STATE ===";efb6d0e6-aaa4-469c-84e4-0cc7d1f7ffb4]633;C=== STEP 26: PRG_SYSTEM EVENT AND CONTROL FINAL STATE ===
timestamp_utc=2026-04-16T17:53:03Z

=== KEY STATE VARS ===
44:    L_Dangerous_Action_Armed : BOOL;
45:    L_Dangerous_Action_Deadline_MS : UDINT;
46:    L_Maintenance_Apply_Intent : BOOL;
58:    L_Last_Policy_Event_Time_MS : UDINT;
67:L_IO_Fault_Prev : BOOL;
71:L_Mode_Prev : E_System_Operating_Mode;
72:L_User_Access_Denied_Prev : BOOL;
614:            IF (L_Last_Policy_Event_Time_MS = 0) OR
615:               ((GVL_STATUS.G_System_Time_MS - L_Last_Policy_Event_Time_MS) >= 5000) THEN
622:                L_Last_Policy_Event_Time_MS := GVL_STATUS.G_System_Time_MS;
641:                IF (L_Last_Policy_Event_Time_MS = 0) OR
642:                   ((GVL_STATUS.G_System_Time_MS - L_Last_Policy_Event_Time_MS) >= 5000) THEN
649:                    L_Last_Policy_Event_Time_MS := GVL_STATUS.G_System_Time_MS;
658:                IF (L_Last_Policy_Event_Time_MS = 0) OR
659:                   ((GVL_STATUS.G_System_Time_MS - L_Last_Policy_Event_Time_MS) >= 5000) THEN
666:                    L_Last_Policy_Event_Time_MS := GVL_STATUS.G_System_Time_MS;
875:L_Maintenance_Apply_Intent := FALSE;
880:    IF NOT L_Dangerous_Action_Armed THEN
889:    L_Dangerous_Action_Armed := TRUE;
890:    L_Dangerous_Action_Deadline_MS := GVL_STATUS.G_System_Time_MS + 15000;
892:    GVL_STATUS.G_Diagnostics.Dangerous_Action_Confirm_Deadline_MS := L_Dangerous_Action_Deadline_MS;
895:IF L_Dangerous_Action_Armed AND (GVL_STATUS.G_System_Time_MS > L_Dangerous_Action_Deadline_MS) THEN
896:    L_Dangerous_Action_Armed := FALSE;
897:    L_Maintenance_Apply_Intent := FALSE;
902:   L_Dangerous_Action_Armed AND
904:    L_Maintenance_Apply_Intent := TRUE;
913:    L_Dangerous_Action_Armed := FALSE;
919:IF L_Maintenance_Apply_Intent THEN
935:        IF NOT L_User_Access_Denied_Prev THEN
948:        L_Dangerous_Action_Armed := FALSE;
954:L_User_Access_Denied_Prev := GVL_STATUS.G_Diagnostics.User_Access_Denied;
1037:IF fbSystemHealth.VO_IO_Fault AND NOT L_IO_Fault_Prev THEN
1046:IF NOT fbSystemHealth.VO_IO_Fault AND L_IO_Fault_Prev THEN
1055:L_IO_Fault_Prev := fbSystemHealth.VO_IO_Fault;
1058:IF GVL_STATE.G_System_Mode <> L_Mode_Prev THEN
1062:        VI_Param1 := TO_UDINT(L_Mode_Prev),
1067:L_Mode_Prev := GVL_STATE.G_System_Mode;

=== ALL fbLogEvent TYPES ===
617:                    VI_Event_Type := 5,
644:                        VI_Event_Type := 6,
661:                        VI_Event_Type := 7,
829:        VI_Event_Type := 1,
882:            VI_Event_Type := 8,
907:        VI_Event_Type := 9,
937:                VI_Event_Type := 10,
1039:        VI_Event_Type := 2,
1048:        VI_Event_Type := 3,
1060:        VI_Event_Type := 4,

=== SCENARIO POLICY BLOCKS ===
// === CONTEXT FAIL-SAFE AUTOMATION ===
// If security is armed and no explicit source is requesting another scenario,
// force safe occupancy context to AWAY while system remains in MODE_NORMAL.
IF GVL_STATE.G_System_Mode = E_System_Operating_Mode.MODE_NORMAL THEN
    IF GVL_ALARM.G_Security_Armed AND
       (L_Scenario_Req_Operator = E_SCENARIO_TYPE.SCENARIO_NONE) AND
       (L_Scenario_Req_Gateway = E_SCENARIO_TYPE.SCENARIO_NONE) AND
       (L_Scenario_Req_Rule = E_SCENARIO_TYPE.SCENARIO_NONE) AND
       (L_Scenario_Intent <> E_SCENARIO_TYPE.SCENARIO_AWAY) THEN

        IF L_Scenario_Intent <> E_SCENARIO_TYPE.SCENARIO_AWAY THEN
            L_Scenario_Intent := E_SCENARIO_TYPE.SCENARIO_AWAY;
            L_Scenario_Source := SRC_POLICY;

            IF (L_Last_Policy_Event_Time_MS = 0) OR
               ((GVL_STATUS.G_System_Time_MS - L_Last_Policy_Event_Time_MS) >= 5000) THEN
                fbLogEvent(
                    VI_Event_Type := 5,
                    VI_Timestamp := GVL_STATUS.G_System_Time_MS,
                    VI_Param1 := TO_UDINT(L_Scenario_Source),
                    VI_Param2 := TO_UDINT(E_SCENARIO_TYPE.SCENARIO_AWAY)
                );
                L_Last_Policy_Event_Time_MS := GVL_STATUS.G_System_Time_MS;
            END_IF;
        END_IF;
    END_IF;
END_IF;

// === DEGRADED-AWARE SCENARIO ADAPTATION ===
// Soft adaptation in degraded mode: keep explicit requests intact,
// but if no source is requesting a scenario, move behavior to a safer baseline.
IF GVL_STATE.G_System_Mode = E_System_Operating_Mode.MODE_DEGRADED THEN
    IF (L_Scenario_Req_Operator = E_SCENARIO_TYPE.SCENARIO_NONE) AND
       (L_Scenario_Req_Gateway = E_SCENARIO_TYPE.SCENARIO_NONE) AND
       (L_Scenario_Req_Rule = E_SCENARIO_TYPE.SCENARIO_NONE) THEN

        IF GVL_ALARM.G_Security_Armed THEN
            IF L_Scenario_Intent <> E_SCENARIO_TYPE.SCENARIO_AWAY THEN
                L_Scenario_Intent := E_SCENARIO_TYPE.SCENARIO_AWAY;
                L_Scenario_Source := SRC_POLICY;

                IF (L_Last_Policy_Event_Time_MS = 0) OR
                   ((GVL_STATUS.G_System_Time_MS - L_Last_Policy_Event_Time_MS) >= 5000) THEN
                    fbLogEvent(
                        VI_Event_Type := 6,
                        VI_Timestamp := GVL_STATUS.G_System_Time_MS,
                        VI_Param1 := TO_UDINT(L_Scenario_Source),
                        VI_Param2 := TO_UDINT(E_SCENARIO_TYPE.SCENARIO_AWAY)
                    );
                    L_Last_Policy_Event_Time_MS := GVL_STATUS.G_System_Time_MS;
                END_IF;
            END_IF;

        ELSIF L_Scenario_Intent = E_SCENARIO_TYPE.SCENARIO_PRESENCE THEN
            IF L_Scenario_Intent <> E_SCENARIO_TYPE.SCENARIO_SLEEP THEN
                L_Scenario_Intent := E_SCENARIO_TYPE.SCENARIO_SLEEP;
                L_Scenario_Source := SRC_POLICY;

                IF (L_Last_Policy_Event_Time_MS = 0) OR
                   ((GVL_STATUS.G_System_Time_MS - L_Last_Policy_Event_Time_MS) >= 5000) THEN
                    fbLogEvent(
                        VI_Event_Type := 7,
                        VI_Timestamp := GVL_STATUS.G_System_Time_MS,
                        VI_Param1 := TO_UDINT(L_Scenario_Source),
                        VI_Param2 := TO_UDINT(E_SCENARIO_TYPE.SCENARIO_SLEEP)
                    );

=== SCENARIO TRANSITION HISTORY+LOG BLOCK ===
ELSIF fbSystemHealth.VO_Root_Cause <> L_Last_Root_Cause THEN
    L_History_Write_Event := TRUE;
    L_History_Event.event_code := 1102; // Root cause changed
    L_History_Event.event_value := TO_REAL(TO_INT(fbSystemHealth.VO_Root_Cause));
    L_History_Event.unit := 2; // root cause enum domain
    L_History_Event.zone_id := TO_BYTE(fbSystemHealth.VO_First_Fault_Source);
    L_History_Event.priority := E_ALERT_PRIORITY.ALERT_PRIORITY_HIGH;
    L_Last_Root_Cause := fbSystemHealth.VO_Root_Cause;

ELSIF fbSystemHealth.VO_First_Fault_Source <> L_Last_First_Fault_Source THEN
    L_History_Write_Event := TRUE;
    L_History_Event.event_code := 1103; // First fault source changed
    L_History_Event.event_value := TO_REAL(fbSystemHealth.VO_First_Fault_Source);
    L_History_Event.unit := 3; // root cause source domain
    L_History_Event.zone_id := TO_BYTE(fbSystemHealth.VO_First_Fault_Source);
    L_History_Event.priority := E_ALERT_PRIORITY.ALERT_PRIORITY_HIGH;
    L_Last_First_Fault_Source := fbSystemHealth.VO_First_Fault_Source;

ELSIF GVL_STATUS.G_Current_Scenario <> GVL_STATUS.G_Previous_Scenario THEN
    L_History_Write_Event := TRUE;
    L_History_Event.event_code := 1001; // Scenario transition
    L_History_Event.event_value := TO_REAL(GVL_STATUS.G_Current_Scenario);
    L_History_Event.unit := 4; // scenario domain
    L_History_Event.zone_id := 0;
    L_History_Event.priority := E_ALERT_PRIORITY.ALERT_PRIORITY_HIGH;

=== DANGEROUS ACTION BLOCK ===
        L_Last_Event_Code := L_History_Event.event_code;
        L_Last_Event_Value := L_History_Event.event_value;
        L_Last_Event_Time_MS := GVL_STATUS.G_System_Time_MS;
    END_IF;
END_IF;

fbHistoryManager(
    VI_System_Time_MS := GVL_STATUS.G_System_Time_MS,
    VI_Write_Event := L_History_Write_Event,
    VI_Event := L_History_Event
);


L_Maintenance_Apply_Intent := FALSE;

// Dangerous action confirmation flow
IF GVL_COMMAND.CMD_Dangerous_Action_Request AND (GVL_COMMAND.CMD_User_Access_Level >= 2) THEN

    IF NOT L_Dangerous_Action_Armed THEN
        fbLogEvent(
            VI_Event_Type := 8,
            VI_Timestamp := GVL_STATUS.G_System_Time_MS,
            VI_Param1 := TO_UDINT(GVL_COMMAND.CMD_User_Access_Level),
            VI_Param2 := 1
        );
    END_IF;

    L_Dangerous_Action_Armed := TRUE;
    L_Dangerous_Action_Deadline_MS := GVL_STATUS.G_System_Time_MS + 15000;
    GVL_STATUS.G_Diagnostics.Dangerous_Action_Pending_Confirm := TRUE;
    GVL_STATUS.G_Diagnostics.Dangerous_Action_Confirm_Deadline_MS := L_Dangerous_Action_Deadline_MS;
    GVL_STATUS.G_Diagnostics.Dangerous_Action_Confirm_Text := 'Подтвердите опасное действие в течение 15 секунд';
END_IF;
IF L_Dangerous_Action_Armed AND (GVL_STATUS.G_System_Time_MS > L_Dangerous_Action_Deadline_MS) THEN
    L_Dangerous_Action_Armed := FALSE;
    L_Maintenance_Apply_Intent := FALSE;
    GVL_STATUS.G_Diagnostics.Dangerous_Action_Pending_Confirm := FALSE;
    GVL_STATUS.G_Diagnostics.Dangerous_Action_Confirm_Text := 'Окно подтверждения истекло';
END_IF;
IF GVL_COMMAND.CMD_Dangerous_Action_Confirm AND
   L_Dangerous_Action_Armed AND
   (GVL_COMMAND.CMD_User_Access_Level >= 2) THEN
    L_Maintenance_Apply_Intent := TRUE;

    fbLogEvent(
        VI_Event_Type := 9,
        VI_Timestamp := GVL_STATUS.G_System_Time_MS,
        VI_Param1 := TO_UDINT(GVL_COMMAND.CMD_User_Access_Level),
        VI_Param2 := 1
    );

    L_Dangerous_Action_Armed := FALSE;
    GVL_STATUS.G_Diagnostics.Dangerous_Action_Pending_Confirm := FALSE;
    GVL_STATUS.G_Diagnostics.Dangerous_Action_Confirm_Text := 'Опасное действие подтверждено оператором';
END_IF;

// HMI maintenance mode control (confirmation-aware)
IF L_Maintenance_Apply_Intent THEN
    FOR L_i := 1 TO GVL_CONSTANTS.C_MAX_MANIFOLDS DO
        GVL_CONFIG.G_Manifold_Pump_In_Service[L_i] := GVL_COMMAND.CMD_Set_Manifold_Pump_In_Service[L_i];
    END_FOR;
    GVL_CONFIG.G_DHW_Heating_Pump_In_Service := GVL_COMMAND.CMD_Set_DHW_Heating_Pump_In_Service;
    GVL_CONFIG.G_DHW_Circ_Pump_In_Service := GVL_COMMAND.CMD_Set_DHW_Circ_Pump_In_Service;
END_IF;

// Access level enforcement for dangerous actions
GVL_STATUS.G_Diagnostics.User_Access_Level_Active := GVL_COMMAND.CMD_User_Access_Level;
GVL_STATUS.G_Diagnostics.User_Access_Denied := FALSE;
GVL_STATUS.G_Diagnostics.User_Access_Deny_Reason := '';
GVL_STATUS.G_Diagnostics.Operator_Action_Blocked := FALSE;
GVL_STATUS.G_Diagnostics.Operator_Block_Reason := '';
IF GVL_COMMAND.CMD_Dangerous_Action_Request OR GVL_COMMAND.CMD_Dangerous_Action_Confirm THEN
    IF GVL_COMMAND.CMD_User_Access_Level < 2 THEN
        IF NOT L_User_Access_Denied_Prev THEN
            fbLogEvent(
                VI_Event_Type := 10,
                VI_Timestamp := GVL_STATUS.G_System_Time_MS,
                VI_Param1 := TO_UDINT(GVL_COMMAND.CMD_User_Access_Level),
                VI_Param2 := 2

=== FAULT / MODE EVENT BLOCK ===

L_Persist_Struct.DHW_Heating_Pump := GVL_STATE.G_DHW_Heating_Pump;
L_Persist_Struct.Valid := TRUE;

// mirror to legacy persistent variables
GVL_PERSISTENT.P_System_Mode := L_Persist_Struct.System_Mode;

GVL_PERSISTENT.P_Safety_Gas_Latched := L_Persist_Struct.Safety_Gas_Latched;
GVL_PERSISTENT.P_Safety_Smoke_Latched := L_Persist_Struct.Safety_Smoke_Latched;
GVL_PERSISTENT.P_Safety_Leak_Latched := L_Persist_Struct.Safety_Leak_Latched;

GVL_PERSISTENT.P_DHW_Heating_Active := L_Persist_Struct.DHW_Heating_Pump;
GVL_PERSISTENT.P_Valid := L_Persist_Struct.Valid;

// >>> BULK_SYNC_ANCHOR: PRG_System <<<

// === EVENT LOGGING: FAULTS ===

// IO
IF fbSystemHealth.VO_IO_Fault AND NOT L_IO_Fault_Prev THEN
    fbLogEvent(
        VI_Event_Type := 2,
        VI_Timestamp := GVL_STATUS.G_System_Time_MS,
        VI_Param1 := 1,
        VI_Param2 := 1
    );
END_IF;

IF NOT fbSystemHealth.VO_IO_Fault AND L_IO_Fault_Prev THEN
    fbLogEvent(
        VI_Event_Type := 3,
        VI_Timestamp := GVL_STATUS.G_System_Time_MS,
        VI_Param1 := 1,
        VI_Param2 := 0
    );
END_IF;

L_IO_Fault_Prev := fbSystemHealth.VO_IO_Fault;


=== END STEP 26 ===
