]633;E;echo "=== STEP 88: INLINE SOCKET V2 STAGING INTO MANAGER ===";10d0c29c-b3a2-4a8b-83d2-50752c6e8f09]633;C=== STEP 88: INLINE SOCKET V2 STAGING INTO MANAGER ===
timestamp_utc=2026-04-17T05:45:42Z

=== BEFORE ===
24:    fbSocketV2Staging : FB_Socket_V2_Staging;
113:fbSocketV2Staging(

=== APPLY ===
OK: inlined socket V2 staging logic into FB_Socket_Manager.st

=== AFTER ===
24:    fbSocketV2Staging : FB_Socket_V2_Staging;

=== ROOT REFERENCES ===
./FB_Socket_Manager.st:24:    fbSocketV2Staging : FB_Socket_V2_Staging;
./FB_Socket_Manager.st:112:// Inlined from FB_Socket_V2_Staging
./FB_Socket_V2_Staging.st:1:FUNCTION_BLOCK FB_Socket_V2_Staging

=== DIFF ===
diff --git a/FB_Socket_Manager.st b/FB_Socket_Manager.st
index cc25013..f439ff6 100644
--- a/FB_Socket_Manager.st
+++ b/FB_Socket_Manager.st
@@ -109,23 +109,11 @@ VO_Internal_States := L_Internal_State;
 
 // ========================================
 // Socket V2 shadow execution (phase2)
+// Inlined from FB_Socket_V2_Staging
 // ========================================
-fbSocketV2Staging(
-    VI_Socket_ID := 1,
-    VI_Enable := TRUE,
-    VI_Target_State := VO_Socket_States[1],
-    VI_Manual_Override := VI_Manual_Override[1],
-    VI_Safety_Lock := (VI_Fire_Alarm OR VI_Flood_Alarm),
-    VI_Scenario_ID := TO_INT(VI_Scenario),
-
-    VI_Is_On := VO_Socket_States[1],
-    VI_Manual_Override_Active := VI_Manual_Override[1],
-    VI_Safety_Blocked := (VI_Fire_Alarm OR VI_Flood_Alarm),
-    VI_Alarm_Active := (VI_Fire_Alarm OR VI_Flood_Alarm),
-
-    VO_Command_Shadow => L_Socket_V2_Command_Shadow,
-    VO_State_Shadow => L_Socket_V2_State_Shadow
-);
+L_Socket_V2_Command_Shadow.Target_State := VO_Socket_States[1];
+L_Socket_V2_State_Shadow.Is_On := VO_Socket_States[1];
+L_Socket_V2_State_Shadow.Safety_Blocked := (VI_Fire_Alarm OR VI_Flood_Alarm);
 
 // ========================================
 // Socket V2 shadow validation

=== END STEP 88 ===
