]633;E;echo "=== STEP 63: ROOT ONLY TRANSITION INVENTORY ===";f1165683-fe3b-4368-874e-5c1706c7b9d6]633;C=== STEP 63: ROOT ONLY TRANSITION INVENTORY ===
timestamp_utc=2026-04-16T19:41:13Z

=== ROOT FILES (TOP LEVEL ONLY) ===
AGENTS.md
E_ALERT_PRIORITY.dut
E_Debug_Log_Level.dut
E_Gateway_Command_Type.dut
E_Lifetime_Device_Type.dut
E_Outdoor_Mode.dut
E_PLC_ROLE.dut
E_Rule_Action_Type.dut
E_Rule_Comparison.dut
E_Rule_Condition_Type.dut
E_SCENARIO_SOURCE.dut
E_SCENARIO_TYPE.dut
E_SENSOR_TYPE.dut
E_System_Operating_Mode.dut
E_System_Root_Cause.dut
E_System_Severity.dut
E_Trend_Parameter_Type.dut
E_TwoFactor_Method.dut
E_VALVE_TYPE.dut
E_VENTILATION_LOCATION.dut
E_VENTILATION_UNIT_TYPE.dut
E_Valve_Test_Result.dut
E_WEATHER_COMPENSATION_METHOD.dut
E_Zone_Access_Level.dut
FB_AccessCode_Manager.st
FB_Access_Control.st
FB_Alarm_Compatibility_Package.st
FB_Alarm_Manager.st
FB_Alarm_V2_Core.st
FB_Analog_Validator.st
FB_Astro_Timer.st
FB_BlackBox_Recorder.st
FB_BlackBox_V2_Core.st
FB_Blinds_V2_Staging.st
FB_Boiler_Cascade_Manager.st
FB_Boiler_OpenTherm_Interface.st
FB_CO_Detector.st
FB_CRC32_Calculator.st
FB_Calibration_Manager.st
FB_Command_Deduplication.st
FB_CoreKernel_Live_Observer.st
FB_DHW_Manager.st
FB_DHW_V2_Staging.st
FB_Debug_Logger.st
FB_Device_Predictive_Diag.st
FB_DryRun_Assertion_Map.st
FB_DryRun_Simulation_Harness.st
FB_Emergency_Valve_Open.st
FB_Exhaust_Ventilation_Controller.st
FB_Fault_Logger.st
FB_FloorHeating_Controller.st
FB_FloorHeating_Freeze_Protection.st
FB_FloorHeating_Overheat_Protection.st
FB_Gas_Methane_Detector.st
FB_Gas_Smoke_Manager.st
FB_Gas_Valve_Controller.st
FB_Gateway_Interface.st
FB_HMAC_SHA1.st
FB_HMI_Interface.st
FB_Heating_System_Manager.st
FB_Heating_V2_Staging.st
FB_History_Manager.st
FB_History_V2_Core.st
FB_IO_Module_Watchdog.st
FB_Lifetime_Predictor.st
FB_Lighting_Blinds_Manager.st
FB_Lighting_V2_Staging.st
FB_LogEvent.st
FB_Maintenance_Access.st
FB_Manifold_Pump_Controller.st
FB_Manual_Valve_Control.st
FB_NVRAM_Manager.st
FB_Outdoor_Lighting_Controller.st
FB_PID_Controller.st
FB_PLC_Heartbeat.st
FB_Pre_Departure_Heating.st
FB_Presence_Playback.st
FB_Presence_Simulator.st
FB_Random_Generator.st
FB_Redundancy_Manager.st
FB_Rule_Compatibility_Package.st
FB_Rule_Engine.st
FB_SHA1.st
FB_Safety_Manager.st
FB_Scenario_Manager.st
FB_Scenario_Transition_Controller.st
FB_Scenario_Transition_Guard.st
FB_Security_Alarm.st
FB_Security_System_Manager.st
FB_Sensor_Analog_Processing.st
FB_Sensor_Calibration.st
FB_Sensor_Calibration_Processor.st
FB_Sensor_Distribution.st
FB_Simulation_Manager.st
FB_Smoke_Detector.st
FB_Socket_Manager.st
FB_Socket_V2_Staging.st
FB_State_Manager.st
FB_State_Manager_MVP.st
FB_State_Replication.st
FB_State_Snapshot_Manager.st
FB_State_Snapshot_NVRAM.st
FB_Supply_Ventilation_Controller.st
FB_System_Health.st
FB_System_Timer.st
FB_System_Timer_TOF.st
FB_Trend_Analyzer.st
FB_Trend_Logger.st
FB_TwoFactor_Auth.st
FB_Valve_Test.st
FB_Valve_Test_Manager.st
FB_Ventilation_System_Manager.st
FB_Ventilation_V2_Staging.st
FB_Watchdog.st
FB_Water_Leakage_Manager.st
FB_Water_Valve_Controller.st
FB_Zone_Access_Manager.st
GVL_ALARM.gvl
GVL_BlackBox.gvl
GVL_COMMAND.gvl
GVL_CONFIG.gvl
GVL_CONSTANTS.gvl
GVL_DEBUG.gvl
GVL_EVENT.gvl
GVL_GATEWAY.gvl
GVL_HEALTH_BRIDGE.gvl
GVL_IO.gvl
GVL_MODBUS.gvl
GVL_PERSISTENT.gvl
GVL_Retain.gvl
GVL_STATE.gvl
GVL_STATUS.gvl
GVL_TIME.gvl
IValveController.st
MAIN.st
PRG_DryRun_TestRig.st
PRG_Heating.st
PRG_IO_Read.st
PRG_IO_Write.st
PRG_Lighting.st
PRG_PLC_A.st
PRG_PLC_B.st
PRG_Safety.st
PRG_Security.st
PRG_System.st
PRG_Test.st
PRG_Ventilation.st
ST_Alarm_Record.dut
ST_Astro_Time.dut
ST_BlackBox_Record.dut
ST_BlackBox_Snapshot_V2.dut
ST_Blinds_Command_V2.dut
ST_Blinds_State_V2.dut
ST_Boiler_Status.dut
ST_Component_Maintenance.dut
ST_DHW_Command_V2.dut
ST_DHW_Config.dut
ST_DHW_State_V2.dut
ST_DHW_Status.dut
ST_Debug_Log_Record.dut
ST_Debug_Logger_Config.dut
ST_Device_Health.dut
ST_EVENT.dut
ST_Flood_Config.dut
ST_Flood_Global_Config.dut
ST_FloorHeating_Circuit_Config.dut
ST_FloorHeating_Global_Config.dut
ST_FloorHeating_Manifold_Config.dut
ST_Gas_Valve_Configuration.dut
ST_Gateway_Command.dut
ST_Heating_Command_V2.dut
ST_Heating_Config.dut
ST_Heating_State_V2.dut
ST_History_Event_V2.dut
ST_History_Record.dut
ST_Lifetime_Status.dut
ST_Lighting_Command_V2.dut
ST_Lighting_State_V2.dut
ST_Maintenance_Access_Config.dut
ST_Manifold_Status.dut
ST_Operator_Zone_Rights.dut
ST_Outdoor_Zone_Config.dut
ST_Owen_Analog_Value.dut
ST_Rule.dut
ST_Rule_Action.dut
ST_Scenario_Config.dut
ST_Scenario_Transition_Config.dut
ST_Security_Global_Config.dut
ST_Security_Zone_State.dut
ST_Sensor_Calibration_Record.dut
ST_Socket_Command_V2.dut
ST_Socket_State_V2.dut
ST_State_Snapshot.dut
ST_System_Diagnostics.dut
ST_System_State_Snapshot.dut
ST_System_State_Summary.dut
ST_Tariff_Config.dut
ST_Trend_Config.dut
ST_Trend_Data.dut
ST_Trend_Header.dut
ST_Trend_History_Record.dut
ST_TwoFactor_Auth_State.dut
ST_TwoFactor_Data.dut
ST_User_Rule.dut
ST_Valve_Test_Config.dut
ST_Ventilation_Command_V2.dut
ST_Ventilation_Config.dut
ST_Ventilation_Global_Config.dut
ST_Ventilation_Scenario_Mode.dut
ST_Ventilation_State_V2.dut
ST_Ventilation_Unit.dut
ST_Ventilation_Unit_Config.dut
ST_Zone_Sensors.dut
Система умного дома.xml

=== ROOT TRANSITION-LIKE FILES ===
FB_Scenario_Transition_Guard.st
ST_Blinds_Command_V2.dut
FB_Heating_V2_Staging.st
FB_Ventilation_V2_Staging.st
FB_BlackBox_V2_Core.st
ST_Ventilation_Command_V2.dut
FB_Rule_Compatibility_Package.st
FB_Alarm_V2_Core.st
FB_DryRun_Assertion_Map.st
ST_Lighting_Command_V2.dut
FB_History_V2_Core.st
ST_Blinds_State_V2.dut
ST_BlackBox_Snapshot_V2.dut
ST_Heating_State_V2.dut
FB_DryRun_Simulation_Harness.st
ST_Ventilation_State_V2.dut
ST_Heating_Command_V2.dut
FB_DHW_V2_Staging.st
ST_Socket_State_V2.dut
FB_Alarm_Compatibility_Package.st
PRG_DryRun_TestRig.st
ST_Socket_Command_V2.dut
FB_Lighting_V2_Staging.st
ST_History_Event_V2.dut
ST_DHW_Command_V2.dut
ST_DHW_State_V2.dut
ST_Lighting_State_V2.dut
FB_Blinds_V2_Staging.st
FB_Socket_V2_Staging.st

=== ROOT CROSS-REFERENCES FOR TRANSITION-LIKE FILES ===
--- FILE: FB_Scenario_Transition_Guard.st ---
SYMBOL BASE: FB_Scenario_Transition_Guard
./FB_Scenario_Transition_Guard.st:1:FUNCTION_BLOCK FB_Scenario_Transition_Guard
./FB_Scenario_Transition_Guard.st:62:// >>> BULK_SYNC_ANCHOR: FB_Scenario_Transition_Guard <<<
./PRG_System.st:15:    fbScenarioGuard : FB_Scenario_Transition_Guard;

--- FILE: ST_Blinds_Command_V2.dut ---
SYMBOL BASE: ST_Blinds_Command_V2
./FB_Blinds_V2_Staging.st:15:    VO_Command_Shadow : ST_Blinds_Command_V2;
./FB_Lighting_Blinds_Manager.st:32:    L_Blinds_V2_Command_Shadow : ST_Blinds_Command_V2;
./ST_Blinds_Command_V2.dut:1:TYPE ST_Blinds_Command_V2 :

--- FILE: FB_Heating_V2_Staging.st ---
SYMBOL BASE: FB_Heating_V2_Staging
./FB_Heating_System_Manager.st:64:    fbHeatingV2Staging : FB_Heating_V2_Staging;
./FB_Heating_V2_Staging.st:1:FUNCTION_BLOCK FB_Heating_V2_Staging

--- FILE: FB_Ventilation_V2_Staging.st ---
SYMBOL BASE: FB_Ventilation_V2_Staging
./FB_Ventilation_System_Manager.st:45:    fbVentilationV2Staging : FB_Ventilation_V2_Staging;
./FB_Ventilation_V2_Staging.st:1:FUNCTION_BLOCK FB_Ventilation_V2_Staging

--- FILE: FB_BlackBox_V2_Core.st ---
SYMBOL BASE: FB_BlackBox_V2_Core
./FB_Alarm_Manager.st:72:    fbBlackBoxV2Core : FB_BlackBox_V2_Core;
./FB_BlackBox_V2_Core.st:1:FUNCTION_BLOCK FB_BlackBox_V2_Core

--- FILE: ST_Ventilation_Command_V2.dut ---
SYMBOL BASE: ST_Ventilation_Command_V2
./FB_Ventilation_System_Manager.st:46:    L_Vent_Command_Shadow : ST_Ventilation_Command_V2;
./FB_Ventilation_V2_Staging.st:16:    VO_Command_Shadow : ST_Ventilation_Command_V2;
./ST_Ventilation_Command_V2.dut:1:TYPE ST_Ventilation_Command_V2 : STRUCT

--- FILE: FB_Rule_Compatibility_Package.st ---
SYMBOL BASE: FB_Rule_Compatibility_Package
./FB_Rule_Compatibility_Package.st:1:FUNCTION_BLOCK FB_Rule_Compatibility_Package
./FB_Rule_Engine.st:28:    fbCompat : ARRAY[1..GVL_CONSTANTS.C_MAX_RULES] OF FB_Rule_Compatibility_Package;

--- FILE: FB_Alarm_V2_Core.st ---
SYMBOL BASE: FB_Alarm_V2_Core
./FB_Alarm_Manager.st:70:    fbAlarmV2Core : FB_Alarm_V2_Core;
./FB_Alarm_V2_Core.st:1:FUNCTION_BLOCK FB_Alarm_V2_Core

--- FILE: FB_DryRun_Assertion_Map.st ---
SYMBOL BASE: FB_DryRun_Assertion_Map
./FB_DryRun_Assertion_Map.st:1:FUNCTION_BLOCK FB_DryRun_Assertion_Map
./FB_DryRun_Assertion_Map.st:29:// >>> BULK_SYNC_ANCHOR: FB_DryRun_Assertion_Map <<<
./PRG_DryRun_TestRig.st:4:    fbDryRunAssert  : FB_DryRun_Assertion_Map;

--- FILE: ST_Lighting_Command_V2.dut ---
SYMBOL BASE: ST_Lighting_Command_V2
./FB_Lighting_Blinds_Manager.st:40:    L_Lighting_V2_Command_Shadow : ST_Lighting_Command_V2;
./FB_Lighting_V2_Staging.st:16:    VO_Command_Shadow : ST_Lighting_Command_V2;
./ST_Lighting_Command_V2.dut:1:TYPE ST_Lighting_Command_V2 : STRUCT

--- FILE: FB_History_V2_Core.st ---
SYMBOL BASE: FB_History_V2_Core
./FB_Alarm_Manager.st:71:    fbHistoryV2Core : FB_History_V2_Core;
./FB_History_V2_Core.st:1:FUNCTION_BLOCK FB_History_V2_Core

--- FILE: ST_Blinds_State_V2.dut ---
SYMBOL BASE: ST_Blinds_State_V2
./FB_Blinds_V2_Staging.st:16:    VO_State_Shadow : ST_Blinds_State_V2;
./FB_Lighting_Blinds_Manager.st:33:    L_Blinds_V2_State_Shadow : ST_Blinds_State_V2;
./ST_Blinds_State_V2.dut:1:TYPE ST_Blinds_State_V2 :

--- FILE: ST_BlackBox_Snapshot_V2.dut ---
SYMBOL BASE: ST_BlackBox_Snapshot_V2
./FB_Alarm_Manager.st:73:    L_BlackBox_V2_Snapshot_Shadow : ST_BlackBox_Snapshot_V2;
./FB_BlackBox_V2_Core.st:14:    VO_Snapshot : ST_BlackBox_Snapshot_V2;
./ST_BlackBox_Snapshot_V2.dut:1:TYPE ST_BlackBox_Snapshot_V2 : STRUCT

--- FILE: ST_Heating_State_V2.dut ---
SYMBOL BASE: ST_Heating_State_V2
./FB_Heating_System_Manager.st:66:    L_Heating_V2_State_V2 : ST_Heating_State_V2;
./FB_Heating_V2_Staging.st:17:    VO_State_Shadow : ST_Heating_State_V2;
./ST_Heating_State_V2.dut:1:TYPE ST_Heating_State_V2 : STRUCT

--- FILE: FB_DryRun_Simulation_Harness.st ---
SYMBOL BASE: FB_DryRun_Simulation_Harness
./FB_DryRun_Simulation_Harness.st:1:FUNCTION_BLOCK FB_DryRun_Simulation_Harness
./FB_DryRun_Simulation_Harness.st:79:// >>> BULK_SYNC_ANCHOR: FB_DryRun_Simulation_Harness <<<
./PRG_DryRun_TestRig.st:3:    fbDryRunHarness : FB_DryRun_Simulation_Harness;

--- FILE: ST_Ventilation_State_V2.dut ---
SYMBOL BASE: ST_Ventilation_State_V2
./FB_Ventilation_System_Manager.st:47:    L_Vent_State_Shadow : ST_Ventilation_State_V2;
./FB_Ventilation_V2_Staging.st:17:    VO_State_Shadow : ST_Ventilation_State_V2;
./ST_Ventilation_State_V2.dut:1:TYPE ST_Ventilation_State_V2 : STRUCT

--- FILE: ST_Heating_Command_V2.dut ---
SYMBOL BASE: ST_Heating_Command_V2
./FB_Heating_System_Manager.st:65:    L_Heating_V2_Command_V2 : ST_Heating_Command_V2;
./FB_Heating_V2_Staging.st:16:    VO_Command_Shadow : ST_Heating_Command_V2;
./ST_Heating_Command_V2.dut:1:TYPE ST_Heating_Command_V2 : STRUCT

--- FILE: FB_DHW_V2_Staging.st ---
SYMBOL BASE: FB_DHW_V2_Staging
./FB_DHW_Manager.st:23:    fbDHWV2Staging : FB_DHW_V2_Staging;
./FB_DHW_V2_Staging.st:1:FUNCTION_BLOCK FB_DHW_V2_Staging

--- FILE: ST_Socket_State_V2.dut ---
SYMBOL BASE: ST_Socket_State_V2
./FB_Socket_Manager.st:26:    L_Socket_V2_State_Shadow : ST_Socket_State_V2;
./FB_Socket_V2_Staging.st:16:    VO_State_Shadow : ST_Socket_State_V2;
./ST_Socket_State_V2.dut:1:TYPE ST_Socket_State_V2 : STRUCT

--- FILE: FB_Alarm_Compatibility_Package.st ---
SYMBOL BASE: FB_Alarm_Compatibility_Package
./FB_Alarm_Compatibility_Package.st:1:FUNCTION_BLOCK FB_Alarm_Compatibility_Package
./FB_Alarm_Manager.st:41:    fbCompatAlarm : ARRAY[1..GVL_CONSTANTS.C_MAX_ALARMS] OF FB_Alarm_Compatibility_Package;

--- FILE: PRG_DryRun_TestRig.st ---
SYMBOL BASE: PRG_DryRun_TestRig
./PRG_DryRun_TestRig.st:1:PROGRAM PRG_DryRun_TestRig
./PRG_DryRun_TestRig.st:27:// >>> BULK_SYNC_ANCHOR: PRG_DryRun_TestRig <<<

--- FILE: ST_Socket_Command_V2.dut ---
SYMBOL BASE: ST_Socket_Command_V2
./FB_Socket_Manager.st:25:    L_Socket_V2_Command_Shadow : ST_Socket_Command_V2;
./FB_Socket_V2_Staging.st:15:    VO_Command_Shadow : ST_Socket_Command_V2;
./ST_Socket_Command_V2.dut:1:TYPE ST_Socket_Command_V2 : STRUCT

--- FILE: FB_Lighting_V2_Staging.st ---
SYMBOL BASE: FB_Lighting_V2_Staging
./FB_Lighting_Blinds_Manager.st:39:    fbLightingV2Staging : FB_Lighting_V2_Staging;
./FB_Lighting_V2_Staging.st:1:FUNCTION_BLOCK FB_Lighting_V2_Staging

--- FILE: ST_History_Event_V2.dut ---
SYMBOL BASE: ST_History_Event_V2
./FB_Alarm_Manager.st:77:    L_History_V2_Buffer_Shadow : ARRAY[1..GVL_CONSTANTS.C_MAX_HISTORY_RECORDS] OF ST_History_Event_V2;
./FB_History_V2_Core.st:9:    VIO_History_Buffer : ARRAY[1..GVL_CONSTANTS.C_MAX_HISTORY_RECORDS] OF ST_History_Event_V2;
./ST_History_Event_V2.dut:1:TYPE ST_History_Event_V2 : STRUCT

--- FILE: ST_DHW_Command_V2.dut ---
SYMBOL BASE: ST_DHW_Command_V2
./FB_DHW_Manager.st:24:    L_DHW_V2_Command_V2 : ST_DHW_Command_V2;
./FB_DHW_V2_Staging.st:16:    VO_Command_Shadow : ST_DHW_Command_V2;
./ST_DHW_Command_V2.dut:1:TYPE ST_DHW_Command_V2 :

--- FILE: ST_DHW_State_V2.dut ---
SYMBOL BASE: ST_DHW_State_V2
./FB_DHW_Manager.st:25:    L_DHW_V2_State_V2 : ST_DHW_State_V2;
./FB_DHW_V2_Staging.st:17:    VO_State_Shadow : ST_DHW_State_V2;
./ST_DHW_State_V2.dut:1:TYPE ST_DHW_State_V2 : STRUCT

--- FILE: ST_Lighting_State_V2.dut ---
SYMBOL BASE: ST_Lighting_State_V2
./FB_Lighting_Blinds_Manager.st:41:    L_Lighting_V2_State_Shadow : ST_Lighting_State_V2;
./FB_Lighting_V2_Staging.st:17:    VO_State_Shadow : ST_Lighting_State_V2;
./ST_Lighting_State_V2.dut:1:TYPE ST_Lighting_State_V2 : STRUCT

--- FILE: FB_Blinds_V2_Staging.st ---
SYMBOL BASE: FB_Blinds_V2_Staging
./FB_Blinds_V2_Staging.st:1:FUNCTION_BLOCK FB_Blinds_V2_Staging
./FB_Lighting_Blinds_Manager.st:31:    fbBlindsV2Staging : FB_Blinds_V2_Staging;

--- FILE: FB_Socket_V2_Staging.st ---
SYMBOL BASE: FB_Socket_V2_Staging
./FB_Socket_Manager.st:24:    fbSocketV2Staging : FB_Socket_V2_Staging;
./FB_Socket_V2_Staging.st:1:FUNCTION_BLOCK FB_Socket_V2_Staging


=== ROOT PROGRAMS / MAIN-LIKE ENTRIES ===
./FB_AccessCode_Manager.st:1:FUNCTION_BLOCK FB_AccessCode_Manager
./FB_Access_Control.st:1:FUNCTION_BLOCK FB_Access_Control
./FB_Alarm_Compatibility_Package.st:1:FUNCTION_BLOCK FB_Alarm_Compatibility_Package
./FB_Alarm_Manager.st:1:FUNCTION_BLOCK FB_Alarm_Manager
./FB_Alarm_V2_Core.st:1:FUNCTION_BLOCK FB_Alarm_V2_Core
./FB_Analog_Validator.st:1:FUNCTION_BLOCK FB_Analog_Validator
./FB_Astro_Timer.st:1:FUNCTION_BLOCK FB_Astro_Timer
./FB_BlackBox_Recorder.st:1:FUNCTION_BLOCK FB_BlackBox_Recorder
./FB_BlackBox_V2_Core.st:1:FUNCTION_BLOCK FB_BlackBox_V2_Core
./FB_Blinds_V2_Staging.st:1:FUNCTION_BLOCK FB_Blinds_V2_Staging
./FB_Boiler_Cascade_Manager.st:1:FUNCTION_BLOCK FB_Boiler_Cascade_Manager
./FB_Boiler_OpenTherm_Interface.st:1:FUNCTION_BLOCK FB_Boiler_OpenTherm_Interface
./FB_CO_Detector.st:1:FUNCTION_BLOCK FB_CO_Detector
./FB_CRC32_Calculator.st:1:FUNCTION_BLOCK FB_CRC32_Calculator
./FB_Calibration_Manager.st:1:FUNCTION_BLOCK FB_Calibration_Manager
./FB_Command_Deduplication.st:1:FUNCTION_BLOCK FB_Command_Deduplication
./FB_CoreKernel_Live_Observer.st:1:FUNCTION_BLOCK FB_CoreKernel_Live_Observer
./FB_DHW_Manager.st:1:FUNCTION_BLOCK FB_DHW_Manager
./FB_DHW_V2_Staging.st:1:FUNCTION_BLOCK FB_DHW_V2_Staging
./FB_Debug_Logger.st:1:FUNCTION_BLOCK FB_Debug_Logger
./FB_Device_Predictive_Diag.st:1:FUNCTION_BLOCK FB_Device_Predictive_Diag
./FB_DryRun_Assertion_Map.st:1:FUNCTION_BLOCK FB_DryRun_Assertion_Map
./FB_DryRun_Simulation_Harness.st:1:FUNCTION_BLOCK FB_DryRun_Simulation_Harness
./FB_Emergency_Valve_Open.st:1:FUNCTION_BLOCK FB_Emergency_Valve_Open
./FB_Exhaust_Ventilation_Controller.st:1:FUNCTION_BLOCK FB_Exhaust_Ventilation_Controller
./FB_Fault_Logger.st:1:FUNCTION_BLOCK FB_Fault_Logger
./FB_FloorHeating_Controller.st:1:FUNCTION_BLOCK FB_FloorHeating_Controller
./FB_FloorHeating_Freeze_Protection.st:1:FUNCTION_BLOCK FB_FloorHeating_Freeze_Protection
./FB_FloorHeating_Overheat_Protection.st:1:FUNCTION_BLOCK FB_FloorHeating_Overheat_Protection
./FB_Gas_Methane_Detector.st:1:FUNCTION_BLOCK FB_Gas_Methane_Detector
./FB_Gas_Smoke_Manager.st:1:FUNCTION_BLOCK FB_Gas_Smoke_Manager
./FB_Gas_Valve_Controller.st:1:FUNCTION_BLOCK FB_Gas_Valve_Controller IMPLEMENTS IValveController
./FB_Gateway_Interface.st:1:FUNCTION_BLOCK FB_Gateway_Interface
./FB_HMAC_SHA1.st:1:FUNCTION_BLOCK FB_HMAC_SHA1
./FB_HMI_Interface.st:1:FUNCTION_BLOCK FB_HMI_Interface
./FB_Heating_System_Manager.st:10:FUNCTION_BLOCK FB_Heating_System_Manager
./FB_Heating_V2_Staging.st:1:FUNCTION_BLOCK FB_Heating_V2_Staging
./FB_History_Manager.st:1:FUNCTION_BLOCK FB_History_Manager
./FB_History_V2_Core.st:1:FUNCTION_BLOCK FB_History_V2_Core
./FB_IO_Module_Watchdog.st:1:FUNCTION_BLOCK FB_IO_Module_Watchdog
./FB_Lifetime_Predictor.st:1:FUNCTION_BLOCK FB_Lifetime_Predictor
./FB_Lighting_Blinds_Manager.st:1:FUNCTION_BLOCK FB_Lighting_Blinds_Manager
./FB_Lighting_V2_Staging.st:1:FUNCTION_BLOCK FB_Lighting_V2_Staging
./FB_LogEvent.st:1:FUNCTION_BLOCK FB_LogEvent
./FB_Maintenance_Access.st:1:FUNCTION_BLOCK FB_Maintenance_Access
./FB_Manifold_Pump_Controller.st:1:FUNCTION_BLOCK FB_Manifold_Pump_Controller
./FB_Manual_Valve_Control.st:1:FUNCTION_BLOCK FB_Manual_Valve_Control
./FB_NVRAM_Manager.st:1:FUNCTION_BLOCK FB_NVRAM_Manager
./FB_Outdoor_Lighting_Controller.st:1:FUNCTION_BLOCK FB_Outdoor_Lighting_Controller
./FB_PID_Controller.st:1:FUNCTION_BLOCK FB_PID_Controller
./FB_PLC_Heartbeat.st:1:FUNCTION_BLOCK FB_PLC_Heartbeat
./FB_Pre_Departure_Heating.st:1:FUNCTION_BLOCK FB_Pre_Departure_Heating
./FB_Presence_Playback.st:1:FUNCTION_BLOCK FB_Presence_Playback
./FB_Presence_Simulator.st:1:FUNCTION_BLOCK FB_Presence_Simulator
./FB_Random_Generator.st:1:FUNCTION_BLOCK FB_Random_Generator
./FB_Redundancy_Manager.st:1:FUNCTION_BLOCK FB_Redundancy_Manager
./FB_Rule_Compatibility_Package.st:1:FUNCTION_BLOCK FB_Rule_Compatibility_Package
./FB_Rule_Engine.st:1:FUNCTION_BLOCK FB_Rule_Engine
./FB_SHA1.st:1:FUNCTION_BLOCK FB_SHA1
./FB_Safety_Manager.st:1:FUNCTION_BLOCK FB_Safety_Manager
./FB_Scenario_Manager.st:1:FUNCTION_BLOCK FB_Scenario_Manager
./FB_Scenario_Transition_Controller.st:1:FUNCTION_BLOCK FB_Scenario_Transition_Controller
./FB_Scenario_Transition_Guard.st:1:FUNCTION_BLOCK FB_Scenario_Transition_Guard
./FB_Security_Alarm.st:1:FUNCTION_BLOCK FB_Security_Alarm
./FB_Security_System_Manager.st:1:FUNCTION_BLOCK FB_Security_System_Manager
./FB_Sensor_Analog_Processing.st:1:FUNCTION_BLOCK FB_Sensor_Analog_Processing
./FB_Sensor_Calibration.st:1:FUNCTION_BLOCK FB_Sensor_Calibration
./FB_Sensor_Calibration_Processor.st:1:FUNCTION_BLOCK FB_Sensor_Calibration_Processor
./FB_Sensor_Distribution.st:1:FUNCTION_BLOCK FB_Sensor_Distribution
./FB_Simulation_Manager.st:1:FUNCTION_BLOCK FB_Simulation_Manager
./FB_Smoke_Detector.st:1:FUNCTION_BLOCK FB_Smoke_Detector
./FB_Socket_Manager.st:1:FUNCTION_BLOCK FB_Socket_Manager
./FB_Socket_V2_Staging.st:1:FUNCTION_BLOCK FB_Socket_V2_Staging
./FB_State_Manager.st:1:FUNCTION_BLOCK FB_State_Manager
./FB_State_Manager_MVP.st:1:FUNCTION_BLOCK FB_State_Manager
./FB_State_Replication.st:1:FUNCTION_BLOCK FB_State_Replication
./FB_State_Snapshot_Manager.st:1:FUNCTION_BLOCK FB_State_Snapshot_Manager
./FB_State_Snapshot_NVRAM.st:1:FUNCTION_BLOCK FB_State_Snapshot_NVRAM
./FB_Supply_Ventilation_Controller.st:1:FUNCTION_BLOCK FB_Supply_Ventilation_Controller
./FB_System_Health.st:1:FUNCTION_BLOCK FB_System_Health
./FB_System_Timer.st:7:FUNCTION_BLOCK FB_System_Timer
./FB_System_Timer_TOF.st:7:FUNCTION_BLOCK FB_System_Timer_TOF
./FB_Trend_Analyzer.st:1:FUNCTION_BLOCK FB_Trend_Analyzer
./FB_Trend_Logger.st:1:FUNCTION_BLOCK FB_Trend_Logger
./FB_TwoFactor_Auth.st:1:FUNCTION_BLOCK FB_TwoFactor_Auth
./FB_Valve_Test.st:1:FUNCTION_BLOCK FB_Valve_Test
./FB_Valve_Test_Manager.st:1:FUNCTION_BLOCK FB_Valve_Test_Manager
./FB_Ventilation_System_Manager.st:1:FUNCTION_BLOCK FB_Ventilation_System_Manager
./FB_Ventilation_V2_Staging.st:1:FUNCTION_BLOCK FB_Ventilation_V2_Staging
./FB_Watchdog.st:1:FUNCTION_BLOCK FB_Watchdog
./FB_Water_Leakage_Manager.st:1:FUNCTION_BLOCK FB_Water_Leakage_Manager
./FB_Water_Valve_Controller.st:1:FUNCTION_BLOCK FB_Water_Valve_Controller IMPLEMENTS IValveController
./FB_Zone_Access_Manager.st:1:FUNCTION_BLOCK FB_Zone_Access_Manager
./MAIN.st:1:PROGRAM MAIN
./PRG_DryRun_TestRig.st:1:PROGRAM PRG_DryRun_TestRig
./PRG_Heating.st:1:PROGRAM PRG_Heating
./PRG_IO_Read.st:1:PROGRAM PRG_IO_Read
./PRG_IO_Write.st:1:PROGRAM PRG_IO_Write
./PRG_Lighting.st:1:PROGRAM PRG_Lighting
./PRG_PLC_A.st:1:PROGRAM PRG_PLC_A
./PRG_PLC_B.st:1:PROGRAM PRG_PLC_B
./PRG_Safety.st:1:PROGRAM PRG_Safety
./PRG_Security.st:1:PROGRAM PRG_Security
./PRG_System.st:1:PROGRAM PRG_System
./PRG_Test.st:1:PROGRAM PRG_Test
./PRG_Ventilation.st:1:PROGRAM PRG_Ventilation

=== END STEP 63 ===
