]633;E;echo "=== STEP 208: SHADOW SAFETY WAVE CLOSURE ===";048f1674-a031-43cb-9e47-f7004f3b361c]633;C=== STEP 208: SHADOW SAFETY WAVE CLOSURE ===
timestamp_utc=2026-04-18T14:18:07Z

=== STATUS ===
compile=OK
errors=0

=== SHADOW SAFETY PACK ===
co_pipeline=ENABLED
methane_pipeline=ENABLED
smoke_pipeline=ENABLED

=== BRIDGE ===
runtime_vs_shadow=ENABLED
co_diff=ENABLED
methane_diff=ENABLED
smoke_diff=ENABLED

=== SELECTOR ===
selector_layer=ENABLED
effective_arrays=ENABLED
co_shadow_switch=TRUE
methane_shadow_switch=TRUE
smoke_shadow_switch=TRUE

=== SAFETY INTEGRATION ===
fb_gas_smoke_manager_inputs=THROUGH_SELECTOR
runtime_fallback=AVAILABLE

=== DIAGNOSTICS ===
shadow_co_status=ENABLED
shadow_co_diff=ENABLED
shadow_methane_status=ENABLED
shadow_methane_diff=ENABLED
shadow_smoke_status=ENABLED

=== GUARANTEES ===
compile_stable=OK
typed_diagnostics_aligned=OK
selector_architecture=OK
shadow_wave=STABLE

=== BASELINE LOCK ===
shadow_safety_wave=PROTECTED
do_not_cleanup=YES

=== NEXT EVOLUTION ===
threshold_tuning=OPTIONAL
diagnostic_trend_logging=OPTIONAL
selector_auto_policy=FUTURE

=== END STEP 208 ===
