DUT_FILES=90
REMOVED_OLD_DUT_DATATYPES=66
ENUM_INSERTED=31
STRUCT_INSERTED=59
STRUCT_FIELDS_TOTAL=513
STRUCT_FIELDS_WITH_INITIALIZER=144
INITIALIZERS_INSERTED=144
ARRAY_INITIALIZERS_INSERTED=4
UNSUPPORTED_INITIALIZERS=0
XML_INITIALVALUE_TAGS=915
XML_ARRAYVALUE_TAGS=25

E_ALERT_PRIORITY.dut: ENUM E_ALERT_PRIORITY values=5
E_Adapt_Profile.dut: ENUM E_Adapt_Profile values=3
E_Behavior_Mode.dut: ENUM E_Behavior_Mode values=4
E_Gateway_Command_Type.dut: ENUM E_Gateway_Command_Type values=12
E_Heating_Policy_Mode.dut: ENUM E_Heating_Policy_Mode values=6
E_Heating_RootCause.dut: ENUM E_Heating_RootCause values=15
E_Lifetime_Device_Type.dut: ENUM E_Lifetime_Device_Type values=2
E_Outdoor_Mode.dut: ENUM E_Outdoor_Mode values=5
E_PLC_ROLE.dut: ENUM E_PLC_ROLE values=4
E_Recovery_Phase.dut: ENUM E_Recovery_Phase values=6
E_Rule_Action_Type.dut: ENUM E_Rule_Action_Type values=10
E_Rule_Comparison.dut: ENUM E_Rule_Comparison values=9
E_Rule_Condition_Type.dut: ENUM E_Rule_Condition_Type values=13
E_SCENARIO_SOURCE.dut: ENUM E_SCENARIO_SOURCE values=6
E_SCENARIO_TYPE.dut: ENUM E_SCENARIO_TYPE values=8
E_SENSOR_TYPE.dut: ENUM E_SENSOR_TYPE values=10
E_Safety_Mode.dut: ENUM E_Safety_Mode values=5
E_System_Operating_Mode.dut: ENUM E_System_Operating_Mode values=4
E_System_Reason_Code.dut: ENUM E_System_Reason_Code values=9
E_System_Root_Cause.dut: ENUM E_System_Root_Cause values=11
E_System_Severity.dut: ENUM E_System_Severity values=4
E_Trace_Layer.dut: ENUM E_Trace_Layer values=6
E_Trace_Source.dut: ENUM E_Trace_Source values=6
E_Trend_Parameter_Type.dut: ENUM E_Trend_Parameter_Type values=7
E_TwoFactor_Method.dut: ENUM E_TwoFactor_Method values=4
E_VALVE_TYPE.dut: ENUM E_VALVE_TYPE values=2
E_VENTILATION_LOCATION.dut: ENUM E_VENTILATION_LOCATION values=9
E_VENTILATION_UNIT_TYPE.dut: ENUM E_VENTILATION_UNIT_TYPE values=3
E_Valve_Test_Result.dut: ENUM E_Valve_Test_Result values=7
E_WEATHER_COMPENSATION_METHOD.dut: ENUM E_WEATHER_COMPENSATION_METHOD values=2
E_Zone_Access_Level.dut: ENUM E_Zone_Access_Level values=5
ST_Alarm_Record.dut: STRUCT ST_Alarm_Record fields=8
ST_Astro_Time.dut: STRUCT ST_Astro_Time fields=3
ST_Behavior_Weights.dut: STRUCT ST_Behavior_Weights fields=5
ST_BlackBox_Record.dut: STRUCT ST_BlackBox_Record fields=15
ST_Boiler_Status.dut: STRUCT ST_Boiler_Status fields=11
ST_Calibration_Family_Summary.dut: STRUCT ST_Calibration_Family_Summary fields=7
ST_Calibration_Sensor_Summary.dut: STRUCT ST_Calibration_Sensor_Summary fields=9
ST_Component_Maintenance.dut: STRUCT ST_Component_Maintenance fields=4
ST_DHW_Config.dut: STRUCT ST_DHW_Config fields=9
ST_DHW_Status.dut: STRUCT ST_DHW_Status fields=7
ST_Device_Health.dut: STRUCT ST_Device_Health fields=9
ST_Diagnostic_Event.dut: STRUCT ST_Diagnostic_Event fields=5
ST_EVENT.dut: STRUCT ST_EVENT fields=5
ST_Flood_Config.dut: STRUCT ST_Flood_Config fields=4
ST_Flood_Global_Config.dut: STRUCT ST_Flood_Global_Config fields=4
ST_FloorHeating_Circuit_Config.dut: STRUCT ST_FloorHeating_Circuit_Config fields=11
ST_FloorHeating_Global_Config.dut: STRUCT ST_FloorHeating_Global_Config fields=5
ST_FloorHeating_Manifold_Config.dut: STRUCT ST_FloorHeating_Manifold_Config fields=5
ST_Gas_Valve_Configuration.dut: STRUCT ST_Gas_Valve_Configuration fields=5
ST_Gateway_Command.dut: STRUCT ST_Gateway_Command fields=14
ST_Heating_Config.dut: STRUCT ST_Heating_Config fields=8
ST_Heating_Schedule_Event.dut: STRUCT ST_Heating_Schedule_Event fields=7
ST_History_Record.dut: STRUCT ST_History_Record fields=7
ST_Lifetime_Status.dut: STRUCT ST_Lifetime_Status fields=7
ST_Maintenance_Access_Config.dut: STRUCT ST_Maintenance_Access_Config fields=4
ST_Manifold_Status.dut: STRUCT ST_Manifold_Status fields=9
ST_Operator_Zone_Rights.dut: STRUCT ST_Operator_Zone_Rights fields=4
ST_Outdoor_Zone_Config.dut: STRUCT ST_Outdoor_Zone_Config fields=4
ST_Owen_Analog_Value.dut: STRUCT ST_Owen_Analog_Value fields=3
ST_Persist.dut: STRUCT ST_Persist fields=7
ST_Rule.dut: STRUCT ST_Rule fields=8
ST_Rule_Action.dut: STRUCT ST_Rule_Action fields=5
ST_Scenario_Config.dut: STRUCT ST_Scenario_Config fields=8
ST_Scenario_Stats.dut: STRUCT ST_Scenario_Stats fields=7
ST_Scenario_Transition_Config.dut: STRUCT ST_Scenario_Transition_Config fields=4
ST_Security_Global_Config.dut: STRUCT ST_Security_Global_Config fields=17
ST_Security_Zone_State.dut: STRUCT ST_Security_Zone_State fields=5
ST_Sensor_Calibration_Record.dut: STRUCT ST_Sensor_Calibration_Record fields=7
ST_State_Snapshot.dut: STRUCT ST_State_Snapshot fields=7
ST_System_Diagnostics.dut: STRUCT ST_System_Diagnostics fields=114
ST_System_State_Snapshot.dut: STRUCT ST_System_State_Snapshot fields=12
ST_System_State_Summary.dut: STRUCT ST_System_State_Summary fields=10
ST_Tariff_Config.dut: STRUCT ST_Tariff_Config fields=4
ST_Trace_Entry.dut: STRUCT ST_Trace_Entry fields=7
ST_Trend_Config.dut: STRUCT ST_Trend_Config fields=5
ST_Trend_Data.dut: STRUCT ST_Trend_Data fields=7
ST_Trend_Header.dut: STRUCT ST_Trend_Header fields=6
ST_Trend_History_Record.dut: STRUCT ST_Trend_History_Record fields=2
ST_TwoFactor_Auth_State.dut: STRUCT ST_TwoFactor_Auth_State fields=6
ST_TwoFactor_Data.dut: STRUCT ST_TwoFactor_Data fields=5
ST_User_Rule.dut: STRUCT ST_User_Rule fields=10
ST_Valve_Test_Config.dut: STRUCT ST_Valve_Test_Config fields=5
ST_Ventilation_Config.dut: STRUCT ST_Ventilation_Config fields=4
ST_Ventilation_Global_Config.dut: STRUCT ST_Ventilation_Global_Config fields=8
ST_Ventilation_Scenario_Mode.dut: STRUCT ST_Ventilation_Scenario_Mode fields=9
ST_Ventilation_Unit.dut: STRUCT ST_Ventilation_Unit fields=5
ST_Ventilation_Unit_Config.dut: STRUCT ST_Ventilation_Unit_Config fields=7
ST_Zone_Adapt_State.dut: STRUCT ST_Zone_Adapt_State fields=8
ST_Zone_Sensors.dut: STRUCT ST_Zone_Sensors fields=6

STRUCT ST_Alarm_Record: total=8 with_initializer=0 without_initializer=8 array_initializer=0 unsupported_initializer=0
STRUCT ST_Astro_Time: total=3 with_initializer=3 without_initializer=0 array_initializer=0 unsupported_initializer=0
STRUCT ST_Behavior_Weights: total=5 with_initializer=0 without_initializer=5 array_initializer=0 unsupported_initializer=0
STRUCT ST_BlackBox_Record: total=15 with_initializer=0 without_initializer=15 array_initializer=0 unsupported_initializer=0
STRUCT ST_Boiler_Status: total=11 with_initializer=1 without_initializer=10 array_initializer=0 unsupported_initializer=0
STRUCT ST_Calibration_Family_Summary: total=7 with_initializer=0 without_initializer=7 array_initializer=0 unsupported_initializer=0
STRUCT ST_Calibration_Sensor_Summary: total=9 with_initializer=0 without_initializer=9 array_initializer=0 unsupported_initializer=0
STRUCT ST_Component_Maintenance: total=4 with_initializer=0 without_initializer=4 array_initializer=0 unsupported_initializer=0
STRUCT ST_DHW_Config: total=9 with_initializer=9 without_initializer=0 array_initializer=0 unsupported_initializer=0
STRUCT ST_DHW_Status: total=7 with_initializer=0 without_initializer=7 array_initializer=0 unsupported_initializer=0
STRUCT ST_Device_Health: total=9 with_initializer=1 without_initializer=8 array_initializer=0 unsupported_initializer=0
STRUCT ST_Diagnostic_Event: total=5 with_initializer=0 without_initializer=5 array_initializer=0 unsupported_initializer=0
STRUCT ST_EVENT: total=5 with_initializer=0 without_initializer=5 array_initializer=0 unsupported_initializer=0
STRUCT ST_Flood_Config: total=4 with_initializer=4 without_initializer=0 array_initializer=1 unsupported_initializer=0
STRUCT ST_Flood_Global_Config: total=4 with_initializer=4 without_initializer=0 array_initializer=2 unsupported_initializer=0
STRUCT ST_FloorHeating_Circuit_Config: total=11 with_initializer=11 without_initializer=0 array_initializer=0 unsupported_initializer=0
STRUCT ST_FloorHeating_Global_Config: total=5 with_initializer=5 without_initializer=0 array_initializer=0 unsupported_initializer=0
STRUCT ST_FloorHeating_Manifold_Config: total=5 with_initializer=0 without_initializer=5 array_initializer=0 unsupported_initializer=0
STRUCT ST_Gas_Valve_Configuration: total=5 with_initializer=5 without_initializer=0 array_initializer=0 unsupported_initializer=0
STRUCT ST_Gateway_Command: total=14 with_initializer=0 without_initializer=14 array_initializer=0 unsupported_initializer=0
STRUCT ST_Heating_Config: total=8 with_initializer=8 without_initializer=0 array_initializer=0 unsupported_initializer=0
STRUCT ST_Heating_Schedule_Event: total=7 with_initializer=7 without_initializer=0 array_initializer=0 unsupported_initializer=0
STRUCT ST_History_Record: total=7 with_initializer=7 without_initializer=0 array_initializer=0 unsupported_initializer=0
STRUCT ST_Lifetime_Status: total=7 with_initializer=0 without_initializer=7 array_initializer=0 unsupported_initializer=0
STRUCT ST_Maintenance_Access_Config: total=4 with_initializer=4 without_initializer=0 array_initializer=0 unsupported_initializer=0
STRUCT ST_Manifold_Status: total=9 with_initializer=0 without_initializer=9 array_initializer=0 unsupported_initializer=0
STRUCT ST_Operator_Zone_Rights: total=4 with_initializer=1 without_initializer=3 array_initializer=0 unsupported_initializer=0
STRUCT ST_Outdoor_Zone_Config: total=4 with_initializer=4 without_initializer=0 array_initializer=0 unsupported_initializer=0
STRUCT ST_Owen_Analog_Value: total=3 with_initializer=0 without_initializer=3 array_initializer=0 unsupported_initializer=0
STRUCT ST_Persist: total=7 with_initializer=1 without_initializer=6 array_initializer=0 unsupported_initializer=0
STRUCT ST_Rule: total=8 with_initializer=0 without_initializer=8 array_initializer=0 unsupported_initializer=0
STRUCT ST_Rule_Action: total=5 with_initializer=0 without_initializer=5 array_initializer=0 unsupported_initializer=0
STRUCT ST_Scenario_Config: total=8 with_initializer=7 without_initializer=1 array_initializer=0 unsupported_initializer=0
STRUCT ST_Scenario_Stats: total=7 with_initializer=0 without_initializer=7 array_initializer=0 unsupported_initializer=0
STRUCT ST_Scenario_Transition_Config: total=4 with_initializer=2 without_initializer=2 array_initializer=0 unsupported_initializer=0
STRUCT ST_Security_Global_Config: total=17 with_initializer=13 without_initializer=4 array_initializer=0 unsupported_initializer=0
STRUCT ST_Security_Zone_State: total=5 with_initializer=0 without_initializer=5 array_initializer=0 unsupported_initializer=0
STRUCT ST_Sensor_Calibration_Record: total=7 with_initializer=6 without_initializer=1 array_initializer=0 unsupported_initializer=0
STRUCT ST_State_Snapshot: total=7 with_initializer=5 without_initializer=2 array_initializer=0 unsupported_initializer=0
STRUCT ST_System_Diagnostics: total=114 with_initializer=0 without_initializer=114 array_initializer=0 unsupported_initializer=0
STRUCT ST_System_State_Snapshot: total=12 with_initializer=0 without_initializer=12 array_initializer=0 unsupported_initializer=0
STRUCT ST_System_State_Summary: total=10 with_initializer=0 without_initializer=10 array_initializer=0 unsupported_initializer=0
STRUCT ST_Tariff_Config: total=4 with_initializer=4 without_initializer=0 array_initializer=0 unsupported_initializer=0
STRUCT ST_Trace_Entry: total=7 with_initializer=0 without_initializer=7 array_initializer=0 unsupported_initializer=0
STRUCT ST_Trend_Config: total=5 with_initializer=2 without_initializer=3 array_initializer=0 unsupported_initializer=0
STRUCT ST_Trend_Data: total=7 with_initializer=0 without_initializer=7 array_initializer=0 unsupported_initializer=0
STRUCT ST_Trend_Header: total=6 with_initializer=5 without_initializer=1 array_initializer=0 unsupported_initializer=0
STRUCT ST_Trend_History_Record: total=2 with_initializer=2 without_initializer=0 array_initializer=0 unsupported_initializer=0
STRUCT ST_TwoFactor_Auth_State: total=6 with_initializer=0 without_initializer=6 array_initializer=0 unsupported_initializer=0
STRUCT ST_TwoFactor_Data: total=5 with_initializer=0 without_initializer=5 array_initializer=0 unsupported_initializer=0
STRUCT ST_User_Rule: total=10 with_initializer=0 without_initializer=10 array_initializer=0 unsupported_initializer=0
STRUCT ST_Valve_Test_Config: total=5 with_initializer=5 without_initializer=0 array_initializer=0 unsupported_initializer=0
STRUCT ST_Ventilation_Config: total=4 with_initializer=4 without_initializer=0 array_initializer=0 unsupported_initializer=0
STRUCT ST_Ventilation_Global_Config: total=8 with_initializer=7 without_initializer=1 array_initializer=1 unsupported_initializer=0
STRUCT ST_Ventilation_Scenario_Mode: total=9 with_initializer=2 without_initializer=7 array_initializer=0 unsupported_initializer=0
STRUCT ST_Ventilation_Unit: total=5 with_initializer=0 without_initializer=5 array_initializer=0 unsupported_initializer=0
STRUCT ST_Ventilation_Unit_Config: total=7 with_initializer=5 without_initializer=2 array_initializer=0 unsupported_initializer=0
STRUCT ST_Zone_Adapt_State: total=8 with_initializer=0 without_initializer=8 array_initializer=0 unsupported_initializer=0
STRUCT ST_Zone_Sensors: total=6 with_initializer=0 without_initializer=6 array_initializer=0 unsupported_initializer=0
