=== git status ===
On branch main
Your branch is up to date with 'origin/main'.

Changes not staged for commit:
  (use "git add <file>..." to update what will be committed)
  (use "git restore <file>..." to discard changes in working directory)
	modified:   "\320\272\320\276\320\274\320\277\320\270\320\273\321\217\321\202\320\276\321\200/logs/diagnostics.log"
	modified:   "\320\272\320\276\320\274\320\277\320\270\320\273\321\217\321\202\320\276\321\200/logs/workflow_meta.log"

no changes added to commit (use "git add" and/or "git commit -a")

=== repo tree root ===
total 4592
-rw-r--r--  1 runner runner  13067 Jul 30 07:02 -files _ grep 'methods_v1_interface_check.txt'
drwxr-xr-x 10 runner runner  45056 Jul 30 07:02 .
drwxr-xr-x  3 runner runner   4096 Jul 30 07:02 ..
drwxr-xr-x  7 runner runner   4096 Jul 30 07:02 .git
drwxr-xr-x  3 runner runner   4096 Jul 30 07:02 .github
-rw-r--r--  1 runner runner    241 Jul 30 07:02 ACCESS_SUMMARY.txt
-rw-r--r--  1 runner runner   9946 Jul 30 07:02 AGENTS.md
-rw-r--r--  1 runner runner    227 Jul 30 07:02 E_ALERT_PRIORITY.dut
-rw-r--r--  1 runner runner    162 Jul 30 07:02 E_Adapt_Profile.dut
-rw-r--r--  1 runner runner    140 Jul 30 07:02 E_Behavior_Mode.dut
-rw-r--r--  1 runner runner    176 Jul 30 07:02 E_FABRIC_LIFECYCLE_STATE.dut
-rw-r--r--  1 runner runner    189 Jul 30 07:02 E_GOVERNANCE_PRIORITY_TIER.dut
-rw-r--r--  1 runner runner    347 Jul 30 07:02 E_Gateway_Command_Type.dut
-rw-r--r--  1 runner runner    231 Jul 30 07:02 E_Heating_Allocation_Block_Reason.dut
-rw-r--r--  1 runner runner    168 Jul 30 07:02 E_Heating_Policy_Mode.dut
-rw-r--r--  1 runner runner    343 Jul 30 07:02 E_Heating_RootCause.dut
-rw-r--r--  1 runner runner    676 Jul 30 07:02 E_Heating_Runtime_Phase.dut
-rw-r--r--  1 runner runner    137 Jul 30 07:02 E_Lifetime_Device_Type.dut
-rw-r--r--  1 runner runner    220 Jul 30 07:02 E_Modbus_Function.dut
-rw-r--r--  1 runner runner    220 Jul 30 07:02 E_Modbus_RTU_RX_State.dut
-rw-r--r--  1 runner runner    193 Jul 30 07:02 E_Modbus_SysCom_Backend_State.dut
-rw-r--r--  1 runner runner    200 Jul 30 07:02 E_OpenTherm_Adapter_State.dut
-rw-r--r--  1 runner runner    232 Jul 30 07:02 E_OpenTherm_Error.dut
-rw-r--r--  1 runner runner    220 Jul 30 07:02 E_Outdoor_Mode.dut
-rw-r--r--  1 runner runner    158 Jul 30 07:02 E_PLC_ROLE.dut
-rw-r--r--  1 runner runner    143 Jul 30 07:02 E_RUNTIME_ADAPTIVE_MODE.dut
-rw-r--r--  1 runner runner    205 Jul 30 07:02 E_RUNTIME_TRANSITION_RESULT.dut
-rw-r--r--  1 runner runner    189 Jul 30 07:02 E_Recovery_Phase.dut
-rw-r--r--  1 runner runner    396 Jul 30 07:02 E_Rule_Action_Type.dut
-rw-r--r--  1 runner runner    252 Jul 30 07:02 E_Rule_Comparison.dut
-rw-r--r--  1 runner runner    387 Jul 30 07:02 E_Rule_Condition_Type.dut
-rw-r--r--  1 runner runner    255 Jul 30 07:02 E_Runtime_Observer_Lifecycle_State.dut
-rw-r--r--  1 runner runner    255 Jul 30 07:02 E_Runtime_Observer_Lifecycle_State.typ
-rw-r--r--  1 runner runner    163 Jul 30 07:02 E_SCENARIO_SOURCE.dut
-rw-r--r--  1 runner runner    272 Jul 30 07:02 E_SCENARIO_TYPE.dut
-rw-r--r--  1 runner runner    118 Jul 30 07:02 E_SEMANTIC_EXECUTION_PATH.dut
-rw-r--r--  1 runner runner    358 Jul 30 07:02 E_SENSOR_TYPE.dut
-rw-r--r--  1 runner runner    174 Jul 30 07:02 E_SYSTEM_RUNTIME_STATE.dut
-rw-r--r--  1 runner runner    150 Jul 30 07:02 E_Safety_Mode.dut
-rw-r--r--  1 runner runner    148 Jul 30 07:02 E_System_Operating_Mode.dut
-rw-r--r--  1 runner runner    353 Jul 30 07:02 E_System_Reason_Code.dut
-rw-r--r--  1 runner runner    268 Jul 30 07:02 E_System_Root_Cause.dut
-rw-r--r--  1 runner runner    106 Jul 30 07:02 E_System_Severity.dut
-rw-r--r--  1 runner runner    196 Jul 30 07:02 E_Trace_Layer.dut
-rw-r--r--  1 runner runner    188 Jul 30 07:02 E_Trace_Source.dut
-rw-r--r--  1 runner runner    300 Jul 30 07:02 E_Trend_Parameter_Type.dut
-rw-r--r--  1 runner runner    173 Jul 30 07:02 E_TwoFactor_Method.dut
-rw-r--r--  1 runner runner     99 Jul 30 07:02 E_VALVE_TYPE.dut
-rw-r--r--  1 runner runner    394 Jul 30 07:02 E_VENTILATION_LOCATION.dut
-rw-r--r--  1 runner runner    172 Jul 30 07:02 E_VENTILATION_UNIT_TYPE.dut
-rw-r--r--  1 runner runner    308 Jul 30 07:02 E_Valve_Test_Result.dut
-rw-r--r--  1 runner runner    143 Jul 30 07:02 E_WEATHER_COMPENSATION_METHOD.dut
-rw-r--r--  1 runner runner    215 Jul 30 07:02 E_Zone_Access_Level.dut
-rw-r--r--  1 runner runner   1356 Jul 30 07:02 FB_ADS_Runtime_Adapter.st
-rw-r--r--  1 runner runner   1314 Jul 30 07:02 FB_AccessCode_Manager.st
-rw-r--r--  1 runner runner   6701 Jul 30 07:02 FB_Access_Control.st
-rw-r--r--  1 runner runner    613 Jul 30 07:02 FB_Access_Output_Projection.st
-rw-r--r--  1 runner runner    993 Jul 30 07:02 FB_Access_Pulse_Channel.st
-rw-r--r--  1 runner runner  14729 Jul 30 07:02 FB_Alarm_Manager.st
-rw-r--r--  1 runner runner    799 Jul 30 07:02 FB_Analog_Validator.st
-rw-r--r--  1 runner runner   2470 Jul 30 07:02 FB_Behavior_Adapt.st
-rw-r--r--  1 runner runner   1229 Jul 30 07:02 FB_BlackBox_Recorder.st
-rw-r--r--  1 runner runner   4472 Jul 30 07:02 FB_Boiler_Cascade_Manager.st
-rw-r--r--  1 runner runner   2893 Jul 30 07:02 FB_Boiler_OpenTherm_Interface.st
-rw-r--r--  1 runner runner    434 Jul 30 07:02 FB_CRC32_Calculator.st
-rw-r--r--  1 runner runner   4504 Jul 30 07:02 FB_Cluster_Runtime_FSM.st
-rw-r--r--  1 runner runner   5274 Jul 30 07:02 FB_Cluster_Safety_Barrier_Runtime.st
-rw-r--r--  1 runner runner   1643 Jul 30 07:02 FB_Command_Deduplication.st
-rw-r--r--  1 runner runner   3442 Jul 30 07:02 FB_Config_Activation_Runtime.st
-rw-r--r--  1 runner runner   4582 Jul 30 07:02 FB_Config_Simulation.st
-rw-r--r--  1 runner runner   9861 Jul 30 07:02 FB_DHW_Manager.st
-rw-r--r--  1 runner runner   4438 Jul 30 07:02 FB_Device_Predictive_Diag.st
-rw-r--r--  1 runner runner   3285 Jul 30 07:02 FB_Diagnostics_Event_Manager.st
-rw-r--r--  1 runner runner  10178 Jul 30 07:02 FB_Diagnostics_RootCause.st
-rw-r--r--  1 runner runner   4241 Jul 30 07:02 FB_Distributed_Authority_Arbitration.st
-rw-r--r--  1 runner runner   4273 Jul 30 07:02 FB_Distributed_Execution_Gates_Runtime.st
-rw-r--r--  1 runner runner   4049 Jul 30 07:02 FB_Distributed_Orchestration_Runtime.st
-rw-r--r--  1 runner runner   5117 Jul 30 07:02 FB_Distributed_Projection_Ownership_Runtime.st
-rw-r--r--  1 runner runner   3299 Jul 30 07:02 FB_Distributed_Recovery_Lock_Runtime.st
-rw-r--r--  1 runner runner   4905 Jul 30 07:02 FB_Distributed_Runtime_Continuity.st
-rw-r--r--  1 runner runner   2464 Jul 30 07:02 FB_Fault_Logger.st
-rw-r--r--  1 runner runner   3487 Jul 30 07:02 FB_FloorHeating_Controller.st
-rw-r--r--  1 runner runner   3578 Jul 30 07:02 FB_Forensic_Journal_Runtime.st
-rw-r--r--  1 runner runner   9698 Jul 30 07:02 FB_Gas_Smoke_Manager.st
-rw-r--r--  1 runner runner  12951 Jul 30 07:02 FB_Gateway_Interface.st
-rw-r--r--  1 runner runner   1404 Jul 30 07:02 FB_HMAC_SHA1.st
-rw-r--r--  1 runner runner   7329 Jul 30 07:02 FB_HMI_Config_Workflow_Runtime.st
-rw-r--r--  1 runner runner    691 Jul 30 07:02 FB_HMI_Interface.st
-rw-r--r--  1 runner runner   3891 Jul 30 07:02 FB_Heating_Adaptive_Target.st
-rw-r--r--  1 runner runner   7370 Jul 30 07:02 FB_Heating_Allocation_Filter.st
-rw-r--r--  1 runner runner   7938 Jul 30 07:02 FB_Heating_Boiler_Control.st
-rw-r--r--  1 runner runner  15621 Jul 30 07:02 FB_Heating_Circuit_Control.st
-rw-r--r--  1 runner runner   4041 Jul 30 07:02 FB_Heating_Circuit_Explainability_Adapter.st
-rw-r--r--  1 runner runner    887 Jul 30 07:02 FB_Heating_Demand_Map.st
-rw-r--r--  1 runner runner   5706 Jul 30 07:02 FB_Heating_Manifold_Control.st
-rw-r--r--  1 runner runner   1473 Jul 30 07:02 FB_Heating_Optimizer.st
-rw-r--r--  1 runner runner   1165 Jul 30 07:02 FB_Heating_Output_Projection.st
-rw-r--r--  1 runner runner  11409 Jul 30 07:02 FB_Heating_Policy_Manager.st
-rw-r--r--  1 runner runner   2508 Jul 30 07:02 FB_Heating_Policy_Observer.st
-rw-r--r--  1 runner runner   4543 Jul 30 07:02 FB_Heating_Policy_Priority_Bridge.st
-rw-r--r--  1 runner runner   1491 Jul 30 07:02 FB_Heating_Predictive_Controller.st
-rw-r--r--  1 runner runner   3472 Jul 30 07:02 FB_Heating_RootCause_Diagnostics.st
-rw-r--r--  1 runner runner   7124 Jul 30 07:02 FB_Heating_Runtime_Diagnostics_Phase.st
-rw-r--r--  1 runner runner   3551 Jul 30 07:02 FB_Heating_Runtime_Event_Manager.st
-rw-r--r--  1 runner runner   3092 Jul 30 07:02 FB_Heating_Runtime_Event_Reconstruction_Engine.st
-rw-r--r--  1 runner runner  18130 Jul 30 07:02 FB_Heating_Runtime_Explainability_Publisher.st
-rw-r--r--  1 runner runner   2257 Jul 30 07:02 FB_Heating_Runtime_Meta_Supervision_Publisher.st
-rw-r--r--  1 runner runner   1185 Jul 30 07:02 FB_Heating_Runtime_OT_Cascade_Correlator.st
-rw-r--r--  1 runner runner   1344 Jul 30 07:02 FB_Heating_Runtime_OT_Instability_Predictor.st
-rw-r--r--  1 runner runner   3426 Jul 30 07:02 FB_Heating_Runtime_Observability.st
-rw-r--r--  1 runner runner   5392 Jul 30 07:02 FB_Heating_Runtime_Observer.st
-rw-r--r--  1 runner runner   2775 Jul 30 07:02 FB_Heating_Runtime_Observer_Authorization.st
-rw-r--r--  1 runner runner  15162 Jul 30 07:02 FB_Heating_Runtime_Observer_Phase.st
-rw-r--r--  1 runner runner   1507 Jul 30 07:02 FB_Heating_Runtime_Output_Projection_Phase.st
-rw-r--r--  1 runner runner   1818 Jul 30 07:02 FB_Heating_Runtime_Predictive_Correlation_Weighting_Engine.st
-rw-r--r--  1 runner runner   2522 Jul 30 07:02 FB_Heating_Runtime_RootCause_Correlator.st
-rw-r--r--  1 runner runner   2695 Jul 30 07:02 FB_Heating_Runtime_Service_Gating_Phase.st
-rw-r--r--  1 runner runner   1320 Jul 30 07:02 FB_Heating_Runtime_Stability_Model.st
-rw-r--r--  1 runner runner   2474 Jul 30 07:02 FB_Heating_Runtime_State_Publication_Phase.st
-rw-r--r--  1 runner runner  15528 Jul 30 07:02 FB_Heating_Runtime_Supervisory_Enrichment.st
-rw-r--r--  1 runner runner   1934 Jul 30 07:02 FB_Heating_Runtime_Supervisory_Publication_Adapter.st
-rw-r--r--  1 runner runner   2035 Jul 30 07:02 FB_Heating_Runtime_Timeline_Observer.st
-rw-r--r--  1 runner runner   4290 Jul 30 07:02 FB_Heating_Safe_State.st
-rw-r--r--  1 runner runner   2082 Jul 30 07:02 FB_Heating_Safety_Gate.st
-rw-r--r--  1 runner runner   5900 Jul 30 07:02 FB_Heating_Schedule_Preheat.st
-rw-r--r--  1 runner runner   8734 Jul 30 07:02 FB_Heating_Source_Stability_Observer.st
-rw-r--r--  1 runner runner  17716 Jul 30 07:02 FB_Heating_System_Manager.st
-rw-r--r--  1 runner runner   1518 Jul 30 07:02 FB_Heating_Thermal_Model.st
-rw-r--r--  1 runner runner    768 Jul 30 07:02 FB_History_Manager.st
-rw-r--r--  1 runner runner   1180 Jul 30 07:02 FB_IO_Module_Watchdog.st
-rw-r--r--  1 runner runner   1616 Jul 30 07:02 FB_Input_Quality_Observer.st
-rw-r--r--  1 runner runner    538 Jul 30 07:02 FB_Lifetime_Predictor.st
-rw-r--r--  1 runner runner  10649 Jul 30 07:02 FB_Lighting_Blinds_Manager.st
-rw-r--r--  1 runner runner    672 Jul 30 07:02 FB_LogEvent.st
-rw-r--r--  1 runner runner    930 Jul 30 07:02 FB_MQTT_Runtime_Adapter.st
-rw-r--r--  1 runner runner   6728 Jul 30 07:02 FB_Modbus_RTU_Driver.st
-rw-r--r--  1 runner runner   3756 Jul 30 07:02 FB_Modbus_RTU_RX_Parser.st
-rw-r--r--  1 runner runner  13338 Jul 30 07:02 FB_Modbus_RTU_SysCom_Backend.st
-rw-r--r--  1 runner runner   3676 Jul 30 07:02 FB_Modbus_RTU_SysCom_Transport.st
-rw-r--r--  1 runner runner   3998 Jul 30 07:02 FB_Modbus_RTU_TX_Builder.st
-rw-r--r--  1 runner runner   2543 Jul 30 07:02 FB_Modbus_Response_Apply.st
-rw-r--r--  1 runner runner    614 Jul 30 07:02 FB_Mode_Manager.st
-rw-r--r--  1 runner runner   4054 Jul 30 07:02 FB_NVRAM_Manager.st
-rw-r--r--  1 runner runner    935 Jul 30 07:02 FB_OPCUA_Runtime_Adapter.st
-rw-r--r--  1 runner runner   6154 Jul 30 07:02 FB_Outdoor_Lighting_Manager.st
-rw-r--r--  1 runner runner    897 Jul 30 07:02 FB_Ownership_Watchdog.st
-rw-r--r--  1 runner runner   2509 Jul 30 07:02 FB_PID_Controller.st
-rw-r--r--  1 runner runner   4510 Jul 30 07:02 FB_PLC_Heartbeat.st
-rw-r--r--  1 runner runner    847 Jul 30 07:02 FB_Periodic_Due_Gate.st
-rw-r--r--  1 runner runner   3809 Jul 30 07:02 FB_Predictive_Diagnostics_Runtime.st
-rw-r--r--  1 runner runner   1130 Jul 30 07:02 FB_Presence_Manager.st
-rw-r--r--  1 runner runner   1001 Jul 30 07:02 FB_Presence_Playback.st
-rw-r--r--  1 runner runner   2844 Jul 30 07:02 FB_Redundancy_Manager.st
-rw-r--r--  1 runner runner   8613 Jul 30 07:02 FB_Rule_Engine.st
-rw-r--r--  1 runner runner   3728 Jul 30 07:02 FB_Runtime_Bus_Replication.st
-rw-r--r--  1 runner runner   3766 Jul 30 07:02 FB_Runtime_Node_Discovery.st
-rw-r--r--  1 runner runner   3003 Jul 30 07:02 FB_Runtime_Restart_Continuity.st
-rw-r--r--  1 runner runner   3966 Jul 30 07:02 FB_Runtime_Session_Governance.st
-rw-r--r--  1 runner runner   3998 Jul 30 07:02 FB_SHA1.st
-rw-r--r--  1 runner runner   1284 Jul 30 07:02 FB_Safety_Manager.st
-rw-r--r--  1 runner runner   3816 Jul 30 07:02 FB_Safety_Workflow_Manager.st
-rw-r--r--  1 runner runner   3373 Jul 30 07:02 FB_Scenario_Manager.st
-rw-r--r--  1 runner runner   1077 Jul 30 07:02 FB_Scenario_Transition_Controller.st
-rw-r--r--  1 runner runner  15543 Jul 30 07:02 FB_Security_System_Manager.st
-rw-r--r--  1 runner runner   4621 Jul 30 07:02 FB_Sensor_Analog_Processing.st
-rw-r--r--  1 runner runner   1854 Jul 30 07:02 FB_Sensor_Calibration_Processor.st
-rw-r--r--  1 runner runner   1789 Jul 30 07:02 FB_Simulation_Manager.st
-rw-r--r--  1 runner runner   3257 Jul 30 07:02 FB_Socket_Manager.st
-rw-r--r--  1 runner runner   5085 Jul 30 07:02 FB_State_Manager.st
-rw-r--r--  1 runner runner   2413 Jul 30 07:02 FB_State_Replication.st
-rw-r--r--  1 runner runner    778 Jul 30 07:02 FB_State_Trace_Log.st
-rw-r--r--  1 runner runner   1932 Jul 30 07:02 FB_System_Alarm_Orchestrator.st
-rw-r--r--  1 runner runner   2269 Jul 30 07:02 FB_System_Coordinator.st
-rw-r--r--  1 runner runner    950 Jul 30 07:02 FB_System_Diagnostics.st
-rw-r--r--  1 runner runner  10085 Jul 30 07:02 FB_System_Diagnostics_Publisher.st
-rw-r--r--  1 runner runner   1829 Jul 30 07:02 FB_System_Evacuation.st
-rw-r--r--  1 runner runner   7426 Jul 30 07:02 FB_System_Gateway_Intent.st
-rw-r--r--  1 runner runner   7967 Jul 30 07:02 FB_System_Health.st
-rw-r--r--  1 runner runner   6949 Jul 30 07:02 FB_System_Health_Orchestrator.st
-rw-r--r--  1 runner runner   1181 Jul 30 07:02 FB_System_Init.st
-rw-r--r--  1 runner runner   1608 Jul 30 07:02 FB_System_Intent_Publisher.st
-rw-r--r--  1 runner runner   3335 Jul 30 07:02 FB_System_Persist_Manager.st
-rw-r--r--  1 runner runner    643 Jul 30 07:02 FB_System_Recovery.st
-rw-r--r--  1 runner runner   1889 Jul 30 07:02 FB_System_Redundancy_Orchestrator.st
-rw-r--r--  1 runner runner   7704 Jul 30 07:02 FB_System_Scenario_Arbitration.st
-rw-r--r--  1 runner runner   1280 Jul 30 07:02 FB_System_Timebase.st
-rw-r--r--  1 runner runner   1655 Jul 30 07:02 FB_System_Timer.st
-rw-r--r--  1 runner runner   1670 Jul 30 07:02 FB_System_Timer_TOF.st
-rw-r--r--  1 runner runner   1982 Jul 30 07:02 FB_Time_Service.st
-rw-r--r--  1 runner runner    883 Jul 30 07:02 FB_Trace_Write.st
-rw-r--r--  1 runner runner   1119 Jul 30 07:02 FB_Trend_Adapter.st
-rw-r--r--  1 runner runner   1079 Jul 30 07:02 FB_Trend_Analyzer.st
-rw-r--r--  1 runner runner   1261 Jul 30 07:02 FB_Trend_Logger.st
-rw-r--r--  1 runner runner   6892 Jul 30 07:02 FB_TwoFactor_Auth.st
-rw-r--r--  1 runner runner   4738 Jul 30 07:02 FB_Valve_Test_Manager.st
-rw-r--r--  1 runner runner   1038 Jul 30 07:02 FB_Vent_Output_Projection.st
-rw-r--r--  1 runner runner   9805 Jul 30 07:02 FB_Ventilation_System_Manager.st
-rw-r--r--  1 runner runner   1048 Jul 30 07:02 FB_Watchdog.st
-rw-r--r--  1 runner runner   2957 Jul 30 07:02 FB_Water_Hardware_Binding_Runtime.st
-rw-r--r--  1 runner runner   4772 Jul 30 07:02 FB_Water_Hydraulic_Topology_Validator.st
-rw-r--r--  1 runner runner   5556 Jul 30 07:02 FB_Water_Isolation_Authority_Arbitrator.st
-rw-r--r--  1 runner runner   2262 Jul 30 07:02 FB_Water_Isolation_Intent_Builder.st
-rw-r--r--  1 runner runner   4758 Jul 30 07:02 FB_Water_Isolation_Path_Resolver.st
-rw-r--r--  1 runner runner   3571 Jul 30 07:02 FB_Water_Isolation_Runtime_Projection.st
-rw-r--r--  1 runner runner   4454 Jul 30 07:02 FB_Water_Leak_Runtime_Projection.st
-rw-r--r--  1 runner runner   1692 Jul 30 07:02 FB_Water_Leakage_Manager.st
-rw-r--r--  1 runner runner   4824 Jul 30 07:02 FB_Water_Orchestration_Runtime.st
-rw-r--r--  1 runner runner   1145 Jul 30 07:02 FB_Water_Output_Projection.st
-rw-r--r--  1 runner runner   4444 Jul 30 07:02 FB_Water_Output_Projector.st
-rw-r--r--  1 runner runner   4685 Jul 30 07:02 FB_Water_Output_Reconciliation.st
-rw-r--r--  1 runner runner   6236 Jul 30 07:02 FB_Water_Physical_Runtime.st
-rw-r--r--  1 runner runner   3468 Jul 30 07:02 FB_Water_Recovery_Runtime.st
-rw-r--r--  1 runner runner   3802 Jul 30 07:02 FB_Water_Runtime_Hardening.st
-rw-r--r--  1 runner runner   4040 Jul 30 07:02 FB_Water_Topology_Config_Runtime.st
-rw-r--r--  1 runner runner   5306 Jul 30 07:02 FB_Water_Valve_Feedback_Runtime.st
-rw-r--r--  1 runner runner   5868 Jul 30 07:02 FB_Water_Valve_Runtime_Governance.st
-rw-r--r--  1 runner runner    234 Jul 30 07:02 GVL_ACCESS_OUTPUT.gvl
-rw-r--r--  1 runner runner    441 Jul 30 07:02 GVL_ACCESS_RUNTIME.gvl
-rw-r--r--  1 runner runner   1461 Jul 30 07:02 GVL_ACTUATION_AUTHORITY.gvl
-rw-r--r--  1 runner runner   1673 Jul 30 07:02 GVL_ACTUATOR_SEMANTIC_VERIFICATION.gvl
-rw-r--r--  1 runner runner   1147 Jul 30 07:02 GVL_ALARM.gvl
-rw-r--r--  1 runner runner    494 Jul 30 07:02 GVL_ALARM_AUDIBLE_ACK.gvl
-rw-r--r--  1 runner runner   1067 Jul 30 07:02 GVL_AUTHORITY_LINEAGE.gvl
-rw-r--r--  1 runner runner   1648 Jul 30 07:02 GVL_AUTHORITY_PROVENANCE_FABRIC.gvl
-rw-r--r--  1 runner runner   1185 Jul 30 07:02 GVL_AUTHORITY_RESTORATION.gvl
-rw-r--r--  1 runner runner    580 Jul 30 07:02 GVL_AUTHORITY_RESURRECTION_BOUNDARY_FABRIC.gvl
-rw-r--r--  1 runner runner   1204 Jul 30 07:02 GVL_AUTHORITY_REVOCATION.gvl
-rw-r--r--  1 runner runner    915 Jul 30 07:02 GVL_AWAY_HEATING_HMI.gvl
-rw-r--r--  1 runner runner    837 Jul 30 07:02 GVL_AWAY_RESTORE.gvl
-rw-r--r--  1 runner runner   1390 Jul 30 07:02 GVL_BEHAVIOR_ADAPT.gvl
-rw-r--r--  1 runner runner   1693 Jul 30 07:02 GVL_CANONICAL_RUNTIME_FABRIC_REGISTRY.gvl
-rw-r--r--  1 runner runner    611 Jul 30 07:02 GVL_CAUSALITY_REVERSAL_PREVENTION_FABRIC.gvl
-rw-r--r--  1 runner runner    698 Jul 30 07:02 GVL_CAUSAL_NARRATIVE_FABRIC.gvl
-rw-r--r--  1 runner runner   2704 Jul 30 07:02 GVL_COMMAND.gvl
-rw-r--r--  1 runner runner   1202 Jul 30 07:02 GVL_COMMAND_ARBITRATION_BUFFER.gvl
-rw-r--r--  1 runner runner   1483 Jul 30 07:02 GVL_COMMAND_POLICY_CONFIG.gvl
-rw-r--r--  1 runner runner   1522 Jul 30 07:02 GVL_COMMAND_SHADOW.gvl
-rw-r--r--  1 runner runner    679 Jul 30 07:02 GVL_COMMAND_VERIFY.gvl
-rw-r--r--  1 runner runner   1720 Jul 30 07:02 GVL_COMPLIANCE_FEDERATION_FABRIC.gvl
-rw-r--r--  1 runner runner   7304 Jul 30 07:02 GVL_CONFIG.gvl
-rw-r--r--  1 runner runner   1755 Jul 30 07:02 GVL_CONFIG_BACKUP.gvl
-rw-r--r--  1 runner runner   2216 Jul 30 07:02 GVL_CONFIG_CONTROL.gvl
-rw-r--r--  1 runner runner    369 Jul 30 07:02 GVL_CONFIG_HISTORY.gvl
-rw-r--r--  1 runner runner    362 Jul 30 07:02 GVL_CONFIG_SIMULATION.gvl
-rw-r--r--  1 runner runner    518 Jul 30 07:02 GVL_CONFIG_VALIDATION.gvl
-rw-r--r--  1 runner runner   3069 Jul 30 07:02 GVL_CONSTANTS.gvl
-rw-r--r--  1 runner runner   1577 Jul 30 07:02 GVL_CONTROL_TIMING_FABRIC.gvl
-rw-r--r--  1 runner runner    978 Jul 30 07:02 GVL_CONVERGENCE.gvl
-rw-r--r--  1 runner runner    637 Jul 30 07:02 GVL_CO_EXPOSURE.gvl
-rw-r--r--  1 runner runner   1830 Jul 30 07:02 GVL_CROSSDOMAIN_FAILSAFE_CLOSURE_FABRIC.gvl
-rw-r--r--  1 runner runner    420 Jul 30 07:02 GVL_Cluster_Runtime_FSM.gvl
-rw-r--r--  1 runner runner    467 Jul 30 07:02 GVL_Cluster_Safety_Barrier.gvl
-rw-r--r--  1 runner runner    561 Jul 30 07:02 GVL_Config_Activation.gvl
-rw-r--r--  1 runner runner    474 Jul 30 07:02 GVL_Config_Versioning.gvl
-rw-r--r--  1 runner runner   6495 Jul 30 07:02 GVL_DEBUG_VIEW.gvl
-rw-r--r--  1 runner runner    152 Jul 30 07:02 GVL_DEGRADED.gvl
-rw-r--r--  1 runner runner    909 Jul 30 07:02 GVL_DETERMINISTIC_RECOVERY_PATH_FABRIC.gvl
-rw-r--r--  1 runner runner   1312 Jul 30 07:02 GVL_DIAGNOSTICS_EXT.gvl
-rw-r--r--  1 runner runner   1641 Jul 30 07:02 GVL_DISTRIBUTED_COMMIT.gvl
-rw-r--r--  1 runner runner   1908 Jul 30 07:02 GVL_DISTRIBUTED_EPOCH.gvl
-rw-r--r--  1 runner runner    599 Jul 30 07:02 GVL_DISTRIBUTED_EPOCH_LINEARITY_FABRIC.gvl
-rw-r--r--  1 runner runner    639 Jul 30 07:02 GVL_DISTRIBUTED_FORWARD_PROGRESS_FABRIC.gvl
-rw-r--r--  1 runner runner    643 Jul 30 07:02 GVL_DISTRIBUTED_SAFETY_REALITY_CONSENSUS_FABRIC.gvl
-rw-r--r--  1 runner runner   1655 Jul 30 07:02 GVL_DISTRIBUTED_SNAPSHOT.gvl
-rw-r--r--  1 runner runner   2443 Jul 30 07:02 GVL_DOMAIN_EXECUTION_POLICY.gvl
-rw-r--r--  1 runner runner    678 Jul 30 07:02 GVL_DOMAIN_EXECUTION_VALIDATION.gvl
-rw-r--r--  1 runner runner    491 Jul 30 07:02 GVL_Distributed_Authority.gvl
-rw-r--r--  1 runner runner    336 Jul 30 07:02 GVL_Distributed_Execution_Gates.gvl
-rw-r--r--  1 runner runner    607 Jul 30 07:02 GVL_Distributed_Orchestration.gvl
-rw-r--r--  1 runner runner    377 Jul 30 07:02 GVL_Distributed_Projection_Ownership.gvl
-rw-r--r--  1 runner runner    361 Jul 30 07:02 GVL_Distributed_Recovery_Lock.gvl
-rw-r--r--  1 runner runner    939 Jul 30 07:02 GVL_Distributed_Runtime.gvl
-rw-r--r--  1 runner runner   1544 Jul 30 07:02 GVL_ENERGY_CAUSALITY_FABRIC.gvl
-rw-r--r--  1 runner runner    725 Jul 30 07:02 GVL_ENERGY_ISOLATION_CAUSALITY_FABRIC.gvl
-rw-r--r--  1 runner runner    625 Jul 30 07:02 GVL_ENERGY_RESURRECTION_BOUNDARY_FABRIC.gvl
-rw-r--r--  1 runner runner   1506 Jul 30 07:02 GVL_ENVIRONMENTAL_AUTHORITY.gvl
-rw-r--r--  1 runner runner   1628 Jul 30 07:02 GVL_EPISTEMIC_INTEGRITY_FABRIC.gvl
-rw-r--r--  1 runner runner    120 Jul 30 07:02 GVL_EVENT.gvl
-rw-r--r--  1 runner runner    626 Jul 30 07:02 GVL_EXECUTION_PROGRESS_CAUSALITY_FABRIC.gvl
-rw-r--r--  1 runner runner   1852 Jul 30 07:02 GVL_EXECUTION_PROJECTION_INTEGRITY_FABRIC.gvl
-rw-r--r--  1 runner runner   1581 Jul 30 07:02 GVL_EXPLAINABILITY.gvl
-rw-r--r--  1 runner runner   1815 Jul 30 07:02 GVL_FABRIC_LIFECYCLE_REGISTRY.gvl
-rw-r--r--  1 runner runner   1533 Jul 30 07:02 GVL_FILE_ARCHIVE.gvl
-rw-r--r--  1 runner runner   1221 Jul 30 07:02 GVL_FILE_ARCHIVE_HMI.gvl
-rw-r--r--  1 runner runner   1598 Jul 30 07:02 GVL_FORENSIC_EVIDENCE_FABRIC.gvl
-rw-r--r--  1 runner runner    482 Jul 30 07:02 GVL_Forensic_Journal.gvl
-rw-r--r--  1 runner runner    822 Jul 30 07:02 GVL_GATEWAY.gvl
-rw-r--r--  1 runner runner   1634 Jul 30 07:02 GVL_GLOBAL_AUTHORITY_SYNC.gvl
-rw-r--r--  1 runner runner   1804 Jul 30 07:02 GVL_GOVERNANCE_FEEDBACK_INTEGRITY_FABRIC.gvl
-rw-r--r--  1 runner runner   1812 Jul 30 07:02 GVL_GOVERNANCE_LIVENESS_INTEGRITY_FABRIC.gvl
-rw-r--r--  1 runner runner   1830 Jul 30 07:02 GVL_GOVERNANCE_OBSERVER_CONSENSUS_FABRIC.gvl
-rw-r--r--  1 runner runner   1851 Jul 30 07:02 GVL_GOVERNANCE_PUBLICATION_BINDING_FABRIC.gvl
-rw-r--r--  1 runner runner   1768 Jul 30 07:02 GVL_GOVERNANCE_VALIDATOR_INTEGRITY_FABRIC.gvl
-rw-r--r--  1 runner runner   1952 Jul 30 07:02 GVL_HA_SESSION_REPLICATION.gvl
-rw-r--r--  1 runner runner    408 Jul 30 07:02 GVL_HEALTH_BRIDGE.gvl
-rw-r--r--  1 runner runner    182 Jul 30 07:02 GVL_HEATING_DIAGNOSTICS.gvl
-rw-r--r--  1 runner runner    604 Jul 30 07:02 GVL_HEATING_OUTPUT.gvl
-rw-r--r--  1 runner runner   2744 Jul 30 07:02 GVL_HEATING_POLICY.gvl
-rw-r--r--  1 runner runner    350 Jul 30 07:02 GVL_HEATING_POLICY_CONFIG.gvl
-rw-r--r--  1 runner runner    136 Jul 30 07:02 GVL_HEATING_REQUEST.gvl
-rw-r--r--  1 runner runner    617 Jul 30 07:02 GVL_HISTORICAL_ORDERING_INTEGRITY_FABRIC.gvl
-rw-r--r--  1 runner runner   1534 Jul 30 07:02 GVL_HISTORICAL_TRUTH.gvl
-rw-r--r--  1 runner runner   7111 Jul 30 07:02 GVL_HMI.gvl
-rw-r--r--  1 runner runner   1248 Jul 30 07:02 GVL_HMI_ACCESS.gvl
-rw-r--r--  1 runner runner    604 Jul 30 07:02 GVL_HMI_ALARM_AUDIBLE_ACK.gvl
-rw-r--r--  1 runner runner    446 Jul 30 07:02 GVL_HMI_Config_Workflow.gvl
-rw-r--r--  1 runner runner   3255 Jul 30 07:02 GVL_HMI_GAS_SMOKE_CO.gvl
-rw-r--r--  1 runner runner   1648 Jul 30 07:02 GVL_HMI_SECURITY.gvl
-rw-r--r--  1 runner runner    169 Jul 30 07:02 GVL_HMI_SECURITY_ACCESS_INTENT.gvl
-rw-r--r--  1 runner runner    798 Jul 30 07:02 GVL_HMI_SECURITY_IO_MAP.gvl
-rw-r--r--  1 runner runner   1436 Jul 30 07:02 GVL_HMI_WATER_TOPOLOGY.gvl
-rw-r--r--  1 runner runner   3157 Jul 30 07:02 GVL_Heating_Circuit_Explainability.gvl
-rw-r--r--  1 runner runner   1141 Jul 30 07:02 GVL_Heating_Runtime_Explainability.gvl
-rw-r--r--  1 runner runner    436 Jul 30 07:02 GVL_Heating_Runtime_Meta.gvl
-rw-r--r--  1 runner runner   1005 Jul 30 07:02 GVL_Heating_Runtime_Observation.gvl
-rw-r--r--  1 runner runner   1319 Jul 30 07:02 GVL_Heating_Runtime_Observer.gvl
-rw-r--r--  1 runner runner    342 Jul 30 07:02 GVL_Heating_Runtime_Projection.gvl
-rw-r--r--  1 runner runner    225 Jul 30 07:02 GVL_Heating_Runtime_Supervisory_Publication.gvl
-rw-r--r--  1 runner runner    380 Jul 30 07:02 GVL_Heating_Source_Stability.gvl
-rw-r--r--  1 runner runner   1149 Jul 30 07:02 GVL_INDUSTRIAL_MAINTAINABILITY_FABRIC.gvl
-rw-r--r--  1 runner runner   1761 Jul 30 07:02 GVL_INPUT.gvl
-rw-r--r--  1 runner runner    188 Jul 30 07:02 GVL_INPUT_QUALITY.gvl
-rw-r--r--  1 runner runner   1082 Jul 30 07:02 GVL_INPUT_VALIDATION_CONFIG.gvl
-rw-r--r--  1 runner runner   1465 Jul 30 07:02 GVL_INTENT_BEHAVIOR.gvl
-rw-r--r--  1 runner runner    268 Jul 30 07:02 GVL_INTENT_POLICY.gvl
-rw-r--r--  1 runner runner   1478 Jul 30 07:02 GVL_INTENT_SAFETY.gvl
-rw-r--r--  1 runner runner   1351 Jul 30 07:02 GVL_INTENT_SYSTEM.gvl
-rw-r--r--  1 runner runner   1844 Jul 30 07:02 GVL_INTENT_USER.gvl
-rw-r--r--  1 runner runner   4486 Jul 30 07:02 GVL_IO.gvl
-rw-r--r--  1 runner runner    436 Jul 30 07:02 GVL_IO_Binding_Config.gvl
-rw-r--r--  1 runner runner    625 Jul 30 07:02 GVL_IO_Binding_Runtime.gvl
-rw-r--r--  1 runner runner    859 Jul 30 07:02 GVL_IO_WRITE_RUNTIME_BUFFER.gvl
-rw-r--r--  1 runner runner    231 Jul 30 07:02 GVL_LIGHTING_OUTPUT.gvl
-rw-r--r--  1 runner runner    580 Jul 30 07:02 GVL_LIGHTING_RUNTIME.gvl
-rw-r--r--  1 runner runner   1159 Jul 30 07:02 GVL_LIGHTING_RUNTIME_BUFFER.gvl
-rw-r--r--  1 runner runner   2731 Jul 30 07:02 GVL_MAIN_PHASE_FEEDBACK.gvl
-rw-r--r--  1 runner runner   1572 Jul 30 07:02 GVL_META_GOVERNANCE_FABRIC.gvl
-rw-r--r--  1 runner runner    515 Jul 30 07:02 GVL_METHANE_REDUNDANCY.gvl
-rw-r--r--  1 runner runner    943 Jul 30 07:02 GVL_MODBUS_MASTER.gvl
-rw-r--r--  1 runner runner   1262 Jul 30 07:02 GVL_MODBUS_RTU_BRIDGE.gvl
-rw-r--r--  1 runner runner    553 Jul 30 07:02 GVL_MODBUS_RTU_FRAME.gvl
-rw-r--r--  1 runner runner    690 Jul 30 07:02 GVL_MODBUS_SCAN.gvl
-rw-r--r--  1 runner runner   2067 Jul 30 07:02 GVL_MODBUS_SYSCOM_TRANSPORT.gvl
-rw-r--r--  1 runner runner    301 Jul 30 07:02 GVL_MODE.gvl
-rw-r--r--  1 runner runner   2143 Jul 30 07:02 GVL_OBSERVABILITY_AUTHORITY.gvl
-rw-r--r--  1 runner runner   1156 Jul 30 07:02 GVL_OBSERVABILITY_AUTHORITY_FABRIC.gvl
-rw-r--r--  1 runner runner   1580 Jul 30 07:02 GVL_OBSERVABILITY_TRUTH.gvl
-rw-r--r--  1 runner runner    794 Jul 30 07:02 GVL_OPENTHERM_ADAPTER.gvl
-rw-r--r--  1 runner runner    789 Jul 30 07:02 GVL_OPERATIONAL_INTELLIGENCE_FABRIC.gvl
-rw-r--r--  1 runner runner   1660 Jul 30 07:02 GVL_OPERATOR_SEMANTIC_ALIGNMENT.gvl
-rw-r--r--  1 runner runner   2448 Jul 30 07:02 GVL_OUTDOOR_LIGHTING.gvl
-rw-r--r--  1 runner runner   1035 Jul 30 07:02 GVL_OUTPUT_EPOCH.gvl
-rw-r--r--  1 runner runner    718 Jul 30 07:02 GVL_PASSIVE_RUNTIME_VERIFICATION_FABRIC.gvl
-rw-r--r--  1 runner runner   1129 Jul 30 07:02 GVL_PEER_SESSION.gvl
-rw-r--r--  1 runner runner    346 Jul 30 07:02 GVL_PERSISTENT.gvl
-rw-r--r--  1 runner runner   1005 Jul 30 07:02 GVL_PHYSICAL_AUTHORITY_EPOCH.gvl
-rw-r--r--  1 runner runner    710 Jul 30 07:02 GVL_PHYSICAL_DEADLOCK_RESOLUTION_FABRIC.gvl
-rw-r--r--  1 runner runner    792 Jul 30 07:02 GVL_PHYSICAL_REALITY_VERIFICATION_FABRIC.gvl
-rw-r--r--  1 runner runner   2039 Jul 30 07:02 GVL_PHYSICAL_SAFESTATE_LATTICE_FABRIC.gvl
-rw-r--r--  1 runner runner    655 Jul 30 07:02 GVL_PHYSICAL_SAFETY_PROJECTION_FABRIC.gvl
-rw-r--r--  1 runner runner   1159 Jul 30 07:02 GVL_PHYSICAL_SNAPSHOT.gvl
-rw-r--r--  1 runner runner   1791 Jul 30 07:02 GVL_PHYSICAL_TRANSACTION.gvl
-rw-r--r--  1 runner runner   1124 Jul 30 07:02 GVL_PLC_FENCING.gvl
-rw-r--r--  1 runner runner   3039 Jul 30 07:02 GVL_POLICY.gvl
-rw-r--r--  1 runner runner    626 Jul 30 07:02 GVL_POWER_DOMAIN_SEGMENTATION_FABRIC.gvl
-rw-r--r--  1 runner runner    331 Jul 30 07:02 GVL_PRESENCE.gvl
-rw-r--r--  1 runner runner    508 Jul 30 07:02 GVL_PROOF_CONTINUITY_AUDIT_FABRIC.gvl
-rw-r--r--  1 runner runner   1727 Jul 30 07:02 GVL_PROVENANCE_CONTINUITY_FABRIC.gvl
-rw-r--r--  1 runner runner    491 Jul 30 07:02 GVL_Predictive_Diagnostics.gvl
-rw-r--r--  1 runner runner   1156 Jul 30 07:02 GVL_RECOVERY_GOVERNANCE.gvl
-rw-r--r--  1 runner runner    627 Jul 30 07:02 GVL_RECOVERY_ORDERING_INTEGRITY_FABRIC.gvl
-rw-r--r--  1 runner runner    630 Jul 30 07:02 GVL_RECOVERY_REACTIVATION_CONTROL_FABRIC.gvl
-rw-r--r--  1 runner runner    539 Jul 30 07:02 GVL_RESIDUAL_ENERGY_STATE_FABRIC.gvl
-rw-r--r--  1 runner runner    602 Jul 30 07:02 GVL_RESOURCE_STARVATION_BOUNDARY_FABRIC.gvl
-rw-r--r--  1 runner runner    587 Jul 30 07:02 GVL_RUNTIME_ASSUMPTION_INTEGRITY_FABRIC.gvl
-rw-r--r--  1 runner runner    789 Jul 30 07:02 GVL_RUNTIME_BUDGET_ENFORCEMENT.gvl
-rw-r--r--  1 runner runner    957 Jul 30 07:02 GVL_RUNTIME_EPOCH.gvl
-rw-r--r--  1 runner runner    489 Jul 30 07:02 GVL_RUNTIME_IO_VALIDATION.gvl
-rw-r--r--  1 runner runner   1816 Jul 30 07:02 GVL_RUNTIME_RESOURCE_AUTHORITY.gvl
-rw-r--r--  1 runner runner   1360 Jul 30 07:02 GVL_RUNTIME_SCENARIO_VALIDATION.gvl
-rw-r--r--  1 runner runner    928 Jul 30 07:02 GVL_RUNTIME_SNAPSHOT.gvl
-rw-r--r--  1 runner runner    726 Jul 30 07:02 GVL_RUNTIME_STATE_ALGEBRA.gvl
-rw-r--r--  1 runner runner   1653 Jul 30 07:02 GVL_RUNTIME_SUSTAINABILITY_FABRIC.gvl
-rw-r--r--  1 runner runner    939 Jul 30 07:02 GVL_RUNTIME_TRANSITION_SYSTEM.gvl
-rw-r--r--  1 runner runner   2295 Jul 30 07:02 GVL_Retain.gvl
-rw-r--r--  1 runner runner    514 Jul 30 07:02 GVL_Runtime_Bus.gvl
-rw-r--r--  1 runner runner    450 Jul 30 07:02 GVL_Runtime_Discovery.gvl
-rw-r--r--  1 runner runner    457 Jul 30 07:02 GVL_Runtime_Restart_Continuity.gvl
-rw-r--r--  1 runner runner    489 Jul 30 07:02 GVL_Runtime_Sessions.gvl
-rw-r--r--  1 runner runner    748 Jul 30 07:02 GVL_SAFETY_OBSERVABILITY_TRUTH_FABRIC.gvl
-rw-r--r--  1 runner runner    600 Jul 30 07:02 GVL_SAFETY_RECOVERY.gvl
-rw-r--r--  1 runner runner    182 Jul 30 07:02 GVL_SAFETY_RECOVERY_CONFIG.gvl
-rw-r--r--  1 runner runner    216 Jul 30 07:02 GVL_SAFETY_SHUTDOWN.gvl
-rw-r--r--  1 runner runner    838 Jul 30 07:02 GVL_SCENARIO_CONFIG.gvl
-rw-r--r--  1 runner runner    270 Jul 30 07:02 GVL_SECURITY_ACCESS_INTENT.gvl
-rw-r--r--  1 runner runner    826 Jul 30 07:02 GVL_SECURITY_WORKFLOW.gvl
-rw-r--r--  1 runner runner   2968 Jul 30 07:02 GVL_SEMANTIC_COMMIT.gvl
-rw-r--r--  1 runner runner   1479 Jul 30 07:02 GVL_SEMANTIC_CONTINUITY.gvl
-rw-r--r--  1 runner runner    560 Jul 30 07:02 GVL_SEMANTIC_DRIFT_OBSERVABILITY_FABRIC.gvl
-rw-r--r--  1 runner runner   1744 Jul 30 07:02 GVL_SEMANTIC_EPOCH_INVARIANCE_FABRIC.gvl
-rw-r--r--  1 runner runner   1708 Jul 30 07:02 GVL_SEMANTIC_EXECUTION_CONTROL.gvl
-rw-r--r--  1 runner runner   1683 Jul 30 07:02 GVL_SEMANTIC_FEDERATION_FABRIC.gvl
-rw-r--r--  1 runner runner   1657 Jul 30 07:02 GVL_SEMANTIC_PRESERVATION_FABRIC.gvl
-rw-r--r--  1 runner runner   2483 Jul 30 07:02 GVL_SEMANTIC_PROGRESS.gvl
-rw-r--r--  1 runner runner   1381 Jul 30 07:02 GVL_SENSOR_CONSENSUS.gvl
-rw-r--r--  1 runner runner   2587 Jul 30 07:02 GVL_SIMULATION.gvl
-rw-r--r--  1 runner runner    511 Jul 30 07:02 GVL_SMOKE_VERIFICATION.gvl
-rw-r--r--  1 runner runner   7550 Jul 30 07:02 GVL_STATE.gvl
-rw-r--r--  1 runner runner   2764 Jul 30 07:02 GVL_STATUS.gvl
-rw-r--r--  1 runner runner   1602 Jul 30 07:02 GVL_SURVIVABILITY_INTELLIGENCE_FABRIC.gvl
-rw-r--r--  1 runner runner    349 Jul 30 07:02 GVL_SYSTEM_COORDINATION.gvl
-rw-r--r--  1 runner runner    226 Jul 30 07:02 GVL_SYSTEM_HEALTH.gvl
-rw-r--r--  1 runner runner    531 Jul 30 07:02 GVL_SYSTEM_SIZE_CONFIG.gvl
-rw-r--r--  1 runner runner   1228 Jul 30 07:02 GVL_Safety_Selector.gvl
-rw-r--r--  1 runner runner    442 Jul 30 07:02 GVL_System_Diagnostics_Publication.gvl
-rw-r--r--  1 runner runner   1337 Jul 30 07:02 GVL_TELEMETRY.gvl
-rw-r--r--  1 runner runner    724 Jul 30 07:02 GVL_TEMPORAL_CAUSALITY_CLOSURE_FABRIC.gvl
-rw-r--r--  1 runner runner   1558 Jul 30 07:02 GVL_TEMPORAL_STABILITY.gvl
-rw-r--r--  1 runner runner   3421 Jul 30 07:02 GVL_TEST_PANEL.gvl
-rw-r--r--  1 runner runner    595 Jul 30 07:02 GVL_TEST_PANEL_DEBUG.gvl
-rw-r--r--  1 runner runner    736 Jul 30 07:02 GVL_TEST_PANEL_RESULT.gvl
-rw-r--r--  1 runner runner   1058 Jul 30 07:02 GVL_TIME_MONOTONIC.gvl
-rw-r--r--  1 runner runner    511 Jul 30 07:02 GVL_TIME_SERVICE.gvl
-rw-r--r--  1 runner runner    759 Jul 30 07:02 GVL_TRACE.gvl
-rw-r--r--  1 runner runner   1208 Jul 30 07:02 GVL_TRANSPORT_FRESHNESS.gvl
-rw-r--r--  1 runner runner   1684 Jul 30 07:02 GVL_TRUST_EPOCH_MONOTONICITY_FABRIC.gvl
-rw-r--r--  1 runner runner    618 Jul 30 07:02 GVL_UNSAFE_TRANSITION_FORENSICS_FABRIC.gvl
-rw-r--r--  1 runner runner    276 Jul 30 07:02 GVL_VENT_OUTPUT.gvl
-rw-r--r--  1 runner runner    531 Jul 30 07:02 GVL_WATER_DOMAIN_STATUS.gvl
-rw-r--r--  1 runner runner   1648 Jul 30 07:02 GVL_WATER_EMERGENCY_OPEN.gvl
-rw-r--r--  1 runner runner    715 Jul 30 07:02 GVL_WATER_OUTPUT.gvl
-rw-r--r--  1 runner runner    433 Jul 30 07:02 GVL_WATER_VALVE_SERVICE.gvl
-rw-r--r--  1 runner runner    418 Jul 30 07:02 GVL_Water_Hydraulic_Graph.gvl
-rw-r--r--  1 runner runner    386 Jul 30 07:02 GVL_Water_Hydraulic_Topology.gvl
-rw-r--r--  1 runner runner   1107 Jul 30 07:02 GVL_Water_Isolation_Authority.gvl
-rw-r--r--  1 runner runner   1165 Jul 30 07:02 GVL_Water_Isolation_Intent.gvl
-rw-r--r--  1 runner runner   1074 Jul 30 07:02 GVL_Water_Isolation_Runtime.gvl
-rw-r--r--  1 runner runner   1957 Jul 30 07:02 GVL_Water_Leak_Explainability.gvl
-rw-r--r--  1 runner runner    464 Jul 30 07:02 GVL_Water_Orchestration.gvl
-rw-r--r--  1 runner runner    489 Jul 30 07:02 GVL_Water_Output_Projection.gvl
-rw-r--r--  1 runner runner    361 Jul 30 07:02 GVL_Water_Output_Reconciliation.gvl
-rw-r--r--  1 runner runner    444 Jul 30 07:02 GVL_Water_Physical_Runtime.gvl
-rw-r--r--  1 runner runner    307 Jul 30 07:02 GVL_Water_Recovery_Runtime.gvl
-rw-r--r--  1 runner runner    482 Jul 30 07:02 GVL_Water_Runtime_Hardening.gvl
-rw-r--r--  1 runner runner   1628 Jul 30 07:02 GVL_Water_Runtime_Projection.gvl
-rw-r--r--  1 runner runner    737 Jul 30 07:02 GVL_Water_Runtime_Supervisory_Publication.gvl
-rw-r--r--  1 runner runner    410 Jul 30 07:02 GVL_Water_Topology_Config.gvl
-rw-r--r--  1 runner runner    330 Jul 30 07:02 GVL_Water_Topology_Config_Source.gvl
-rw-r--r--  1 runner runner    341 Jul 30 07:02 GVL_Water_Topology_Validation.gvl
-rw-r--r--  1 runner runner    323 Jul 30 07:02 GVL_Water_Valve_Feedback.gvl
-rw-r--r--  1 runner runner   1040 Jul 30 07:02 GVL_Water_Valve_Runtime.gvl
-rw-r--r--  1 runner runner   9486 Jul 30 07:02 HEATING_ACTIVE_WRITE_PATH_VERIFICATION.md
-rw-r--r--  1 runner runner   6660 Jul 30 07:02 HEATING_ARCHITECTURAL_ANTI_PATTERNS.md
-rw-r--r--  1 runner runner   8376 Jul 30 07:02 HEATING_RUNTIME_OWNERSHIP_MATRIX.md
-rw-r--r--  1 runner runner    164 Jul 30 07:02 IS_REAL_VALID.fun
-rw-r--r--  1 runner runner    309 Jul 30 07:02 IValveController.st
-rw-r--r--  1 runner runner    906 Jul 30 07:02 MAIN.st
-rw-r--r--  1 runner runner   9390 Jul 30 07:02 PRG_Access.st
-rw-r--r--  1 runner runner   4347 Jul 30 07:02 PRG_Actuation_Authority_Governor.st
-rw-r--r--  1 runner runner   5434 Jul 30 07:02 PRG_Actuator_Semantic_Verification_Governor.st
-rw-r--r--  1 runner runner   3731 Jul 30 07:02 PRG_Alarm_Audible_Ack_Manager.st
-rw-r--r--  1 runner runner   3651 Jul 30 07:02 PRG_Authority_Lineage_Governor.st
-rw-r--r--  1 runner runner   5232 Jul 30 07:02 PRG_Authority_Provenance_Governor.st
-rw-r--r--  1 runner runner   3358 Jul 30 07:02 PRG_Authority_Restoration_Governor.st
-rw-r--r--  1 runner runner    789 Jul 30 07:02 PRG_Authority_Resurrection_Boundary_Governor.st
-rw-r--r--  1 runner runner   2576 Jul 30 07:02 PRG_Authority_Revocation_Governor.st
-rw-r--r--  1 runner runner   6856 Jul 30 07:02 PRG_Away_Heating_HMI_Applicator.st
-rw-r--r--  1 runner runner   2222 Jul 30 07:02 PRG_Away_Restore_Manager.st
-rw-r--r--  1 runner runner   2014 Jul 30 07:02 PRG_Behavior_Adapt_Profile.st
-rw-r--r--  1 runner runner   1155 Jul 30 07:02 PRG_Causal_Narrative_Engine.st
-rw-r--r--  1 runner runner    846 Jul 30 07:02 PRG_Causality_Reversal_Prevention_Governor.st
-rw-r--r--  1 runner runner   1026 Jul 30 07:02 PRG_Command_Arbitration.st
-rw-r--r--  1 runner runner   3809 Jul 30 07:02 PRG_Command_Arbitration_Phase_01_Reset_Role.st
-rw-r--r--  1 runner runner   6060 Jul 30 07:02 PRG_Command_Arbitration_Phase_02_Safety_Mode.st
-rw-r--r--  1 runner runner   4136 Jul 30 07:02 PRG_Command_Arbitration_Phase_03_User_Rules_Conflict.st
-rw-r--r--  1 runner runner   2155 Jul 30 07:02 PRG_Command_Arbitration_Phase_04_Write_Shadow.st
-rw-r--r--  1 runner runner   5118 Jul 30 07:02 PRG_Command_Verifier.st
-rw-r--r--  1 runner runner   5401 Jul 30 07:02 PRG_Compliance_Federation_Governor.st
-rw-r--r--  1 runner runner  16034 Jul 30 07:02 PRG_Config_Manager.st
-rw-r--r--  1 runner runner   4482 Jul 30 07:02 PRG_Config_Staged_Change_Monitor.st
-rw-r--r--  1 runner runner   9270 Jul 30 07:02 PRG_Config_Validation.st
-rw-r--r--  1 runner runner   4578 Jul 30 07:02 PRG_Config_Versioning.st
-rw-r--r--  1 runner runner   4850 Jul 30 07:02 PRG_Control_Temporal_Coherence_Governor.st
-rw-r--r--  1 runner runner   1622 Jul 30 07:02 PRG_Controlled_Capability_Shedding_Governor.st
-rw-r--r--  1 runner runner   7215 Jul 30 07:02 PRG_Convergence_Governor.st
-rw-r--r--  1 runner runner   2281 Jul 30 07:02 PRG_CrossDomain_FailSafe_Closure_Governor.st
-rw-r--r--  1 runner runner  12825 Jul 30 07:02 PRG_Debug_View.st
-rw-r--r--  1 runner runner   1344 Jul 30 07:02 PRG_Deterministic_Recovery_Path_Governor.st
-rw-r--r--  1 runner runner   5380 Jul 30 07:02 PRG_Distributed_Commit_Governor.st
-rw-r--r--  1 runner runner   1410 Jul 30 07:02 PRG_Distributed_Commit_Ingestion.st
-rw-r--r--  1 runner runner   2960 Jul 30 07:02 PRG_Distributed_Commit_Observability.st
-rw-r--r--  1 runner runner   1531 Jul 30 07:02 PRG_Distributed_Commit_Publication.st
-rw-r--r--  1 runner runner    281 Jul 30 07:02 PRG_Distributed_Domain.st
-rw-r--r--  1 runner runner   7092 Jul 30 07:02 PRG_Distributed_Epoch_Governor.st
-rw-r--r--  1 runner runner    806 Jul 30 07:02 PRG_Distributed_Epoch_Linearity_Governor.st
-rw-r--r--  1 runner runner    846 Jul 30 07:02 PRG_Distributed_Forward_Progress_Governor.st
-rw-r--r--  1 runner runner   2097 Jul 30 07:02 PRG_Distributed_Peer_Ingestion.st
-rw-r--r--  1 runner runner   3030 Jul 30 07:02 PRG_Distributed_Runtime_Supervisor.st
-rw-r--r--  1 runner runner    927 Jul 30 07:02 PRG_Distributed_Safety_Reality_Consensus_Governor.st
-rw-r--r--  1 runner runner   7062 Jul 30 07:02 PRG_Distributed_Snapshot_Governor.st
-rw-r--r--  1 runner runner   1797 Jul 30 07:02 PRG_Distributed_Snapshot_Ingestion.st
-rw-r--r--  1 runner runner   1903 Jul 30 07:02 PRG_Distributed_Snapshot_Publication.st
-rw-r--r--  1 runner runner  10563 Jul 30 07:02 PRG_Domain_Execution_Policy.st
-rw-r--r--  1 runner runner   2565 Jul 30 07:02 PRG_Domain_Execution_Policy_Periodic.st
-rw-r--r--  1 runner runner   4543 Jul 30 07:02 PRG_Domain_Execution_Validation.st
-rw-r--r--  1 runner runner   4871 Jul 30 07:02 PRG_Energy_Causality_Governor.st
-rw-r--r--  1 runner runner    907 Jul 30 07:02 PRG_Energy_Isolation_Causality_Governor.st
-rw-r--r--  1 runner runner    834 Jul 30 07:02 PRG_Energy_Resurrection_Boundary_Governor.st
-rw-r--r--  1 runner runner   4866 Jul 30 07:02 PRG_Environmental_Authority_Governor.st
-rw-r--r--  1 runner runner   5170 Jul 30 07:02 PRG_Epistemic_Integrity_Governor.st
-rw-r--r--  1 runner runner    769 Jul 30 07:02 PRG_Execution_Progress_Causality_Governor.st
-rw-r--r--  1 runner runner   6077 Jul 30 07:02 PRG_Execution_Projection_Integrity_Governor.st
-rw-r--r--  1 runner runner   2758 Jul 30 07:02 PRG_Explainability.st
-rw-r--r--  1 runner runner   6968 Jul 30 07:02 PRG_File_Archive_HMI_Applicator.st
-rw-r--r--  1 runner runner   4168 Jul 30 07:02 PRG_File_Archive_Manager.st
-rw-r--r--  1 runner runner   5040 Jul 30 07:02 PRG_Forensic_Evidence_Governor.st
-rw-r--r--  1 runner runner   4899 Jul 30 07:02 PRG_Global_Authority_Sync_Governor.st
-rw-r--r--  1 runner runner   5975 Jul 30 07:02 PRG_Governance_Feedback_Integrity_Governor.st
-rw-r--r--  1 runner runner   5985 Jul 30 07:02 PRG_Governance_Liveness_Integrity_Governor.st
-rw-r--r--  1 runner runner   5985 Jul 30 07:02 PRG_Governance_Observer_Consensus_Governor.st
-rw-r--r--  1 runner runner   5881 Jul 30 07:02 PRG_Governance_Publication_Binding_Governor.st
-rw-r--r--  1 runner runner   5957 Jul 30 07:02 PRG_Governance_Validator_Integrity_Governor.st
-rw-r--r--  1 runner runner   2063 Jul 30 07:02 PRG_HA_Session_Replication.st
-rw-r--r--  1 runner runner   3503 Jul 30 07:02 PRG_HMI_Access_Dashboard.st
-rw-r--r--  1 runner runner   1548 Jul 30 07:02 PRG_HMI_Alarm_Audible_Ack_Dashboard.st
-rw-r--r--  1 runner runner   1407 Jul 30 07:02 PRG_HMI_Config_Workflow_Manager.st
-rw-r--r--  1 runner runner  11120 Jul 30 07:02 PRG_HMI_Dashboard.st
-rw-r--r--  1 runner runner   8944 Jul 30 07:02 PRG_HMI_Gas_Smoke_CO_Dashboard.st
-rw-r--r--  1 runner runner    556 Jul 30 07:02 PRG_HMI_Security_Access_Intent_Dashboard.st
-rw-r--r--  1 runner runner   4862 Jul 30 07:02 PRG_HMI_Security_Dashboard.st
-rw-r--r--  1 runner runner   2721 Jul 30 07:02 PRG_HMI_Security_IO_Map_Dashboard.st
-rw-r--r--  1 runner runner   7561 Jul 30 07:02 PRG_HMI_Water_Dashboard.st
-rw-r--r--  1 runner runner  14810 Jul 30 07:02 PRG_Heating.st
-rw-r--r--  1 runner runner   2097 Jul 30 07:02 PRG_Heating_Config_Defaults.st
-rw-r--r--  1 runner runner   2478 Jul 30 07:02 PRG_Heating_Policy_Manager.st
-rw-r--r--  1 runner runner    811 Jul 30 07:02 PRG_Heating_Policy_Observer.st
-rw-r--r--  1 runner runner   6633 Jul 30 07:02 PRG_Heating_Supervisory_Publication.st
-rw-r--r--  1 runner runner    843 Jul 30 07:02 PRG_Historical_Ordering_Integrity_Governor.st
-rw-r--r--  1 runner runner   4557 Jul 30 07:02 PRG_Historical_Truth_Governor.st
-rw-r--r--  1 runner runner    746 Jul 30 07:02 PRG_IO_Read.st
-rw-r--r--  1 runner runner   1040 Jul 30 07:02 PRG_IO_Read_Discrete_01_Lighting_Sockets.st
-rw-r--r--  1 runner runner   2109 Jul 30 07:02 PRG_IO_Read_Discrete_02_Security_Openings.st
-rw-r--r--  1 runner runner    953 Jul 30 07:02 PRG_IO_Read_Discrete_03_Safety_Sensors.st
-rw-r--r--  1 runner runner   4552 Jul 30 07:02 PRG_IO_Read_Manifold_01_Pressure_Current.st
-rw-r--r--  1 runner runner   1497 Jul 30 07:02 PRG_IO_Read_Manifold_02_Temperature_Status.st
-rw-r--r--  1 runner runner   1754 Jul 30 07:02 PRG_IO_Read_Phase_01_Module_Health.st
-rw-r--r--  1 runner runner    688 Jul 30 07:02 PRG_IO_Read_Phase_02_Discrete_Debounce.st
-rw-r--r--  1 runner runner   6042 Jul 30 07:02 PRG_IO_Read_Phase_03_Environment_Sensors.st
-rw-r--r--  1 runner runner    675 Jul 30 07:02 PRG_IO_Read_Phase_04_Heating_Manifold_Sensors.st
-rw-r--r--  1 runner runner   1856 Jul 30 07:02 PRG_IO_Read_Phase_05_Gas_DHW_Water_Feedback.st
-rw-r--r--  1 runner runner    926 Jul 30 07:02 PRG_IO_Write.st
-rw-r--r--  1 runner runner   3680 Jul 30 07:02 PRG_IO_Write_Phase_01_Context.st
-rw-r--r--  1 runner runner   3686 Jul 30 07:02 PRG_IO_Write_Phase_02_Hard_Stop_Safe_State.st
-rw-r--r--  1 runner runner   5714 Jul 30 07:02 PRG_IO_Write_Phase_03_Domain_Projection.st
-rw-r--r--  1 runner runner   1118 Jul 30 07:02 PRG_IO_Write_Phase_04_Alarm_Trace.st
-rw-r--r--  1 runner runner    273 Jul 30 07:02 PRG_Industrial_Maintainability_Governor.st
-rw-r--r--  1 runner runner   7793 Jul 30 07:02 PRG_Input_Processing.st
-rw-r--r--  1 runner runner   1319 Jul 30 07:02 PRG_Input_Quality_Read.st
-rw-r--r--  1 runner runner    684 Jul 30 07:02 PRG_Lighting.st
-rw-r--r--  1 runner runner   2707 Jul 30 07:02 PRG_Lighting_Phase_01_Context.st
-rw-r--r--  1 runner runner   3206 Jul 30 07:02 PRG_Lighting_Phase_02_Managers.st
-rw-r--r--  1 runner runner   2267 Jul 30 07:02 PRG_Lighting_Phase_03_Priority_Restrictions.st
-rw-r--r--  1 runner runner   3142 Jul 30 07:02 PRG_Lighting_Phase_04_Output_Publication.st
-rw-r--r--  1 runner runner   4595 Jul 30 07:02 PRG_Main_Phase_01_Bootstrap.st
-rw-r--r--  1 runner runner   1781 Jul 30 07:02 PRG_Main_Phase_02_Redundancy.st
-rw-r--r--  1 runner runner   1115 Jul 30 07:02 PRG_Main_Phase_03_Input_Safety_Command.st
-rw-r--r--  1 runner runner   1632 Jul 30 07:02 PRG_Main_Phase_04_Transport_Distributed.st
-rw-r--r--  1 runner runner   2717 Jul 30 07:02 PRG_Main_Phase_05_Domain_Output.st
-rw-r--r--  1 runner runner   1186 Jul 30 07:02 PRG_Main_Phase_06_PostOutput_Authority.st
-rw-r--r--  1 runner runner   5360 Jul 30 07:02 PRG_Main_Phase_07_Semantic_Governance.st
-rw-r--r--  1 runner runner   6298 Jul 30 07:02 PRG_Main_Phase_08_Diagnostics_HMI.st
-rw-r--r--  1 runner runner   4816 Jul 30 07:02 PRG_Meta_Governance_Governor.st
-rw-r--r--  1 runner runner   4199 Jul 30 07:02 PRG_Modbus_Master.st
-rw-r--r--  1 runner runner   3033 Jul 30 07:02 PRG_Modbus_RTU_Bridge.st
-rw-r--r--  1 runner runner    645 Jul 30 07:02 PRG_Modbus_RTU_Driver.st
-rw-r--r--  1 runner runner    228 Jul 30 07:02 PRG_Modbus_RTU_SysCom_Backend.st
-rw-r--r--  1 runner runner    510 Jul 30 07:02 PRG_Modbus_RTU_SysCom_Transport.st
-rw-r--r--  1 runner runner   2379 Jul 30 07:02 PRG_Modbus_Register_Scan.st
-rw-r--r--  1 runner runner    631 Jul 30 07:02 PRG_Mode_Manager.st
-rw-r--r--  1 runner runner   3023 Jul 30 07:02 PRG_Observability_Authority_Governor.st
-rw-r--r--  1 runner runner   4938 Jul 30 07:02 PRG_Observability_Governor.st
-rw-r--r--  1 runner runner   4989 Jul 30 07:02 PRG_Observability_Truth_Governor.st
-rw-r--r--  1 runner runner   5109 Jul 30 07:02 PRG_OpenTherm_Adapter_Status.st
-rw-r--r--  1 runner runner   1392 Jul 30 07:02 PRG_OpenTherm_Command_Interface.st
-rw-r--r--  1 runner runner   4130 Jul 30 07:02 PRG_OpenTherm_Transport.st
-rw-r--r--  1 runner runner    916 Jul 30 07:02 PRG_Operational_Intelligence_Governor.st
-rw-r--r--  1 runner runner   5277 Jul 30 07:02 PRG_Operator_Semantic_Alignment_Governor.st
-rw-r--r--  1 runner runner   6659 Jul 30 07:02 PRG_Output_Freshness_Governor.st
-rw-r--r--  1 runner runner    206 Jul 30 07:02 PRG_PLC_A.st
-rw-r--r--  1 runner runner    710 Jul 30 07:02 PRG_PLC_Arbitration.st
-rw-r--r--  1 runner runner    205 Jul 30 07:02 PRG_PLC_B.st
-rw-r--r--  1 runner runner   1536 Jul 30 07:02 PRG_PLC_Fencing_Governor.st
-rw-r--r--  1 runner runner    525 Jul 30 07:02 PRG_Passive_Runtime_Verification_Governor.st
-rw-r--r--  1 runner runner   1883 Jul 30 07:02 PRG_Peer_Heartbeat_Ingestion.st
-rw-r--r--  1 runner runner   1519 Jul 30 07:02 PRG_Peer_Session_Publication.st
-rw-r--r--  1 runner runner   3820 Jul 30 07:02 PRG_Physical_Authority_Epoch_Governor.st
-rw-r--r--  1 runner runner    905 Jul 30 07:02 PRG_Physical_Deadlock_Resolution_Governor.st
-rw-r--r--  1 runner runner   1195 Jul 30 07:02 PRG_Physical_Reality_Validation_Governor.st
-rw-r--r--  1 runner runner   2045 Jul 30 07:02 PRG_Physical_SafeState_Lattice_Governor.st
-rw-r--r--  1 runner runner    842 Jul 30 07:02 PRG_Physical_Safety_Projection_Governor.st
-rw-r--r--  1 runner runner   3428 Jul 30 07:02 PRG_Physical_Snapshot_Governor.st
-rw-r--r--  1 runner runner   5941 Jul 30 07:02 PRG_Physical_Transaction_Governor.st
-rw-r--r--  1 runner runner  15836 Jul 30 07:02 PRG_Policy.st
-rw-r--r--  1 runner runner    799 Jul 30 07:02 PRG_Power_Domain_Segmentation_Governor.st
-rw-r--r--  1 runner runner   5492 Jul 30 07:02 PRG_PreOutput_Safety_Barrier.st
-rw-r--r--  1 runner runner    859 Jul 30 07:02 PRG_Presence_Manager.st
-rw-r--r--  1 runner runner    368 Jul 30 07:02 PRG_Proof_Continuity_Audit_Governor.st
-rw-r--r--  1 runner runner   5429 Jul 30 07:02 PRG_Provenance_Continuity_Governor.st
-rw-r--r--  1 runner runner   5124 Jul 30 07:02 PRG_Recovery_Cleanup_Governor.st
-rw-r--r--  1 runner runner    412 Jul 30 07:02 PRG_Recovery_Domain.st
-rw-r--r--  1 runner runner    828 Jul 30 07:02 PRG_Recovery_Ordering_Integrity_Governor.st
-rw-r--r--  1 runner runner    860 Jul 30 07:02 PRG_Recovery_Reactivation_Control_Governor.st
-rw-r--r--  1 runner runner    670 Jul 30 07:02 PRG_Residual_Energy_State_Governor.st
-rw-r--r--  1 runner runner    743 Jul 30 07:02 PRG_Resource_Starvation_Boundary_Governor.st
-rw-r--r--  1 runner runner    423 Jul 30 07:02 PRG_Runtime_Assumption_Integrity_Governor.st
-rw-r--r--  1 runner runner   6880 Jul 30 07:02 PRG_Runtime_Barrier.st
-rw-r--r--  1 runner runner   1284 Jul 30 07:02 PRG_Runtime_Budget_Governor.st
-rw-r--r--  1 runner runner   1382 Jul 30 07:02 PRG_Runtime_Compression_Governor.st
-rw-r--r--  1 runner runner    244 Jul 30 07:02 PRG_Runtime_Core_Domain.st
-rw-r--r--  1 runner runner   6890 Jul 30 07:02 PRG_Runtime_IO_Validation.st
-rw-r--r--  1 runner runner   5586 Jul 30 07:02 PRG_Runtime_Resource_Authority_Governor.st
-rw-r--r--  1 runner runner   6764 Jul 30 07:02 PRG_Runtime_Scenario_Validation.st
-rw-r--r--  1 runner runner   3962 Jul 30 07:02 PRG_Runtime_Snapshot_Governor.st
-rw-r--r--  1 runner runner   5296 Jul 30 07:02 PRG_Runtime_Sustainability_Governor.st
-rw-r--r--  1 runner runner   1655 Jul 30 07:02 PRG_Runtime_Transition_Validator.st
-rw-r--r--  1 runner runner   7194 Jul 30 07:02 PRG_Safety.st
-rw-r--r--  1 runner runner    398 Jul 30 07:02 PRG_Safety_Domain.st
-rw-r--r--  1 runner runner    906 Jul 30 07:02 PRG_Safety_Observability_Truth_Governor.st
-rw-r--r--  1 runner runner   1556 Jul 30 07:02 PRG_Safety_Operator.st
-rw-r--r--  1 runner runner   3112 Jul 30 07:02 PRG_Safety_Recovery.st
-rw-r--r--  1 runner runner   1189 Jul 30 07:02 PRG_Safety_Selector.st
-rw-r--r--  1 runner runner    960 Jul 30 07:02 PRG_Safety_Shutdown.st
-rw-r--r--  1 runner runner   6133 Jul 30 07:02 PRG_Scenario_Engine.st
-rw-r--r--  1 runner runner   3749 Jul 30 07:02 PRG_Security.st
-rw-r--r--  1 runner runner   1072 Jul 30 07:02 PRG_Security_Auto_Lock_Intent.st
-rw-r--r--  1 runner runner   5071 Jul 30 07:02 PRG_Semantic_Commit_Governor.st
-rw-r--r--  1 runner runner   4652 Jul 30 07:02 PRG_Semantic_Continuity_Authority_Governor.st
-rw-r--r--  1 runner runner    429 Jul 30 07:02 PRG_Semantic_Drift_Observability_Governor.st
-rw-r--r--  1 runner runner   5686 Jul 30 07:02 PRG_Semantic_Epoch_Invariance_Governor.st
-rw-r--r--  1 runner runner   1531 Jul 30 07:02 PRG_Semantic_Execution_Control_Governor.st
-rw-r--r--  1 runner runner   5283 Jul 30 07:02 PRG_Semantic_Federation_Governor.st
-rw-r--r--  1 runner runner   5279 Jul 30 07:02 PRG_Semantic_Preservation_Governor.st
-rw-r--r--  1 runner runner   2863 Jul 30 07:02 PRG_Semantic_Progress_Governor.st
-rw-r--r--  1 runner runner   4557 Jul 30 07:02 PRG_Sensor_Consensus_Governor.st
-rw-r--r--  1 runner runner   2349 Jul 30 07:02 PRG_Survivability_Intelligence_Governor.st
-rw-r--r--  1 runner runner   3196 Jul 30 07:02 PRG_System_Access_Maintenance.st
-rw-r--r--  1 runner runner   1147 Jul 30 07:02 PRG_System_Alarm_Gateway.st
-rw-r--r--  1 runner runner   1720 Jul 30 07:02 PRG_System_BlackBox.st
-rw-r--r--  1 runner runner    923 Jul 30 07:02 PRG_System_Coordinator.st
-rw-r--r--  1 runner runner   5028 Jul 30 07:02 PRG_System_Diagnostics.st
-rw-r--r--  1 runner runner   5777 Jul 30 07:02 PRG_System_Diagnostics_Ext.st
-rw-r--r--  1 runner runner    125 Jul 30 07:02 PRG_System_Evacuation.st
-rw-r--r--  1 runner runner    568 Jul 30 07:02 PRG_System_Health.st
-rw-r--r--  1 runner runner   4354 Jul 30 07:02 PRG_System_History.st
-rw-r--r--  1 runner runner   1423 Jul 30 07:02 PRG_System_Init.st
-rw-r--r--  1 runner runner    609 Jul 30 07:02 PRG_System_Intent.st
-rw-r--r--  1 runner runner   2013 Jul 30 07:02 PRG_System_Runtime_Base.st
-rw-r--r--  1 runner runner   4605 Jul 30 07:02 PRG_System_Scenario_Rules.st
-rw-r--r--  1 runner runner   3915 Jul 30 07:02 PRG_System_Simulation.st
-rw-r--r--  1 runner runner    903 Jul 30 07:02 PRG_System_Trend.st
-rw-r--r--  1 runner runner   6806 Jul 30 07:02 PRG_Telemetry_Causality_Governor.st
-rw-r--r--  1 runner runner    904 Jul 30 07:02 PRG_Temporal_Causality_Closure_Governor.st
-rw-r--r--  1 runner runner    364 Jul 30 07:02 PRG_Temporal_Domain.st
-rw-r--r--  1 runner runner   5438 Jul 30 07:02 PRG_Temporal_Stability_Governor.st
-rw-r--r--  1 runner runner   3149 Jul 30 07:02 PRG_Time_Monotonic_Governor.st
-rw-r--r--  1 runner runner    548 Jul 30 07:02 PRG_Time_Service.st
-rw-r--r--  1 runner runner   3447 Jul 30 07:02 PRG_Transport_Freshness_Governor.st
-rw-r--r--  1 runner runner   5544 Jul 30 07:02 PRG_Trust_Epoch_Monotonicity_Governor.st
-rw-r--r--  1 runner runner    816 Jul 30 07:02 PRG_Unsafe_Transition_Forensics_Governor.st
-rw-r--r--  1 runner runner   1605 Jul 30 07:02 PRG_User_Adapt_Control.st
-rw-r--r--  1 runner runner   6235 Jul 30 07:02 PRG_Ventilation.st
-rw-r--r--  1 runner runner    293 Jul 30 07:02 PRG_Verification_Domain.st
-rw-r--r--  1 runner runner   7665 Jul 30 07:02 PRG_Water.st
-rw-r--r--  1 runner runner   8731 Jul 30 07:02 PRG_Water_Emergency_Open_Manager.st
-rw-r--r--  1 runner runner    729 Jul 30 07:02 PRG_Water_Output_Projection.st
-rw-r--r--  1 runner runner   1248 Jul 30 07:02 PRG_Water_Output_Projection_Phase_01_Runtime.st
-rw-r--r--  1 runner runner    596 Jul 30 07:02 PRG_Water_Output_Projection_Phase_02_Observability.st
-rw-r--r--  1 runner runner   6701 Jul 30 07:02 PRG_Water_Supervisory_Publication.st
-rw-r--r--  1 runner runner   7541 Jul 30 07:02 PRG_Water_Valve_Diagnostics.st
-rw-r--r--  1 runner runner    711 Jul 30 07:02 ST_Alarm_Record.dut
-rw-r--r--  1 runner runner    174 Jul 30 07:02 ST_Astro_Time.dut
-rw-r--r--  1 runner runner    169 Jul 30 07:02 ST_Behavior_Weights.dut
-rw-r--r--  1 runner runner    661 Jul 30 07:02 ST_BlackBox_Record.dut
-rw-r--r--  1 runner runner    744 Jul 30 07:02 ST_Boiler_Status.dut
-rw-r--r--  1 runner runner    323 Jul 30 07:02 ST_Calibration_Family_Summary.dut
-rw-r--r--  1 runner runner    375 Jul 30 07:02 ST_Calibration_Sensor_Summary.dut
-rw-r--r--  1 runner runner    207 Jul 30 07:02 ST_Component_Maintenance.dut
-rw-r--r--  1 runner runner    592 Jul 30 07:02 ST_Config_Activation_State.dut
-rw-r--r--  1 runner runner    522 Jul 30 07:02 ST_DHW_Config.dut
-rw-r--r--  1 runner runner    228 Jul 30 07:02 ST_DHW_Status.dut
-rw-r--r--  1 runner runner    362 Jul 30 07:02 ST_Device_Health.dut
-rw-r--r--  1 runner runner    271 Jul 30 07:02 ST_Diagnostic_Event.dut
-rw-r--r--  1 runner runner    807 Jul 30 07:02 ST_Distributed_Authority_State.dut
-rw-r--r--  1 runner runner    817 Jul 30 07:02 ST_Distributed_Orchestration_State.dut
-rw-r--r--  1 runner runner    616 Jul 30 07:02 ST_Distributed_Projection_Ownership.dut
-rw-r--r--  1 runner runner    514 Jul 30 07:02 ST_Distributed_Recovery_Lock.dut
-rw-r--r--  1 runner runner    663 Jul 30 07:02 ST_Distributed_Runtime_Message.dut
-rw-r--r--  1 runner runner    777 Jul 30 07:02 ST_Distributed_Runtime_Node_State.dut
-rw-r--r--  1 runner runner    580 Jul 30 07:02 ST_Distributed_Topology_Domain.dut
-rw-r--r--  1 runner runner    167 Jul 30 07:02 ST_EVENT.dut
-rw-r--r--  1 runner runner    370 Jul 30 07:02 ST_Flood_Config.dut
-rw-r--r--  1 runner runner   1465 Jul 30 07:02 ST_Flood_Global_Config.dut
-rw-r--r--  1 runner runner   1234 Jul 30 07:02 ST_FloorHeating_Circuit_Config.dut
-rw-r--r--  1 runner runner    295 Jul 30 07:02 ST_FloorHeating_Global_Config.dut
-rw-r--r--  1 runner runner    306 Jul 30 07:02 ST_FloorHeating_Manifold_Config.dut
-rw-r--r--  1 runner runner    518 Jul 30 07:02 ST_Forensic_Journal_Record.dut
-rw-r--r--  1 runner runner    300 Jul 30 07:02 ST_Gas_Valve_Configuration.dut
-rw-r--r--  1 runner runner    602 Jul 30 07:02 ST_Gateway_Command.dut
-rw-r--r--  1 runner runner   1028 Jul 30 07:02 ST_HMI_Config_Workflow_State.dut
-rw-r--r--  1 runner runner    844 Jul 30 07:02 ST_Heating_Circuit_Runtime_Projection.dut
-rw-r--r--  1 runner runner    381 Jul 30 07:02 ST_Heating_Config.dut
-rw-r--r--  1 runner runner   2072 Jul 30 07:02 ST_Heating_Runtime_Adaptive_Intelligence.dut
-rw-r--r--  1 runner runner   1902 Jul 30 07:02 ST_Heating_Runtime_Anomaly.dut
-rw-r--r--  1 runner runner   1972 Jul 30 07:02 ST_Heating_Runtime_Blackbox_Event.dut
-rw-r--r--  1 runner runner   1305 Jul 30 07:02 ST_Heating_Runtime_Blackbox_Timeline.dut
-rw-r--r--  1 runner runner   1416 Jul 30 07:02 ST_Heating_Runtime_Causality_Edge.dut
-rw-r--r--  1 runner runner   1192 Jul 30 07:02 ST_Heating_Runtime_Causality_Graph.dut
-rw-r--r--  1 runner runner   1795 Jul 30 07:02 ST_Heating_Runtime_Causality_Node.dut
-rw-r--r--  1 runner runner   2573 Jul 30 07:02 ST_Heating_Runtime_Context.dut
-rw-r--r--  1 runner runner   1494 Jul 30 07:02 ST_Heating_Runtime_Event_Buffer.dut
-rw-r--r--  1 runner runner   1419 Jul 30 07:02 ST_Heating_Runtime_Execution_Frame.dut
-rw-r--r--  1 runner runner   1208 Jul 30 07:02 ST_Heating_Runtime_Execution_Timeline.dut
-rw-r--r--  1 runner runner   2373 Jul 30 07:02 ST_Heating_Runtime_Integration_Bridge.dut
-rw-r--r--  1 runner runner   1918 Jul 30 07:02 ST_Heating_Runtime_Meta_Supervision.dut
-rw-r--r--  1 runner runner   2681 Jul 30 07:02 ST_Heating_Runtime_Observation.dut
-rw-r--r--  1 runner runner   1736 Jul 30 07:02 ST_Heating_Runtime_Phase_Event.dut
-rw-r--r--  1 runner runner   1302 Jul 30 07:02 ST_Heating_Runtime_Phase_Transition.dut
-rw-r--r--  1 runner runner   2372 Jul 30 07:02 ST_Heating_Runtime_Predictive_State.dut
-rw-r--r--  1 runner runner    729 Jul 30 07:02 ST_Heating_Runtime_Source_Instability_State.dut
-rw-r--r--  1 runner runner    880 Jul 30 07:02 ST_Heating_Runtime_Supervisory_Publication.dut
-rw-r--r--  1 runner runner    417 Jul 30 07:02 ST_Heating_Schedule_Event.dut
-rw-r--r--  1 runner runner    338 Jul 30 07:02 ST_History_Record.dut
-rw-r--r--  1 runner runner    415 Jul 30 07:02 ST_IO_Binding_Record.dut
-rw-r--r--  1 runner runner    320 Jul 30 07:02 ST_Input_Quality_Record.dut
-rw-r--r--  1 runner runner    260 Jul 30 07:02 ST_Maintenance_Access_Config.dut
-rw-r--r--  1 runner runner    340 Jul 30 07:02 ST_Manifold_Status.dut
-rw-r--r--  1 runner runner    322 Jul 30 07:02 ST_Modbus_RTU_Config.dut
-rw-r--r--  1 runner runner    141 Jul 30 07:02 ST_Modbus_RTU_Frame.dut
-rw-r--r--  1 runner runner    271 Jul 30 07:02 ST_Modbus_Request.dut
-rw-r--r--  1 runner runner    222 Jul 30 07:02 ST_Modbus_Response.dut
-rw-r--r--  1 runner runner    148 Jul 30 07:02 ST_OpenTherm_Command.dut
-rw-r--r--  1 runner runner    631 Jul 30 07:02 ST_OpenTherm_Register_Map.dut
-rw-r--r--  1 runner runner    701 Jul 30 07:02 ST_OpenTherm_Status.dut
-rw-r--r--  1 runner runner    495 Jul 30 07:02 ST_OpenTherm_Wire_Image.dut
-rw-r--r--  1 runner runner    288 Jul 30 07:02 ST_Operator_Zone_Rights.dut
-rw-r--r--  1 runner runner    229 Jul 30 07:02 ST_Outdoor_Zone_Config.dut
-rw-r--r--  1 runner runner    154 Jul 30 07:02 ST_Owen_Analog_Value.dut
-rw-r--r--  1 runner runner    610 Jul 30 07:02 ST_Predictive_Diagnostics_State.dut
-rw-r--r--  1 runner runner    259 Jul 30 07:02 ST_Rule.dut
-rw-r--r--  1 runner runner    206 Jul 30 07:02 ST_Rule_Action.dut
-rw-r--r--  1 runner runner    707 Jul 30 07:02 ST_Runtime_Bus_Frame.dut
-rw-r--r--  1 runner runner    574 Jul 30 07:02 ST_Runtime_Node_Discovery_State.dut
-rw-r--r--  1 runner runner    539 Jul 30 07:02 ST_Runtime_Node_Session.dut
-rw-r--r--  1 runner runner    851 Jul 30 07:02 ST_Runtime_Restart_Continuity_State.dut
-rw-r--r--  1 runner runner    427 Jul 30 07:02 ST_Scenario_Config.dut
-rw-r--r--  1 runner runner    243 Jul 30 07:02 ST_Scenario_Stats.dut
-rw-r--r--  1 runner runner    259 Jul 30 07:02 ST_Scenario_Transition_Config.dut
-rw-r--r--  1 runner runner   2097 Jul 30 07:02 ST_Security_Global_Config.dut
-rw-r--r--  1 runner runner    206 Jul 30 07:02 ST_Security_Zone_State.dut
-rw-r--r--  1 runner runner    331 Jul 30 07:02 ST_Sensor_Calibration_Record.dut
-rw-r--r--  1 runner runner    447 Jul 30 07:02 ST_State_Snapshot.dut
-rw-r--r--  1 runner runner   5453 Jul 30 07:02 ST_System_Diagnostics.dut
-rw-r--r--  1 runner runner   1508 Jul 30 07:02 ST_System_State_Snapshot.dut
-rw-r--r--  1 runner runner    526 Jul 30 07:02 ST_System_State_Summary.dut
-rw-r--r--  1 runner runner    215 Jul 30 07:02 ST_Tariff_Config.dut
-rw-r--r--  1 runner runner    241 Jul 30 07:02 ST_Trace_Entry.dut
-rw-r--r--  1 runner runner    256 Jul 30 07:02 ST_Trend_Config.dut
-rw-r--r--  1 runner runner    288 Jul 30 07:02 ST_Trend_Data.dut
-rw-r--r--  1 runner runner    290 Jul 30 07:02 ST_Trend_Header.dut
-rw-r--r--  1 runner runner    149 Jul 30 07:02 ST_Trend_History_Record.dut
-rw-r--r--  1 runner runner    214 Jul 30 07:02 ST_TwoFactor_Auth_State.dut
-rw-r--r--  1 runner runner    249 Jul 30 07:02 ST_TwoFactor_Data.dut
-rw-r--r--  1 runner runner    458 Jul 30 07:02 ST_User_Rule.dut
-rw-r--r--  1 runner runner    262 Jul 30 07:02 ST_Valve_Test_Config.dut
-rw-r--r--  1 runner runner    247 Jul 30 07:02 ST_Ventilation_Config.dut
-rw-r--r--  1 runner runner    774 Jul 30 07:02 ST_Ventilation_Global_Config.dut
-rw-r--r--  1 runner runner    424 Jul 30 07:02 ST_Ventilation_Scenario_Mode.dut
-rw-r--r--  1 runner runner    198 Jul 30 07:02 ST_Ventilation_Unit.dut
-rw-r--r--  1 runner runner    337 Jul 30 07:02 ST_Ventilation_Unit_Config.dut
-rw-r--r--  1 runner runner    461 Jul 30 07:02 ST_Water_Actuator_Diagnostics_State.dut
-rw-r--r--  1 runner runner    146 Jul 30 07:02 ST_Water_Event_Log_Record.dut
-rw-r--r--  1 runner runner    579 Jul 30 07:02 ST_Water_Graph_Traversal_State.dut
-rw-r--r--  1 runner runner    445 Jul 30 07:02 ST_Water_Hydraulic_Isolation_Group.dut
-rw-r--r--  1 runner runner    496 Jul 30 07:02 ST_Water_Hydraulic_Topology_Edge.dut
-rw-r--r--  1 runner runner    489 Jul 30 07:02 ST_Water_Hydraulic_Topology_Node.dut
-rw-r--r--  1 runner runner   1573 Jul 30 07:02 ST_Water_Isolation_Authority_State.dut
-rw-r--r--  1 runner runner    557 Jul 30 07:02 ST_Water_Isolation_Path_Runtime_State.dut
-rw-r--r--  1 runner runner   1257 Jul 30 07:02 ST_Water_Isolation_Runtime_State.dut
-rw-r--r--  1 runner runner   1736 Jul 30 07:02 ST_Water_Leak_Runtime_State.dut
-rw-r--r--  1 runner runner    501 Jul 30 07:02 ST_Water_Orchestration_Runtime_State.dut
-rw-r--r--  1 runner runner   1011 Jul 30 07:02 ST_Water_Output_Projection_State.dut
-rw-r--r--  1 runner runner    553 Jul 30 07:02 ST_Water_Output_Reconciliation_State.dut
-rw-r--r--  1 runner runner    541 Jul 30 07:02 ST_Water_Physical_Convergence_State.dut
-rw-r--r--  1 runner runner    510 Jul 30 07:02 ST_Water_Recovery_FSM_State.dut
-rw-r--r--  1 runner runner    444 Jul 30 07:02 ST_Water_Recovery_Runtime_State.dut
-rw-r--r--  1 runner runner    558 Jul 30 07:02 ST_Water_Topology_Config_Record.dut
-rw-r--r--  1 runner runner    479 Jul 30 07:02 ST_Water_Topology_Validation_State.dut
-rw-r--r--  1 runner runner    590 Jul 30 07:02 ST_Water_Valve_Feedback_State.dut
-rw-r--r--  1 runner runner   1642 Jul 30 07:02 ST_Water_Valve_Runtime_State.dut
-rw-r--r--  1 runner runner    262 Jul 30 07:02 ST_Zone_Adapt_State.dut
-rw-r--r--  1 runner runner    256 Jul 30 07:02 ST_Zone_Sensors.dut
-rw-r--r--  1 runner runner   2571 Jul 30 07:02 TZ_NEW.txt
drwxr-xr-x  2 runner runner   4096 Jul 30 07:02 docs
drwxr-xr-x 11 runner runner   4096 Jul 30 07:02 node_modules
drwxr-xr-x  2 runner runner   4096 Jul 30 07:02 requirements
drwxr-xr-x  6 runner runner   4096 Jul 30 07:02 snapshots
drwxr-xr-x  3 runner runner   4096 Jul 30 07:02 tools
-rw-r--r--  1 runner runner 430747 Jul 30 07:02 Система умного дома.xml
-rw-r--r--  1 runner runner  32949 Jul 30 07:02 ТЗ обновлен.txt
-rw-r--r--  1 runner runner  27749 Jul 30 07:02 ТЗ обновлен_part2.txt
-rw-r--r--  1 runner runner   1647 Jul 30 07:02 замечания.txt
drwxr-xr-x  5 runner runner   4096 Jul 30 07:02 компилятор
-rw-r--r--  1 runner runner  11783 Jul 30 07:02 ошибки компиляции.txt

=== compiler dir ===
total 616
drwxr-xr-x  5 runner runner   4096 Jul 30 07:02 .
drwxr-xr-x 10 runner runner  45056 Jul 30 07:02 ..
-rw-r--r--  1 runner runner  21153 Jul 30 07:02 001_universal_pou_builder_METHODS_V2.py
drwxr-xr-x  2 runner runner   4096 Jul 30 07:02 __pycache__
-rw-r--r--  1 runner runner  34293 Jul 30 07:02 import_codesys_FINAL.py
-rw-r--r--  1 runner runner  33804 Jul 30 07:02 import_codesys_FINAL.py.bak
-rw-r--r--  1 runner runner   3227 Jul 30 07:02 import_codesys_FINAL_METHODS_V2.py
-rw-r--r--  1 runner runner     54 Jul 30 07:02 import_codesys_FINAL_METHODS_V3.py
drwxr-xr-x  2 runner runner   4096 Jul 30 07:02 logs
-rw-r--r--  1 runner runner   7135 Jul 30 07:02 method_overlay_clean.py
-rw-r--r--  1 runner runner   7163 Jul 30 07:02 method_overlay_clean.py.bak
drwxr-xr-x  2 runner runner   4096 Jul 30 07:02 out
-rwxr-xr-x  1 runner runner    822 Jul 30 07:02 run_compile_smoke.sh
-rw-r--r--  1 runner runner 428970 Jul 30 07:02 Система умного дома.xml
-rw-r--r--  1 runner runner    456 Jul 30 07:02 запуск_сборки.md
-rw-r--r--  1 runner runner    177 Jul 30 07:02 запуск_сборки.sh

=== compiler out dir before compile ===
total 3000
drwxr-xr-x 2 runner runner    4096 Jul 30 07:02 .
drwxr-xr-x 5 runner runner    4096 Jul 30 07:02 ..
-rw-r--r-- 1 runner runner       0 Jul 30 07:02 .gitkeep
-rw-r--r-- 1 runner runner 3060901 Jul 30 07:02 RESULT_methods_clean.xml
