=== STEP 001 UNIVERSAL START ===
INPUT_XML=Система умного дома.xml
INPUT_SIZE=409548
SOURCE_FILES=43
POU=FB_AccessCode_Manager XML_NAME=FB_AccessCode_Manager TYPE=functionBlock TREE=pous VARS=11 OBJECT_ID=20d0513e-389d-4836-841a-5fe9428c5337 OK
POU=FB_Access_Control XML_NAME=FB_Access_Control TYPE=functionBlock TREE=pous VARS=37 OBJECT_ID=742d17cc-f35a-4831-b752-8eaf647bb602 OK
POU=FB_Alarm_Manager XML_NAME=FB_Alarm_Manager TYPE=functionBlock TREE=pous VARS=66 OBJECT_ID=99b29e5b-36ad-44e5-a03e-f56d4921a35a OK
POU=FB_Analog_Validator XML_NAME=FB_Analog_Validator TYPE=functionBlock TREE=pous VARS=9 OBJECT_ID=8a7b70e1-a21d-4ce9-8506-8dbe2766dc63 OK
POU=FB_Astro_Timer XML_NAME=FB_Astro_Timer TYPE=functionBlock TREE=pous VARS=20 OBJECT_ID=6fe37ffb-430e-47a9-a454-4e25b8b87b8c OK
POU=FB_BlackBox_Recorder XML_NAME=FB_BlackBox_Recorder TYPE=functionBlock TREE=pous VARS=6 OBJECT_ID=f9aab92d-83fd-46dd-9228-59b26e2ee31a OK
POU=FB_DHW_Manager XML_NAME=FB_DHW_Manager TYPE=functionBlock TREE=pous VARS=36 OBJECT_ID=61ab295c-d72f-4f56-9aec-ed2a537e9790 OK
POU=FB_Fault_Logger XML_NAME=FB_Fault_Logger TYPE=functionBlock TREE=pous VARS=14 OBJECT_ID=9cd013ed-93e6-46cb-8010-c5673b208275 OK
POU=FB_Gas_Smoke_Manager XML_NAME=FB_Gas_Smoke_Manager TYPE=functionBlock TREE=pous VARS=31 OBJECT_ID=d3a25352-2b91-462f-8f8b-ea63cc15a15d OK
POU=FB_Gateway_Interface XML_NAME=FB_Gateway_Interface TYPE=functionBlock TREE=pous VARS=67 OBJECT_ID=0ad81c58-3bb7-4e6b-9ebb-1edbf7dbe44a WARN=VAR: unparsed lines=1
POU=FB_HMI_Interface XML_NAME=FB_HMI_Interface TYPE=functionBlock TREE=pous VARS=5 OBJECT_ID=f76da6bf-6e5d-454f-baa9-bd8e210f7aac OK
POU=FB_Heating_System_Manager XML_NAME=FB_Heating_System_Manager TYPE=functionBlock TREE=pous VARS=93 OBJECT_ID=43796fce-0138-4b98-b43e-3487569d168e OK
POU=FB_History_Manager XML_NAME=FB_History_Manager TYPE=functionBlock TREE=pous VARS=5 OBJECT_ID=5d6a4b99-3c12-4269-90d6-d9b7b97f0b08 OK
POU=FB_IO_Module_Watchdog XML_NAME=FB_IO_Module_Watchdog TYPE=functionBlock TREE=pous VARS=9 OBJECT_ID=7203a6d1-7260-47a1-93d9-9cd7718a579c OK
POU=FB_Lighting_Blinds_Manager XML_NAME=FB_Lighting_Blinds_Manager TYPE=functionBlock TREE=pous VARS=54 OBJECT_ID=0687f1ce-da19-4ac0-acfa-3db85058cabc OK
POU=FB_NVRAM_Manager XML_NAME=FB_NVRAM_Manager TYPE=functionBlock TREE=pous VARS=19 OBJECT_ID=23cf198a-2584-4a60-929f-fcdb43d4f42c WARN=VAR: unparsed lines=1
POU=FB_PID_Controller XML_NAME=FB_PID_Controller TYPE=functionBlock TREE=pous VARS=19 OBJECT_ID=d2eeed6c-e433-41ed-bfa6-1a28257a58aa OK
POU=FB_Redundancy_Manager XML_NAME=FB_Redundancy_Manager TYPE=functionBlock TREE=pous VARS=18 OBJECT_ID=8f9ca420-7504-471a-93de-6bd89bef21b8 OK
POU=FB_Rule_Engine XML_NAME=FB_Rule_Engine TYPE=functionBlock TREE=pous VARS=35 OBJECT_ID=93fff5bc-b0e0-4334-949f-1b5cdb544811 OK
POU=FB_Safety_Manager XML_NAME=FB_Safety_Manager TYPE=functionBlock TREE=pous VARS=9 OBJECT_ID=8f63df51-899b-4849-abc9-2c8579761ce8 OK
POU=FB_Scenario_Manager XML_NAME=FB_Scenario_Manager TYPE=functionBlock TREE=pous VARS=7 OBJECT_ID=decfd6cf-343c-421d-9968-99a0e574bb68 OK
POU=FB_Security_System_Manager XML_NAME=FB_Security_System_Manager TYPE=functionBlock TREE=pous VARS=34 OBJECT_ID=5cf49148-1601-4d55-a0cc-935df766d2a6 OK
POU=FB_Simulation_Manager XML_NAME=FB_Simulation_Manager TYPE=functionBlock TREE=pous VARS=13 OBJECT_ID=a0dad197-a857-4370-81d2-c652929d6371 OK
POU=FB_Socket_Manager XML_NAME=FB_Socket_Manager TYPE=functionBlock TREE=pous VARS=25 OBJECT_ID=8c780729-ec41-4940-a473-fdf4b73947c6 OK
POU=FB_State_Manager XML_NAME=FB_State_Manager TYPE=functionBlock TREE=pous VARS=8 OBJECT_ID=57e87d9f-e54e-4ddc-86b7-1ced09a2611a OK
POU=FB_System_Health XML_NAME=FB_System_Health TYPE=functionBlock TREE=pous VARS=19 OBJECT_ID=b6b668d1-63c7-4670-a8ce-b2cc352adb26 OK
POU=FB_System_Timer XML_NAME=FB_System_Timer TYPE=functionBlock TREE=pous VARS=7 OBJECT_ID=5ce4e444-b06c-4b1a-885f-ad7cc0e79941 OK
POU=FB_Ventilation_System_Manager XML_NAME=FB_Ventilation_System_Manager TYPE=functionBlock TREE=pous VARS=43 OBJECT_ID=63c60340-e098-4ae7-811d-ce29976d19b4 OK
POU=FB_Watchdog XML_NAME=FB_Watchdog TYPE=functionBlock TREE=pous VARS=8 OBJECT_ID=73585bec-b03c-4d5a-a7e4-2557869132ff OK
POU=FB_Water_Leakage_Manager XML_NAME=FB_Water_Leakage_Manager TYPE=functionBlock TREE=pous VARS=13 OBJECT_ID=f7cdbda7-077f-4c1a-a573-8fad0e8a73dc OK
POU=F_TimeDiff XML_NAME=F_TimeDiff TYPE=function TREE=pous VARS=2 OBJECT_ID=35365ca7-9311-422b-a026-963e6a9c61cd OK
POU=PRG_Heating XML_NAME=PRG_Heating TYPE=program TREE=root_program VARS=3 OBJECT_ID=8ae047c9-df4e-4dca-bfa6-8d02ddbdab96 OK
POU=PRG_IO_Read XML_NAME=PRG_IO_Read TYPE=program TREE=root_program VARS=12 OBJECT_ID=013b2466-7970-4c6c-8dc5-e2033d5f79c3 OK
POU=PRG_IO_Write XML_NAME=PRG_IO_Write TYPE=program TREE=root_program VARS=1 OBJECT_ID=da0c3475-fc7d-4e9f-9540-7eef085d26ad OK
POU=PRG_Lighting XML_NAME=PRG_Lighting TYPE=program TREE=root_program VARS=2 OBJECT_ID=df6ec45f-94b2-4eea-af15-77466766f40e OK
POU=PRG_PLC_A XML_NAME=PRG_PLC_A TYPE=program TREE=root_program VARS=0 OBJECT_ID=d65b6695-ae41-4e98-b74e-04353857277c OK
POU=PRG_PLC_B XML_NAME=PRG_PLC_B TYPE=program TREE=root_program VARS=0 OBJECT_ID=27eb8158-616e-4713-b7f0-bfa62f5394b1 OK
POU=PRG_Safety XML_NAME=PRG_Safety TYPE=program TREE=root_program VARS=10 OBJECT_ID=85c9d3a9-eb15-40df-8aa9-dff08b411073 OK
POU=PRG_Security XML_NAME=PRG_Security TYPE=program TREE=root_program VARS=2 OBJECT_ID=d8106e2c-af9d-4429-a958-2dad7ac5cbaa OK
POU=PRG_System XML_NAME=PRG_System TYPE=program TREE=root_program VARS=47 OBJECT_ID=b227438b-8c64-4ca2-a457-572930e9b42e OK
POU=PRG_Test XML_NAME=PRG_Test TYPE=program TREE=root_program VARS=10 OBJECT_ID=9da20a1b-1841-4d0b-9169-b38111ec1757 OK
POU=PRG_Ventilation XML_NAME=PRG_Ventilation TYPE=program TREE=root_program VARS=1 OBJECT_ID=7005a99d-7c58-403e-acf8-10fc8389a6f3 OK
POU=MAIN XML_NAME=PLC_PRG TYPE=program TREE=root_program VARS=0 OBJECT_ID=fdf00ae8-e172-4745-b55f-c164691237a6 OK
OLD_POU_WINDOW_FOUND=True
OLD_POU_WINDOW_NAMES=PRG_PLC_A|PRG_PLC_B|FB_Access_Control|FB_AccessCode_Manager|FB_Astro_Timer|FB_BlackBox_Recorder|FB_Boiler_Cascade_Controller|FB_Boiler_Cascade_Manager|FB_Calibration_Manager|FB_CO_Detector|FB_CRC32_Calculator|FB_Debug_Logger|FB_Device_Predictive_Diag|FB_DHW_Manager|FB_Emergency_Valve_Open|FB_Exhaust_Ventilation_Controller|FB_Flood_Detector|FB_FloorHeating_Controller|FB_FloorHeating_Freeze_Protection|FB_FloorHeating_Overheat_Protection|FB_Gas_Methane_Detector|FB_Gas_Smoke_Manager|FB_Gas_Valve_Controller|FB_Gateway_Interface|FB_Heating_System_Manager|FB_History_Manager|FB_Lifetime_Predictor|FB_Lighting_Blinds_Manager|FB_Maintenance_Access|FB_Manifold_Mixing_Valve_Controller|FB_Manifold_Pump_Controller|FB_Manual_Valve_Control|FB_NVRAM_Manager|FB_Outdoor_Lighting_Controller|FB_PID_Controller|FB_PLC_Heartbeat|FB_Pre_Departure_Heating|FB_Presence_Playback|FB_Presence_Simulator|FB_Random_Generator|FB_Scenario_Manager|FB_Scenario_Transition_Controller|FB_Security_Alarm|FB_Security_System|FB_Security_System_Manager|FB_Sensor_Calibration_Processor|FB_Sensor_Distribution|FB_Simulation_Manager|FB_Smoke_Detector|FB_SMS_Notification|FB_State_Manager|FB_State_Snapshot_Manager|FB_State_Snapshot_NVRAM|FB_Supply_Ventilation_Controller|FB_Trend_Analyzer|FB_TwoFactor_Auth|FB_User_Rule_Engine|FB_Valve_Test|FB_Ventilation_System_Manager|FB_Water_Leakage_Manager|FB_Water_Valve_Controller|FB_Zone_Access_Manager|PRG_Main
OLD_ROOT_PROGRAM_WINDOW_FOUND=True
OLD_ROOT_PROGRAM_NAMES=PRG_PLC_A|PRG_PLC_B|PRG_Main
POU_TOTAL=43
POUS_FOLDER_COUNT=31
ROOT_PROGRAM_COUNT=12
TOTAL_VARS_PARSED=830
POU_WITH_WARNINGS=2
OUTPUT_XML=/workspaces/SmartHomeNew/steps/MASTER_PIPELINE/001_BASE.xml
OUTPUT_SIZE=498256
POU_COUNT_IN_OUTPUT=43
OBJECTID_COUNT_IN_OUTPUT=116
=== STEP 001 UNIVERSAL DONE ===
