CHECK: 003_RESULT.xml loaded
SIZE=556470
HAS_DATATYPES=True
HAS_DUT_FOLDER=True
HAS_ENUM_FOLDER=True
HAS_STRUCT_FOLDER=True
FOLDER_OPEN=6
FOLDER_CLOSE=6
FOLDER_BALANCED=True
DATATYPE_TOTAL=66
OLD_DUT_TYPES_IN_XML=66
OLD_DUT:E_ALERT_PRIORITY
OLD_DUT:E_Debug_Log_Level
OLD_DUT:E_Lifetime_Device_Type
OLD_DUT:E_Outdoor_Mode
OLD_DUT:E_PLC_ROLE
OLD_DUT:E_Rule_Action_Type
OLD_DUT:E_Rule_Comparison
OLD_DUT:E_Rule_Condition_Type
OLD_DUT:E_SCENARIO_TYPE
OLD_DUT:E_SENSOR_TYPE
OLD_DUT:E_Trend_Parameter_Type
OLD_DUT:E_TwoFactor_Method
OLD_DUT:E_Valve_Test_Result
OLD_DUT:E_VALVE_TYPE
OLD_DUT:E_VENTILATION_LOCATION
OLD_DUT:E_VENTILATION_UNIT_TYPE
OLD_DUT:E_WEATHER_COMPENSATION_METHOD
OLD_DUT:E_Zone_Access_Level
OLD_DUT:ST_Astro_Time
OLD_DUT:ST_BlackBox_Record
PRECHECK_OK
