
===== CLEAN compiler TO BASELINE =====
Tue Apr 14 20:21:59 UTC 2026

===== BEFORE =====
компилятор
компилятор/__pycache__
компилятор/__pycache__/import_codesys_FINAL.cpython-312.pyc
компилятор/build_project.py
компилятор/build_project_cli.py
компилятор/build_project_compat.py
компилятор/build_project_v1.py
компилятор/build_project_varfix_full.py
компилятор/diagnostics
компилятор/diagnostics/method_overlay_clean
компилятор/diagnostics/methods_v2
компилятор/diagnostics/methods_v2_fix
компилятор/diagnostics/methods_v2_integration
компилятор/diagnostics/methods_v3
компилятор/diagnostics/nvram_dump
компилятор/diagnostics/nvram_fix
компилятор/diagnostics/out_txt_dump
компилятор/fix_array_bounds_constants.py
компилятор/fix_array_bounds_literals.py
компилятор/import_codesys_FINAL.py
компилятор/import_codesys_FINAL.py.txt
компилятор/import_codesys_FINAL_METHODS_V2.py
компилятор/import_codesys_FINAL_METHODS_V3.py
компилятор/import_codesys_FINAL_METHODS_V3.py.txt
компилятор/logs
компилятор/logs/001_universal_pou_gvl.log
компилятор/logs/004_import_dut_v11.log
компилятор/logs/00_baseline_probe.log
компилятор/logs/01_dirty_state_capture.log
компилятор/logs/02_restore_baseline_from_snapshot.log
компилятор/logs/05_out_txt_dump.log
компилятор/logs/08_nvram_apply_fix.log
компилятор/logs/09_build_old_builder.log
компилятор/logs/10_stable_nvram_ok.log
компилятор/logs/12_enable_methods_v2_and_build.log
компилятор/logs/13_integrate_v2_into_pipeline.log
компилятор/logs/14_fix_v2_string_types.log
компилятор/logs/15_find_bad_string.log
компилятор/logs/16_fresh_import_file.log
компилятор/logs/17_fb_diff.log
компилятор/logs/18_gvl_diag.log
компилятор/logs/19_gvl_real_diag.log
компилятор/logs/20_compare_gvl_baseline_vs_v2.log
компилятор/logs/21_run_methods_v3.log
компилятор/logs/23_methods_minimal_fix.log
компилятор/logs/24_method_overlay_clean.log
компилятор/logs/25_import_target.log
компилятор/logs/26_clean_compiler_to_baseline.log
компилятор/logs/build_after_adapter.log
компилятор/logs/build_after_alarm_block.log
компилятор/logs/build_after_array_fix.log
компилятор/logs/build_after_body_contract_fix.log
компилятор/logs/build_after_config_safety_fix.log
компилятор/logs/build_after_constants.log
компилятор/logs/build_after_constants_aliases.log
компилятор/logs/build_after_core_compat_promotion.log
компилятор/logs/build_after_draft_contracts.log
компилятор/logs/build_after_draft_fb.log
компилятор/logs/build_after_dut_cleanup.log
компилятор/logs/build_after_exact_fix.log
компилятор/logs/build_after_exact_remaining_fix.log
компилятор/logs/build_after_f_timediff_fix.log
компилятор/logs/build_after_f_timediff_removal.log
компилятор/logs/build_after_fast_fixes.log
компилятор/logs/build_after_final_type_contracts.log
компилятор/logs/build_after_full_fb_fix.log
компилятор/logs/build_after_full_fb_stubs.log
компилятор/logs/build_after_gateway_crc_fix.log
компилятор/logs/build_after_health_bridge.log
компилятор/logs/build_after_interface_refresh_prep.log
компилятор/logs/build_after_literals.log
компилятор/logs/build_after_lvl3_patch.log
компилятор/logs/build_after_obsolete_tool_cleanup.log
компилятор/logs/build_after_partial_v2.log
компилятор/logs/build_after_pkg4_pkg5.log
компилятор/logs/build_after_prg_system_fix.log
компилятор/logs/build_after_prg_system_header_fix.log
компилятор/logs/build_after_prg_system_root_fix.log
компилятор/logs/build_after_real_fb.log
компилятор/logs/build_after_real_revert.log
компилятор/logs/build_after_remaining_contract_fix.log
компилятор/logs/build_after_revert.log
компилятор/logs/build_after_revert_last_patch.log
компилятор/logs/build_after_root_chain_fix.log
компилятор/logs/build_after_runtime_alignment.log
компилятор/logs/build_after_runtime_constants_fix.log
компилятор/logs/build_after_safe_nvram.log
компилятор/logs/build_after_safe_nvram_pointer_fix.log
компилятор/logs/build_after_safe_regression_cleanup.log
компилятор/logs/build_after_st_rule.log
компилятор/logs/build_after_targeted_cluster_fix.log
компилятор/logs/build_after_targeted_patch.log
компилятор/logs/build_after_v2_full_block.log
компилятор/logs/build_after_v2_staging_batch2.log
компилятор/logs/build_after_v2_staging_promotion.log
компилятор/logs/build_after_v2_stubs.log
компилятор/logs/build_after_word_cast_fix.log
компилятор/logs/build_final.log
компилятор/logs/build_final_push.log
компилятор/logs/build_final_safe.log
компилятор/logs/build_final_stage.log
компилятор/logs/build_final_zero.log
компилятор/logs/build_final_zero_try.log
компилятор/logs/build_legacy_baseline.log
компилятор/logs/build_legacy_diagnostic.log
компилятор/logs/build_methods_v1.log
компилятор/logs/build_methods_v1_patch1.log
компилятор/logs/build_methods_v1_patch2.log
компилятор/logs/build_near_zero.log
компилятор/logs/build_zero_check.log
компилятор/logs/final_test.log
компилятор/logs/final_test_baseline_for_overlay.log
компилятор/logs/final_test_v2.log
компилятор/logs/final_test_v3.log
компилятор/logs/fix_array_bounds_constants.log
компилятор/logs/fix_array_bounds_literals.log
компилятор/logs/fix_missing_draft_fb_only.log
компилятор/logs/fix_missing_v2_draft_stubs.log
компилятор/logs/full_pipeline.log
компилятор/logs/full_pipeline_clean.log
компилятор/logs/full_pipeline_fix_constant.log
компилятор/logs/full_pipeline_fix_constant_final.log
компилятор/logs/full_pipeline_fix_constant_v2.log
компилятор/logs/full_pipeline_fix_constant_v3.log
компилятор/logs/method_overlay_clean_python.log
компилятор/logs/run_fix_array_bounds.log
компилятор/logs/run_fix_draft_fb.log
компилятор/logs/run_fix_literals.log
компилятор/logs/run_fix_v2_stubs.log
компилятор/logs/varfix_test.log
компилятор/method_overlay_clean.py
компилятор/out
компилятор/out/003_RESULT.xml
компилятор/out/004_RESULT.xml
компилятор/out/FB_Random_Generator.xml
компилятор/out/IMPORT_ME_METHODS_CLEAN.xml
компилятор/out/RESULT.xml
компилятор/out/RESULT_IMPORT_CLEAN.xml
компилятор/out/RESULT_legacy_baseline.xml
компилятор/out/RESULT_legacy_diagnostic.xml
компилятор/out/RESULT_methods_clean.xml
компилятор/out/RESULT_methods_v1.xml
компилятор/out/RESULT_methods_v1_patch1.xml
компилятор/out/RESULT_methods_v2.xml
компилятор/out/RESULT_methods_v2_import_fresh.xml
компилятор/out/RESULT_methods_v3.xml
компилятор/out/audit_dhw_shadow_chain.txt
компилятор/out/audit_draft_v2_shadow.txt
компилятор/out/audit_heating_shadow_chain.txt
компилятор/out/check_body_contract_chain.txt
компилятор/out/check_contract_roots_deep.txt
компилятор/out/check_f_timediff.txt
компилятор/out/check_f_timediff_callers.txt
компилятор/out/check_final_cluster.txt
компилятор/out/check_lvl2_cluster.txt
компилятор/out/check_methods_all.txt
компилятор/out/check_methods_calculator.txt
компилятор/out/check_methods_random.txt
компилятор/out/check_prg_system.txt
компилятор/out/check_result_xml_interfaces.txt
компилятор/out/check_targeted_cluster.txt
компилятор/out/check_type_chains_final.txt
компилятор/out/fb_usage_audit.txt
компилятор/out/git_log_before_revert.txt
компилятор/out/gvl_baseline_names.txt
компилятор/out/gvl_root_names.txt
компилятор/out/gvl_v2_names.txt
компилятор/out/live_draft_remaining.txt
компилятор/out/live_draft_usage_remaining.txt
компилятор/out/live_objects_list.txt
компилятор/out/live_transition_candidates.txt
компилятор/out/live_transition_terminology_audit.txt
компилятор/out/live_v2_core_usage.txt
компилятор/out/method_blocks_short.txt
компилятор/out/method_names.txt
компилятор/out/method_patch2_check.txt
компилятор/out/methods_focus_log.txt
компилятор/out/methods_fragment_analysis.txt
компилятор/out/methods_summary_check.txt
компилятор/out/methods_v1_interface_check.txt
компилятор/out/random_template_vs_result.txt
компилятор/out/result_check.txt
компилятор/out/revert_exec.txt
компилятор/out/revert_target.txt
компилятор/out/support_files_live.txt
компилятор/out/support_transition_refs_live.txt
компилятор/out/unsafe_data_audit.txt
компилятор/out/unsafe_data_focus.txt
компилятор/out/замечания.txt
компилятор/out/импортКС.txt
компилятор/Система умного дома.xml
компилятор/команды_терминала.md

===== AFTER =====
компилятор
компилятор/import_codesys_FINAL.py
компилятор/logs
компилятор/logs/26_clean_compiler_to_baseline.log
компилятор/out
компилятор/Система умного дома.xml
