
===== PATCH AUTO CLEANUP INTO import_codesys_FINAL.py =====
Tue Apr 14 21:34:38 UTC 2026

===== DIFF =====
diff --git a/компилятор/import_codesys_FINAL.py b/компилятор/import_codesys_FINAL.py
index 01a4b8d..a57eeb2 100644
--- a/компилятор/import_codesys_FINAL.py
+++ b/компилятор/import_codesys_FINAL.py
@@ -734,6 +734,17 @@ def main():
             if rc != 0:
                 raise RuntimeError("method_overlay_clean.py failed")
             print("METHOD OVERLAY DONE")
+
+            # --- AUTO CLEANUP INTERMEDIATE FILES ---
+            try:
+                out_dir = _Path(__file__).parent / "out"
+                for name in ("003_RESULT.xml", "004_RESULT.xml", "RESULT.xml"):
+                    target = out_dir / name
+                    if target.exists():
+                        target.unlink()
+                        print(f"CLEANED: {target}")
+            except Exception as cleanup_error:
+                print(f"CLEANUP_ERROR: {cleanup_error}")
     except Exception as e:
         print(f"OVERLAY_ERROR: {e}")
 
