]633;E;echo "=== STEP 258: TEMPERATURE FAMILY GENERIC LOOP ===";ebffa28d-1a19-46e5-823e-2ee795fb6d69]633;C=== STEP 258: TEMPERATURE FAMILY GENERIC LOOP ===
timestamp_utc=2026-04-19T10:31:19Z

=== APPLY ===
OK: temperature family generic loop integrated

=== VERIFY PRG_SYSTEM ===
12:fbCalibTempFamily : ARRAY[1..3] OF FB_Sensor_Calibration_Processor;
13:fbCalibVerifyTempFamily : ARRAY[1..3] OF FB_Calibration_Manager;
22:L_TempFamily_Raw : REAL;
23:L_TempFamily_Calibrated : ARRAY[1..3] OF REAL;
38:L_TempFamily_Calib_TS_Prev : ARRAY[1..3] OF UDINT;
39:L_TempFamily_Verification_Active_Prev : ARRAY[1..3] OF BOOL;
1392:// === TEMPERATURE FAMILY CALIBRATION GENERIC LOOP ===
1397:FOR L_i := 1 TO 3 DO
1400:            L_TempFamily_Raw := GVL_STATE.G_Floor_Temps[1];
1402:            L_TempFamily_Raw := GVL_STATE.G_Floor_Temps[2];
1404:            L_TempFamily_Raw := GVL_STATE.G_Outdoor_Temp;
1406:        L_TempFamily_Raw := 0.0;
1409:    fbCalibTempFamily[L_i](
1410:        VI_Raw_Value := L_TempFamily_Raw,
1413:    L_TempFamily_Calibrated[L_i] := fbCalibTempFamily[L_i].VO_Calibrated_Value;
1415:    fbCalibVerifyTempFamily[L_i](
1416:        VI_Raw_Value := L_TempFamily_Raw,
1422:            GVL_CONFIG.G_HMI_Sensor_Calibrations[L_i + 2].last_calibration_timestamp <> L_TempFamily_Calib_TS_Prev[L_i]
1430:                fbCalibVerifyTempFamily[L_i].VO_Verification_Active;
1432:                fbCalibVerifyTempFamily[L_i].VO_Verification_Failed;
1434:                fbCalibVerifyTempFamily[L_i].VO_Deviation_Percent;
1447:                fbCalibVerifyTempFamily[L_i].VO_Verification_Active;
1449:                fbCalibVerifyTempFamily[L_i].VO_Verification_Failed;
1451:                fbCalibVerifyTempFamily[L_i].VO_Deviation_Percent;
1464:                fbCalibVerifyTempFamily[L_i].VO_Verification_Active;
1466:                fbCalibVerifyTempFamily[L_i].VO_Verification_Failed;
1468:                fbCalibVerifyTempFamily[L_i].VO_Deviation_Percent;
1479:    IF L_TempFamily_Verification_Active_Prev[L_i] AND
1480:       (NOT fbCalibVerifyTempFamily[L_i].VO_Verification_Active) THEN
1482:            NOT fbCalibVerifyTempFamily[L_i].VO_Verification_Failed;
1485:    L_TempFamily_Verification_Active_Prev[L_i] := fbCalibVerifyTempFamily[L_i].VO_Verification_Active;
1486:    L_TempFamily_Calib_TS_Prev[L_i] := GVL_CONFIG.G_HMI_Sensor_Calibrations[L_i + 2].last_calibration_timestamp;

=== COMPILE ===
[main f51b9a5] test: compile smoke after migration
 5 files changed, 905 insertions(+), 697 deletions(-)
 create mode 100644 repo_logs/assistant_bridge/2026_04_19/step_258_temperature_family_generic_loop/temperature_family_generic_loop.log
 create mode 100644 steps/2026-04-19_temperature_family_generic_loop/01_temperature_family_generic_loop.py
error: cannot rebase: You have unstaged changes.
error: Please commit or stash them.
From https://github.com/builovmaikl-art/SmartHomeNew
 * branch            main       -> FETCH_HEAD
Already up to date.
To https://github.com/builovmaikl-art/SmartHomeNew
   c00ec91..f51b9a5  main -> main
compile_exit=0

=== END STEP 258 ===
