]633;E;echo "=== STEP 15: PRG_SYSTEM EVENT & SCENARIO AUDIT ===";61cf2567-4c41-49d3-982a-34b1ba96e126]633;C=== STEP 15: PRG_SYSTEM EVENT & SCENARIO AUDIT ===
timestamp_utc=2026-04-16T16:13:59Z

=== SEARCH: EVENT LOGGING CALLS ===
28:    fbLogEvent : FB_LogEvent;
615:            fbLogEvent(
638:                fbLogEvent(
651:                fbLogEvent(
862:        fbLogEvent(
886:    fbLogEvent(
914:            fbLogEvent(
1013:    fbLogEvent(
1025:    fbLogEvent(
1034:    fbLogEvent(
1046:    fbLogEvent(

=== SEARCH: SCENARIO FLAGS ===
14:    fbScenarioManager : FB_Scenario_Manager;
40:    L_Scenario_Idx : INT;
59:    L_Scenario_Req_Operator : E_SCENARIO_TYPE;
60:    L_Scenario_Req_Gateway  : E_SCENARIO_TYPE;
61:    L_Scenario_Req_Rule     : E_SCENARIO_TYPE;
62:    L_Scenario_Req_Final    : E_SCENARIO_TYPE; // TRACE ONLY: arbitration result before policy
63:    L_Scenario_Intent       : E_SCENARIO_TYPE;
64:L_Scenario_Source       : E_SCENARIO_SOURCE;
65:L_Scenario_Changed      : BOOL;
66:L_Last_Scenario_Change_Time : UDINT;
139:L_Local_State.Current_Scenario := GVL_STATUS.G_Current_Scenario;
167:    GVL_STATUS.G_Current_Scenario := fbRedundancy.VO_Synced_State.Current_Scenario;
351:// Scenario request (direct + early operator gate)
353:    L_Scenario_Req_Operator := GVL_COMMAND.G_Scenario_Request_Operator;
355:    L_Scenario_Req_Operator := E_SCENARIO_TYPE.SCENARIO_NONE;
357:L_Scenario_Req_Gateway := 0;
358:L_Scenario_Req_Rule := 0;
369:L_Scenario_Idx := TO_INT(GVL_STATUS.G_Current_Scenario);
370:IF L_Scenario_Idx < 0 OR L_Scenario_Idx > 7 THEN
371:    L_Scenario_Idx := 0;
378:    VI_Scenario := GVL_STATUS.G_Current_Scenario,
379:    VI_Config := GVL_CONFIG.G_HMI_Scenario_Configs[L_Scenario_Idx],
407:    IF GVL_STATE.G_Rule_Actions[L_i].Active AND GVL_STATE.G_Rule_Actions[L_i].Action_Type = E_Rule_Action_Type.ACTION_ACTIVATE_SCENARIO THEN
408:        L_Scenario_Req_Rule := TO_BYTE(GVL_STATE.G_Rule_Actions[L_i].Value);
473:    VI_Active_Scenario := GVL_STATUS.G_Current_Scenario,
495:   fbGateway.VO_Set_Scenario_Req AND
498:    L_Scenario_Req_Gateway := fbGateway.VO_Target_Scenario;
525:// === SCENARIO REQUEST VALIDATION ===
527:// Actual enum range in E_SCENARIO_TYPE is 0..7.
528:IF TO_USINT(L_Scenario_Req_Operator) > 7 THEN
529:    L_Scenario_Req_Operator := E_SCENARIO_TYPE.SCENARIO_NONE;
532:IF TO_USINT(L_Scenario_Req_Gateway) > 7 THEN
533:    L_Scenario_Req_Gateway := E_SCENARIO_TYPE.SCENARIO_NONE;
536:IF TO_USINT(L_Scenario_Req_Rule) > 7 THEN
537:    L_Scenario_Req_Rule := E_SCENARIO_TYPE.SCENARIO_NONE;
544:    GVL_COMMAND.G_Scenario_Request_Operator := 0;
560:// === SCENARIO PRIORITY RESOLUTION ===
561:// Produces L_Scenario_Req_Final (TRACE ONLY, not executed directly)
563:    L_Scenario_Req_Final := 0;
564:    L_Scenario_Source := SRC_SAFETY;
565:ELSIF L_Scenario_Req_Operator <> 0 THEN
566:    L_Scenario_Req_Final := L_Scenario_Req_Operator;
567:    L_Scenario_Source := SRC_OPERATOR;
568:ELSIF L_Scenario_Req_Gateway <> 0 THEN
569:    L_Scenario_Req_Final := L_Scenario_Req_Gateway;
570:    L_Scenario_Source := SRC_GATEWAY;
571:ELSIF L_Scenario_Req_Rule <> 0 THEN
572:    L_Scenario_Req_Final := L_Scenario_Req_Rule;
573:    L_Scenario_Source := SRC_RULE;
575:    L_Scenario_Req_Final := GVL_STATUS.G_Current_Scenario;
576:    L_Scenario_Source := SRC_NONE;
579:L_Scenario_Intent := L_Scenario_Req_Final;
581:// === FAIL-SAFE SCENARIO CLAMP ===
584:        L_Scenario_Intent := E_SCENARIO_TYPE.SCENARIO_NONE;
587:        L_Scenario_Intent := E_SCENARIO_TYPE.SCENARIO_NONE;
590:        CASE L_Scenario_Intent OF
591:            E_SCENARIO_TYPE.SCENARIO_NONE,
592:            E_SCENARIO_TYPE.SCENARIO_PRESENCE,
593:            E_SCENARIO_TYPE.SCENARIO_AWAY,
594:            E_SCENARIO_TYPE.SCENARIO_SLEEP:
597:            L_Scenario_Intent := E_SCENARIO_TYPE.SCENARIO_NONE;
606:       (L_Scenario_Req_Operator = E_SCENARIO_TYPE.SCENARIO_NONE) AND
607:       (L_Scenario_Req_Gateway = E_SCENARIO_TYPE.SCENARIO_NONE) AND
608:       (L_Scenario_Req_Rule = E_SCENARIO_TYPE.SCENARIO_NONE) AND
609:       (L_Scenario_Intent <> E_SCENARIO_TYPE.SCENARIO_AWAY) THEN
611:        IF L_Scenario_Intent <> E_SCENARIO_TYPE.SCENARIO_AWAY THEN
612:            L_Scenario_Intent := E_SCENARIO_TYPE.SCENARIO_AWAY;
613:            L_Scenario_Source := SRC_POLICY;
618:                VI_Param1 := TO_UDINT(L_Scenario_Source),
619:                VI_Param2 := TO_UDINT(E_SCENARIO_TYPE.SCENARIO_AWAY)
625:// === DEGRADED-AWARE SCENARIO ADAPTATION ===
629:    IF (L_Scenario_Req_Operator = E_SCENARIO_TYPE.SCENARIO_NONE) AND
630:       (L_Scenario_Req_Gateway = E_SCENARIO_TYPE.SCENARIO_NONE) AND
631:       (L_Scenario_Req_Rule = E_SCENARIO_TYPE.SCENARIO_NONE) THEN
634:            IF L_Scenario_Intent <> E_SCENARIO_TYPE.SCENARIO_AWAY THEN
635:                L_Scenario_Intent := E_SCENARIO_TYPE.SCENARIO_AWAY;
636:                L_Scenario_Source := SRC_POLICY;
641:                    VI_Param1 := TO_UDINT(L_Scenario_Source),
642:                    VI_Param2 := TO_UDINT(E_SCENARIO_TYPE.SCENARIO_AWAY)
646:        ELSIF L_Scenario_Intent = E_SCENARIO_TYPE.SCENARIO_PRESENCE THEN
647:            IF L_Scenario_Intent <> E_SCENARIO_TYPE.SCENARIO_SLEEP THEN
648:                L_Scenario_Intent := E_SCENARIO_TYPE.SCENARIO_SLEEP;
649:                L_Scenario_Source := SRC_POLICY;
654:                    VI_Param1 := TO_UDINT(L_Scenario_Source),
655:                    VI_Param2 := TO_UDINT(E_SCENARIO_TYPE.SCENARIO_SLEEP)
662:fbScenarioManager(
664:    VI_Activate_Request := L_Scenario_Intent,
667:    VO_Current_Scenario => GVL_STATUS.G_Current_Scenario
809:ELSIF GVL_STATUS.G_Current_Scenario <> GVL_STATUS.G_Previous_Scenario THEN
811:    L_History_Event.event_code := 1001; // Scenario transition
812:    L_History_Event.event_value := TO_REAL(GVL_STATUS.G_Current_Scenario);
816:    GVL_STATUS.G_Previous_Scenario := GVL_STATUS.G_Current_Scenario;
1011:// === EVENT LOGGING: SCENARIO CHANGE ===
1012:IF L_Scenario_Changed THEN
1016:        VI_Param1 := TO_UDINT(L_Scenario_Source),
1017:        VI_Param2 := TO_UDINT(L_Scenario_Intent)

=== SEARCH: CHANGE DETECTION ===
65:L_Scenario_Changed      : BOOL;
68:L_IO_Fault_Prev : BOOL;
69:L_Comm_Fault_Prev : BOOL;
70:L_Sensor_Fault_Prev : BOOL;
71:L_Subsystem_Fault_Prev : BOOL;
72:L_Mode_Prev : E_System_Operating_Mode;
73:L_User_Access_Denied_Prev : BOOL;
77:    L_Persist_Buffer_Changed : BOOL;
696:L_Persist_Buffer_Changed :=
711:ELSIF L_Persist_Buffer_Changed THEN
809:ELSIF GVL_STATUS.G_Current_Scenario <> GVL_STATUS.G_Previous_Scenario THEN
816:    GVL_STATUS.G_Previous_Scenario := GVL_STATUS.G_Current_Scenario;
913:        IF NOT L_User_Access_Denied_Prev THEN
931:L_User_Access_Denied_Prev := GVL_STATUS.G_Diagnostics.User_Access_Denied;
1012:IF L_Scenario_Changed THEN
1024:IF fbSystemHealth.VO_IO_Fault AND NOT L_IO_Fault_Prev THEN
1033:IF NOT fbSystemHealth.VO_IO_Fault AND L_IO_Fault_Prev THEN
1042:L_IO_Fault_Prev := fbSystemHealth.VO_IO_Fault;
1045:IF GVL_STATE.G_System_Mode <> L_Mode_Prev THEN
1049:        VI_Param1 := TO_UDINT(L_Mode_Prev),
1054:L_Mode_Prev := GVL_STATE.G_System_Mode;

=== SEARCH: ANTI-FLOOD / TIMING ===
56:    L_Last_Event_Time_MS : UDINT;
66:L_Last_Scenario_Change_Time : UDINT;
125:GVL_STATUS.G_System_Time_MS := TIME_TO_UDINT(TIME());
126:L_Time_Diff := (SEL(GVL_STATUS.G_System_Time_MS >= GVL_STATUS.G_Last_System_Time_MS, GVL_STATUS.G_System_Time_MS - GVL_STATUS.G_Last_System_Time_MS, (4294967295 - GVL_STATUS.G_Last_System_Time_MS) + GVL_STATUS.G_System_Time_MS + 1));
134:GVL_STATUS.G_Last_System_Time_MS := GVL_STATUS.G_System_Time_MS;
138:L_Local_State.System_Time_MS := GVL_STATUS.G_System_Time_MS;
153:    VI_System_Time_MS := GVL_STATUS.G_System_Time_MS,
196:    VI_System_Time_MS := GVL_STATUS.G_System_Time_MS
228:    VI_Time_MS := GVL_STATUS.G_System_Time_MS
342:    VI_System_Time_MS := GVL_STATUS.G_System_Time_MS,
376:    VI_System_Time_MS := GVL_STATUS.G_System_Time_MS,
386:    VI_System_Time_MS := GVL_STATUS.G_System_Time_MS,
416:    VI_System_Time_MS := GVL_STATUS.G_System_Time_MS,
455:    VI_System_Time_MS := GVL_STATUS.G_System_Time_MS,
522:    GVL_STATUS.G_Time_Of_Day_MS := fbGateway.VO_New_Time_MS;
617:                VI_Timestamp := GVL_STATUS.G_System_Time_MS,
640:                    VI_Timestamp := GVL_STATUS.G_System_Time_MS,
653:                    VI_Timestamp := GVL_STATUS.G_System_Time_MS,
663:    VI_System_Time_MS := GVL_STATUS.G_System_Time_MS,
714:       ((GVL_STATUS.G_System_Time_MS - L_Last_Persist_Write_MS) >= 60000) THEN
724:    VI_System_Time_MS := GVL_STATUS.G_System_Time_MS,
739:    L_Last_Persist_Write_MS := GVL_STATUS.G_System_Time_MS;
743:L_BB_Record.Timestamp := GVL_STATUS.G_System_Time_MS;
770:L_History_Event.timestamp_ms := GVL_STATUS.G_System_Time_MS;
840:       AND (GVL_STATUS.G_System_Time_MS - L_Last_Event_Time_MS < 5000) THEN
845:        L_Last_Event_Time_MS := GVL_STATUS.G_System_Time_MS;
850:    VI_System_Time_MS := GVL_STATUS.G_System_Time_MS,
864:            VI_Timestamp := GVL_STATUS.G_System_Time_MS,
871:    L_Dangerous_Action_Deadline_MS := GVL_STATUS.G_System_Time_MS + 15000;
876:IF L_Dangerous_Action_Armed AND (GVL_STATUS.G_System_Time_MS > L_Dangerous_Action_Deadline_MS) THEN
888:        VI_Timestamp := GVL_STATUS.G_System_Time_MS,
916:                VI_Timestamp := GVL_STATUS.G_System_Time_MS,
1015:        VI_Timestamp := GVL_STATUS.G_System_Time_MS,
1027:        VI_Timestamp := GVL_STATUS.G_System_Time_MS,
1036:        VI_Timestamp := GVL_STATUS.G_System_Time_MS,
1048:        VI_Timestamp := GVL_STATUS.G_System_Time_MS,

=== SCENARIO BLOCK CONTEXT ===
14:    fbScenarioManager : FB_Scenario_Manager;
662:fbScenarioManager(

// === CONTEXT FAIL-SAFE AUTOMATION ===
// If security is armed and no explicit source is requesting another scenario,
// force safe occupancy context to AWAY while system remains in MODE_NORMAL.
IF GVL_STATE.G_System_Mode = E_System_Operating_Mode.MODE_NORMAL THEN
    IF GVL_ALARM.G_Security_Armed AND
       (L_Scenario_Req_Operator = E_SCENARIO_TYPE.SCENARIO_NONE) AND
       (L_Scenario_Req_Gateway = E_SCENARIO_TYPE.SCENARIO_NONE) AND
       (L_Scenario_Req_Rule = E_SCENARIO_TYPE.SCENARIO_NONE) AND
       (L_Scenario_Intent <> E_SCENARIO_TYPE.SCENARIO_AWAY) THEN

        IF L_Scenario_Intent <> E_SCENARIO_TYPE.SCENARIO_AWAY THEN
            L_Scenario_Intent := E_SCENARIO_TYPE.SCENARIO_AWAY;
            L_Scenario_Source := SRC_POLICY;

            fbLogEvent(
                VI_Event_Type := 5,
                VI_Timestamp := GVL_STATUS.G_System_Time_MS,
                VI_Param1 := TO_UDINT(L_Scenario_Source),
                VI_Param2 := TO_UDINT(E_SCENARIO_TYPE.SCENARIO_AWAY)
            );
        END_IF;
    END_IF;
END_IF;

// === DEGRADED-AWARE SCENARIO ADAPTATION ===
// Soft adaptation in degraded mode: keep explicit requests intact,
// but if no source is requesting a scenario, move behavior to a safer baseline.
IF GVL_STATE.G_System_Mode = E_System_Operating_Mode.MODE_DEGRADED THEN
    IF (L_Scenario_Req_Operator = E_SCENARIO_TYPE.SCENARIO_NONE) AND
       (L_Scenario_Req_Gateway = E_SCENARIO_TYPE.SCENARIO_NONE) AND
       (L_Scenario_Req_Rule = E_SCENARIO_TYPE.SCENARIO_NONE) THEN

        IF GVL_ALARM.G_Security_Armed THEN
            IF L_Scenario_Intent <> E_SCENARIO_TYPE.SCENARIO_AWAY THEN
                L_Scenario_Intent := E_SCENARIO_TYPE.SCENARIO_AWAY;
                L_Scenario_Source := SRC_POLICY;

                fbLogEvent(
                    VI_Event_Type := 6,
                    VI_Timestamp := GVL_STATUS.G_System_Time_MS,
                    VI_Param1 := TO_UDINT(L_Scenario_Source),
                    VI_Param2 := TO_UDINT(E_SCENARIO_TYPE.SCENARIO_AWAY)
                );
            END_IF;

        ELSIF L_Scenario_Intent = E_SCENARIO_TYPE.SCENARIO_PRESENCE THEN
            IF L_Scenario_Intent <> E_SCENARIO_TYPE.SCENARIO_SLEEP THEN
                L_Scenario_Intent := E_SCENARIO_TYPE.SCENARIO_SLEEP;
                L_Scenario_Source := SRC_POLICY;

                fbLogEvent(
                    VI_Event_Type := 7,
                    VI_Timestamp := GVL_STATUS.G_System_Time_MS,
                    VI_Param1 := TO_UDINT(L_Scenario_Source),
                    VI_Param2 := TO_UDINT(E_SCENARIO_TYPE.SCENARIO_SLEEP)
                );
            END_IF;
        END_IF;
    END_IF;
END_IF;

fbScenarioManager(
    VI_System_Time_MS := GVL_STATUS.G_System_Time_MS,
    VI_Activate_Request := L_Scenario_Intent,
    VI_IsActivePLC := GVL_STATUS.G_Is_Active_PLC,
    VI_System_Mode := GVL_STATE.G_System_Mode,
    VO_Current_Scenario => GVL_STATUS.G_Current_Scenario
);



// 14. Менеджер NVRAM
// Pack persistent snapshot into compact byte buffer for controlled NVRAM mirroring
L_Persist_Buffer[0] := TO_BYTE(TO_INT(L_Persist_Struct.System_Mode));
IF L_Persist_Struct.Safety_Gas_Latched THEN
    L_Persist_Buffer[1] := BYTE#1;
ELSE
    L_Persist_Buffer[1] := BYTE#0;
END_IF;
IF L_Persist_Struct.Safety_Smoke_Latched THEN
    L_Persist_Buffer[2] := BYTE#1;
ELSE
    L_Persist_Buffer[2] := BYTE#0;
END_IF;
IF L_Persist_Struct.Safety_Leak_Latched THEN
    L_Persist_Buffer[3] := BYTE#1;
ELSE
    L_Persist_Buffer[3] := BYTE#0;
END_IF;
IF L_Persist_Struct.DHW_Heating_Pump THEN

=== EVENT LOGGING CONTEXT ===
1011:// === EVENT LOGGING: SCENARIO CHANGE ===
1021:// === EVENT LOGGING: FAULTS ===
1044:// === EVENT LOGGING: MODE CHANGE ===

// === EVENT LOGGING: SCENARIO CHANGE ===
IF L_Scenario_Changed THEN
    fbLogEvent(
        VI_Event_Type := 1,
        VI_Timestamp := GVL_STATUS.G_System_Time_MS,
        VI_Param1 := TO_UDINT(L_Scenario_Source),
        VI_Param2 := TO_UDINT(L_Scenario_Intent)
    );
END_IF;

// === EVENT LOGGING: FAULTS ===

// IO
IF fbSystemHealth.VO_IO_Fault AND NOT L_IO_Fault_Prev THEN
    fbLogEvent(
        VI_Event_Type := 2,
        VI_Timestamp := GVL_STATUS.G_System_Time_MS,
        VI_Param1 := 1,
        VI_Param2 := 1
    );
END_IF;

IF NOT fbSystemHealth.VO_IO_Fault AND L_IO_Fault_Prev THEN
    fbLogEvent(
        VI_Event_Type := 3,
        VI_Timestamp := GVL_STATUS.G_System_Time_MS,
        VI_Param1 := 1,
        VI_Param2 := 0
    );
END_IF;

L_IO_Fault_Prev := fbSystemHealth.VO_IO_Fault;

// === EVENT LOGGING: MODE CHANGE ===
IF GVL_STATE.G_System_Mode <> L_Mode_Prev THEN
    fbLogEvent(
        VI_Event_Type := 4,
        VI_Timestamp := GVL_STATUS.G_System_Time_MS,
        VI_Param1 := TO_UDINT(L_Mode_Prev),
        VI_Param2 := TO_UDINT(GVL_STATE.G_System_Mode)
    );
END_IF;

L_Mode_Prev := GVL_STATE.G_System_Mode;

=== PREVIOUS STATE TRACKING ===
68:L_IO_Fault_Prev : BOOL;
69:L_Comm_Fault_Prev : BOOL;
70:L_Sensor_Fault_Prev : BOOL;
71:L_Subsystem_Fault_Prev : BOOL;
72:L_Mode_Prev : E_System_Operating_Mode;
73:L_User_Access_Denied_Prev : BOOL;
809:ELSIF GVL_STATUS.G_Current_Scenario <> GVL_STATUS.G_Previous_Scenario THEN
816:    GVL_STATUS.G_Previous_Scenario := GVL_STATUS.G_Current_Scenario;
913:        IF NOT L_User_Access_Denied_Prev THEN
931:L_User_Access_Denied_Prev := GVL_STATUS.G_Diagnostics.User_Access_Denied;
1024:IF fbSystemHealth.VO_IO_Fault AND NOT L_IO_Fault_Prev THEN
1033:IF NOT fbSystemHealth.VO_IO_Fault AND L_IO_Fault_Prev THEN
1042:L_IO_Fault_Prev := fbSystemHealth.VO_IO_Fault;
1045:IF GVL_STATE.G_System_Mode <> L_Mode_Prev THEN
1049:        VI_Param1 := TO_UDINT(L_Mode_Prev),
1054:L_Mode_Prev := GVL_STATE.G_System_Mode;

=== ROOT CAUSE / FAULT TRACE ===
27:    fbFaultLogger : FB_Fault_Logger;
48:    L_Last_First_Fault_Type : INT;
49:    L_Last_First_Fault_Source : INT;
50:    L_Last_Root_Cause : E_System_Root_Cause;
68:L_IO_Fault_Prev : BOOL;
69:L_Comm_Fault_Prev : BOOL;
70:L_Sensor_Fault_Prev : BOOL;
71:L_Subsystem_Fault_Prev : BOOL;
191:GVL_STATE.G_Freeze_Hardware_Degraded := GVL_STATUS.G_Diagnostics.Backup_Pump_Fault OR GVL_STATUS.G_Diagnostics.Electric_Heater_Fault;
192:GVL_STATE.G_Freeze_Hardware_Failed := GVL_STATUS.G_Diagnostics.Backup_Pump_Fault AND GVL_STATUS.G_Diagnostics.Electric_Heater_Fault;
205:    VI_Sensor_Fault := GVL_STATE.G_Heating_Sensor_Fault OR GVL_STATE.G_DHW_Sensor_Fault,
206:    VI_IO_Offline := GVL_STATE.G_Heating_IO_Fault OR GVL_STATE.G_DHW_IO_Fault OR GVL_STATE.G_Ventilation_IO_Fault OR GVL_STATE.G_Lighting_IO_Fault,
207:    VI_Comm_Fault := GVL_STATE.G_Access_Comm_Fault,
208:    VI_Watchdog_Fault := fbWatchdog.VO_Watchdog_Fault,
209:    VI_Subsystem_Fault := GVL_STATE.G_Heating_Subsystem_Degraded OR GVL_STATE.G_DHW_Subsystem_Degraded OR GVL_STATE.G_Ventilation_Subsystem_Degraded
215:    VI_Root_Cause := fbSystemHealth.VO_Root_Cause,
221:    VI_RootCause := fbSystemHealth.VO_Root_Cause,
225:fbFaultLogger(
227:    VI_RootCause := fbSystemHealth.VO_Root_Cause,
235:GVL_STATUS.G_Diagnostics.Sensor_Fault :=
236:    GVL_STATE.G_Heating_Sensor_Fault OR
237:    GVL_STATE.G_DHW_Sensor_Fault;
240:    GVL_STATE.G_Heating_IO_Fault OR
241:    GVL_STATE.G_DHW_IO_Fault OR
242:    GVL_STATE.G_Ventilation_IO_Fault OR
243:    GVL_STATE.G_Lighting_IO_Fault;
251:IF fbFaultLogger.VO_Last_Event_Text <> '' THEN
252:    GVL_HEALTH_BRIDGE.G_Last_Fault_Event_Text := fbFaultLogger.VO_Last_Event_Text;
272:CASE fbSystemHealth.VO_Root_Cause OF
273:    E_System_Root_Cause.ROOT_FIRE:
275:    E_System_Root_Cause.ROOT_GAS_LEAK:
277:    E_System_Root_Cause.ROOT_CO_CRITICAL:
279:    E_System_Root_Cause.ROOT_CO_WARNING:
281:    E_System_Root_Cause.ROOT_WATER_LEAK:
283:    E_System_Root_Cause.ROOT_WATCHDOG_FAULT:
285:    E_System_Root_Cause.ROOT_IO_OFFLINE:
287:    E_System_Root_Cause.ROOT_COMM_FAULT:
289:    E_System_Root_Cause.ROOT_SENSOR_FAULT:
291:    E_System_Root_Cause.ROOT_SUBSYSTEM_FAULT:
422:    VI_First_Fault_Active := fbSystemHealth.VO_First_Fault_Active,
423:    VI_First_Fault_Type := fbSystemHealth.VO_First_Fault_Type,
424:    VI_First_Fault_Source := fbSystemHealth.VO_First_Fault_Source,
753:L_BB_Record.First_Fault_Type := TO_BYTE(TO_INT(fbSystemHealth.VO_First_Fault_Type));
754:L_BB_Record.First_Fault_Source := TO_BYTE(TO_INT(fbSystemHealth.VO_First_Fault_Source));
755:L_BB_Record.First_Fault_Active := fbSystemHealth.VO_First_Fault_Active;
757:L_BB_Record.Root_Cause := TO_BYTE(TO_INT(fbSystemHealth.VO_Root_Cause));
758:L_BB_Record.Watchdog_Fault := fbWatchdog.VO_Watchdog_Fault;
761:L_BB_Freeze := GVL_ALARM.G_Gas_Alarm_Active OR GVL_ALARM.G_Fire_Alarm_Active OR GVL_ALARM.G_Flood_Alarm_Active OR fbSystemHealth.VO_First_Fault_Active;
791:ELSIF fbSystemHealth.VO_Root_Cause <> L_Last_Root_Cause THEN
794:    L_History_Event.event_value := TO_REAL(TO_INT(fbSystemHealth.VO_Root_Cause));
796:    L_History_Event.zone_id := TO_BYTE(fbSystemHealth.VO_First_Fault_Source);
798:    L_Last_Root_Cause := fbSystemHealth.VO_Root_Cause;
800:ELSIF fbSystemHealth.VO_First_Fault_Source <> L_Last_First_Fault_Source THEN
803:    L_History_Event.event_value := TO_REAL(fbSystemHealth.VO_First_Fault_Source);
805:    L_History_Event.zone_id := TO_BYTE(fbSystemHealth.VO_First_Fault_Source);
807:    L_Last_First_Fault_Source := fbSystemHealth.VO_First_Fault_Source;
1024:IF fbSystemHealth.VO_IO_Fault AND NOT L_IO_Fault_Prev THEN
1033:IF NOT fbSystemHealth.VO_IO_Fault AND L_IO_Fault_Prev THEN
1042:L_IO_Fault_Prev := fbSystemHealth.VO_IO_Fault;

=== END STEP 15 ===
