]633;E;echo "=== RUN STEP 181 ===";cb07821a-d34c-4035-be1a-7133cf9aa4fd]633;C=== RUN STEP 181 ===
=== STEP 181: AUDIT MAINTENANCE_ACCESS CLUSTER ===

--- E_Zone_Access_Level.dut ---
exists=True
live_refs=1
  ref=FB_Zone_Access_Manager.st

line_count=10
content_preview:
{attribute 'strict'}
TYPE E_Zone_Access_Level :
(
    ZONE_ACCESS_NONE := 0,
    ZONE_ACCESS_VIEW := 1,
    ZONE_ACCESS_CONTROL := 2,
    ZONE_ACCESS_CONFIG := 3,
    ZONE_ACCESS_FULL := 4
) USINT;
END_TYPE

candidate_token_count=7
candidate_tokens:
E_Zone_Access_Level, USINT, ZONE_ACCESS_CONFIG, ZONE_ACCESS_CONTROL, ZONE_ACCESS_FULL, ZONE_ACCESS_NONE, ZONE_ACCESS_VIEW

possible_live_analogs:
  FB_Access_Control.st: overlap_score=0
  FB_AccessCode_Manager.st: overlap_score=0
  FB_TwoFactor_Auth.st: overlap_score=0
  FB_Security_System_Manager.st: overlap_score=0
  GVL_STATE.gvl: overlap_score=0
  GVL_STATUS.gvl: overlap_score=0
  GVL_CONFIG.gvl: overlap_score=0
  GVL_Retain.gvl: overlap_score=0

--- FB_Maintenance_Access.st ---
exists=True
live_refs=0

line_count=28
content_preview:
FUNCTION_BLOCK FB_Maintenance_Access
VAR_INPUT
    VI_System_Time : UDINT;
    VI_Activate    : BOOL;
    VI_Duration    : UDINT := 60; // мин
END_VAR
VAR_OUTPUT
    VO_Active      : BOOL;
    VO_Time_Left   : UDINT;
END_VAR
VAR
    L_Start_Time   : UDINT;
    L_elapsed      : UDINT;
END_VAR

IF VI_Activate AND NOT VO_Active THEN
    VO_Active := TRUE;
    L_Start_Time := VI_System_Time;
END_IF;

IF VO_Active THEN
    L_elapsed := (SEL(VI_System_Time >= L_Start_Time, VI_System_Time - L_Start_Time, (4294967295 - L_Start_Time) + VI_System_Time + 1)) / GVL_CONSTANTS.C_MS_IN_MINUTE;
    IF L_elapsed >= VI_Duration THEN
        VO_Active := FALSE;
    ELSE
        VO_Time_Left := VI_Duration - L_elapsed;
    END_IF;
END_IF;

candidate_token_count=10
candidate_tokens:
C_MS_IN_MINUTE, FB_Maintenance_Access, GVL_CONSTANTS, L_Start_Time, L_elapsed, VI_Activate, VI_Duration, VI_System_Time, VO_Active, VO_Time_Left

possible_live_analogs:
  FB_Access_Control.st: overlap_score=1
    overlap_tokens=GVL_CONSTANTS
  FB_AccessCode_Manager.st: overlap_score=1
    overlap_tokens=GVL_CONSTANTS
  FB_TwoFactor_Auth.st: overlap_score=3
    overlap_tokens=C_MS_IN_MINUTE, GVL_CONSTANTS, L_Start_Time
  FB_Security_System_Manager.st: overlap_score=1
    overlap_tokens=GVL_CONSTANTS
  GVL_STATE.gvl: overlap_score=1
    overlap_tokens=GVL_CONSTANTS
  GVL_STATUS.gvl: overlap_score=1
    overlap_tokens=GVL_CONSTANTS
  GVL_CONFIG.gvl: overlap_score=2
    overlap_tokens=C_MS_IN_MINUTE, GVL_CONSTANTS
  GVL_Retain.gvl: overlap_score=1
    overlap_tokens=GVL_CONSTANTS

--- FB_Zone_Access_Manager.st ---
exists=True
live_refs=0

line_count=24
content_preview:
FUNCTION_BLOCK FB_Zone_Access_Manager
VAR_INPUT
    VI_System_Time_MS : UDINT; // Системное время (мс)
    VI_Operator_ID    : STRING(10); // Идентификатор оператора
    VI_Target_Zone    : INT; // Номер целевой зоны
    VI_Rights         : ST_Operator_Zone_Rights; // Права доступа оператора к зоне
END_VAR
VAR_OUTPUT
    VO_Access_Granted : BOOL; // Флаг: Доступ разрешен
END_VAR

// Проверка прав доступа к зоне
IF VI_Target_Zone >= 1 AND VI_Target_Zone <= 32 THEN
    // Если глобальный уровень доступа высокий (например, CONFIG или FULL), разрешаем доступ ко всем зонам
    IF VI_Rights.global_access_level >= TO_BYTE(E_Zone_Access_Level.ZONE_ACCESS_CONFIG) THEN
        VO_Access_Granted := TRUE;
    ELSE
        // Иначе проверяем битовую маску для конкретной зоны
        // Бит 0 соответствует зоне 1, бит 1 - зоне 2 и т.д.
        VO_Access_Granted := (VI_Rights.zone_masks AND SHL(DWORD#1, VI_Target_Zone - 1)) <> 0;
    END_IF;
ELSE
    VO_Access_Granted := FALSE;
END_IF;

candidate_token_count=14
candidate_tokens:
CONFIG, E_Zone_Access_Level, FB_Zone_Access_Manager, FULL, ST_Operator_Zone_Rights, TO_BYTE, VI_Operator_ID, VI_Rights, VI_System_Time_MS, VI_Target_Zone, VO_Access_Granted, ZONE_ACCESS_CONFIG, global_access_level, zone_masks

possible_live_analogs:
  FB_Access_Control.st: overlap_score=1
    overlap_tokens=VI_System_Time_MS
  FB_AccessCode_Manager.st: overlap_score=1
    overlap_tokens=VI_System_Time_MS
  FB_TwoFactor_Auth.st: overlap_score=2
    overlap_tokens=TO_BYTE, VI_System_Time_MS
  FB_Security_System_Manager.st: overlap_score=1
    overlap_tokens=VI_System_Time_MS
  GVL_STATE.gvl: overlap_score=0
  GVL_STATUS.gvl: overlap_score=0
  GVL_CONFIG.gvl: overlap_score=0
  GVL_Retain.gvl: overlap_score=0

--- ST_Component_Maintenance.dut ---
exists=True
live_refs=1
  ref=ST_Zone_Sensors.dut

line_count=9
content_preview:
{attribute 'pack_mode' := '1'}
TYPE ST_Component_Maintenance :
STRUCT
    Is_Faulty : BOOL;
    Is_In_Maintenance : BOOL;
    Fallback_Value : REAL;
    Use_Last_Good_Value : BOOL;
END_STRUCT
END_TYPE

candidate_token_count=5
candidate_tokens:
Fallback_Value, Is_Faulty, Is_In_Maintenance, ST_Component_Maintenance, Use_Last_Good_Value

possible_live_analogs:
  FB_Access_Control.st: overlap_score=0
  FB_AccessCode_Manager.st: overlap_score=0
  FB_TwoFactor_Auth.st: overlap_score=0
  FB_Security_System_Manager.st: overlap_score=0
  GVL_STATE.gvl: overlap_score=0
  GVL_STATUS.gvl: overlap_score=0
  GVL_CONFIG.gvl: overlap_score=0
  GVL_Retain.gvl: overlap_score=0

--- ST_Maintenance_Access_Config.dut ---
exists=True
live_refs=0

line_count=9
content_preview:
{attribute 'pack_mode' := '1'}
TYPE ST_Maintenance_Access_Config :
STRUCT
    maintenance_enabled : BOOL := FALSE;
    max_duration_minutes : UDINT := 60;
    requires_two_person : BOOL := TRUE;
    access_level_required : BYTE := 2;
END_STRUCT
END_TYPE

candidate_token_count=5
candidate_tokens:
ST_Maintenance_Access_Config, access_level_required, maintenance_enabled, max_duration_minutes, requires_two_person

possible_live_analogs:
  FB_Access_Control.st: overlap_score=0
  FB_AccessCode_Manager.st: overlap_score=0
  FB_TwoFactor_Auth.st: overlap_score=0
  FB_Security_System_Manager.st: overlap_score=0
  GVL_STATE.gvl: overlap_score=0
  GVL_STATUS.gvl: overlap_score=0
  GVL_CONFIG.gvl: overlap_score=0
  GVL_Retain.gvl: overlap_score=0

=== END STEP 181 ===
