]633;E;echo "=== STEP 147: DECISION + REMOVE DEBUG ORPHANS ===";5e118135-dcf8-4f23-bce5-c8260fb2fe15]633;C=== STEP 147: DECISION + REMOVE DEBUG ORPHANS ===
timestamp_utc=2026-04-17T20:05:55Z

=== DECISION SUMMARY ===
CLUSTER: DEBUG LOGGER (ORPHAN TYPES)
VERDICT: DELETE_NOW
REASON:
- No live references outside cluster
- Parent FB_Debug_Logger already removed
- No overlap with live runtime (History/NVRAM/BlackBox)

=== EXISTENCE BEFORE ===
FOUND: ST_Debug_Log_Record.dut
FOUND: ST_Debug_Logger_Config.dut
FOUND: E_Debug_Log_Level.dut

=== REMOVE ===
rm 'E_Debug_Log_Level.dut'
rm 'ST_Debug_Log_Record.dut'
rm 'ST_Debug_Logger_Config.dut'

=== EXISTENCE AFTER ===
REMOVED: ST_Debug_Log_Record.dut
REMOVED: ST_Debug_Logger_Config.dut
REMOVED: E_Debug_Log_Level.dut

=== RESIDUAL REFERENCES CHECK ===
--- ST_Debug_Log_Record ---
./Система умного дома.xml:752:      <dataType name="ST_Debug_Log_Record">
./Система умного дома.xml:4040:                    <derived name="ST_Debug_Log_Record" />
./Система умного дома.xml:12052:            <Object Name="ST_Debug_Log_Record" ObjectId="c6881fa5-4d5c-436e-b111-8123cd01032c" />
./компилятор/Система умного дома.xml:752:      <dataType name="ST_Debug_Log_Record">
./компилятор/Система умного дома.xml:4040:                    <derived name="ST_Debug_Log_Record" />
./компилятор/Система умного дома.xml:12052:            <Object Name="ST_Debug_Log_Record" ObjectId="c6881fa5-4d5c-436e-b111-8123cd01032c" />
./компилятор/logs/004_import_dut_v11.log:43:ST_Debug_Log_Record.dut: STRUCT ST_Debug_Log_Record fields=8
./компилятор/logs/004_import_dut_v11.log:97:STRUCT ST_Debug_Log_Record: total=8 with_initializer=0 without_initializer=8 array_initializer=0 unsupported_initializer=0
./компилятор/out/RESULT_methods_clean.xml:1007:      <dataType name="ST_Debug_Log_Record">
./компилятор/out/RESULT_methods_clean.xml:18395:            <Object Name="ST_Debug_Log_Record" ObjectId="33e3df87-fda5-4239-a1dd-04c9ac4acdc5" />
./диагностика/file_access_audit.log:196:ST_Debug_Log_Record.dut	file	yes	yes	yes	0o666
./диагностика/file_access_audit.log:338:archive/parked_dut/unused/ST_Debug_Log_Record.dut	file	yes	yes	yes	0o666
./диагностика/file_access_audit.log:804:snapshots/clean_build_20260414_0820/ST_Debug_Log_Record.dut	file	yes	yes	yes	0o666
./диагностика/file_access_audit.log:875:snapshots/clean_build_20260414_0820/archive/parked_dut/unused/ST_Debug_Log_Record.dut	file	yes	yes	yes	0o666
./диагностика/file_access_audit.log:1684:snapshots/clean_build_2026_04_14/ST_Debug_Log_Record.dut	file	yes	yes	yes	0o666
./диагностика/file_access_audit.log:1755:snapshots/clean_build_2026_04_14/archive/parked_dut/unused/ST_Debug_Log_Record.dut	file	yes	yes	yes	0o666
./диагностика/file_access_audit.log:2548:snapshots/clean_build_2026_04_15/ST_Debug_Log_Record.dut	file	yes	yes	yes	0o666
./диагностика/file_access_audit.log:2622:snapshots/clean_build_2026_04_15/archive/parked_dut/unused/ST_Debug_Log_Record.dut	file	yes	yes	yes	0o666
./workspace/export_forensics/sandbox/SMART_HOME_SANDBOX_V7.xml:752:      <dataType name="ST_Debug_Log_Record">
./workspace/export_forensics/sandbox/SMART_HOME_SANDBOX_V7.xml:8717:            <Object Name="ST_Debug_Log_Record" ObjectId="c6881fa5-4d5c-436e-b111-8123cd01032c" />
./workspace/export_forensics/sandbox/SMART_HOME_SANDBOX_V6.xml:752:      <dataType name="ST_Debug_Log_Record">
./workspace/export_forensics/sandbox/SMART_HOME_SANDBOX_V6.xml:4040:                    <derived name="ST_Debug_Log_Record" />
./workspace/export_forensics/sandbox/SMART_HOME_SANDBOX_V6.xml:14154:            <Object Name="ST_Debug_Log_Record" ObjectId="c6881fa5-4d5c-436e-b111-8123cd01032c" />
./workspace/export_forensics/sandbox/SMART_HOME_SANDBOX_V3.xml:752:      <dataType name="ST_Debug_Log_Record">
./workspace/export_forensics/sandbox/SMART_HOME_SANDBOX_V3.xml:4114:                    <derived name="ST_Debug_Log_Record" />
./workspace/export_forensics/sandbox/SMART_HOME_SANDBOX_V3.xml:16196:            <Object Name="ST_Debug_Log_Record" ObjectId="c6881fa5-4d5c-436e-b111-8123cd01032c" />
./workspace/export_forensics/sandbox/SMART_HOME_SANDBOX.xml:752:      <dataType name="ST_Debug_Log_Record">
./workspace/export_forensics/sandbox/SMART_HOME_SANDBOX.xml:4224:                    <derived name="ST_Debug_Log_Record" />
./workspace/export_forensics/sandbox/SMART_HOME_SANDBOX.xml:13572:            <Object Name="ST_Debug_Log_Record" ObjectId="c6881fa5-4d5c-436e-b111-8123cd01032c" />
./workspace/export_forensics/sandbox/SMART_HOME_SANDBOX_V4.xml:752:      <dataType name="ST_Debug_Log_Record">
./workspace/export_forensics/sandbox/SMART_HOME_SANDBOX_V4.xml:4114:                    <derived name="ST_Debug_Log_Record" />
./workspace/export_forensics/sandbox/SMART_HOME_SANDBOX_V4.xml:13692:            <Object Name="ST_Debug_Log_Record" ObjectId="c6881fa5-4d5c-436e-b111-8123cd01032c" />
./workspace/export_forensics/sandbox/SMART_HOME_SANDBOX_V8.xml:752:      <dataType name="ST_Debug_Log_Record">
./workspace/export_forensics/sandbox/SMART_HOME_SANDBOX_V8.xml:4114:                    <derived name="ST_Debug_Log_Record" />
./workspace/export_forensics/sandbox/SMART_HOME_SANDBOX_V8.xml:15578:            <Object Name="ST_Debug_Log_Record" ObjectId="c6881fa5-4d5c-436e-b111-8123cd01032c" />
./workspace/export_forensics/sandbox/SMART_HOME_SANDBOX_V2.xml:9401:                <Single Name="Text" Type="string">    L_buffer            : ARRAY[1..1000] OF ST_Debug_Log_Record;</Single>
./workspace/export_forensics/sandbox/SMART_HOME_SANDBOX_V2.xml:27036:        <Single Name="Name" Type="string">ST_Debug_Log_Record</Single>
./workspace/export_forensics/sandbox/SMART_HOME_SANDBOX_V2.xml:27071:                <Single Name="Text" Type="string">TYPE ST_Debug_Log_Record :</Single>
./workspace/export_forensics/sandbox/SMART_HOME_SANDBOX_MASTER_V001_BASE.xml:752:      <dataType name="ST_Debug_Log_Record">
./workspace/export_forensics/sandbox/SMART_HOME_SANDBOX_MASTER_V001_BASE.xml:4764:            <Object Name="ST_Debug_Log_Record" ObjectId="c6881fa5-4d5c-436e-b111-8123cd01032c" />
./workspace/export_forensics/sandbox/SMART_HOME_SANDBOX_V9.xml:752:      <dataType name="ST_Debug_Log_Record">
./workspace/export_forensics/sandbox/SMART_HOME_SANDBOX_V9.xml:4778:            <Object Name="ST_Debug_Log_Record" ObjectId="c6881fa5-4d5c-436e-b111-8123cd01032c" />
./workspace/export_forensics/sandbox/SMART_HOME_SANDBOX_V5.xml:752:      <dataType name="ST_Debug_Log_Record">
./workspace/export_forensics/sandbox/SMART_HOME_SANDBOX_V5.xml:4040:                    <derived name="ST_Debug_Log_Record" />
./workspace/export_forensics/sandbox/SMART_HOME_SANDBOX_V5.xml:14154:            <Object Name="ST_Debug_Log_Record" ObjectId="c6881fa5-4d5c-436e-b111-8123cd01032c" />
./workspace/logs/compiler_logs_preview.log:49:ST_Debug_Log_Record.dut: STRUCT ST_Debug_Log_Record fields=8
./workspace/logs/compiler_logs_preview.log:100:STRUCT ST_Debug_Log_Record: total=8 with_initializer=0 without_initializer=8 array_initializer=0 unsupported_initializer=0
./workspace/logs/2026-04-11_archive_flatten_report.txt:15:COPIED	archive/parked_dut/unused/ST_Debug_Log_Record.dut	ST_Debug_Log_Record.dut
./workspace/logs/2026-04-11_archive_flatten.log:14:COPIED	archive/parked_dut/unused/ST_Debug_Log_Record.dut	ST_Debug_Log_Record.dut
./workspace/reachable_graph_from_main.md:150:- ST_Debug_Log_Record.dut
./workspace/reachable_graph_from_main.md:853:- ST_Debug_Log_Record.dut [DUT_OR_ENUM]
./workspace/dependency_map_live_root.md:36:- ST_Debug_Log_Record.dut
./workspace/dependency_map_live_root.md:251:- ST_Debug_Log_Record.dut [DUT_OR_ENUM]
./workspace/dependency_map_live_root.md:991:### ST_Debug_Log_Record.dut [DUT_OR_ENUM]
./workspace/dependency_map_live_root.md:1147:- ST_Debug_Log_Record.dut [DUT_OR_ENUM]
./workspace/dependency_map_live_root.md:1739:### ST_Debug_Log_Record.dut [DUT_OR_ENUM]

--- ST_Debug_Logger_Config ---
./Система умного дома.xml:806:      <dataType name="ST_Debug_Logger_Config">
./Система умного дома.xml:4000:                <derived name="ST_Debug_Logger_Config" />
./Система умного дома.xml:12053:            <Object Name="ST_Debug_Logger_Config" ObjectId="2fed8afd-7c4e-4427-a2b6-bdc2c2fd7915" />
./компилятор/Система умного дома.xml:806:      <dataType name="ST_Debug_Logger_Config">
./компилятор/Система умного дома.xml:4000:                <derived name="ST_Debug_Logger_Config" />
./компилятор/Система умного дома.xml:12053:            <Object Name="ST_Debug_Logger_Config" ObjectId="2fed8afd-7c4e-4427-a2b6-bdc2c2fd7915" />
./компилятор/logs/004_import_dut_v11.log:44:ST_Debug_Logger_Config.dut: STRUCT ST_Debug_Logger_Config fields=2
./компилятор/logs/004_import_dut_v11.log:98:STRUCT ST_Debug_Logger_Config: total=2 with_initializer=1 without_initializer=1 array_initializer=0 unsupported_initializer=0
./компилятор/out/RESULT_methods_clean.xml:1058:      <dataType name="ST_Debug_Logger_Config">
./компилятор/out/RESULT_methods_clean.xml:18396:            <Object Name="ST_Debug_Logger_Config" ObjectId="7efbc52d-9680-47a4-a86d-6a08ab5830b1" />
./диагностика/file_access_audit.log:197:ST_Debug_Logger_Config.dut	file	yes	yes	yes	0o666
./диагностика/file_access_audit.log:339:archive/parked_dut/unused/ST_Debug_Logger_Config.dut	file	yes	yes	yes	0o666
./диагностика/file_access_audit.log:805:snapshots/clean_build_20260414_0820/ST_Debug_Logger_Config.dut	file	yes	yes	yes	0o666
./диагностика/file_access_audit.log:876:snapshots/clean_build_20260414_0820/archive/parked_dut/unused/ST_Debug_Logger_Config.dut	file	yes	yes	yes	0o666
./диагностика/file_access_audit.log:1685:snapshots/clean_build_2026_04_14/ST_Debug_Logger_Config.dut	file	yes	yes	yes	0o666
./диагностика/file_access_audit.log:1756:snapshots/clean_build_2026_04_14/archive/parked_dut/unused/ST_Debug_Logger_Config.dut	file	yes	yes	yes	0o666
./диагностика/file_access_audit.log:2549:snapshots/clean_build_2026_04_15/ST_Debug_Logger_Config.dut	file	yes	yes	yes	0o666
./диагностика/file_access_audit.log:2623:snapshots/clean_build_2026_04_15/archive/parked_dut/unused/ST_Debug_Logger_Config.dut	file	yes	yes	yes	0o666
./workspace/export_forensics/sandbox/SMART_HOME_SANDBOX_V7.xml:806:      <dataType name="ST_Debug_Logger_Config">
./workspace/export_forensics/sandbox/SMART_HOME_SANDBOX_V7.xml:8718:            <Object Name="ST_Debug_Logger_Config" ObjectId="2fed8afd-7c4e-4427-a2b6-bdc2c2fd7915" />
./workspace/export_forensics/sandbox/SMART_HOME_SANDBOX_V6.xml:806:      <dataType name="ST_Debug_Logger_Config">
./workspace/export_forensics/sandbox/SMART_HOME_SANDBOX_V6.xml:4000:                <derived name="ST_Debug_Logger_Config" />
./workspace/export_forensics/sandbox/SMART_HOME_SANDBOX_V6.xml:14155:            <Object Name="ST_Debug_Logger_Config" ObjectId="2fed8afd-7c4e-4427-a2b6-bdc2c2fd7915" />
./workspace/export_forensics/sandbox/SMART_HOME_SANDBOX_V3.xml:806:      <dataType name="ST_Debug_Logger_Config">
./workspace/export_forensics/sandbox/SMART_HOME_SANDBOX_V3.xml:4074:                <derived name="ST_Debug_Logger_Config" />
./workspace/export_forensics/sandbox/SMART_HOME_SANDBOX_V3.xml:16197:            <Object Name="ST_Debug_Logger_Config" ObjectId="2fed8afd-7c4e-4427-a2b6-bdc2c2fd7915" />
./workspace/export_forensics/sandbox/SMART_HOME_SANDBOX.xml:806:      <dataType name="ST_Debug_Logger_Config">
./workspace/export_forensics/sandbox/SMART_HOME_SANDBOX.xml:4184:                <derived name="ST_Debug_Logger_Config" />
./workspace/export_forensics/sandbox/SMART_HOME_SANDBOX.xml:13573:            <Object Name="ST_Debug_Logger_Config" ObjectId="2fed8afd-7c4e-4427-a2b6-bdc2c2fd7915" />
./workspace/export_forensics/sandbox/SMART_HOME_SANDBOX_V4.xml:806:      <dataType name="ST_Debug_Logger_Config">
./workspace/export_forensics/sandbox/SMART_HOME_SANDBOX_V4.xml:4074:                <derived name="ST_Debug_Logger_Config" />
./workspace/export_forensics/sandbox/SMART_HOME_SANDBOX_V4.xml:13693:            <Object Name="ST_Debug_Logger_Config" ObjectId="2fed8afd-7c4e-4427-a2b6-bdc2c2fd7915" />
./workspace/export_forensics/sandbox/SMART_HOME_SANDBOX_V8.xml:806:      <dataType name="ST_Debug_Logger_Config">
./workspace/export_forensics/sandbox/SMART_HOME_SANDBOX_V8.xml:4074:                <derived name="ST_Debug_Logger_Config" />
./workspace/export_forensics/sandbox/SMART_HOME_SANDBOX_V8.xml:15579:            <Object Name="ST_Debug_Logger_Config" ObjectId="2fed8afd-7c4e-4427-a2b6-bdc2c2fd7915" />
./workspace/export_forensics/sandbox/SMART_HOME_SANDBOX_V2.xml:9366:                <Single Name="Text" Type="string">    VI_Config           : ST_Debug_Logger_Config;</Single>
./workspace/export_forensics/sandbox/SMART_HOME_SANDBOX_V2.xml:26952:        <Single Name="Name" Type="string">ST_Debug_Logger_Config</Single>
./workspace/export_forensics/sandbox/SMART_HOME_SANDBOX_V2.xml:26987:                <Single Name="Text" Type="string">TYPE ST_Debug_Logger_Config :</Single>
./workspace/export_forensics/sandbox/SMART_HOME_SANDBOX_MASTER_V001_BASE.xml:806:      <dataType name="ST_Debug_Logger_Config">
./workspace/export_forensics/sandbox/SMART_HOME_SANDBOX_MASTER_V001_BASE.xml:4765:            <Object Name="ST_Debug_Logger_Config" ObjectId="2fed8afd-7c4e-4427-a2b6-bdc2c2fd7915" />
./workspace/export_forensics/sandbox/SMART_HOME_SANDBOX_V9.xml:806:      <dataType name="ST_Debug_Logger_Config">
./workspace/export_forensics/sandbox/SMART_HOME_SANDBOX_V9.xml:4779:            <Object Name="ST_Debug_Logger_Config" ObjectId="2fed8afd-7c4e-4427-a2b6-bdc2c2fd7915" />
./workspace/export_forensics/sandbox/SMART_HOME_SANDBOX_V5.xml:806:      <dataType name="ST_Debug_Logger_Config">
./workspace/export_forensics/sandbox/SMART_HOME_SANDBOX_V5.xml:4000:                <derived name="ST_Debug_Logger_Config" />
./workspace/export_forensics/sandbox/SMART_HOME_SANDBOX_V5.xml:14155:            <Object Name="ST_Debug_Logger_Config" ObjectId="2fed8afd-7c4e-4427-a2b6-bdc2c2fd7915" />
./workspace/logs/compiler_logs_preview.log:50:ST_Debug_Logger_Config.dut: STRUCT ST_Debug_Logger_Config fields=2
./workspace/logs/compiler_logs_preview.log:101:STRUCT ST_Debug_Logger_Config: total=2 with_initializer=1 without_initializer=1 array_initializer=0 unsupported_initializer=0
./workspace/logs/2026-04-11_archive_flatten_report.txt:16:COPIED	archive/parked_dut/unused/ST_Debug_Logger_Config.dut	ST_Debug_Logger_Config.dut
./workspace/logs/2026-04-11_archive_flatten.log:15:COPIED	archive/parked_dut/unused/ST_Debug_Logger_Config.dut	ST_Debug_Logger_Config.dut
./workspace/reachable_graph_from_main.md:151:- ST_Debug_Logger_Config.dut
./workspace/reachable_graph_from_main.md:854:- ST_Debug_Logger_Config.dut [DUT_OR_ENUM]
./workspace/dependency_map_live_root.md:37:- ST_Debug_Logger_Config.dut
./workspace/dependency_map_live_root.md:252:- ST_Debug_Logger_Config.dut [DUT_OR_ENUM]
./workspace/dependency_map_live_root.md:994:### ST_Debug_Logger_Config.dut [DUT_OR_ENUM]
./workspace/dependency_map_live_root.md:1600:- ST_Debug_Logger_Config.dut [DUT_OR_ENUM]
./workspace/dependency_map_live_root.md:1742:### ST_Debug_Logger_Config.dut [DUT_OR_ENUM]

--- E_Debug_Log_Level ---
./Система умного дома.xml:53:      <dataType name="E_Debug_Log_Level">
./Система умного дома.xml:765:                <xhtml xmlns="http://www.w3.org/1999/xhtml"> E_Debug_Log_Level</xhtml>
./Система умного дома.xml:4074:        L_buffer[L_write_idx].level := E_Debug_Log_Level.LOG_LEVEL_VERBOSE;
./Система умного дома.xml:4085:        L_buffer[L_write_idx].level := E_Debug_Log_Level.LOG_LEVEL_MINIMAL;
./Система умного дома.xml:12022:            <Object Name="E_Debug_Log_Level" ObjectId="6b8e8cc8-eebe-459b-a9e8-566256faebaf" />
./компилятор/Система умного дома.xml:53:      <dataType name="E_Debug_Log_Level">
./компилятор/Система умного дома.xml:765:                <xhtml xmlns="http://www.w3.org/1999/xhtml"> E_Debug_Log_Level</xhtml>
./компилятор/Система умного дома.xml:4074:        L_buffer[L_write_idx].level := E_Debug_Log_Level.LOG_LEVEL_VERBOSE;
./компилятор/Система умного дома.xml:4085:        L_buffer[L_write_idx].level := E_Debug_Log_Level.LOG_LEVEL_MINIMAL;
./компилятор/Система умного дома.xml:12022:            <Object Name="E_Debug_Log_Level" ObjectId="6b8e8cc8-eebe-459b-a9e8-566256faebaf" />
./компилятор/logs/004_import_dut_v11.log:14:E_Debug_Log_Level.dut: ENUM E_Debug_Log_Level values=4
./компилятор/out/RESULT_methods_clean.xml:113:      <dataType name="E_Debug_Log_Level">
./компилятор/out/RESULT_methods_clean.xml:18363:            <Object Name="E_Debug_Log_Level" ObjectId="96a0d056-e311-489e-a7f8-28dcf945a102" />
./диагностика/file_access_audit.log:43:E_Debug_Log_Level.dut	file	yes	yes	yes	0o666
./диагностика/file_access_audit.log:325:archive/parked_dut/unused/E_Debug_Log_Level.dut	file	yes	yes	yes	0o666
./диагностика/file_access_audit.log:654:snapshots/clean_build_20260414_0820/E_Debug_Log_Level.dut	file	yes	yes	yes	0o666
./диагностика/file_access_audit.log:862:snapshots/clean_build_20260414_0820/archive/parked_dut/unused/E_Debug_Log_Level.dut	file	yes	yes	yes	0o666
./диагностика/file_access_audit.log:1534:snapshots/clean_build_2026_04_14/E_Debug_Log_Level.dut	file	yes	yes	yes	0o666
./диагностика/file_access_audit.log:1742:snapshots/clean_build_2026_04_14/archive/parked_dut/unused/E_Debug_Log_Level.dut	file	yes	yes	yes	0o666
./диагностика/file_access_audit.log:2398:snapshots/clean_build_2026_04_15/E_Debug_Log_Level.dut	file	yes	yes	yes	0o666
./диагностика/file_access_audit.log:2609:snapshots/clean_build_2026_04_15/archive/parked_dut/unused/E_Debug_Log_Level.dut	file	yes	yes	yes	0o666
./workspace/export_forensics/sandbox/SMART_HOME_SANDBOX_V7.xml:53:      <dataType name="E_Debug_Log_Level">
./workspace/export_forensics/sandbox/SMART_HOME_SANDBOX_V7.xml:765:                <xhtml xmlns="http://www.w3.org/1999/xhtml"> E_Debug_Log_Level</xhtml>
./workspace/export_forensics/sandbox/SMART_HOME_SANDBOX_V7.xml:3535:        L_buffer[L_write_idx].level := E_Debug_Log_Level.LOG_LEVEL_VERBOSE;
./workspace/export_forensics/sandbox/SMART_HOME_SANDBOX_V7.xml:3546:        L_buffer[L_write_idx].level := E_Debug_Log_Level.LOG_LEVEL_MINIMAL;
./workspace/export_forensics/sandbox/SMART_HOME_SANDBOX_V7.xml:8687:            <Object Name="E_Debug_Log_Level" ObjectId="6b8e8cc8-eebe-459b-a9e8-566256faebaf" />
./workspace/export_forensics/sandbox/SMART_HOME_SANDBOX_V6.xml:53:      <dataType name="E_Debug_Log_Level">
./workspace/export_forensics/sandbox/SMART_HOME_SANDBOX_V6.xml:765:                <xhtml xmlns="http://www.w3.org/1999/xhtml"> E_Debug_Log_Level</xhtml>
./workspace/export_forensics/sandbox/SMART_HOME_SANDBOX_V6.xml:4074:        L_buffer[L_write_idx].level := E_Debug_Log_Level.LOG_LEVEL_VERBOSE;
./workspace/export_forensics/sandbox/SMART_HOME_SANDBOX_V6.xml:4085:        L_buffer[L_write_idx].level := E_Debug_Log_Level.LOG_LEVEL_MINIMAL;
./workspace/export_forensics/sandbox/SMART_HOME_SANDBOX_V6.xml:14124:            <Object Name="E_Debug_Log_Level" ObjectId="6b8e8cc8-eebe-459b-a9e8-566256faebaf" />
./workspace/export_forensics/sandbox/SMART_HOME_SANDBOX_V3.xml:53:      <dataType name="E_Debug_Log_Level">
./workspace/export_forensics/sandbox/SMART_HOME_SANDBOX_V3.xml:765:                <xhtml xmlns="http://www.w3.org/1999/xhtml"> E_Debug_Log_Level</xhtml>
./workspace/export_forensics/sandbox/SMART_HOME_SANDBOX_V3.xml:4148:        L_buffer[L_write_idx].level := E_Debug_Log_Level.LOG_LEVEL_VERBOSE;
./workspace/export_forensics/sandbox/SMART_HOME_SANDBOX_V3.xml:4159:        L_buffer[L_write_idx].level := E_Debug_Log_Level.LOG_LEVEL_MINIMAL;
./workspace/export_forensics/sandbox/SMART_HOME_SANDBOX_V3.xml:16166:            <Object Name="E_Debug_Log_Level" ObjectId="6b8e8cc8-eebe-459b-a9e8-566256faebaf" />
./workspace/export_forensics/sandbox/SMART_HOME_SANDBOX.xml:53:      <dataType name="E_Debug_Log_Level">
./workspace/export_forensics/sandbox/SMART_HOME_SANDBOX.xml:765:                <xhtml xmlns="http://www.w3.org/1999/xhtml"> E_Debug_Log_Level</xhtml>
./workspace/export_forensics/sandbox/SMART_HOME_SANDBOX.xml:4258:        L_buffer[L_write_idx].level := E_Debug_Log_Level.LOG_LEVEL_VERBOSE;
./workspace/export_forensics/sandbox/SMART_HOME_SANDBOX.xml:4269:        L_buffer[L_write_idx].level := E_Debug_Log_Level.LOG_LEVEL_MINIMAL;
./workspace/export_forensics/sandbox/SMART_HOME_SANDBOX.xml:13542:            <Object Name="E_Debug_Log_Level" ObjectId="6b8e8cc8-eebe-459b-a9e8-566256faebaf" />
./workspace/export_forensics/sandbox/SMART_HOME_SANDBOX_V4.xml:53:      <dataType name="E_Debug_Log_Level">
./workspace/export_forensics/sandbox/SMART_HOME_SANDBOX_V4.xml:765:                <xhtml xmlns="http://www.w3.org/1999/xhtml"> E_Debug_Log_Level</xhtml>
./workspace/export_forensics/sandbox/SMART_HOME_SANDBOX_V4.xml:4148:        L_buffer[L_write_idx].level := E_Debug_Log_Level.LOG_LEVEL_VERBOSE;
./workspace/export_forensics/sandbox/SMART_HOME_SANDBOX_V4.xml:4159:        L_buffer[L_write_idx].level := E_Debug_Log_Level.LOG_LEVEL_MINIMAL;
./workspace/export_forensics/sandbox/SMART_HOME_SANDBOX_V4.xml:13662:            <Object Name="E_Debug_Log_Level" ObjectId="6b8e8cc8-eebe-459b-a9e8-566256faebaf" />
./workspace/export_forensics/sandbox/SMART_HOME_SANDBOX_V8.xml:53:      <dataType name="E_Debug_Log_Level">
./workspace/export_forensics/sandbox/SMART_HOME_SANDBOX_V8.xml:765:                <xhtml xmlns="http://www.w3.org/1999/xhtml"> E_Debug_Log_Level</xhtml>
./workspace/export_forensics/sandbox/SMART_HOME_SANDBOX_V8.xml:4148:        L_buffer[L_write_idx].level := E_Debug_Log_Level.LOG_LEVEL_VERBOSE;
./workspace/export_forensics/sandbox/SMART_HOME_SANDBOX_V8.xml:4159:        L_buffer[L_write_idx].level := E_Debug_Log_Level.LOG_LEVEL_MINIMAL;
./workspace/export_forensics/sandbox/SMART_HOME_SANDBOX_V8.xml:15548:            <Object Name="E_Debug_Log_Level" ObjectId="6b8e8cc8-eebe-459b-a9e8-566256faebaf" />
./workspace/export_forensics/sandbox/SMART_HOME_SANDBOX_V2.xml:9260:                <Single Name="Text" Type="string">        L_buffer[L_write_idx].level := E_Debug_Log_Level.LOG_LEVEL_VERBOSE;</Single>
./workspace/export_forensics/sandbox/SMART_HOME_SANDBOX_V2.xml:9315:                <Single Name="Text" Type="string">        L_buffer[L_write_idx].level := E_Debug_Log_Level.LOG_LEVEL_MINIMAL;</Single>
./workspace/export_forensics/sandbox/SMART_HOME_SANDBOX_V2.xml:24593:        <Single Name="Name" Type="string">E_Debug_Log_Level</Single>
./workspace/export_forensics/sandbox/SMART_HOME_SANDBOX_V2.xml:24638:                <Single Name="Text" Type="string">TYPE E_Debug_Log_Level :</Single>
./workspace/export_forensics/sandbox/SMART_HOME_SANDBOX_V2.xml:27086:                <Single Name="Text" Type="string">    level : BYTE; // E_Debug_Log_Level</Single>
./workspace/export_forensics/sandbox/SMART_HOME_SANDBOX_MASTER_V001_BASE.xml:53:      <dataType name="E_Debug_Log_Level">
./workspace/export_forensics/sandbox/SMART_HOME_SANDBOX_MASTER_V001_BASE.xml:765:                <xhtml xmlns="http://www.w3.org/1999/xhtml"> E_Debug_Log_Level</xhtml>
./workspace/export_forensics/sandbox/SMART_HOME_SANDBOX_MASTER_V001_BASE.xml:4734:            <Object Name="E_Debug_Log_Level" ObjectId="6b8e8cc8-eebe-459b-a9e8-566256faebaf" />
./workspace/export_forensics/sandbox/SMART_HOME_SANDBOX_V9.xml:53:      <dataType name="E_Debug_Log_Level">
./workspace/export_forensics/sandbox/SMART_HOME_SANDBOX_V9.xml:765:                <xhtml xmlns="http://www.w3.org/1999/xhtml"> E_Debug_Log_Level</xhtml>
./workspace/export_forensics/sandbox/SMART_HOME_SANDBOX_V9.xml:4748:            <Object Name="E_Debug_Log_Level" ObjectId="6b8e8cc8-eebe-459b-a9e8-566256faebaf" />
./workspace/export_forensics/sandbox/SMART_HOME_SANDBOX_V9.xml:5153:        L_buffer[L_write_idx].level := E_Debug_Log_Level.LOG_LEVEL_VERBOSE;
./workspace/export_forensics/sandbox/SMART_HOME_SANDBOX_V9.xml:5164:        L_buffer[L_write_idx].level := E_Debug_Log_Level.LOG_LEVEL_MINIMAL;
./workspace/export_forensics/sandbox/SMART_HOME_SANDBOX_V5.xml:53:      <dataType name="E_Debug_Log_Level">
./workspace/export_forensics/sandbox/SMART_HOME_SANDBOX_V5.xml:765:                <xhtml xmlns="http://www.w3.org/1999/xhtml"> E_Debug_Log_Level</xhtml>
./workspace/export_forensics/sandbox/SMART_HOME_SANDBOX_V5.xml:4074:        L_buffer[L_write_idx].level := E_Debug_Log_Level.LOG_LEVEL_VERBOSE;
./workspace/export_forensics/sandbox/SMART_HOME_SANDBOX_V5.xml:4085:        L_buffer[L_write_idx].level := E_Debug_Log_Level.LOG_LEVEL_MINIMAL;
./workspace/export_forensics/sandbox/SMART_HOME_SANDBOX_V5.xml:14124:            <Object Name="E_Debug_Log_Level" ObjectId="6b8e8cc8-eebe-459b-a9e8-566256faebaf" />
./workspace/logs/compiler_logs_preview.log:23:E_Debug_Log_Level.dut: ENUM E_Debug_Log_Level values=4
./workspace/logs/2026-04-11_archive_flatten_report.txt:2:COPIED	archive/parked_dut/unused/E_Debug_Log_Level.dut	E_Debug_Log_Level.dut
./workspace/logs/2026-04-11_archive_flatten.log:1:COPIED	archive/parked_dut/unused/E_Debug_Log_Level.dut	E_Debug_Log_Level.dut
./workspace/reachable_graph_from_main.md:141:- E_Debug_Log_Level.dut
./workspace/reachable_graph_from_main.md:813:- E_Debug_Log_Level.dut [DUT_OR_ENUM]
./workspace/dependency_map_live_root.md:7:- E_Debug_Log_Level.dut
./workspace/dependency_map_live_root.md:270:- E_Debug_Log_Level.dut [DUT_OR_ENUM]
./workspace/dependency_map_live_root.md:348:### E_Debug_Log_Level.dut [DUT_OR_ENUM]
./workspace/dependency_map_live_root.md:992:- E_Debug_Log_Level.dut [DUT_OR_ENUM]
./workspace/dependency_map_live_root.md:1146:### E_Debug_Log_Level.dut [DUT_OR_ENUM]

=== END STEP 147 ===
