]633;E;echo "=== STEP 237: SNAPSHOT COMPAT REPAIR ===";5d3a4a2f-9043-4f2a-b7ba-cc078720fce7]633;C=== STEP 237: SNAPSHOT COMPAT REPAIR ===
timestamp_utc=2026-04-18T18:03:54Z

=== APPLY ===
OK: repaired snapshot compatibility in PRG_System and FB_State_Snapshot_Manager

=== VERIFY PRG_SYSTEM SNAPSHOT BLOCK ===
END_IF;

// === SHADOW POLICY RATE METRICS ===
IF GVL_STATUS.G_Diagnostics.Sensor_Shadow_Recent_Window_MS > 0 THEN
    L_Window_Hours :=
        TO_REAL(GVL_STATUS.G_Diagnostics.Sensor_Shadow_Recent_Window_MS) / 3600000.0;
ELSE
    L_Window_Hours := 1.0;
END_IF;

// total rates
GVL_STATUS.G_Diagnostics.Sensor_Shadow_Rate_Fallback_Per_Hour :=
    TO_REAL(GVL_STATUS.G_Diagnostics.Sensor_Shadow_Total_Fallback_Count) / L_Window_Hours;

GVL_STATUS.G_Diagnostics.Sensor_Shadow_Rate_Recovery_Per_Hour :=
    TO_REAL(GVL_STATUS.G_Diagnostics.Sensor_Shadow_Total_Recovery_Count) / L_Window_Hours;

// per-channel fallback rates
GVL_STATUS.G_Diagnostics.Sensor_Shadow_CO_Rate_Fallback_Per_Hour :=
    TO_REAL(GVL_STATUS.G_Diagnostics.Sensor_Shadow_CO_Fallback_Count) / L_Window_Hours;

GVL_STATUS.G_Diagnostics.Sensor_Shadow_Methane_Rate_Fallback_Per_Hour :=
    TO_REAL(GVL_STATUS.G_Diagnostics.Sensor_Shadow_Methane_Fallback_Count) / L_Window_Hours;

GVL_STATUS.G_Diagnostics.Sensor_Shadow_Smoke_Rate_Fallback_Per_Hour :=
    TO_REAL(GVL_STATUS.G_Diagnostics.Sensor_Shadow_Smoke_Fallback_Count) / L_Window_Hours;

// simple activity classification
GVL_STATUS.G_Diagnostics.Sensor_Shadow_Rate_High_Activity :=
    GVL_STATUS.G_Diagnostics.Sensor_Shadow_Rate_Fallback_Per_Hour > 10.0;

IF GVL_STATUS.G_Diagnostics.Sensor_Shadow_Rate_High_Activity THEN
    GVL_STATUS.G_Diagnostics.Sensor_Shadow_Rate_Summary_Text := 'High shadow fallback rate';
ELSIF GVL_STATUS.G_Diagnostics.Sensor_Shadow_Rate_Fallback_Per_Hour > 0.0 THEN
    GVL_STATUS.G_Diagnostics.Sensor_Shadow_Rate_Summary_Text := 'Moderate shadow activity';
ELSE

=== VERIFY SNAPSHOT MANAGER ===
FUNCTION_BLOCK FB_State_Snapshot_Manager
VAR_INPUT
    VI_System_Time_MS : UDINT;
    VI_Trigger_Event  : BOOL; // Сигнал на создание снимка
    VI_Event_Code     : WORD;
    VI_Current_State  : ST_State_Snapshot;
END_VAR
VAR_OUTPUT
    VO_Snapshot_Saved : BOOL;
END_VAR
VAR
    L_Snapshot_Buffer : ARRAY[1..GVL_CONSTANTS.C_MAX_STATE_SNAPSHOTS] OF ST_State_Snapshot;
    L_Write_Idx       : INT := 1;
END_VAR

IF VI_Trigger_Event THEN
    L_Snapshot_Buffer[L_Write_Idx] := VI_Current_State;
    L_Snapshot_Buffer[L_Write_Idx].timestamp_ms := VI_System_Time_MS;
    
    // NOTE:
    // ST_State_Snapshot no longer contains trigger_event_code in live project.
    // VI_Event_Code is reserved for future snapshot metadata extension.
    
    L_Write_Idx := (L_Write_Idx MOD GVL_CONSTANTS.C_MAX_STATE_SNAPSHOTS) + 1;
    VO_Snapshot_Saved := TRUE;
ELSE
    VO_Snapshot_Saved := FALSE;
END_IF;
=== COMPILE ===
[main c2b7c28] test: compile smoke after migration
 6 files changed, 604 insertions(+), 411 deletions(-)
 create mode 100644 repo_logs/assistant_bridge/2026_04_18/step_237_snapshot_compat_repair/snapshot_compat_repair.log
 create mode 100644 steps/2026-04-18_snapshot_compat_repair/01_snapshot_compat_repair.py
From https://github.com/builovmaikl-art/SmartHomeNew
   2428e47..99687a0  main       -> origin/main
error: cannot rebase: You have unstaged changes.
error: Please commit or stash them.
From https://github.com/builovmaikl-art/SmartHomeNew
 * branch            main       -> FETCH_HEAD
Merge made by the 'ort' strategy.
 ...70\320\273\321\217\321\206\320\270\320\270.txt" | 38 +++++++++++-----------
 1 file changed, 19 insertions(+), 19 deletions(-)
To https://github.com/builovmaikl-art/SmartHomeNew
   99687a0..903cd0c  main -> main

=== END STEP 237 ===
