]633;E;echo "=== STEP 77: RUNTIME BRIDGE COLLAPSE CLOSURE ===";fd114dcf-b8f0-4fa9-a638-75bd3982af51]633;C=== STEP 77: RUNTIME BRIDGE COLLAPSE CLOSURE ===
timestamp_utc=2026-04-16T20:30:52Z

=== COLLAPSED INTO OWNER MANAGERS ===
FB_Lighting_V2_Staging.st -> inlined into FB_Lighting_Blinds_Manager.st
FB_Heating_V2_Staging.st -> inlined into FB_Heating_System_Manager.st
FB_Ventilation_V2_Staging.st -> inlined into FB_Ventilation_System_Manager.st

=== ROOT RUNTIME REFERENCES AFTER COLLAPSE ===
--- FB_Lighting_V2_Staging ---
./FB_Lighting_Blinds_Manager.st:274:// Inlined from FB_Lighting_V2_Staging
./FB_Lighting_V2_Staging.st:1:FUNCTION_BLOCK FB_Lighting_V2_Staging

--- FB_Heating_V2_Staging ---
./FB_Heating_System_Manager.st:699:// Inlined from FB_Heating_V2_Staging
./FB_Heating_V2_Staging.st:1:FUNCTION_BLOCK FB_Heating_V2_Staging

--- FB_Ventilation_V2_Staging ---
./FB_Ventilation_System_Manager.st:229:// Inlined from FB_Ventilation_V2_Staging
./FB_Ventilation_V2_Staging.st:1:FUNCTION_BLOCK FB_Ventilation_V2_Staging

=== CANDIDATES FOR NEXT DELETE STEP ===
FB_Lighting_V2_Staging.st
FB_Heating_V2_Staging.st
FB_Ventilation_V2_Staging.st

=== REMAINING RUNTIME BRIDGES NOT YET COLLAPSED ===
FB_Blinds_V2_Staging.st
FB_DHW_V2_Staging.st
FB_Socket_V2_Staging.st

=== SAFETY CONDITION ===
Delete only after confirming no root references remain except comments/self-definition.

=== END STEP 77 ===
