]633;E;echo "=== STEP 229: ROOT ST DEPENDENCY AUDIT ===";5d3a4a2f-9043-4f2a-b7ba-cc078720fce7]633;C=== STEP 229: ROOT ST DEPENDENCY AUDIT ===
timestamp_utc=2026-04-18T16:38:26Z

=== APPLY ===
=== ROOT ST FILES ===
FB_FloorHeating_Freeze_Protection.st
FB_Sensor_Calibration.st
FB_Scenario_Transition_Guard.st
FB_State_Manager.st
FB_System_Health.st
FB_Sensor_Distribution.st
FB_Astro_Timer.st
FB_NVRAM_Manager.st
FB_FloorHeating_Controller.st
FB_Trend_Logger.st
FB_Trend_Adapter.st
PRG_Safety.st
FB_Manual_Valve_Control.st
FB_Security_Alarm.st
FB_Lighting_Blinds_Manager.st
FB_Heating_System_Manager.st
FB_Water_Leakage_Manager.st
FB_Water_Valve_Controller.st
FB_Gas_Methane_Detector.st
FB_Simulation_Manager.st
FB_Boiler_OpenTherm_Interface.st
FB_State_Snapshot_NVRAM.st
FB_CO_Detector.st
FB_Smoke_Detector.st
FB_Exhaust_Ventilation_Controller.st
FB_FloorHeating_Overheat_Protection.st
FB_CoreKernel_Live_Observer.st
FB_LogEvent.st
FB_Supply_Ventilation_Controller.st
FB_Redundancy_Manager.st
FB_Security_System_Manager.st
FB_Rule_Engine.st
FB_Lifetime_Manager.st
FB_Gas_Smoke_Manager.st
FB_PID_Controller.st
PRG_IO_Write.st
FB_Gateway_Interface.st
FB_Valve_Test_Manager.st
FB_Gas_Valve_Controller.st
FB_AccessCode_Manager.st
FB_Device_Predictive_Diag.st
FB_HMAC_SHA1.st
FB_Sensor_Calibration_Processor.st
FB_Presence_Playback.st
FB_IO_Module_Watchdog.st
FB_Pre_Departure_Heating.st
FB_Presence_Simulator.st
FB_Fault_Logger.st
FB_Scenario_Manager.st
IValveController.st
FB_Alarm_Manager.st
FB_BlackBox_Recorder.st
FB_TwoFactor_Auth.st
FB_History_Manager.st
FB_Maintenance_Access.st
FB_Random_Generator.st
FB_SHA1.st
FB_PLC_Heartbeat.st
FB_Access_Control.st
PRG_Lighting.st
FB_Socket_Manager.st
FB_Sensor_Analog_Processing.st
PRG_Security.st
FB_Trend_Analyzer.st
FB_State_Replication.st
FB_Scenario_Transition_Controller.st
FB_Outdoor_Lighting_Controller.st
FB_Lifetime_Predictor.st
FB_CRC32_Calculator.st
FB_HMI_Interface.st
FB_System_Timer.st
PRG_Heating.st
FB_System_Timer_TOF.st
FB_State_Snapshot_Manager.st
FB_Ventilation_System_Manager.st
FB_Analog_Validator.st
PRG_IO_Read.st
FB_Manifold_Pump_Controller.st
FB_Command_Deduplication.st
PRG_Ventilation.st
FB_DHW_Manager.st
FB_Safety_Manager.st
FB_Calibration_Manager.st
FB_Zone_Access_Manager.st
FB_Emergency_Valve_Open.st
FB_Boiler_Cascade_Manager.st
PRG_Test.st
FB_Watchdog.st
PRG_System.st

=== DEFINITIONS ===
FB_FloorHeating_Freeze_Protection -> FB_FloorHeating_Freeze_Protection.st
FB_Sensor_Calibration -> FB_Sensor_Calibration.st
FB_Scenario_Transition_Guard -> FB_Scenario_Transition_Guard.st
FB_State_Manager -> FB_State_Manager.st
FB_System_Health -> FB_System_Health.st
FB_Sensor_Distribution -> FB_Sensor_Distribution.st
FB_Astro_Timer -> FB_Astro_Timer.st
FB_NVRAM_Manager -> FB_NVRAM_Manager.st
FB_FloorHeating_Controller -> FB_FloorHeating_Controller.st
FB_Trend_Logger -> FB_Trend_Logger.st
FB_Trend_Adapter -> FB_Trend_Adapter.st
PRG_Safety -> PRG_Safety.st
FB_Manual_Valve_Control -> FB_Manual_Valve_Control.st
FB_Security_Alarm -> FB_Security_Alarm.st
FB_Lighting_Blinds_Manager -> FB_Lighting_Blinds_Manager.st
FB_Heating_System_Manager -> FB_Heating_System_Manager.st
FB_Water_Leakage_Manager -> FB_Water_Leakage_Manager.st
FB_Water_Valve_Controller -> FB_Water_Valve_Controller.st
FB_Gas_Methane_Detector -> FB_Gas_Methane_Detector.st
FB_Simulation_Manager -> FB_Simulation_Manager.st
FB_Boiler_OpenTherm_Interface -> FB_Boiler_OpenTherm_Interface.st
FB_State_Snapshot_NVRAM -> FB_State_Snapshot_NVRAM.st
FB_CO_Detector -> FB_CO_Detector.st
FB_Smoke_Detector -> FB_Smoke_Detector.st
FB_Exhaust_Ventilation_Controller -> FB_Exhaust_Ventilation_Controller.st
FB_FloorHeating_Overheat_Protection -> FB_FloorHeating_Overheat_Protection.st
FB_CoreKernel_Live_Observer -> FB_CoreKernel_Live_Observer.st
FB_LogEvent -> FB_LogEvent.st
FB_Supply_Ventilation_Controller -> FB_Supply_Ventilation_Controller.st
FB_Redundancy_Manager -> FB_Redundancy_Manager.st
FB_Security_System_Manager -> FB_Security_System_Manager.st
FB_Rule_Engine -> FB_Rule_Engine.st
FB_Lifetime_Manager -> FB_Lifetime_Manager.st
FB_Gas_Smoke_Manager -> FB_Gas_Smoke_Manager.st
FB_PID_Controller -> FB_PID_Controller.st
PRG_IO_Write -> PRG_IO_Write.st
FB_Gateway_Interface -> FB_Gateway_Interface.st
FB_Valve_Test_Manager -> FB_Valve_Test_Manager.st
FB_Gas_Valve_Controller -> FB_Gas_Valve_Controller.st
FB_AccessCode_Manager -> FB_AccessCode_Manager.st
FB_Device_Predictive_Diag -> FB_Device_Predictive_Diag.st
FB_HMAC_SHA1 -> FB_HMAC_SHA1.st
FB_Sensor_Calibration_Processor -> FB_Sensor_Calibration_Processor.st
FB_Presence_Playback -> FB_Presence_Playback.st
FB_IO_Module_Watchdog -> FB_IO_Module_Watchdog.st
FB_Pre_Departure_Heating -> FB_Pre_Departure_Heating.st
FB_Presence_Simulator -> FB_Presence_Simulator.st
FB_Fault_Logger -> FB_Fault_Logger.st
FB_Scenario_Manager -> FB_Scenario_Manager.st
FB_Alarm_Manager -> FB_Alarm_Manager.st
FB_BlackBox_Recorder -> FB_BlackBox_Recorder.st
FB_TwoFactor_Auth -> FB_TwoFactor_Auth.st
FB_History_Manager -> FB_History_Manager.st
FB_Maintenance_Access -> FB_Maintenance_Access.st
FB_Random_Generator -> FB_Random_Generator.st
FB_SHA1 -> FB_SHA1.st
FB_PLC_Heartbeat -> FB_PLC_Heartbeat.st
FB_Access_Control -> FB_Access_Control.st
PRG_Lighting -> PRG_Lighting.st
FB_Socket_Manager -> FB_Socket_Manager.st
FB_Sensor_Analog_Processing -> FB_Sensor_Analog_Processing.st
PRG_Security -> PRG_Security.st
FB_Trend_Analyzer -> FB_Trend_Analyzer.st
FB_State_Replication -> FB_State_Replication.st
FB_Scenario_Transition_Controller -> FB_Scenario_Transition_Controller.st
FB_Outdoor_Lighting_Controller -> FB_Outdoor_Lighting_Controller.st
FB_Lifetime_Predictor -> FB_Lifetime_Predictor.st
FB_CRC32_Calculator -> FB_CRC32_Calculator.st
FB_HMI_Interface -> FB_HMI_Interface.st
FB_System_Timer -> FB_System_Timer.st
PRG_Heating -> PRG_Heating.st
FB_System_Timer_TOF -> FB_System_Timer_TOF.st
FB_State_Snapshot_Manager -> FB_State_Snapshot_Manager.st
FB_Ventilation_System_Manager -> FB_Ventilation_System_Manager.st
FB_Analog_Validator -> FB_Analog_Validator.st
PRG_IO_Read -> PRG_IO_Read.st
FB_Manifold_Pump_Controller -> FB_Manifold_Pump_Controller.st
FB_Command_Deduplication -> FB_Command_Deduplication.st
PRG_Ventilation -> PRG_Ventilation.st
FB_DHW_Manager -> FB_DHW_Manager.st
FB_Safety_Manager -> FB_Safety_Manager.st
FB_Calibration_Manager -> FB_Calibration_Manager.st
FB_Zone_Access_Manager -> FB_Zone_Access_Manager.st
FB_Emergency_Valve_Open -> FB_Emergency_Valve_Open.st
FB_Boiler_Cascade_Manager -> FB_Boiler_Cascade_Manager.st
PRG_Test -> PRG_Test.st
FB_Watchdog -> FB_Watchdog.st
PRG_System -> PRG_System.st

=== CALL GRAPH (partial) ===
FB_FloorHeating_Freeze_Protection.st calls: FB_FloorHeating_Freeze_Protection
FB_Sensor_Calibration.st calls: FB_Sensor_Calibration
FB_Scenario_Transition_Guard.st calls: FB_Scenario_Transition_Guard
FB_State_Manager.st calls: FB_State_Manager
FB_System_Health.st calls: FB_System_Health
FB_Sensor_Distribution.st calls: FB_Sensor_Distribution
FB_Astro_Timer.st calls: FB_Astro_Timer
FB_NVRAM_Manager.st calls: FB_NVRAM_Manager
FB_FloorHeating_Controller.st calls: FB_FloorHeating_Controller, FB_PID_Controller
FB_Trend_Logger.st calls: FB_Trend_Logger
FB_Trend_Adapter.st calls: FB_Trend_Adapter, FB_Trend_Analyzer
PRG_Safety.st calls: FB_Gas_Smoke_Manager, FB_Water_Leakage_Manager
FB_Manual_Valve_Control.st calls: FB_Manual_Valve_Control
FB_Security_Alarm.st calls: FB_Security_Alarm
FB_Lighting_Blinds_Manager.st calls: FB_Lighting_Blinds_Manager, FB_Scenario_Transition_Controller, FB_System_Timer_TOF
FB_Heating_System_Manager.st calls: FB_Analog_Validator, FB_Boiler_Cascade_Manager, FB_Boiler_OpenTherm_Interface, FB_Device_Predictive_Diag, FB_FloorHeating_Controller, FB_Heating_System_Manager, FB_Lifetime_Predictor, FB_PID_Controller, FB_Scenario_Transition_Controller, FB_System_Timer, FB_Valve_Test_Manager
FB_Water_Leakage_Manager.st calls: FB_System_Timer, FB_Water_Leakage_Manager
FB_Water_Valve_Controller.st calls: FB_Water_Valve_Controller
FB_Gas_Methane_Detector.st calls: FB_Gas_Methane_Detector
FB_Simulation_Manager.st calls: FB_Random_Generator, FB_Simulation_Manager
FB_Boiler_OpenTherm_Interface.st calls: FB_Boiler_OpenTherm_Interface
FB_State_Snapshot_NVRAM.st calls: FB_State_Snapshot_NVRAM
FB_CO_Detector.st calls: FB_CO_Detector
FB_Smoke_Detector.st calls: FB_Smoke_Detector
FB_Exhaust_Ventilation_Controller.st calls: FB_Exhaust_Ventilation_Controller
FB_FloorHeating_Overheat_Protection.st calls: FB_FloorHeating_Overheat_Protection
FB_CoreKernel_Live_Observer.st calls: FB_CoreKernel_Live_Observer
FB_LogEvent.st calls: FB_LogEvent
FB_Supply_Ventilation_Controller.st calls: FB_PID_Controller, FB_Supply_Ventilation_Controller
FB_Redundancy_Manager.st calls: FB_PLC_Heartbeat, FB_Redundancy_Manager, FB_State_Replication, FB_System_Timer
FB_Security_System_Manager.st calls: FB_AccessCode_Manager, FB_Astro_Timer, FB_Security_System_Manager, FB_System_Timer, FB_TwoFactor_Auth
FB_Rule_Engine.st calls: FB_Rule_Engine
FB_Lifetime_Manager.st calls: FB_Lifetime_Manager
FB_Gas_Smoke_Manager.st calls: FB_Gas_Smoke_Manager, FB_System_Timer
FB_PID_Controller.st calls: FB_PID_Controller
FB_Gateway_Interface.st calls: FB_CRC32_Calculator, FB_Command_Deduplication, FB_Gateway_Interface
FB_Valve_Test_Manager.st calls: FB_Valve_Test_Manager
FB_Gas_Valve_Controller.st calls: FB_Gas_Valve_Controller
FB_AccessCode_Manager.st calls: FB_AccessCode_Manager, FB_CRC32_Calculator
FB_Device_Predictive_Diag.st calls: FB_Device_Predictive_Diag, FB_System_Timer
FB_HMAC_SHA1.st calls: FB_HMAC_SHA1, FB_SHA1, FB_SHA1_Inner, FB_SHA1_Outer
FB_Sensor_Calibration_Processor.st calls: FB_Sensor_Calibration_Processor
FB_Presence_Playback.st calls: FB_Presence_Playback
FB_IO_Module_Watchdog.st calls: FB_IO_Module_Watchdog
FB_Pre_Departure_Heating.st calls: FB_Pre_Departure_Heating
FB_Presence_Simulator.st calls: FB_Presence_Playback, FB_Presence_Simulator
FB_Fault_Logger.st calls: FB_Fault_Logger
FB_Scenario_Manager.st calls: FB_Scenario_Manager
FB_Alarm_Manager.st calls: FB_Alarm_Manager, FB_System_Timer
FB_BlackBox_Recorder.st calls: FB_BlackBox_Recorder
FB_TwoFactor_Auth.st calls: FB_HMAC_SHA1, FB_TwoFactor_Auth
FB_History_Manager.st calls: FB_History_Manager
FB_Maintenance_Access.st calls: FB_Maintenance_Access
FB_Random_Generator.st calls: FB_Random_Generator
FB_SHA1.st calls: FB_SHA1
FB_PLC_Heartbeat.st calls: FB_PLC_Heartbeat
FB_Access_Control.st calls: FB_AccessCode_Manager, FB_Access_Control
PRG_Lighting.st calls: FB_Lighting_Blinds_Manager, FB_Socket_Manager
FB_Socket_Manager.st calls: FB_Socket_Manager
FB_Sensor_Analog_Processing.st calls: FB_Sensor_Analog_Processing
PRG_Security.st calls: FB_Access_Control, FB_Security_System_Manager
FB_Trend_Analyzer.st calls: FB_Trend_Analyzer
FB_State_Replication.st calls: FB_State_Replication
FB_Scenario_Transition_Controller.st calls: FB_Scenario_Transition_Controller
FB_Outdoor_Lighting_Controller.st calls: FB_Outdoor_Lighting_Controller
FB_Lifetime_Predictor.st calls: FB_Lifetime_Predictor
FB_CRC32_Calculator.st calls: FB_CRC32_Calculator
FB_HMI_Interface.st calls: FB_HMI_Interface
FB_System_Timer.st calls: FB_System_Timer
PRG_Heating.st calls: FB_DHW_Manager, FB_Heating_System_Manager
FB_System_Timer_TOF.st calls: FB_System_Timer_TOF
FB_State_Snapshot_Manager.st calls: FB_State_Snapshot_Manager
FB_Ventilation_System_Manager.st calls: FB_PID_Controller, FB_System_Timer_TOF, FB_Ventilation_System_Manager
FB_Analog_Validator.st calls: FB_Analog_Validator
PRG_IO_Read.st calls: FB_IO_Module_Watchdog, FB_System_Timer
FB_Manifold_Pump_Controller.st calls: FB_Manifold_Pump_Controller
FB_Command_Deduplication.st calls: FB_Command_Deduplication
PRG_Ventilation.st calls: FB_Ventilation_System_Manager
FB_DHW_Manager.st calls: FB_Analog_Validator, FB_DHW_Manager, FB_System_Timer
FB_Safety_Manager.st calls: FB_Safety_Manager
FB_Calibration_Manager.st calls: FB_Calibration_Manager, FB_System_Timer
FB_Zone_Access_Manager.st calls: FB_Zone_Access_Manager
FB_Emergency_Valve_Open.st calls: FB_Emergency_Valve_Open
FB_Boiler_Cascade_Manager.st calls: FB_Boiler_Cascade_Manager
PRG_Test.st calls: FB_Analog_Validator, FB_Random_Generator, FB_TwoFactor_Auth
FB_Watchdog.st calls: FB_Watchdog
PRG_System.st calls: FB_Alarm_Manager, FB_Astro_Timer, FB_BlackBox_Recorder, FB_CoreKernel_Live_Observer, FB_Fault_Logger, FB_Gateway_Interface, FB_HMI_Interface, FB_History_Manager, FB_Lifetime_Manager, FB_LogEvent, FB_NVRAM_Manager, FB_Redundancy_Manager, FB_Rule_Engine, FB_Safety_Manager, FB_Scenario_Manager, FB_Scenario_Transition_Guard, FB_Sensor_Analog_Processing, FB_Sensor_Calibration_Processor, FB_Simulation_Manager, FB_Smoke_Detector, FB_State_Manager, FB_System_Health, FB_Trend_Adapter, FB_Trend_Logger, FB_Watchdog

=== USED DEFINITIONS ===
FB_AccessCode_Manager (FB_AccessCode_Manager.st)
FB_Access_Control (FB_Access_Control.st)
FB_Alarm_Manager (FB_Alarm_Manager.st)
FB_Analog_Validator (FB_Analog_Validator.st)
FB_Astro_Timer (FB_Astro_Timer.st)
FB_BlackBox_Recorder (FB_BlackBox_Recorder.st)
FB_Boiler_Cascade_Manager (FB_Boiler_Cascade_Manager.st)
FB_Boiler_OpenTherm_Interface (FB_Boiler_OpenTherm_Interface.st)
FB_CO_Detector (FB_CO_Detector.st)
FB_CRC32_Calculator (FB_CRC32_Calculator.st)
FB_Calibration_Manager (FB_Calibration_Manager.st)
FB_Command_Deduplication (FB_Command_Deduplication.st)
FB_CoreKernel_Live_Observer (FB_CoreKernel_Live_Observer.st)
FB_DHW_Manager (FB_DHW_Manager.st)
FB_Device_Predictive_Diag (FB_Device_Predictive_Diag.st)
FB_Emergency_Valve_Open (FB_Emergency_Valve_Open.st)
FB_Exhaust_Ventilation_Controller (FB_Exhaust_Ventilation_Controller.st)
FB_Fault_Logger (FB_Fault_Logger.st)
FB_FloorHeating_Controller (FB_FloorHeating_Controller.st)
FB_FloorHeating_Freeze_Protection (FB_FloorHeating_Freeze_Protection.st)
FB_FloorHeating_Overheat_Protection (FB_FloorHeating_Overheat_Protection.st)
FB_Gas_Methane_Detector (FB_Gas_Methane_Detector.st)
FB_Gas_Smoke_Manager (FB_Gas_Smoke_Manager.st)
FB_Gas_Valve_Controller (FB_Gas_Valve_Controller.st)
FB_Gateway_Interface (FB_Gateway_Interface.st)
FB_HMAC_SHA1 (FB_HMAC_SHA1.st)
FB_HMI_Interface (FB_HMI_Interface.st)
FB_Heating_System_Manager (FB_Heating_System_Manager.st)
FB_History_Manager (FB_History_Manager.st)
FB_IO_Module_Watchdog (FB_IO_Module_Watchdog.st)
FB_Lifetime_Manager (FB_Lifetime_Manager.st)
FB_Lifetime_Predictor (FB_Lifetime_Predictor.st)
FB_Lighting_Blinds_Manager (FB_Lighting_Blinds_Manager.st)
FB_LogEvent (FB_LogEvent.st)
FB_Maintenance_Access (FB_Maintenance_Access.st)
FB_Manifold_Pump_Controller (FB_Manifold_Pump_Controller.st)
FB_Manual_Valve_Control (FB_Manual_Valve_Control.st)
FB_NVRAM_Manager (FB_NVRAM_Manager.st)
FB_Outdoor_Lighting_Controller (FB_Outdoor_Lighting_Controller.st)
FB_PID_Controller (FB_PID_Controller.st)
FB_PLC_Heartbeat (FB_PLC_Heartbeat.st)
FB_Pre_Departure_Heating (FB_Pre_Departure_Heating.st)
FB_Presence_Playback (FB_Presence_Playback.st)
FB_Presence_Simulator (FB_Presence_Simulator.st)
FB_Random_Generator (FB_Random_Generator.st)
FB_Redundancy_Manager (FB_Redundancy_Manager.st)
FB_Rule_Engine (FB_Rule_Engine.st)
FB_SHA1 (FB_SHA1.st)
FB_Safety_Manager (FB_Safety_Manager.st)
FB_Scenario_Manager (FB_Scenario_Manager.st)
FB_Scenario_Transition_Controller (FB_Scenario_Transition_Controller.st)
FB_Scenario_Transition_Guard (FB_Scenario_Transition_Guard.st)
FB_Security_Alarm (FB_Security_Alarm.st)
FB_Security_System_Manager (FB_Security_System_Manager.st)
FB_Sensor_Analog_Processing (FB_Sensor_Analog_Processing.st)
FB_Sensor_Calibration (FB_Sensor_Calibration.st)
FB_Sensor_Calibration_Processor (FB_Sensor_Calibration_Processor.st)
FB_Sensor_Distribution (FB_Sensor_Distribution.st)
FB_Simulation_Manager (FB_Simulation_Manager.st)
FB_Smoke_Detector (FB_Smoke_Detector.st)
FB_Socket_Manager (FB_Socket_Manager.st)
FB_State_Manager (FB_State_Manager.st)
FB_State_Replication (FB_State_Replication.st)
FB_State_Snapshot_Manager (FB_State_Snapshot_Manager.st)
FB_State_Snapshot_NVRAM (FB_State_Snapshot_NVRAM.st)
FB_Supply_Ventilation_Controller (FB_Supply_Ventilation_Controller.st)
FB_System_Health (FB_System_Health.st)
FB_System_Timer (FB_System_Timer.st)
FB_System_Timer_TOF (FB_System_Timer_TOF.st)
FB_Trend_Adapter (FB_Trend_Adapter.st)
FB_Trend_Analyzer (FB_Trend_Analyzer.st)
FB_Trend_Logger (FB_Trend_Logger.st)
FB_TwoFactor_Auth (FB_TwoFactor_Auth.st)
FB_Valve_Test_Manager (FB_Valve_Test_Manager.st)
FB_Ventilation_System_Manager (FB_Ventilation_System_Manager.st)
FB_Watchdog (FB_Watchdog.st)
FB_Water_Leakage_Manager (FB_Water_Leakage_Manager.st)
FB_Water_Valve_Controller (FB_Water_Valve_Controller.st)
FB_Zone_Access_Manager (FB_Zone_Access_Manager.st)

=== UNUSED DEFINITIONS (CANDIDATES) ===
PRG_Heating (PRG_Heating.st)
PRG_IO_Read (PRG_IO_Read.st)
PRG_IO_Write (PRG_IO_Write.st)
PRG_Lighting (PRG_Lighting.st)
PRG_Safety (PRG_Safety.st)
PRG_Security (PRG_Security.st)
PRG_System (PRG_System.st)
PRG_Test (PRG_Test.st)
PRG_Ventilation (PRG_Ventilation.st)

=== SUMMARY ===
total_files=89
definitions=88
used=79
unused=9

=== END STEP 229 ===
