]633;E;echo "===== REPO CHECK =====";e775d918-891c-48df-a093-fb6809d689d8]633;C===== REPO CHECK =====
/workspaces/SmartHomeNew

===== REMOTE =====
origin	https://github.com/builovmaikl-art/SmartHomeNew (fetch)
origin	https://github.com/builovmaikl-art/SmartHomeNew (push)

===== REMOTE URL origin =====
https://github.com/builovmaikl-art/SmartHomeNew

===== BRANCH =====
main

===== STATUS =====
On branch main
Your branch is up to date with 'origin/main'.

Untracked files:
  (use "git add <file>..." to include in what will be committed)
	archive/broken_compiler_191903/import_codesys_FINAL.py.bak
	archive/broken_compiler_191903/method_overlay_clean.py.bak
	archive/broken_compiler_2026_04_15_172639/
	archive/broken_compiler_2026_04_15_185323/import_codesys_FINAL.py.bak
	archive/broken_compiler_2026_04_15_185323/method_overlay_clean.py.bak
	диагностика/repo_rights_final.log
	компилятор/import_codesys_FINAL.py.bak
	компилятор/method_overlay_clean.py.bak

nothing added to commit but untracked files present (use "git add" to track)

===== FETCH =====

===== PUSH DRY RUN =====
Everything up-to-date
