]633;E;echo "=== STEP 14: NVRAM FINAL STATE ===";61cf2567-4c41-49d3-982a-34b1ba96e126]633;C=== STEP 14: NVRAM FINAL STATE ===
timestamp_utc=2026-04-16T16:05:51Z

=== LIVE CONTRACT FILES ===
[OK] PRG_System.st
[OK] FB_NVRAM_Manager.st
[OK] GVL_PERSISTENT.gvl
[OK] GVL_Retain.gvl
[OK] DUT/ST_Persist.dut

=== KEY NVRAM SIGNALS ===
PRG_System.st:75:    L_Persist_Buffer : ARRAY[0..4] OF BYTE;
PRG_System.st:76:    L_Last_Written_Persist_Buffer : ARRAY[0..4] OF BYTE;
PRG_System.st:77:    L_Persist_Buffer_Changed : BOOL;
PRG_System.st:78:    L_Last_Persist_Write_MS : UDINT;
PRG_System.st:79:    L_Recovery_Done : BOOL;
PRG_System.st:80:    L_Persist_Struct : ST_Persist;
PRG_System.st:111:IF NOT L_Recovery_Done THEN
PRG_System.st:112:    IF GVL_PERSISTENT.P_Valid THEN
PRG_System.st:119:    L_Recovery_Done := TRUE;
PRG_System.st:674:L_Persist_Buffer[0] := TO_BYTE(TO_INT(L_Persist_Struct.System_Mode));
PRG_System.st:675:IF L_Persist_Struct.Safety_Gas_Latched THEN
PRG_System.st:676:    L_Persist_Buffer[1] := BYTE#1;
PRG_System.st:678:    L_Persist_Buffer[1] := BYTE#0;
PRG_System.st:680:IF L_Persist_Struct.Safety_Smoke_Latched THEN
PRG_System.st:681:    L_Persist_Buffer[2] := BYTE#1;
PRG_System.st:683:    L_Persist_Buffer[2] := BYTE#0;
PRG_System.st:685:IF L_Persist_Struct.Safety_Leak_Latched THEN
PRG_System.st:686:    L_Persist_Buffer[3] := BYTE#1;
PRG_System.st:688:    L_Persist_Buffer[3] := BYTE#0;
PRG_System.st:690:IF L_Persist_Struct.DHW_Heating_Pump THEN
PRG_System.st:691:    L_Persist_Buffer[4] := BYTE#1;
PRG_System.st:693:    L_Persist_Buffer[4] := BYTE#0;
PRG_System.st:696:L_Persist_Buffer_Changed :=
PRG_System.st:697:    (L_Persist_Buffer[0] <> L_Last_Written_Persist_Buffer[0]) OR
PRG_System.st:698:    (L_Persist_Buffer[1] <> L_Last_Written_Persist_Buffer[1]) OR
PRG_System.st:699:    (L_Persist_Buffer[2] <> L_Last_Written_Persist_Buffer[2]) OR
PRG_System.st:700:    (L_Persist_Buffer[3] <> L_Last_Written_Persist_Buffer[3]) OR
PRG_System.st:701:    (L_Persist_Buffer[4] <> L_Last_Written_Persist_Buffer[4]);
PRG_System.st:711:ELSIF L_Persist_Buffer_Changed THEN
PRG_System.st:713:    IF (L_Last_Persist_Write_MS = 0) OR
PRG_System.st:714:       ((GVL_STATUS.G_System_Time_MS - L_Last_Persist_Write_MS) >= 60000) THEN
PRG_System.st:722:    VI_DataRef := L_Persist_Buffer[0],
PRG_System.st:734:    L_Last_Written_Persist_Buffer[0] := L_Persist_Buffer[0];
PRG_System.st:735:    L_Last_Written_Persist_Buffer[1] := L_Persist_Buffer[1];
PRG_System.st:736:    L_Last_Written_Persist_Buffer[2] := L_Persist_Buffer[2];
PRG_System.st:737:    L_Last_Written_Persist_Buffer[3] := L_Persist_Buffer[3];
PRG_System.st:738:    L_Last_Written_Persist_Buffer[4] := L_Persist_Buffer[4];
PRG_System.st:739:    L_Last_Persist_Write_MS := GVL_STATUS.G_System_Time_MS;
PRG_System.st:990:L_Persist_Struct.System_Mode := GVL_STATE.G_System_Mode;
PRG_System.st:992:L_Persist_Struct.Safety_Gas_Latched := GVL_STATE.G_Safety_Gas_Latched;
PRG_System.st:993:L_Persist_Struct.Safety_Smoke_Latched := GVL_STATE.G_Safety_Smoke_Latched;
PRG_System.st:994:L_Persist_Struct.Safety_Leak_Latched := GVL_STATE.G_Safety_Leak_Latched;
PRG_System.st:996:L_Persist_Struct.DHW_Heating_Pump := GVL_STATE.G_DHW_Heating_Pump;
PRG_System.st:997:L_Persist_Struct.Valid := TRUE;
PRG_System.st:1000:GVL_PERSISTENT.P_System_Mode := L_Persist_Struct.System_Mode;
PRG_System.st:1002:GVL_PERSISTENT.P_Safety_Gas_Latched := L_Persist_Struct.Safety_Gas_Latched;
PRG_System.st:1003:GVL_PERSISTENT.P_Safety_Smoke_Latched := L_Persist_Struct.Safety_Smoke_Latched;
PRG_System.st:1004:GVL_PERSISTENT.P_Safety_Leak_Latched := L_Persist_Struct.Safety_Leak_Latched;
PRG_System.st:1006:GVL_PERSISTENT.P_DHW_Heating_Active := L_Persist_Struct.DHW_Heating_Pump;
PRG_System.st:1007:GVL_PERSISTENT.P_Valid := L_Persist_Struct.Valid;
FB_NVRAM_Manager.st:24:    L_Data_Changed              : BOOL; // Флаг изменения данных
FB_NVRAM_Manager.st:76:            IF (VI_System_Time_MS - L_Last_Write_Time_MS) < 60000 AND L_Last_Write_Time_MS <> 0 THEN
FB_NVRAM_Manager.st:82:                L_Data_Changed := FALSE;
FB_NVRAM_Manager.st:85:                        L_Data_Changed := TRUE;
FB_NVRAM_Manager.st:90:                IF L_Data_Changed THEN
GVL_PERSISTENT.gvl:15:    P_Valid : BOOL;

=== PRG_SYSTEM WRITE PATH ===

// 14. Менеджер NVRAM
// Pack persistent snapshot into compact byte buffer for controlled NVRAM mirroring
L_Persist_Buffer[0] := TO_BYTE(TO_INT(L_Persist_Struct.System_Mode));
IF L_Persist_Struct.Safety_Gas_Latched THEN
    L_Persist_Buffer[1] := BYTE#1;
ELSE
    L_Persist_Buffer[1] := BYTE#0;
END_IF;
IF L_Persist_Struct.Safety_Smoke_Latched THEN
    L_Persist_Buffer[2] := BYTE#1;
ELSE
    L_Persist_Buffer[2] := BYTE#0;
END_IF;
IF L_Persist_Struct.Safety_Leak_Latched THEN
    L_Persist_Buffer[3] := BYTE#1;
ELSE
    L_Persist_Buffer[3] := BYTE#0;
END_IF;
IF L_Persist_Struct.DHW_Heating_Pump THEN
    L_Persist_Buffer[4] := BYTE#1;
ELSE
    L_Persist_Buffer[4] := BYTE#0;
END_IF;

L_Persist_Buffer_Changed :=
    (L_Persist_Buffer[0] <> L_Last_Written_Persist_Buffer[0]) OR
    (L_Persist_Buffer[1] <> L_Last_Written_Persist_Buffer[1]) OR
    (L_Persist_Buffer[2] <> L_Last_Written_Persist_Buffer[2]) OR
    (L_Persist_Buffer[3] <> L_Last_Written_Persist_Buffer[3]) OR
    (L_Persist_Buffer[4] <> L_Last_Written_Persist_Buffer[4]);

L_NVRAM_Cmd := 0;
L_NVRAM_Offset := 0;

IF GVL_CONFIG.G_HMI_Apply_Settings THEN
    // explicit config apply may request a controlled write
    L_NVRAM_Cmd := 1;
    GVL_CONFIG.G_HMI_Apply_Settings := FALSE;

ELSIF L_Persist_Buffer_Changed THEN
    // controlled write: no more often than once per 60 seconds
    IF (L_Last_Persist_Write_MS = 0) OR
       ((GVL_STATUS.G_System_Time_MS - L_Last_Persist_Write_MS) >= 60000) THEN
        L_NVRAM_Cmd := 1;
    END_IF;
END_IF;

fbNVRAMManager(
    VI_Command := L_NVRAM_Cmd,
    VI_Offset := L_NVRAM_Offset,
    VI_DataRef := L_Persist_Buffer[0],
    VI_DataSize := 5,
    VI_System_Time_MS := GVL_STATUS.G_System_Time_MS,
    VI_Operator_ID := 'SYSTEM',
    VI_IsActivePLC := GVL_STATUS.G_Is_Active_PLC,
    VI_TwoPersonConfirmation := FALSE,
    VO_Done => L_NVRAM_Done,
    VO_Error => L_NVRAM_Err,
    VO_ErrorID => L_NVRAM_ErrID

=== PRG_SYSTEM SNAPSHOT PATH ===

// === NVRAM SNAPSHOT VIA STRUCT ADAPTER ===
L_Persist_Struct.System_Mode := GVL_STATE.G_System_Mode;

L_Persist_Struct.Safety_Gas_Latched := GVL_STATE.G_Safety_Gas_Latched;
L_Persist_Struct.Safety_Smoke_Latched := GVL_STATE.G_Safety_Smoke_Latched;
L_Persist_Struct.Safety_Leak_Latched := GVL_STATE.G_Safety_Leak_Latched;

L_Persist_Struct.DHW_Heating_Pump := GVL_STATE.G_DHW_Heating_Pump;
L_Persist_Struct.Valid := TRUE;

// mirror to legacy persistent variables
GVL_PERSISTENT.P_System_Mode := L_Persist_Struct.System_Mode;

GVL_PERSISTENT.P_Safety_Gas_Latched := L_Persist_Struct.Safety_Gas_Latched;
GVL_PERSISTENT.P_Safety_Smoke_Latched := L_Persist_Struct.Safety_Smoke_Latched;
GVL_PERSISTENT.P_Safety_Leak_Latched := L_Persist_Struct.Safety_Leak_Latched;

GVL_PERSISTENT.P_DHW_Heating_Active := L_Persist_Struct.DHW_Heating_Pump;
GVL_PERSISTENT.P_Valid := L_Persist_Struct.Valid;

// >>> BULK_SYNC_ANCHOR: PRG_System <<<

=== FB_NVRAM_MANAGER CORE ===
                VO_ErrorID := 16#150C;
                VO_HMI_Status_Message := 'NVRAM: Превышена частота записи (лимит 1 раз в 60с)';
            ELSE
                // Проверка на изменение данных перед записью
                L_Data_Changed := FALSE;
                FOR L_i := 0 TO VI_DataSize - 1 DO
                    IF GVL_Retain.G_NVRAM_Data[VI_Offset + L_i] <> L_pData[L_i] THEN
                        L_Data_Changed := TRUE;
                        EXIT;
                    END_IF;
                END_FOR;
                
                IF L_Data_Changed THEN
                    // Безопасное копирование (WRITE)
                    FOR L_i := 0 TO VI_DataSize - 1 DO
                        GVL_Retain.G_NVRAM_Data[VI_Offset + L_i] := L_pData[L_i];
                    END_FOR;
                    L_Last_Write_Time_MS := VI_System_Time_MS;
                    VO_HMI_Status_Message := 'NVRAM: Данные успешно сохранены в RETAIN';
                ELSE
                    VO_HMI_Status_Message := 'NVRAM: Данные не изменились, запись пропущена';
                END_IF;
            END_IF;
        END_IF;
        VO_Done := TRUE;
    END_IF;
END_IF;

IF VI_Command = 0 THEN
    VO_Done := FALSE;
END_IF;

=== END STEP 14 ===
