]633;E;echo "=== STEP 99: REMOVE UNUSED HISTORY V2 CORE VAR ===";10d0c29c-b3a2-4a8b-83d2-50752c6e8f09]633;C=== STEP 99: REMOVE UNUSED HISTORY V2 CORE VAR ===
timestamp_utc=2026-04-17T07:12:45Z

=== BEFORE ===
70:    fbHistoryV2Core : FB_History_V2_Core;

=== APPLY ===
OK: removed unused fbHistoryV2Core declaration

=== AFTER ===

=== ROOT REFERENCES AFTER CLEANUP ===
./FB_Alarm_Manager.st:376:// Inlined from FB_History_V2_Core
./FB_History_V2_Core.st:1:FUNCTION_BLOCK FB_History_V2_Core

=== DIFF ===
diff --git a/FB_Alarm_Manager.st b/FB_Alarm_Manager.st
index 4e5e5fb..fda4557 100644
--- a/FB_Alarm_Manager.st
+++ b/FB_Alarm_Manager.st
@@ -67,7 +67,6 @@ VAR
     L_Alarm_V2_Path_Ready : BOOL;
     L_Alarm_Using_Legacy_Fallback : BOOL;
     fbAlarmV2Core : FB_Alarm_V2_Core;
-    fbHistoryV2Core : FB_History_V2_Core;
     fbBlackBoxV2Core : FB_BlackBox_V2_Core;
     L_BlackBox_V2_Snapshot_Shadow : ST_BlackBox_Snapshot_V2;
     L_History_V2_Shadow_Diff_Found : BOOL;

=== END STEP 99 ===
