]633;E;echo "=== STEP 246: HEATING REAL ENFORCEMENT BRIDGE ===";3f963cfa-c5e1-4422-a669-b5592924710d]633;C=== STEP 246: HEATING REAL ENFORCEMENT BRIDGE ===
timestamp_utc=2026-04-18T20:40:30Z

=== APPLY ===
OK: heating real enforcement bridge integrated

=== VERIFY DUT ===
190:    Heating_Pump_Force_Bridge_Active : BOOL;
191:    Heating_Zone_Lock_Bridge_Active : BOOL;
192:    Heating_Real_Enforcement_Text : STRING(160);

=== VERIFY PRG_SYSTEM ===
199:L_Local_State.Zone_Valves := GVL_STATE.G_Zone_Valves;
200:L_Local_State.Manifold_Pumps := GVL_STATE.G_Manifold_Pumps;
226:    GVL_STATE.G_Zone_Valves := fbRedundancy.VO_Synced_State.Zone_Valves;
227:    GVL_STATE.G_Manifold_Pumps := fbRedundancy.VO_Synced_State.Manifold_Pumps;
520:    VI_Manifold_Pump_States := GVL_STATE.G_Manifold_Pumps,
1814:// === HEATING REAL ENFORCEMENT BRIDGE ===
1815:GVL_STATUS.G_Diagnostics.Heating_Pump_Force_Bridge_Active := FALSE;
1816:GVL_STATUS.G_Diagnostics.Heating_Zone_Lock_Bridge_Active := FALSE;
1822:            GVL_STATE.G_Manifold_Pumps[L_i] := TRUE;
1823:            GVL_STATUS.G_Diagnostics.Heating_Pump_Force_Bridge_Active := TRUE;
1832:            GVL_STATE.G_Zone_Valves[L_i] := FALSE;
1833:            GVL_STATUS.G_Diagnostics.Heating_Zone_Lock_Bridge_Active := TRUE;
1838:IF GVL_STATUS.G_Diagnostics.Heating_Zone_Lock_Bridge_Active THEN
1839:    GVL_STATUS.G_Diagnostics.Heating_Real_Enforcement_Text := 'Applied: overheated circuits locked';
1840:ELSIF GVL_STATUS.G_Diagnostics.Heating_Pump_Force_Bridge_Active THEN
1841:    GVL_STATUS.G_Diagnostics.Heating_Real_Enforcement_Text := 'Applied: heating pumps forced on';
1843:    GVL_STATUS.G_Diagnostics.Heating_Real_Enforcement_Text := 'No real heating enforcement applied';

=== COMPILE ===
[main 77f3f9b] test: compile smoke after migration
 7 files changed, 582 insertions(+), 387 deletions(-)
 create mode 100644 repo_logs/assistant_bridge/2026_04_18/step_246_heating_real_enforcement_bridge/heating_real_enforcement_bridge.log
 create mode 100644 steps/2026-04-18_heating_real_enforcement_bridge/01_heating_real_enforcement_bridge.py
error: cannot rebase: You have unstaged changes.
error: Please commit or stash them.
From https://github.com/builovmaikl-art/SmartHomeNew
 * branch            main       -> FETCH_HEAD
Already up to date.
To https://github.com/builovmaikl-art/SmartHomeNew
   d932062..77f3f9b  main -> main
compile_exit=0

=== END STEP 246 ===
