]633;E;echo "=== STEP 219: SHADOW POLICY ANALYTICS WAVE CLOSURE ===";5d3a4a2f-9043-4f2a-b7ba-cc078720fce7]633;C=== STEP 219: SHADOW POLICY ANALYTICS WAVE CLOSURE ===
timestamp_utc=2026-04-18T15:29:37Z

=== STATUS ===
compile=OK
errors=0

=== EVENT LAYER ===
fallback_events=ENABLED
recovery_events=ENABLED
event_codes_defined=YES

=== AGGREGATION ===
per_channel_counters=ENABLED
total_counters=ENABLED
co_fallback_count=GVL_STATUS.G_Diagnostics.Sensor_Shadow_CO_Fallback_Count
methane_fallback_count=GVL_STATUS.G_Diagnostics.Sensor_Shadow_Methane_Fallback_Count
smoke_fallback_count=GVL_STATUS.G_Diagnostics.Sensor_Shadow_Smoke_Fallback_Count

=== SUMMARY ===
channel_health_flags=ENABLED
dominant_channel=ENABLED
policy_summary_text=ENABLED

=== GUARANTEES ===
analytics_layer_non_intrusive=YES
no_selector_side_effects=YES
diagnostics_alignment=OK

=== BASELINE LOCK ===
shadow_policy_analytics_wave=PROTECTED
do_not_cleanup=YES

=== NEXT EVOLUTION ===
time_windowed_metrics=OPTIONAL
rate_based_alerts=OPTIONAL
external_monitoring_export=FUTURE

=== END STEP 219 ===
