]633;E;echo "=== STEP 118: REPAIR RULE ENGINE STRUCTURE AFTER SCAFFOLD CLEANUP ===";d2f9cd72-cf3a-446c-b425-a96632cf891c]633;C=== STEP 118: REPAIR RULE ENGINE STRUCTURE AFTER SCAFFOLD CLEANUP ===
timestamp_utc=2026-04-17T08:57:30Z

=== BEFORE ===
52:    IF L_Shadow_V2_Enabled THEN
62:    IF L_V2_Switch_Enabled AND L_V2_Path_Ready THEN
63:        L_V2_Using_Legacy_Fallback := FALSE;


FOR L_i := 1 TO GVL_CONSTANTS.C_MAX_RULES DO
    // Inlined from FB_Rule_Compatibility_Package:
    // current compatibility path is a trivial field copy from ST_User_Rule to ST_Rule.
    IF L_Shadow_V2_Enabled THEN
        // Since the inlined mapping is identity on compared fields,
        // roundtrip mismatch detection becomes a direct self-consistency check.
        // No mismatch is expected from the compatibility layer itself.
    END_IF;

    // Phase 4 scaffold: optional V2 switch point.
    // Current state: always remain on legacy behavior.
    // Future state: when V2 path is implemented and validated,
    // this block becomes the controlled branch point.
    IF L_V2_Switch_Enabled AND L_V2_Path_Ready THEN
        L_V2_Using_Legacy_Fallback := FALSE;
        // V2 action-generation path placeholder.
        // No runtime behavior change yet.
    ELSE
            END_IF;

    VO_Actions[L_i].Active := FALSE;
    IF VI_Rules[L_i].Enabled THEN
        L_Condition_Met := FALSE;
        L_Current_Value := 0.0;
        
        // Определение значения для проверки
        IF VI_Rules[L_i].Condition_Target_ID > 0 THEN
            CASE VI_Rules[L_i].Condition_Type OF

=== APPLY ===
OK: repaired FB_Rule_Engine.st after scaffold cleanup

=== AFTER ===


FOR L_i := 1 TO GVL_CONSTANTS.C_MAX_RULES DO
    // Inlined from FB_Rule_Compatibility_Package:
    // current compatibility path is a trivial field copy from ST_User_Rule to ST_Rule.

    VO_Actions[L_i].Active := FALSE;
    IF VI_Rules[L_i].Enabled THEN
        L_Condition_Met := FALSE;
        L_Current_Value := 0.0;
        
        // Определение значения для проверки
        IF VI_Rules[L_i].Condition_Target_ID > 0 THEN
            CASE VI_Rules[L_i].Condition_Type OF
                E_Rule_Condition_Type.COND_AIR_TEMP: IF VI_Rules[L_i].Condition_Target_ID <= 16 THEN L_Current_Value := VI_Indoor_Temps[VI_Rules[L_i].Condition_Target_ID]; END_IF;
                E_Rule_Condition_Type.COND_FLOOR_TEMP: IF VI_Rules[L_i].Condition_Target_ID <= 8 THEN L_Current_Value := VI_Floor_Temps[VI_Rules[L_i].Condition_Target_ID]; END_IF;
                E_Rule_Condition_Type.COND_HUMIDITY: IF VI_Rules[L_i].Condition_Target_ID <= 16 THEN L_Current_Value := VI_Humidities[VI_Rules[L_i].Condition_Target_ID]; END_IF;
                E_Rule_Condition_Type.COND_CO2: IF VI_Rules[L_i].Condition_Target_ID <= 16 THEN L_Current_Value := VI_CO2_Levels[VI_Rules[L_i].Condition_Target_ID]; END_IF;
                E_Rule_Condition_Type.COND_MOTION: IF VI_Rules[L_i].Condition_Target_ID <= 16 THEN L_Current_Value := SEL(VI_Motion_Sensors[VI_Rules[L_i].Condition_Target_ID], 0.0, 1.0); END_IF;
                E_Rule_Condition_Type.COND_DOOR_WINDOW: 
                    IF VI_Rules[L_i].Condition_Target_ID <= GVL_CONSTANTS.C_MAX_DOOR_SENSORS THEN
                        L_Current_Value := SEL(VI_Door_Sensors[VI_Rules[L_i].Condition_Target_ID] OR VI_Window_Sensors[VI_Rules[L_i].Condition_Target_ID], 0.0, 1.0);
                    ELSIF VI_Rules[L_i].Condition_Target_ID <= 16 THEN
                        L_Current_Value := SEL(VI_Window_Sensors[VI_Rules[L_i].Condition_Target_ID], 0.0, 1.0);

=== CORE RULE FLOW STILL PRESENT ===
10:    VI_Rules : ARRAY[1..GVL_CONSTANTS.C_MAX_RULES] OF ST_User_Rule; // Массив пользовательских правил
24:    VO_Actions : ARRAY[1..GVL_CONSTANTS.C_MAX_RULES] OF ST_Rule_Action; // Сформированные действия по правилам
28:    L_Condition_Met : BOOL;
29:    L_Current_Value : REAL;
30:    L_Triggers : ARRAY[1..GVL_CONSTANTS.C_MAX_RULES] OF R_TRIG;
31:    L_Trigger_Count : ARRAY[1..GVL_CONSTANTS.C_MAX_RULES] OF UINT;
45:        L_Trigger_Count[L_i] := 0;
53:    VO_Actions[L_i].Active := FALSE;
54:    IF VI_Rules[L_i].Enabled THEN
55:        L_Condition_Met := FALSE;
56:        L_Current_Value := 0.0;
59:        IF VI_Rules[L_i].Condition_Target_ID > 0 THEN
60:            CASE VI_Rules[L_i].Condition_Type OF
61:                E_Rule_Condition_Type.COND_AIR_TEMP: IF VI_Rules[L_i].Condition_Target_ID <= 16 THEN L_Current_Value := VI_Indoor_Temps[VI_Rules[L_i].Condition_Target_ID]; END_IF;
62:                E_Rule_Condition_Type.COND_FLOOR_TEMP: IF VI_Rules[L_i].Condition_Target_ID <= 8 THEN L_Current_Value := VI_Floor_Temps[VI_Rules[L_i].Condition_Target_ID]; END_IF;
63:                E_Rule_Condition_Type.COND_HUMIDITY: IF VI_Rules[L_i].Condition_Target_ID <= 16 THEN L_Current_Value := VI_Humidities[VI_Rules[L_i].Condition_Target_ID]; END_IF;
64:                E_Rule_Condition_Type.COND_CO2: IF VI_Rules[L_i].Condition_Target_ID <= 16 THEN L_Current_Value := VI_CO2_Levels[VI_Rules[L_i].Condition_Target_ID]; END_IF;
65:                E_Rule_Condition_Type.COND_MOTION: IF VI_Rules[L_i].Condition_Target_ID <= 16 THEN L_Current_Value := SEL(VI_Motion_Sensors[VI_Rules[L_i].Condition_Target_ID], 0.0, 1.0); END_IF;
67:                    IF VI_Rules[L_i].Condition_Target_ID <= GVL_CONSTANTS.C_MAX_DOOR_SENSORS THEN
68:                        L_Current_Value := SEL(VI_Door_Sensors[VI_Rules[L_i].Condition_Target_ID] OR VI_Window_Sensors[VI_Rules[L_i].Condition_Target_ID], 0.0, 1.0);
69:                    ELSIF VI_Rules[L_i].Condition_Target_ID <= 16 THEN
70:                        L_Current_Value := SEL(VI_Window_Sensors[VI_Rules[L_i].Condition_Target_ID], 0.0, 1.0);
72:                E_Rule_Condition_Type.COND_FLOOD: IF VI_Rules[L_i].Condition_Target_ID <= GVL_CONSTANTS.C_MAX_FLOOD_SENSORS THEN L_Current_Value := SEL(VI_Water_Sensors[VI_Rules[L_i].Condition_Target_ID], 0.0, 1.0); END_IF;
73:                E_Rule_Condition_Type.COND_SMOKE: IF VI_Rules[L_i].Condition_Target_ID <= GVL_CONSTANTS.C_MAX_SMOKE_SENSORS THEN L_Current_Value := SEL(VI_Smoke_Sensors[VI_Rules[L_i].Condition_Target_ID], 0.0, 1.0); END_IF;
74:                E_Rule_Condition_Type.COND_METHANE: IF VI_Rules[L_i].Condition_Target_ID <= GVL_CONSTANTS.C_MAX_METHANE_SENSORS THEN L_Current_Value := VI_Methane_Sensors[VI_Rules[L_i].Condition_Target_ID]; END_IF;
75:                E_Rule_Condition_Type.COND_CO: IF VI_Rules[L_i].Condition_Target_ID <= GVL_CONSTANTS.C_MAX_CO_SENSORS THEN L_Current_Value := VI_CO_Sensors[VI_Rules[L_i].Condition_Target_ID]; END_IF;
76:                E_Rule_Condition_Type.COND_TIME_OF_DAY: L_Current_Value := TO_REAL(TOD_TO_UDINT(VI_Current_Time) / GVL_CONSTANTS.C_MS_IN_MINUTE); // Время в минутах
77:                E_Rule_Condition_Type.COND_DAY_OF_WEEK: L_Current_Value := TO_REAL(VI_Day_Of_Week);
80:            IF VI_Rules[L_i].Condition_Type = E_Rule_Condition_Type.COND_TIME_OF_DAY THEN
81:                L_Current_Value := TO_REAL(TOD_TO_UDINT(VI_Current_Time) / GVL_CONSTANTS.C_MS_IN_MINUTE); // Время в минутах
82:            ELSIF VI_Rules[L_i].Condition_Type = E_Rule_Condition_Type.COND_DAY_OF_WEEK THEN
83:                L_Current_Value := TO_REAL(VI_Day_Of_Week);
88:        CASE VI_Rules[L_i].Condition_Op OF
89:            E_Rule_Comparison.COMP_GT: L_Condition_Met := (L_Current_Value > VI_Rules[L_i].Condition_Value);
90:            E_Rule_Comparison.COMP_LT: L_Condition_Met := (L_Current_Value < VI_Rules[L_i].Condition_Value);
91:            E_Rule_Comparison.COMP_EQ: L_Condition_Met := (ABS(L_Current_Value - VI_Rules[L_i].Condition_Value) < 0.1);
92:            E_Rule_Comparison.COMP_GE: L_Condition_Met := (L_Current_Value >= VI_Rules[L_i].Condition_Value);
93:            E_Rule_Comparison.COMP_LE: L_Condition_Met := (L_Current_Value <= VI_Rules[L_i].Condition_Value);
94:            E_Rule_Comparison.COMP_IN_RANGE: L_Condition_Met := (L_Current_Value >= VI_Rules[L_i].Condition_Value) AND (L_Current_Value <= VI_Rules[L_i].Condition_Value_Max);
95:            E_Rule_Comparison.COMP_TRUE: L_Condition_Met := (L_Current_Value > 0.5);
96:            E_Rule_Comparison.COMP_FALSE: L_Condition_Met := (L_Current_Value < 0.5);
100:        L_Triggers[L_i](CLK := L_Condition_Met);
102:        IF L_Triggers[L_i].Q THEN
103:            L_Trigger_Count[L_i] := L_Trigger_Count[L_i] + 1;
104:            IF L_Trigger_Count[L_i] > 10 THEN
106:                VO_Actions[L_i].Active := FALSE;
107:                VO_Actions[L_i].Triggered := FALSE;
112:        IF L_Condition_Met AND (L_Trigger_Count[L_i] <= 10) THEN
113:            VO_Actions[L_i].Active := TRUE;
114:            VO_Actions[L_i].Triggered := L_Triggers[L_i].Q;
115:            VO_Actions[L_i].Action_Type := VI_Rules[L_i].Action_Type;
116:            VO_Actions[L_i].Target_ID := VI_Rules[L_i].Action_Target_ID;
117:            VO_Actions[L_i].Value := VI_Rules[L_i].Action_Value;

=== DIFF ===
diff --git a/FB_Rule_Engine.st b/FB_Rule_Engine.st
index 8c7b1d7..a3ec22a 100644
--- a/FB_Rule_Engine.st
+++ b/FB_Rule_Engine.st
@@ -49,22 +49,6 @@ END_IF;
 FOR L_i := 1 TO GVL_CONSTANTS.C_MAX_RULES DO
     // Inlined from FB_Rule_Compatibility_Package:
     // current compatibility path is a trivial field copy from ST_User_Rule to ST_Rule.
-    IF L_Shadow_V2_Enabled THEN
-        // Since the inlined mapping is identity on compared fields,
-        // roundtrip mismatch detection becomes a direct self-consistency check.
-        // No mismatch is expected from the compatibility layer itself.
-    END_IF;
-
-    // Phase 4 scaffold: optional V2 switch point.
-    // Current state: always remain on legacy behavior.
-    // Future state: when V2 path is implemented and validated,
-    // this block becomes the controlled branch point.
-    IF L_V2_Switch_Enabled AND L_V2_Path_Ready THEN
-        L_V2_Using_Legacy_Fallback := FALSE;
-        // V2 action-generation path placeholder.
-        // No runtime behavior change yet.
-    ELSE
-            END_IF;
 
     VO_Actions[L_i].Active := FALSE;
     IF VI_Rules[L_i].Enabled THEN

=== END STEP 118 ===
