]633;E;echo "=== RUN STEP 139 ===";c91143c6-a704-4775-b84b-ecf25abd49a0]633;C=== RUN STEP 139 ===
=== STEP 139: POST-CLEANUP ROOT AUDIT REMAINING CANDIDATES ===

=== EXCLUDED / PROTECTED FILES ===
MAIN.st
PRG_PLC_A.st
PRG_PLC_B.st

=== ZERO-REF REMAINING ===
E_Lifetime_Device_Type.dut | type=.dut | class=DUT_OR_ENUM
E_Outdoor_Mode.dut | type=.dut | class=DUT_OR_ENUM
E_Valve_Test_Result.dut | type=.dut | class=DUT_OR_ENUM
E_WEATHER_COMPENSATION_METHOD.dut | type=.dut | class=DUT_OR_ENUM
FB_CO_Detector.st | type=.st | class=FUNCTION_BLOCK
FB_Calibration_Manager.st | type=.st | class=FUNCTION_BLOCK
FB_DryRun_Assertion_Map.st | type=.st | class=FUNCTION_BLOCK
FB_DryRun_Simulation_Harness.st | type=.st | class=FUNCTION_BLOCK
FB_Emergency_Valve_Open.st | type=.st | class=FUNCTION_BLOCK
FB_Exhaust_Ventilation_Controller.st | type=.st | class=FUNCTION_BLOCK
FB_FloorHeating_Freeze_Protection.st | type=.st | class=FUNCTION_BLOCK
FB_FloorHeating_Overheat_Protection.st | type=.st | class=FUNCTION_BLOCK
FB_Gas_Methane_Detector.st | type=.st | class=FUNCTION_BLOCK
FB_Gas_Valve_Controller.st | type=.st | class=FUNCTION_BLOCK
FB_Maintenance_Access.st | type=.st | class=FUNCTION_BLOCK
FB_Manifold_Pump_Controller.st | type=.st | class=FUNCTION_BLOCK
FB_Manual_Valve_Control.st | type=.st | class=FUNCTION_BLOCK
FB_Outdoor_Lighting_Controller.st | type=.st | class=FUNCTION_BLOCK
FB_Pre_Departure_Heating.st | type=.st | class=FUNCTION_BLOCK
FB_Presence_Simulator.st | type=.st | class=FUNCTION_BLOCK
FB_Security_Alarm.st | type=.st | class=FUNCTION_BLOCK
FB_Sensor_Analog_Processing.st | type=.st | class=FUNCTION_BLOCK
FB_Sensor_Calibration.st | type=.st | class=FUNCTION_BLOCK
FB_Sensor_Calibration_Processor.st | type=.st | class=FUNCTION_BLOCK
FB_Sensor_Distribution.st | type=.st | class=FUNCTION_BLOCK
FB_Smoke_Detector.st | type=.st | class=FUNCTION_BLOCK
FB_State_Snapshot_Manager.st | type=.st | class=FUNCTION_BLOCK
FB_State_Snapshot_NVRAM.st | type=.st | class=FUNCTION_BLOCK
FB_Supply_Ventilation_Controller.st | type=.st | class=FUNCTION_BLOCK
FB_Trend_Analyzer.st | type=.st | class=FUNCTION_BLOCK
FB_Trend_Logger.st | type=.st | class=FUNCTION_BLOCK
FB_Water_Valve_Controller.st | type=.st | class=FUNCTION_BLOCK
FB_Zone_Access_Manager.st | type=.st | class=FUNCTION_BLOCK
ST_Astro_Time.dut | type=.dut | class=DUT_OR_ENUM
ST_Debug_Log_Record.dut | type=.dut | class=DUT_OR_ENUM
ST_Debug_Logger_Config.dut | type=.dut | class=DUT_OR_ENUM
ST_FloorHeating_Global_Config.dut | type=.dut | class=DUT_OR_ENUM
ST_FloorHeating_Manifold_Config.dut | type=.dut | class=DUT_OR_ENUM
ST_Lifetime_Status.dut | type=.dut | class=DUT_OR_ENUM
ST_Maintenance_Access_Config.dut | type=.dut | class=DUT_OR_ENUM
ST_Rule.dut | type=.dut | class=DUT_OR_ENUM
ST_Scenario_Transition_Config.dut | type=.dut | class=DUT_OR_ENUM
ST_Security_Zone_State.dut | type=.dut | class=DUT_OR_ENUM
ST_System_State_Summary.dut | type=.dut | class=DUT_OR_ENUM
ST_Trend_Header.dut | type=.dut | class=DUT_OR_ENUM
ST_Trend_History_Record.dut | type=.dut | class=DUT_OR_ENUM
ST_TwoFactor_Data.dut | type=.dut | class=DUT_OR_ENUM
ST_Ventilation_Unit.dut | type=.dut | class=DUT_OR_ENUM
ST_Zone_Sensors.dut | type=.dut | class=DUT_OR_ENUM

=== ONE-REF REMAINING ===
E_Debug_Log_Level.dut | type=.dut | class=DUT_OR_ENUM
  ST_Debug_Log_Record.dut
E_SCENARIO_SOURCE.dut | type=.dut | class=DUT_OR_ENUM
  PRG_System.st
E_SENSOR_TYPE.dut | type=.dut | class=DUT_OR_ENUM
  ST_Sensor_Calibration_Record.dut
E_VENTILATION_LOCATION.dut | type=.dut | class=DUT_OR_ENUM
  ST_Ventilation_Unit_Config.dut
E_VENTILATION_UNIT_TYPE.dut | type=.dut | class=DUT_OR_ENUM
  ST_Ventilation_Unit_Config.dut
E_Zone_Access_Level.dut | type=.dut | class=DUT_OR_ENUM
  FB_Zone_Access_Manager.st
FB_Access_Control.st | type=.st | class=FUNCTION_BLOCK
  PRG_Security.st
FB_Alarm_Manager.st | type=.st | class=FUNCTION_BLOCK
  PRG_System.st
FB_BlackBox_Recorder.st | type=.st | class=FUNCTION_BLOCK
  PRG_System.st
FB_Boiler_Cascade_Manager.st | type=.st | class=FUNCTION_BLOCK
  FB_Heating_System_Manager.st
FB_Boiler_OpenTherm_Interface.st | type=.st | class=FUNCTION_BLOCK
  FB_Heating_System_Manager.st
FB_Command_Deduplication.st | type=.st | class=FUNCTION_BLOCK
  FB_Gateway_Interface.st
FB_CoreKernel_Live_Observer.st | type=.st | class=FUNCTION_BLOCK
  PRG_System.st
FB_DHW_Manager.st | type=.st | class=FUNCTION_BLOCK
  PRG_Heating.st
FB_Device_Predictive_Diag.st | type=.st | class=FUNCTION_BLOCK
  FB_Heating_System_Manager.st
FB_Fault_Logger.st | type=.st | class=FUNCTION_BLOCK
  PRG_System.st
FB_FloorHeating_Controller.st | type=.st | class=FUNCTION_BLOCK
  FB_Heating_System_Manager.st
FB_Gas_Smoke_Manager.st | type=.st | class=FUNCTION_BLOCK
  PRG_Safety.st
FB_Gateway_Interface.st | type=.st | class=FUNCTION_BLOCK
  PRG_System.st
FB_HMAC_SHA1.st | type=.st | class=FUNCTION_BLOCK
  FB_TwoFactor_Auth.st
FB_HMI_Interface.st | type=.st | class=FUNCTION_BLOCK
  PRG_System.st
FB_Heating_System_Manager.st | type=.st | class=FUNCTION_BLOCK
  PRG_Heating.st
FB_History_Manager.st | type=.st | class=FUNCTION_BLOCK
  PRG_System.st
FB_IO_Module_Watchdog.st | type=.st | class=FUNCTION_BLOCK
  PRG_IO_Read.st
FB_Lifetime_Predictor.st | type=.st | class=FUNCTION_BLOCK
  FB_Heating_System_Manager.st
FB_Lighting_Blinds_Manager.st | type=.st | class=FUNCTION_BLOCK
  PRG_Lighting.st
FB_LogEvent.st | type=.st | class=FUNCTION_BLOCK
  PRG_System.st
FB_NVRAM_Manager.st | type=.st | class=FUNCTION_BLOCK
  PRG_System.st
FB_PLC_Heartbeat.st | type=.st | class=FUNCTION_BLOCK
  FB_Redundancy_Manager.st
FB_Presence_Playback.st | type=.st | class=FUNCTION_BLOCK
  FB_Presence_Simulator.st
FB_Redundancy_Manager.st | type=.st | class=FUNCTION_BLOCK
  PRG_System.st
FB_Rule_Engine.st | type=.st | class=FUNCTION_BLOCK
  PRG_System.st
FB_SHA1.st | type=.st | class=FUNCTION_BLOCK
  FB_HMAC_SHA1.st
FB_Safety_Manager.st | type=.st | class=FUNCTION_BLOCK
  PRG_System.st
FB_Scenario_Manager.st | type=.st | class=FUNCTION_BLOCK
  PRG_System.st
FB_Scenario_Transition_Guard.st | type=.st | class=FUNCTION_BLOCK
  PRG_System.st
FB_Security_System_Manager.st | type=.st | class=FUNCTION_BLOCK
  PRG_Security.st
FB_Simulation_Manager.st | type=.st | class=FUNCTION_BLOCK
  PRG_System.st
FB_Socket_Manager.st | type=.st | class=FUNCTION_BLOCK
  PRG_Lighting.st
FB_State_Manager.st | type=.st | class=FUNCTION_BLOCK
  PRG_System.st
FB_State_Replication.st | type=.st | class=FUNCTION_BLOCK
  FB_Redundancy_Manager.st
FB_System_Health.st | type=.st | class=FUNCTION_BLOCK
  PRG_System.st
FB_Valve_Test_Manager.st | type=.st | class=FUNCTION_BLOCK
  FB_Heating_System_Manager.st
FB_Ventilation_System_Manager.st | type=.st | class=FUNCTION_BLOCK
  PRG_Ventilation.st
FB_Watchdog.st | type=.st | class=FUNCTION_BLOCK
  PRG_System.st
FB_Water_Leakage_Manager.st | type=.st | class=FUNCTION_BLOCK
  PRG_Safety.st
GVL_EVENT.gvl | type=.gvl | class=GLOBAL_VAR_LIST
  FB_LogEvent.st
GVL_GATEWAY.gvl | type=.gvl | class=GLOBAL_VAR_LIST
  PRG_System.st
GVL_PERSISTENT.gvl | type=.gvl | class=GLOBAL_VAR_LIST
  PRG_System.st
PRG_Heating.st | type=.st | class=PROGRAM
  MAIN.st
PRG_IO_Read.st | type=.st | class=PROGRAM
  MAIN.st
PRG_IO_Write.st | type=.st | class=PROGRAM
  MAIN.st
PRG_Lighting.st | type=.st | class=PROGRAM
  MAIN.st
PRG_Security.st | type=.st | class=PROGRAM
  MAIN.st
PRG_Test.st | type=.st | class=PROGRAM
  MAIN.st
PRG_Ventilation.st | type=.st | class=PROGRAM
  MAIN.st
ST_Component_Maintenance.dut | type=.dut | class=DUT_OR_ENUM
  ST_Zone_Sensors.dut
ST_EVENT.dut | type=.dut | class=DUT_OR_ENUM
  GVL_EVENT.gvl
ST_Flood_Config.dut | type=.dut | class=DUT_OR_ENUM
  GVL_CONFIG.gvl
ST_Operator_Zone_Rights.dut | type=.dut | class=DUT_OR_ENUM
  FB_Zone_Access_Manager.st
ST_Outdoor_Zone_Config.dut | type=.dut | class=DUT_OR_ENUM
  GVL_CONFIG.gvl
ST_Owen_Analog_Value.dut | type=.dut | class=DUT_OR_ENUM
  GVL_IO.gvl
ST_System_Diagnostics.dut | type=.dut | class=DUT_OR_ENUM
  GVL_STATUS.gvl
ST_Trend_Data.dut | type=.dut | class=DUT_OR_ENUM
  FB_Trend_Logger.st
ST_TwoFactor_Auth_State.dut | type=.dut | class=DUT_OR_ENUM
  FB_TwoFactor_Auth.st
ST_Ventilation_Config.dut | type=.dut | class=DUT_OR_ENUM
  GVL_CONFIG.gvl
ST_Ventilation_Scenario_Mode.dut | type=.dut | class=DUT_OR_ENUM
  ST_Ventilation_Global_Config.dut

=== GROUPED ZERO-REF ===
--- DUT_OR_ENUM ---
E_Lifetime_Device_Type.dut
E_Outdoor_Mode.dut
E_Valve_Test_Result.dut
E_WEATHER_COMPENSATION_METHOD.dut
ST_Astro_Time.dut
ST_Debug_Log_Record.dut
ST_Debug_Logger_Config.dut
ST_FloorHeating_Global_Config.dut
ST_FloorHeating_Manifold_Config.dut
ST_Lifetime_Status.dut
ST_Maintenance_Access_Config.dut
ST_Rule.dut
ST_Scenario_Transition_Config.dut
ST_Security_Zone_State.dut
ST_System_State_Summary.dut
ST_Trend_Header.dut
ST_Trend_History_Record.dut
ST_TwoFactor_Data.dut
ST_Ventilation_Unit.dut
ST_Zone_Sensors.dut

--- FUNCTION_BLOCK ---
FB_CO_Detector.st
FB_Calibration_Manager.st
FB_DryRun_Assertion_Map.st
FB_DryRun_Simulation_Harness.st
FB_Emergency_Valve_Open.st
FB_Exhaust_Ventilation_Controller.st
FB_FloorHeating_Freeze_Protection.st
FB_FloorHeating_Overheat_Protection.st
FB_Gas_Methane_Detector.st
FB_Gas_Valve_Controller.st
FB_Maintenance_Access.st
FB_Manifold_Pump_Controller.st
FB_Manual_Valve_Control.st
FB_Outdoor_Lighting_Controller.st
FB_Pre_Departure_Heating.st
FB_Presence_Simulator.st
FB_Security_Alarm.st
FB_Sensor_Analog_Processing.st
FB_Sensor_Calibration.st
FB_Sensor_Calibration_Processor.st
FB_Sensor_Distribution.st
FB_Smoke_Detector.st
FB_State_Snapshot_Manager.st
FB_State_Snapshot_NVRAM.st
FB_Supply_Ventilation_Controller.st
FB_Trend_Analyzer.st
FB_Trend_Logger.st
FB_Water_Valve_Controller.st
FB_Zone_Access_Manager.st

=== SUMMARY COUNTS ===
root_files_considered=176
zero_ref_count=49
one_ref_count=67

=== END STEP 139 ===
