]633;E;echo "===== CURRENT BRANCH =====";e775d918-891c-48df-a093-fb6809d689d8]633;C===== CURRENT BRANCH =====
main

===== BRANCHES VV =====
  dut_step c55f1bf run build_project_new test
* main     ad05382 [origin/main] diag: remove all gitignore and force add diagnostics

===== STATUS =====
On branch main
Your branch is up to date with 'origin/main'.

Untracked files:
  (use "git add <file>..." to include in what will be committed)
	диагностика/branch_push_probe.log

nothing added to commit but untracked files present (use "git add" to track)

===== REMOTE -V =====
origin	https://github.com/builovmaikl-art/SmartHomeNew (fetch)
origin	https://github.com/builovmaikl-art/SmartHomeNew (push)

===== ORIGIN MAIN HEAD =====
ad05382811a4e56c4aeeda9b29f640280bb0af48

===== LOCAL MAIN HEAD =====
ad05382811a4e56c4aeeda9b29f640280bb0af48

===== LAST 10 COMMITS ALL =====
* ad05382 (HEAD -> main, origin/main, origin/HEAD) diag: remove all gitignore and force add diagnostics
* 6da5f4e diag: audit file read/write access across repo
* 858b2b4 diag: confirm repo rights and origin url
* 96e1a29 diag: check repo access via git (fetch/push/status)
* 244e4fc diag: publish nvram real audit to assistant bridge
* f75fad8 diag: mirror nvram real log to repo_logs
* 3822de6 diag: refresh nvram_REAL_latest log
*   152e9ed Merge pull request #15 from builovmaikl-art/builovmaikl-art-patch-1
|\  
| * 6826312 Delete .gitignore
|/  
* fa1c6e1 diag: refresh nvram_REAL_latest log

