]633;E;echo "=== STEP 224: FIX RATE METRICS CASTS ===";5d3a4a2f-9043-4f2a-b7ba-cc078720fce7]633;C=== STEP 224: FIX RATE METRICS CASTS ===
timestamp_utc=2026-04-18T15:58:13Z

=== APPLY ===
OK: replaced REAL(...) casts with TO_REAL(...) in rate metrics block

=== VERIFY RATE BLOCK ===
END_IF;

IF GVL_Safety_Selector.G_Use_Shadow_Methane AND (NOT L_Shadow_Methane_Enabled_Prev) THEN
    fbLogEvent(
        VI_Event_Type := 24,
        VI_Timestamp := GVL_STATUS.G_System_Time_MS,
        VI_Param1 := 2112,
        VI_Param2 := 1
    );
    GVL_STATUS.G_Diagnostics.Sensor_Shadow_Methane_Recovery_Count := GVL_STATUS.G_Diagnostics.Sensor_Shadow_Methane_Recovery_Count + 1;
    GVL_STATUS.G_Diagnostics.Sensor_Shadow_Total_Recovery_Count := GVL_STATUS.G_Diagnostics.Sensor_Shadow_Total_Recovery_Count + 1;
    GVL_STATUS.G_Diagnostics.Sensor_Shadow_Methane_Last_Recovery_MS := GVL_STATUS.G_System_Time_MS;
END_IF;

IF (NOT GVL_Safety_Selector.G_Use_Shadow_Smoke) AND L_Shadow_Smoke_Enabled_Prev THEN
    fbLogEvent(
        VI_Event_Type := 25,
        VI_Timestamp := GVL_STATUS.G_System_Time_MS,
        VI_Param1 := 2121,
        VI_Param2 := 0
    );
    GVL_STATUS.G_Diagnostics.Sensor_Shadow_Smoke_Fallback_Count := GVL_STATUS.G_Diagnostics.Sensor_Shadow_Smoke_Fallback_Count + 1;
    GVL_STATUS.G_Diagnostics.Sensor_Shadow_Total_Fallback_Count := GVL_STATUS.G_Diagnostics.Sensor_Shadow_Total_Fallback_Count + 1;
    GVL_STATUS.G_Diagnostics.Sensor_Shadow_Smoke_Last_Fallback_MS := GVL_STATUS.G_System_Time_MS;
END_IF;

IF GVL_Safety_Selector.G_Use_Shadow_Smoke AND (NOT L_Shadow_Smoke_Enabled_Prev) THEN
    fbLogEvent(
        VI_Event_Type := 26,
        VI_Timestamp := GVL_STATUS.G_System_Time_MS,
        VI_Param1 := 2122,
        VI_Param2 := 1
    );
    GVL_STATUS.G_Diagnostics.Sensor_Shadow_Smoke_Recovery_Count := GVL_STATUS.G_Diagnostics.Sensor_Shadow_Smoke_Recovery_Count + 1;
    GVL_STATUS.G_Diagnostics.Sensor_Shadow_Total_Recovery_Count := GVL_STATUS.G_Diagnostics.Sensor_Shadow_Total_Recovery_Count + 1;
    GVL_STATUS.G_Diagnostics.Sensor_Shadow_Smoke_Last_Recovery_MS := GVL_STATUS.G_System_Time_MS;
END_IF;

L_Shadow_CO_Enabled_Prev := GVL_Safety_Selector.G_Use_Shadow_CO;
L_Shadow_Methane_Enabled_Prev := GVL_Safety_Selector.G_Use_Shadow_Methane;
L_Shadow_Smoke_Enabled_Prev := GVL_Safety_Selector.G_Use_Shadow_Smoke;

=== END STEP 224 ===
