]633;E;echo "=== RUN STEP 135 ===";c91143c6-a704-4775-b84b-ecf25abd49a0]633;C=== RUN STEP 135 ===
=== STEP 135: CLASSIFY REMAINING ZERO-REF ROOT OBJECTS ===

=== ZERO-REF ROOT FILES (FILTERED) ===
E_Lifetime_Device_Type.dut | type=.dut | class=OTHER
E_Outdoor_Mode.dut | type=.dut | class=OTHER
E_WEATHER_COMPENSATION_METHOD.dut | type=.dut | class=OTHER
FB_CO_Detector.st | type=.st | class=FUNCTION_BLOCK
FB_Calibration_Manager.st | type=.st | class=FUNCTION_BLOCK
FB_Debug_Logger.st | type=.st | class=TEST_OR_DEBUG
FB_Emergency_Valve_Open.st | type=.st | class=FUNCTION_BLOCK
FB_Exhaust_Ventilation_Controller.st | type=.st | class=FUNCTION_BLOCK
FB_FloorHeating_Freeze_Protection.st | type=.st | class=FUNCTION_BLOCK
FB_FloorHeating_Overheat_Protection.st | type=.st | class=FUNCTION_BLOCK
FB_Gas_Methane_Detector.st | type=.st | class=FUNCTION_BLOCK
FB_Gas_Valve_Controller.st | type=.st | class=FUNCTION_BLOCK
FB_Maintenance_Access.st | type=.st | class=FUNCTION_BLOCK
FB_Manifold_Pump_Controller.st | type=.st | class=FUNCTION_BLOCK
FB_Manual_Valve_Control.st | type=.st | class=FUNCTION_BLOCK
FB_Outdoor_Lighting_Controller.st | type=.st | class=FUNCTION_BLOCK
FB_Pre_Departure_Heating.st | type=.st | class=FUNCTION_BLOCK
FB_Presence_Simulator.st | type=.st | class=FUNCTION_BLOCK
FB_Security_Alarm.st | type=.st | class=FUNCTION_BLOCK
FB_Sensor_Analog_Processing.st | type=.st | class=FUNCTION_BLOCK
FB_Sensor_Calibration.st | type=.st | class=FUNCTION_BLOCK
FB_Sensor_Calibration_Processor.st | type=.st | class=FUNCTION_BLOCK
FB_Sensor_Distribution.st | type=.st | class=FUNCTION_BLOCK
FB_Smoke_Detector.st | type=.st | class=FUNCTION_BLOCK
FB_State_Manager_MVP.st | type=.st | class=TEST_OR_DEBUG
FB_State_Snapshot_Manager.st | type=.st | class=FUNCTION_BLOCK
FB_State_Snapshot_NVRAM.st | type=.st | class=FUNCTION_BLOCK
FB_Supply_Ventilation_Controller.st | type=.st | class=FUNCTION_BLOCK
FB_Trend_Analyzer.st | type=.st | class=FUNCTION_BLOCK
FB_Trend_Logger.st | type=.st | class=FUNCTION_BLOCK
FB_Valve_Test.st | type=.st | class=TEST_OR_DEBUG
FB_Water_Valve_Controller.st | type=.st | class=FUNCTION_BLOCK
FB_Zone_Access_Manager.st | type=.st | class=FUNCTION_BLOCK
GVL_BlackBox.gvl | type=.gvl | class=GLOBAL_VAR_LIST
GVL_DEBUG.gvl | type=.gvl | class=TEST_OR_DEBUG
GVL_MODBUS.gvl | type=.gvl | class=GLOBAL_VAR_LIST
GVL_TIME.gvl | type=.gvl | class=GLOBAL_VAR_LIST
PRG_DryRun_TestRig.st | type=.st | class=TEST_OR_DEBUG
ST_Astro_Time.dut | type=.dut | class=OTHER
ST_FloorHeating_Global_Config.dut | type=.dut | class=OTHER
ST_FloorHeating_Manifold_Config.dut | type=.dut | class=OTHER
ST_Lifetime_Status.dut | type=.dut | class=OTHER
ST_Maintenance_Access_Config.dut | type=.dut | class=OTHER
ST_Rule.dut | type=.dut | class=OTHER
ST_Scenario_Transition_Config.dut | type=.dut | class=OTHER
ST_Security_Zone_State.dut | type=.dut | class=OTHER
ST_System_State_Summary.dut | type=.dut | class=OTHER
ST_Trend_Header.dut | type=.dut | class=OTHER
ST_Trend_History_Record.dut | type=.dut | class=OTHER
ST_TwoFactor_Data.dut | type=.dut | class=OTHER
ST_Ventilation_Unit.dut | type=.dut | class=OTHER
ST_Zone_Sensors.dut | type=.dut | class=OTHER

=== GROUPED ===
--- OTHER ---
E_Lifetime_Device_Type.dut
E_Outdoor_Mode.dut
E_WEATHER_COMPENSATION_METHOD.dut
ST_Astro_Time.dut
ST_FloorHeating_Global_Config.dut
ST_FloorHeating_Manifold_Config.dut
ST_Lifetime_Status.dut
ST_Maintenance_Access_Config.dut
ST_Rule.dut
ST_Scenario_Transition_Config.dut
ST_Security_Zone_State.dut
ST_System_State_Summary.dut
ST_Trend_Header.dut
ST_Trend_History_Record.dut
ST_TwoFactor_Data.dut
ST_Ventilation_Unit.dut
ST_Zone_Sensors.dut

--- FUNCTION_BLOCK ---
FB_CO_Detector.st
FB_Calibration_Manager.st
FB_Emergency_Valve_Open.st
FB_Exhaust_Ventilation_Controller.st
FB_FloorHeating_Freeze_Protection.st
FB_FloorHeating_Overheat_Protection.st
FB_Gas_Methane_Detector.st
FB_Gas_Valve_Controller.st
FB_Maintenance_Access.st
FB_Manifold_Pump_Controller.st
FB_Manual_Valve_Control.st
FB_Outdoor_Lighting_Controller.st
FB_Pre_Departure_Heating.st
FB_Presence_Simulator.st
FB_Security_Alarm.st
FB_Sensor_Analog_Processing.st
FB_Sensor_Calibration.st
FB_Sensor_Calibration_Processor.st
FB_Sensor_Distribution.st
FB_Smoke_Detector.st
FB_State_Snapshot_Manager.st
FB_State_Snapshot_NVRAM.st
FB_Supply_Ventilation_Controller.st
FB_Trend_Analyzer.st
FB_Trend_Logger.st
FB_Water_Valve_Controller.st
FB_Zone_Access_Manager.st

--- TEST_OR_DEBUG ---
FB_Debug_Logger.st
FB_State_Manager_MVP.st
FB_Valve_Test.st
GVL_DEBUG.gvl
PRG_DryRun_TestRig.st

--- GLOBAL_VAR_LIST ---
GVL_BlackBox.gvl
GVL_MODBUS.gvl
GVL_TIME.gvl

=== RECOMMENDED NEXT ACTION ===
TEST_OR_DEBUG -> strong delete candidates
FUNCTION_BLOCK -> manual review
GLOBAL_VAR_LIST -> careful (may be implicitly used)
PROGRAM -> check if unused entrypoints

=== END STEP 135 ===
