steps/2026-04-02
steps/2026-04-02/FINAL_MEGA_STEP.sh
steps/2026-04-02/README.md
steps/2026-04-02/step_02_heating_system_mode_plan.md
steps/2026-04-02/step_03_integrate_system_mode_into_heating.sh
steps/2026-04-02/step_04_wire_system_mode_to_heating.sh
steps/2026-04-02_phase2
steps/2026-04-02_phase2/FINAL_HEATING_PACKAGE.sh
steps/2026-04-02_phase2/README.md
steps/2026-04-02_phase2/step_01_heating_mode_policy_alignment.md
steps/2026-04-02_phase2/step_02_heating_degraded_policy_decision.md
steps/2026-04-02_phase2/step_03_heating_policy_flags.sh
steps/2026-04-02_phase2/step_04_heating_safe_stop_policy_alignment.md
steps/2026-04-02_phase2/step_05_heating_freeze_policy_alignment.md
steps/2026-04-02_phase2/step_06_heating_degraded_policy_limits.md
steps/2026-04-02_phase2/step_07_heating_degraded_policy_apply.sh
steps/2026-04-02_phase2/step_08_heating_policy_cleanup_and_finalize.md
steps/2026-04-03_phase3
steps/2026-04-03_phase3/FINAL_VENTILATION_INSPECT_V1.sh
steps/2026-04-03_phase3/FINAL_VENTILATION_PACKAGE.sh
steps/2026-04-03_phase3/FINAL_VENTILATION_PACKAGE_V10.sh
steps/2026-04-03_phase3/FINAL_VENTILATION_PACKAGE_V11.sh
steps/2026-04-03_phase3/FINAL_VENTILATION_PACKAGE_V2.sh
steps/2026-04-03_phase3/FINAL_VENTILATION_PACKAGE_V3.sh
steps/2026-04-03_phase3/FINAL_VENTILATION_PACKAGE_V4.sh
steps/2026-04-03_phase3/FINAL_VENTILATION_PACKAGE_V5.sh
steps/2026-04-03_phase3/FINAL_VENTILATION_PACKAGE_V7.sh
steps/2026-04-03_phase3/FINAL_VENTILATION_PACKAGE_V8.sh
steps/2026-04-03_phase3/FINAL_VENTILATION_PACKAGE_V9.sh
steps/2026-04-03_phase3/README.md
steps/2026-04-03_phase3/step_01_ventilation_policy_decisions.md
steps/2026-04-03_phase3/step_02_ventilation_policy_flags.sh
steps/2026-04-03_phase3/step_03_ventilation_priority_ladder.md
steps/2026-04-03_phase3/step_04_ventilation_policy_routing.sh
steps/2026-04-03_phase3/step_05_ventilation_priority_alignment.sh
steps/2026-04-03_phase3/step_06_ventilation_wet_zone_alignment.md
steps/2026-04-03_phase3/step_07_ventilation_degraded_limit_config_decision.md
steps/2026-04-03_phase3/step_08_ventilation_config_field_plan.md
steps/2026-04-03_phase3/step_09_ventilation_config_integration.sh
steps/2026-04-03_phase3/step_10_ventilation_wet_zone_clamp.sh
steps/2026-04-03_phase3/step_11_ventilation_finalization_prep.md
steps/2026-04-03_phase3/step_12_ventilation_finalization_recovery.md
steps/2026-04-03_policy_remaining_systems
steps/2026-04-03_policy_remaining_systems/.gitkeep
steps/2026-04-03_policy_remaining_systems/00_SCOPE.md
steps/2026-04-03_policy_remaining_systems/01_audit_policy_targets.py
steps/2026-04-03_policy_remaining_systems/02_policy_contract_template.md
steps/2026-04-03_policy_remaining_systems/03_policy_system_order.md
steps/2026-04-03_policy_remaining_systems/04_contract_gas_smoke.txt
steps/2026-04-03_policy_remaining_systems/05_contract_security.txt
steps/2026-04-03_policy_remaining_systems/06_contract_scenarios.txt
steps/2026-04-03_policy_remaining_systems/07_contract_simulation.txt
steps/2026-04-03_policy_remaining_systems/08_contract_lighting_blinds.txt
steps/2026-04-03_policy_remaining_systems/09_contract_sockets.txt
steps/2026-04-03_policy_remaining_systems/10_contract_operator_access.txt
steps/2026-04-03_policy_remaining_systems/11_contract_outdoor.txt
steps/2026-04-03_policy_remaining_systems/12_aggregator_scope.md
steps/2026-04-03_policy_remaining_systems/13_aggregator_contract.txt
steps/2026-04-03_policy_remaining_systems/14_aggregator_fb_template.st
steps/2026-04-03_policy_remaining_systems/15_consumer_binding_audit.txt
steps/2026-04-03_policy_remaining_systems/16_degradation_source_mapping.txt
steps/2026-04-03_policy_remaining_systems/17_diagnostics_scope.md
steps/2026-04-03_policy_remaining_systems/18_diagnostics_contract.txt
steps/2026-04-03_policy_remaining_systems/19_health_fb_template.st
steps/2026-04-03_policy_remaining_systems/20_root_cause_scope.md
steps/2026-04-03_policy_remaining_systems/21_root_cause_source_scope.md
steps/2026-04-03_policy_remaining_systems/22_docs_tz_audit.md
steps/2026-04-03_policy_remaining_systems/23_code_architecture_audit.md
steps/2026-04-03_policy_remaining_systems/FINAL_AGGREGATOR_PACKAGE.py
steps/2026-04-03_policy_remaining_systems/FINAL_CONSUMER_BINDING_COMPLETION.py
steps/2026-04-03_policy_remaining_systems/FINAL_DEGRADATION_SOURCE_PREP.py
steps/2026-04-03_policy_remaining_systems/FINAL_DOCS_ALIGNMENT.py
steps/2026-04-03_policy_remaining_systems/FINAL_DOCS_FULL_ALIGNMENT.py
steps/2026-04-03_policy_remaining_systems/FINAL_DOCS_FULL_REWRITE.py
steps/2026-04-03_policy_remaining_systems/FINAL_DOCS_REFACTOR.md
steps/2026-04-03_policy_remaining_systems/FINAL_DOCS_SYSTEMS_AND_RULES.py
steps/2026-04-03_policy_remaining_systems/FINAL_HEALTH_INTEGRATION.py
steps/2026-04-03_policy_remaining_systems/FINAL_HEALTH_LAYER_IMPLEMENTATION.py
steps/2026-04-03_policy_remaining_systems/FINAL_HEALTH_LAYER_REPAIR.py
steps/2026-04-03_policy_remaining_systems/FINAL_HEALTH_LAYER_REPAIR_2.py
steps/2026-04-03_policy_remaining_systems/FINAL_HEALTH_RUNTIME_WIRING.py
steps/2026-04-03_policy_remaining_systems/FINAL_POLICY_DEGRADATION_VERIFY.py
steps/2026-04-03_policy_remaining_systems/FINAL_POLICY_INTEGRATION_PACKAGE.py
steps/2026-04-03_policy_remaining_systems/FINAL_POLICY_INTEGRATION_PACKAGE.sh
steps/2026-04-03_policy_remaining_systems/FINAL_PROCESS_ORDER_LOCK.py
steps/2026-04-03_policy_remaining_systems/FINAL_PROCESS_RULES_UPDATE.py
steps/2026-04-03_policy_remaining_systems/FINAL_ROOT_CAUSE_ACK_RESET.py
steps/2026-04-03_policy_remaining_systems/FINAL_ROOT_CAUSE_INTEGRATION.py
steps/2026-04-03_policy_remaining_systems/FINAL_ROOT_CAUSE_SOURCE.py
steps/2026-04-03_policy_remaining_systems/FINAL_STATE_MANAGER_HEALTH_CLEANUP.py
steps/2026-04-03_policy_remaining_systems/FINAL_SYSTEM_DOCS_AND_TZ_APPLY.py
steps/2026-04-03_policy_remaining_systems/FINAL_SYSTEM_DOCS_AND_TZ_REAL_APPLY.py
steps/2026-04-03_policy_remaining_systems/FINAL_TZ_ALIGNMENT.py
steps/2026-04-03_policy_remaining_systems/FINAL_WIRING_POLICY_DEGRADATION.py
steps/2026-04-04_accumulated_fixes
steps/2026-04-04_accumulated_fixes/01_fix_dhw_policy_order.py
steps/2026-04-04_accumulated_fixes/02_fix_ventilation_policy_alignment.md
steps/2026-04-04_accumulated_fixes/03_fix_heating_authority_alignment.md
steps/2026-04-04_accumulated_fixes/04_fix_ventilation_remove_direct_control.py
steps/2026-04-04_accumulated_fixes/05_add_audit_log.md
steps/2026-04-04_accumulated_fixes/06_fix_heating_remove_boiler_stop_direct.py
steps/2026-04-04_accumulated_fixes/07_add_policy_contract_checklist.md
steps/2026-04-04_accumulated_fixes/08_audit_scenario_manager.md
steps/2026-04-04_accumulated_fixes/09_fix_ventilation_remove_real_direct_branches.py
steps/2026-04-04_accumulated_fixes/10_fix_heating_remove_boiler_stop_logic.py
steps/2026-04-04_accumulated_fixes/11_fix_lighting_add_degraded_flag.py
steps/2026-04-04_accumulated_fixes/12_final_readiness_check.md
steps/2026-04-04_accumulated_fixes/13_repair_heating_and_ventilation_syntax.py
steps/2026-04-04_accumulated_fixes/README.md
steps/2026-04-04_detectors_cleanup
steps/2026-04-04_detectors_cleanup/01_smoke_detector_cleanup.py
steps/2026-04-04_detectors_cleanup/02_gas_detector_cleanup.py
steps/2026-04-04_detectors_cleanup/03_co_detector_cleanup.py
steps/2026-04-04_detectors_cleanup_fix
steps/2026-04-04_detectors_cleanup_fix/01_rewrite_smoke_detector_as_signal_only.py
steps/2026-04-04_detectors_cleanup_fix/02_rewrite_gas_methane_detector_as_signal_only.py
steps/2026-04-04_detectors_cleanup_fix/03_rewrite_co_detector_as_levels_only.py
steps/2026-04-04_diagnostics_logging_accumulation
steps/2026-04-04_diagnostics_logging_accumulation/01_diagnostics_logging_audit.md
steps/2026-04-04_diagnostics_logging_accumulation/02_add_mode_and_rootcause_history_bridge.py
steps/2026-04-04_diagnostics_logging_accumulation/03_add_alarm_rootcause_context.py
steps/2026-04-04_diagnostics_logging_accumulation/04_add_blackbox_mode_rootcause_context.py
steps/2026-04-04_diagnostics_logging_accumulation/05_normalize_blackbox_diagnostics_structure.md
steps/2026-04-04_diagnostics_logging_accumulation/06_extend_blackbox_record_and_wiring.py
steps/2026-04-04_diagnostics_logging_accumulation/07_add_alarm_ack_reset_history_bridge.py
steps/2026-04-04_diagnostics_logging_accumulation/08_add_history_dedup_antiflood.py
steps/2026-04-04_diagnostics_logging_accumulation/09_normalize_history_event_metadata.py
steps/2026-04-04_diagnostics_logging_accumulation/10_fix_ack_and_extend_diagnostics_struct.py
steps/2026-04-04_diagnostics_logging_accumulation/11_repair_diagnostics_logging_pipeline.py
steps/2026-04-04_diagnostics_logging_accumulation/12_repair_3_finalize_alarm_and_diagnostics.py
steps/2026-04-04_diagnostics_logging_accumulation/13_merge_agents_md_proposed.md
steps/2026-04-04_diagnostics_logging_accumulation/14_repair_4_resolve_g_diagnostics_type.py
steps/2026-04-04_diagnostics_logging_accumulation/15_repair_5_patch_gvl_status_diagnostics.py
steps/2026-04-04_diagnostics_logging_accumulation/16_repair_6_patch_st_system_diagnostics.py
steps/2026-04-04_diagnostics_logging_accumulation/README.md
steps/2026-04-04_phase4
steps/2026-04-04_phase4/FINAL_CLEANUP_VENT_DHW_V1.sh
steps/2026-04-04_phase4/FINAL_DHW_PACKAGE_V1.sh
steps/2026-04-04_phase4/FINAL_DHW_PACKAGE_V2.sh
steps/2026-04-04_phase4/FINAL_DHW_POLICY_COMPLETION_V1.sh
steps/2026-04-04_phase4/FINAL_HEATING_FREEZE_POLICY_FIX_V1.sh
steps/2026-04-04_phase4/FINAL_HEATING_POLICY_CLEANUP_V1.sh
steps/2026-04-04_phase4/FINAL_VENTILATION_PACKAGE_V2.sh
steps/2026-04-04_phase4/FINAL_VENTILATION_PACKAGE_V3.sh
steps/2026-04-04_phase4/FINAL_VENTILATION_PACKAGE_V4.sh
steps/2026-04-04_phase4/FINAL_VENTILATION_PACKAGE_V5.sh
steps/2026-04-04_phase4/VENTILATION_RECOVERY_REMINDER.md
steps/2026-04-04_phase4/step_01_dhw_system_audit.md
steps/2026-04-04_phase4/step_02_dhw_system_mode_integration.md
steps/2026-04-04_phase4/step_03_dhw_system_mode_integration.sh
steps/2026-04-04_phase4/step_04_dhw_policy_priority_logic.sh
steps/2026-04-04_phase4/step_05_dhw_degraded_policy_decision.md
steps/2026-04-04_phase4/step_06_dhw_policy_logic_prepare.sh
steps/2026-04-04_phase4/step_07_dhw_priority_ladder.md
steps/2026-04-04_phase4/step_08_dhw_target_adjustment_design.md
steps/2026-04-04_phase4/step_09_dhw_power_limitation_design.md
steps/2026-04-04_phase4/step_10_dhw_no_hard_stop_rule.md
steps/2026-04-04_phase4/step_11_dhw_control_flow_design.md
steps/2026-04-04_phase4/vent_v6_patch_cfg.py
steps/2026-04-04_phase4/ventilation_recovery_patch_v2.py
steps/2026-04-04_phase5
steps/2026-04-04_phase5/.keep
steps/2026-04-04_system_health
steps/2026-04-04_system_health/01_extend_existing_fb_system_health.py
steps/2026-04-04_system_health/02_add_health_enums.py
steps/2026-04-04_system_health/03_prepare_state_manager_inputs_safe.py
steps/2026-04-04_system_health/04_update_health_docs.py
steps/2026-04-04_system_health_fix
steps/2026-04-04_system_health_fix/01_create_enums_force.py
steps/2026-04-04_system_health_fix/02_force_extend_health_logic.py
steps/2026-04-04_system_health_fix/03_force_add_state_inputs.py
steps/2026-04-04_system_health_fix/04_rewire_state_manager_to_health.py
steps/2026-04-05_manager_signal_bridge
steps/2026-04-05_manager_signal_bridge/01_add_water_manager_health_bridge_outputs.py
steps/2026-04-05_manager_signal_bridge/02_add_gas_smoke_manager_health_bridge_outputs.py
steps/2026-04-05_manager_signal_bridge_fix
steps/2026-04-05_manager_signal_bridge_fix/01_add_water_manager_health_bridge_outputs_robust.py
steps/2026-04-06_repo_cleanup_tasks
steps/2026-04-06_repo_cleanup_tasks/00_master_refactor_plan.md
steps/2026-04-06_repo_cleanup_tasks/01_refactor_fb_nvram_manager.md
steps/2026-04-06_repo_cleanup_tasks/01_sort_fb_and_dut_inventory.md
steps/2026-04-06_repo_cleanup_tasks/02_fb_dhw_manager_audit.md
steps/2026-04-06_repo_cleanup_tasks/02_refactor_fb_alarm_manager.md
steps/2026-04-06_repo_cleanup_tasks/03_fb_ventilation_manager_audit.md
steps/2026-04-06_repo_cleanup_tasks/03_refactor_fb_rule_engine.md
steps/2026-04-06_repo_cleanup_tasks/04_fb_lighting_blinds_manager_audit.md
steps/2026-04-06_repo_cleanup_tasks/04_refactor_fb_ventilation_manager.md
steps/2026-04-06_repo_cleanup_tasks/05_fb_socket_manager_audit.md
steps/2026-04-06_repo_cleanup_tasks/05_refactor_fb_lighting_manager.md
steps/2026-04-06_repo_cleanup_tasks/06_fb_access_control_audit.md
steps/2026-04-06_repo_cleanup_tasks/06_refactor_fb_dhw_manager.md
steps/2026-04-06_repo_cleanup_tasks/07_fb_io_module_watchdog_audit.md
steps/2026-04-06_repo_cleanup_tasks/07_refactor_fb_socket_manager.md
steps/2026-04-06_repo_cleanup_tasks/08_fb_system_timer_audit.md
steps/2026-04-06_repo_cleanup_tasks/08_refactor_fb_access_control.md
steps/2026-04-06_repo_cleanup_tasks/09_fb_analog_validator_audit.md
steps/2026-04-06_repo_cleanup_tasks/09_refactor_fb_history_blackbox.md
steps/2026-04-06_repo_cleanup_tasks/10_dut_rebuild_strategy.md
steps/2026-04-06_repo_cleanup_tasks/10_fb_accesscode_manager_audit.md
steps/2026-04-06_repo_cleanup_tasks/11_fb_nvram_manager_audit.md
steps/2026-04-06_repo_cleanup_tasks/12_fb_blackbox_recorder_audit.md
steps/2026-04-06_repo_cleanup_tasks/13_fb_history_manager_audit.md
steps/2026-04-06_repo_cleanup_tasks/14_fb_alarm_manager_audit.md
steps/2026-04-06_repo_cleanup_tasks/15_fb_safety_manager_audit.md
steps/2026-04-06_repo_cleanup_tasks/16_fb_system_health_audit.md
steps/2026-04-06_repo_cleanup_tasks/apply_02_second_fb_cleanup.py
steps/2026-04-06_repo_cleanup_tasks/apply_03_active_dut_snapshot.py
steps/2026-04-06_repo_cleanup_tasks/apply_04_park_unused_dut.py
steps/2026-04-06_repo_cleanup_tasks/apply_05_classify_active_dut.py
steps/2026-04-06_repo_cleanup_tasks/apply_06_prepare_rebuild_first_dut_workspace.py
steps/2026-04-06_repo_cleanup_tasks/apply_07_harden_rebuild_workspace.py
steps/2026-04-06_repo_cleanup_tasks/apply_08_prepare_rule_engine_adapter_draft.py
steps/2026-04-06_repo_cleanup_tasks/apply_09_prepare_rule_engine_reverse_adapter.py
steps/2026-04-06_repo_cleanup_tasks/apply_100_integrate_systemhealth_into_corekernel_shadow.py
steps/2026-04-06_repo_cleanup_tasks/apply_101_prepare_statemanager_shadow_slice.py
steps/2026-04-06_repo_cleanup_tasks/apply_102_integrate_statemanager_into_corekernel_shadow.py
steps/2026-04-06_repo_cleanup_tasks/apply_103_prepare_corekernel_shadow_comparison.py
steps/2026-04-06_repo_cleanup_tasks/apply_104_prepare_corekernel_shadow_outputs.py
steps/2026-04-06_repo_cleanup_tasks/apply_105_integrate_shadow_outputs_into_corekernel.py
steps/2026-04-06_repo_cleanup_tasks/apply_106_repair_corekernel_shadow_outputs_split.py
steps/2026-04-06_repo_cleanup_tasks/apply_107_prepare_corekernel_comparison_flags.py
steps/2026-04-06_repo_cleanup_tasks/apply_108_integrate_corekernel_comparison_flags.py
steps/2026-04-06_repo_cleanup_tasks/apply_109_repair_corekernel_comparison_semantics.py
steps/2026-04-06_repo_cleanup_tasks/apply_10_prepare_rule_engine_runtime_hook_draft.py
steps/2026-04-06_repo_cleanup_tasks/apply_110_repair_corekernel_legacy_input_declaration.py
steps/2026-04-06_repo_cleanup_tasks/apply_111_prepare_corekernel_comparison_harness.py
steps/2026-04-06_repo_cleanup_tasks/apply_112_discover_legacy_path_ready_source.py
steps/2026-04-06_repo_cleanup_tasks/apply_113_select_first_legacy_path_ready_source.py
steps/2026-04-06_repo_cleanup_tasks/apply_114_discover_plc_a_b_roles_and_failover_links.py
steps/2026-04-06_repo_cleanup_tasks/apply_115_gate_comparison_by_active_plc.py
steps/2026-04-06_repo_cleanup_tasks/apply_116_wire_active_plc_into_comparison.py
steps/2026-04-06_repo_cleanup_tasks/apply_117_prepare_first_live_comparison_binding.py
steps/2026-04-06_repo_cleanup_tasks/apply_118_add_corekernel_live_observer_into_prg_system.py
steps/2026-04-06_repo_cleanup_tasks/apply_119_patch_prg_system_add_live_observer_safe.py
steps/2026-04-06_repo_cleanup_tasks/apply_11_prepare_rule_engine_staging_clone.py
steps/2026-04-06_repo_cleanup_tasks/apply_120_copy_xml_to_sandbox.py
steps/2026-04-06_repo_cleanup_tasks/apply_121_patch_sandbox_fb_astro_timer_body.py
steps/2026-04-06_repo_cleanup_tasks/apply_122_diagnose_sandbox_fb_astro_timer_patch.py
steps/2026-04-06_repo_cleanup_tasks/apply_123_extract_fb_astro_timer_xml_diff.py
steps/2026-04-06_repo_cleanup_tasks/apply_124_patch_sandbox_fb_astro_timer_impl_only.py
steps/2026-04-06_repo_cleanup_tasks/apply_125_patch_xml_pou_impl_generic.py
steps/2026-04-06_repo_cleanup_tasks/apply_126_sync_all_xml_pou_impls.py
steps/2026-04-06_repo_cleanup_tasks/apply_127_fix_bulk_sync_scope_and_matching.py
steps/2026-04-06_repo_cleanup_tasks/apply_128_inventory_xml_dut_types.py
steps/2026-04-06_repo_cleanup_tasks/apply_129_sync_missing_dut_types_into_xml.py
steps/2026-04-06_repo_cleanup_tasks/apply_12_prepare_rule_engine_active_migration_package.py
steps/2026-04-06_repo_cleanup_tasks/apply_130_sync_dut_types_template_based.py
steps/2026-04-06_repo_cleanup_tasks/apply_131_extract_xml_pou_names.py
steps/2026-04-06_repo_cleanup_tasks/apply_132_scan_hml_structure.py
steps/2026-04-06_repo_cleanup_tasks/apply_133_scan_hml_for_fb_blocks.py
steps/2026-04-06_repo_cleanup_tasks/apply_134_add_anchor_to_st.py
steps/2026-04-06_repo_cleanup_tasks/apply_135_add_anchor_to_impl.py
steps/2026-04-06_repo_cleanup_tasks/apply_136_add_anchor_to_end.py
steps/2026-04-06_repo_cleanup_tasks/apply_137_add_bulk_anchor_to_fb_end.py
steps/2026-04-06_repo_cleanup_tasks/apply_138_build_missing_pou_priority_report.py
steps/2026-04-06_repo_cleanup_tasks/apply_139_insert_missing_must_have_pous_template_based.py
steps/2026-04-06_repo_cleanup_tasks/apply_13_patch_rule_engine_phase1.py
steps/2026-04-06_repo_cleanup_tasks/apply_13b_fix_rule_engine_phase1_patch.py
steps/2026-04-06_repo_cleanup_tasks/apply_140_extract_pou_templates_for_interface_study.py
steps/2026-04-06_repo_cleanup_tasks/apply_141_build_interface_preview_from_st.py
steps/2026-04-06_repo_cleanup_tasks/apply_142_build_interface_xml_from_st.py
steps/2026-04-06_repo_cleanup_tasks/apply_143_fix_interface_parser_preview.py
steps/2026-04-06_repo_cleanup_tasks/apply_144_fix_interface_parser_initializers_and_strings.py
steps/2026-04-06_repo_cleanup_tasks/apply_145_insert_simple_pou_with_generated_interface.py
steps/2026-04-06_repo_cleanup_tasks/apply_146_clone_pou_from_template.py
steps/2026-04-06_repo_cleanup_tasks/apply_147_fix_xhtml_namespace.py
steps/2026-04-06_repo_cleanup_tasks/apply_148_clone_watchdog_from_clean_template.py
steps/2026-04-06_repo_cleanup_tasks/apply_149_bulk_clone_all_fb.py
steps/2026-04-06_repo_cleanup_tasks/apply_14_patch_rule_engine_phase2_validation.py
steps/2026-04-06_repo_cleanup_tasks/apply_150_bulk_clone_all_fb_verified.py
steps/2026-04-06_repo_cleanup_tasks/apply_151_bulk_clone_all_dut_verified.py
steps/2026-04-06_repo_cleanup_tasks/apply_152_run_dut_clone_with_repo_log.py
steps/2026-04-06_repo_cleanup_tasks/apply_153_bulk_clone_dut_fixed.py
steps/2026-04-06_repo_cleanup_tasks/apply_154_force_all_dut.py
steps/2026-04-06_repo_cleanup_tasks/apply_155_strict_insert.py
steps/2026-04-06_repo_cleanup_tasks/apply_156_bulk_clone_all_fb_param.py
steps/2026-04-06_repo_cleanup_tasks/apply_15_patch_rule_engine_phase3_shadow.py
steps/2026-04-06_repo_cleanup_tasks/apply_16_patch_rule_engine_phase4_switch_scaffold.py
steps/2026-04-06_repo_cleanup_tasks/apply_17_alarm_full_migration_package.py
steps/2026-04-06_repo_cleanup_tasks/apply_18_alarm_adapters_and_compatibility.py
steps/2026-04-06_repo_cleanup_tasks/apply_19_alarm_runtime_hook_phase1.py
steps/2026-04-06_repo_cleanup_tasks/apply_19b_fix_alarm_phase1_patch.py
steps/2026-04-06_repo_cleanup_tasks/apply_201_find_fb_var_in_code.py
steps/2026-04-06_repo_cleanup_tasks/apply_202_rebuild_fb_from_var.py
steps/2026-04-06_repo_cleanup_tasks/apply_20_alarm_phase2_phase3.py
steps/2026-04-06_repo_cleanup_tasks/apply_20b_fix_alarm_phase2_phase3.py
steps/2026-04-06_repo_cleanup_tasks/apply_21_alarm_phase4_switch_scaffold.py
steps/2026-04-06_repo_cleanup_tasks/apply_22_prepare_alarm_v2_core_skeleton.py
steps/2026-04-06_repo_cleanup_tasks/apply_23_prepare_alarm_pending_queue_extraction.py
steps/2026-04-06_repo_cleanup_tasks/apply_24_alarm_staging_integration.py
steps/2026-04-06_repo_cleanup_tasks/apply_24b_fix_alarm_runtime_state_init.py
steps/2026-04-06_repo_cleanup_tasks/apply_24c_fix_alarm_var_section.py
steps/2026-04-06_repo_cleanup_tasks/apply_25_alarm_shadow_comparison.py
steps/2026-04-06_repo_cleanup_tasks/apply_25b_fix_alarm_shadow_init_placement.py
steps/2026-04-06_repo_cleanup_tasks/apply_26_prepare_history_blackbox_v2_package.py
steps/2026-04-06_repo_cleanup_tasks/apply_27_alarm_to_history_v2_shadow_bridge.py
steps/2026-04-06_repo_cleanup_tasks/apply_28_blackbox_v2_shadow_bridge.py
steps/2026-04-06_repo_cleanup_tasks/apply_29_history_blackbox_shadow_validation.py
steps/2026-04-06_repo_cleanup_tasks/apply_30_enable_v2_pipeline_guarded.py
steps/2026-04-06_repo_cleanup_tasks/apply_30b_enable_v2_pipeline_guarded_robust.py
steps/2026-04-06_repo_cleanup_tasks/apply_31_write_migration_summary.md
steps/2026-04-06_repo_cleanup_tasks/apply_32_prepare_ventilation_v2_package.py
steps/2026-04-06_repo_cleanup_tasks/apply_33_prepare_ventilation_extraction_package.py
steps/2026-04-06_repo_cleanup_tasks/apply_34_prepare_ventilation_staging_package.py
steps/2026-04-06_repo_cleanup_tasks/apply_35_prepare_ventilation_runtime_shadow_plan.md
steps/2026-04-06_repo_cleanup_tasks/apply_36_integrate_ventilation_shadow_runtime.py
steps/2026-04-06_repo_cleanup_tasks/apply_37_ventilation_shadow_validation.py
steps/2026-04-06_repo_cleanup_tasks/apply_38_enable_ventilation_v2_guarded.py
steps/2026-04-06_repo_cleanup_tasks/apply_39_prepare_heating_v2_package.py
steps/2026-04-06_repo_cleanup_tasks/apply_40_prepare_heating_extraction_package.py
steps/2026-04-06_repo_cleanup_tasks/apply_41_prepare_heating_staging_package.py
steps/2026-04-06_repo_cleanup_tasks/apply_42_integrate_heating_shadow_runtime.py
steps/2026-04-06_repo_cleanup_tasks/apply_43_fix_heating_shadow_integration.py
steps/2026-04-06_repo_cleanup_tasks/apply_44_heating_shadow_repair_strict.py
steps/2026-04-06_repo_cleanup_tasks/apply_45_heating_shadow_final_fix.py
steps/2026-04-06_repo_cleanup_tasks/apply_46_heating_shadow_cleanup_top_and_call.py
steps/2026-04-06_repo_cleanup_tasks/apply_47b_heating_add_call_force.py
steps/2026-04-06_repo_cleanup_tasks/apply_48_heating_shadow_validation.py
steps/2026-04-06_repo_cleanup_tasks/apply_49_enable_heating_v2_guarded.py
steps/2026-04-06_repo_cleanup_tasks/apply_50_prepare_dhw_v2_package.py
steps/2026-04-06_repo_cleanup_tasks/apply_51_dhw_extraction_scaffold.py
steps/2026-04-06_repo_cleanup_tasks/apply_52_prepare_dhw_staging_package.py
steps/2026-04-06_repo_cleanup_tasks/apply_53_dhw_shadow_integration.py
steps/2026-04-06_repo_cleanup_tasks/apply_54_dhw_shadow_repair_strict.py
steps/2026-04-06_repo_cleanup_tasks/apply_55_dhw_shadow_add_call_only.py
steps/2026-04-06_repo_cleanup_tasks/apply_56_dhw_shadow_validation.py
steps/2026-04-06_repo_cleanup_tasks/apply_57_enable_dhw_v2_guarded.py
steps/2026-04-06_repo_cleanup_tasks/apply_58_prepare_lighting_v2_package.py
steps/2026-04-06_repo_cleanup_tasks/apply_59_lighting_extraction_scaffold.py
steps/2026-04-06_repo_cleanup_tasks/apply_60_prepare_lighting_staging_package.py
steps/2026-04-06_repo_cleanup_tasks/apply_61_lighting_shadow_integration.py
steps/2026-04-06_repo_cleanup_tasks/apply_62_discover_lighting_runtime_file.py
steps/2026-04-06_repo_cleanup_tasks/apply_63_lighting_shadow_integration_real_runtime.py
steps/2026-04-06_repo_cleanup_tasks/apply_64_lighting_shadow_validation.py
steps/2026-04-06_repo_cleanup_tasks/apply_65_enable_lighting_v2_guarded.py
steps/2026-04-06_repo_cleanup_tasks/apply_66_cleanup_phase2_unify_and_fix_lighting_scene_id.py
steps/2026-04-06_repo_cleanup_tasks/apply_67_prepare_socket_v2_package.py
steps/2026-04-06_repo_cleanup_tasks/apply_68_socket_extraction_scaffold.py
steps/2026-04-06_repo_cleanup_tasks/apply_69_prepare_socket_staging_package.py
steps/2026-04-06_repo_cleanup_tasks/apply_70_discover_socket_runtime_file.py
steps/2026-04-06_repo_cleanup_tasks/apply_71_socket_shadow_integration.py
steps/2026-04-06_repo_cleanup_tasks/apply_72_socket_shadow_validation.py
steps/2026-04-06_repo_cleanup_tasks/apply_73_enable_socket_v2_guarded.py
steps/2026-04-06_repo_cleanup_tasks/apply_74_prepare_blinds_v2_package.py
steps/2026-04-06_repo_cleanup_tasks/apply_75_blinds_extraction_scaffold.py
steps/2026-04-06_repo_cleanup_tasks/apply_76_prepare_blinds_staging_package.py
steps/2026-04-06_repo_cleanup_tasks/apply_77_discover_blinds_runtime.py
steps/2026-04-06_repo_cleanup_tasks/apply_78_blinds_shadow_integration.py
steps/2026-04-06_repo_cleanup_tasks/apply_79_enable_blinds_v2_guarded.py
steps/2026-04-06_repo_cleanup_tasks/apply_80_prepare_system_layer_cleanup_plan.py
steps/2026-04-06_repo_cleanup_tasks/apply_81_system_entrypoint_discovery.py
steps/2026-04-06_repo_cleanup_tasks/apply_82_system_entrypoint_filtering.py
steps/2026-04-06_repo_cleanup_tasks/apply_83_main_call_map_discovery.py
steps/2026-04-06_repo_cleanup_tasks/apply_84_prg_system_call_map_discovery.py
steps/2026-04-06_repo_cleanup_tasks/apply_85_prg_system_section_inventory.py
steps/2026-04-06_repo_cleanup_tasks/apply_86_define_prg_system_modules.py
steps/2026-04-06_repo_cleanup_tasks/apply_87_prepare_prg_system_split_scaffold.py
steps/2026-04-06_repo_cleanup_tasks/apply_88_extract_core_kernel_stub.py
steps/2026-04-06_repo_cleanup_tasks/apply_89_prepare_core_kernel_shadow_stub.py
steps/2026-04-06_repo_cleanup_tasks/apply_90_prg_system_core_kernel_mapping_discovery.py
steps/2026-04-06_repo_cleanup_tasks/apply_91_core_kernel_boundary_report.py
steps/2026-04-06_repo_cleanup_tasks/apply_92_core_kernel_shadow_execution_stub.py
steps/2026-04-06_repo_cleanup_tasks/apply_93_prepare_redundancy_shadow_slice.py
steps/2026-04-06_repo_cleanup_tasks/apply_94_integrate_redundancy_into_corekernel_shadow.py
steps/2026-04-06_repo_cleanup_tasks/apply_95_repair_corekernel_stub_and_redundancy_integration.py
steps/2026-04-06_repo_cleanup_tasks/apply_96_prepare_safety_shadow_slice.py
steps/2026-04-06_repo_cleanup_tasks/apply_97_integrate_safety_into_corekernel_shadow.py
steps/2026-04-06_repo_cleanup_tasks/apply_98_prepare_watchdog_health_shadow_slices.py
steps/2026-04-06_repo_cleanup_tasks/apply_99_integrate_watchdog_into_corekernel_shadow.py
steps/2026-04-06_repo_cleanup_tasks/report_62_lighting_runtime_candidates.txt
steps/2026-04-06_repo_cleanup_tasks/report_66_phase2_cleanup_status.txt
steps/2026-04-06_repo_cleanup_tasks/report_70_socket_runtime_candidates.txt
steps/2026-04-06_repo_cleanup_tasks/report_77_blinds_runtime.txt
steps/2026-04-06_repo_cleanup_tasks/reports
steps/2026-04-07_root_code_comments
steps/2026-04-07_root_code_comments/.keep
steps/2026-04-07_root_code_comments/01_backup_root_files.py
steps/2026-04-07_root_code_comments/01_note.txt
steps/2026-04-07_root_code_comments/save_2026-04-07
steps/MASTER_PIPELINE
steps/MASTER_PIPELINE/001_BASE.xml
steps/MASTER_PIPELINE/001_universal.log
steps/MASTER_PIPELINE/001_universal_pou_builder.log
steps/MASTER_PIPELINE/001_universal_pou_builder.py
steps/MASTER_PIPELINE/001_universal_pou_gvl.log
steps/MASTER_PIPELINE/001_universal_pou_gvl_builder.py
steps/MASTER_PIPELINE/003_GVL_BASELINE_INPUT.xml
steps/MASTER_PIPELINE/003_RESULT.xml
steps/MASTER_PIPELINE/003_import_gvl.py
steps/MASTER_PIPELINE/004_RESULT.xml
steps/MASTER_PIPELINE/004_import_dut.log
steps/MASTER_PIPELINE/004_import_dut.py
steps/MASTER_PIPELINE/004_import_dut_run.log
steps/MASTER_PIPELINE/004_import_dut_v11.log
steps/MASTER_PIPELINE/004_precheck_dut.log
steps/MASTER_PIPELINE/005_PLAN.txt
steps/MASTER_PIPELINE/005_PRG_PLAN.txt
steps/MASTER_PIPELINE/005_RESULT.xml
steps/MASTER_PIPELINE/005_import_prg.log
steps/MASTER_PIPELINE/005_import_prg.py
steps/MASTER_PIPELINE/005_import_prg_v2.log
steps/MASTER_PIPELINE/005_import_prg_v2.py
steps/MASTER_PIPELINE/INIT.txt
steps/MASTER_PIPELINE/PRG.xml
steps/MASTER_PIPELINE/__pycache__
steps/MASTER_PIPELINE/archive_legacy_004
steps/MASTER_PIPELINE/archive_logs
steps/MASTER_PIPELINE/build_project.py
steps/MASTER_PIPELINE/build_project_cli.py
steps/MASTER_PIPELINE/build_project_v2.py
steps/MASTER_PIPELINE/lib_codegen.py
steps/MASTER_PIPELINE/logs
steps/MASTER_PIPELINE/out
steps/MASTER_PIPELINE/Система умного дома.xml
steps/README.md
steps/old
steps/old/step_24_store_last_good_dhw_temp.py
steps/old/step_25_dhw_error_model_cleanup.py
steps/old/step_26_heating_boiler_final_cleanup.py
steps/old/step_27_prevent_dhw_legionella_retrigger.py
steps/old/step_28_dhw_io_status_as_input.py
steps/old/step_29_finalize_dhw_status_model.py
steps/old/step_30_introduce_safety_system_core.py
steps/old/step_31_apply_emergency_stop_to_heating_and_dhw.py
steps/old/step_32_add_gas_freeze_protection_mode.py
steps/old/step_33_safety_latch_and_manual_reset.py
steps/old/step_34_normalize_safety_state_sources.py
steps/old/step_35_safety_priority_and_latched_commands.py
steps/old/step_35a_update_tz_safety_architecture.py
steps/old/step_36_normalize_ventilation_safety_interface.py
steps/old/step_36a_update_tz_ventilation_safety.py
steps/old/step_37_normalize_scenario_request_flow.py
steps/old/step_37a_update_tz_scenario_architecture.py
steps/old/step_38_add_system_operating_mode.py
steps/old/step_38a_update_tz_operating_modes.py
steps/old/step_39_apply_operating_modes_to_scenarios_and_simulation.py
steps/old/step_39a_update_tz_modes_application.py
steps/old/step_40_add_hmi_mode_diagnostics.py
steps/old/step_42_directional_evacuation.py
steps/old/step_43_make_evacuation_mapping_configurable.py
steps/old/step_44_add_named_evacuation_zones.py
steps/old/step_45_unlock_electronic_locks_on_evacuation.py
steps/old_root_steps
steps/step_23_remove_unreachable_dhw_active_else.py
steps/step_47_normalize_backup_heat_io_control.py
steps/step_47a_update_tz_freeze_hardware_io.py
steps/step_48_add_freeze_hardware_feedback.py
steps/step_49_add_freeze_hardware_retry_and_maintenance.py
steps/step_50_escalate_freeze_hardware_faults.py
steps/step_50a_update_tz_freeze_fault_model.py
steps/step_51_integrate_freeze_faults_into_modes.py
steps/step_52_add_freeze_hardware_event_logging.py
steps/step_52a_document_backup_pump_periodic_exercise.py
steps/step_53_add_periodic_pump_exercise.py
steps/step_54_add_pump_exercise_feedback_monitoring.py
steps/step_55_expand_pump_exercise_monitoring.py
steps/step_56_add_pump_exercise_counters_and_debounce.py
steps/step_57_add_pump_exercise_event_journal.py
steps/step_58_integrate_pump_exercise_with_maintenance.py
steps/step_59_add_maintenance_mode_for_equipment.py
steps/step_60_add_addressable_maintenance_mode.py
steps/step_61_add_hmi_control_for_maintenance_mode.py
steps/step_62_add_operator_safety_protection.py
steps/step_63_add_hard_revert_for_invalid_operator_actions.py
steps/step_64_add_operator_action_journal.py
steps/step_65_add_confirmation_for_dangerous_actions.py
steps/step_66_add_operator_roles_and_access_levels.py
steps/step_66a_controlled_reopen_after_alarm_design.py
steps/step_67_controlled_valve_reopen_after_alarm.py
steps/step_68_add_smart_valve_test_validation.py
steps/step_69_split_water_and_gas_test_modes.py
steps/step_70_add_zone_aware_alarm_and_test_logic.py
steps/step_71_add_selective_zone_recovery_logic.py
steps/step_72_add_physical_selective_water_recovery.py
steps/step_73_1_refine_valve_exercise_window_and_logic.py
steps/step_73_add_ball_valve_feedback_and_exercise.py
steps/step_74_add_fail_safe_for_water_valve_close_faults.py
steps/step_75_add_water_valve_close_retry_logic.py
steps/step_76_refine_water_escalation_by_real_leak_context.py
steps/step_900_full_integration_apply.py
