COPIED	archive/parked_dut/unused/E_Debug_Log_Level.dut	E_Debug_Log_Level.dut
COPIED	archive/parked_dut/unused/E_Lifetime_Device_Type.dut	E_Lifetime_Device_Type.dut
COPIED	archive/parked_dut/unused/E_Outdoor_Mode.dut	E_Outdoor_Mode.dut
COPIED	archive/parked_dut/unused/E_SENSOR_TYPE.dut	E_SENSOR_TYPE.dut
COPIED	archive/parked_dut/unused/E_Trend_Parameter_Type.dut	E_Trend_Parameter_Type.dut
COPIED	archive/parked_dut/unused/E_VALVE_TYPE.dut	E_VALVE_TYPE.dut
COPIED	archive/parked_dut/unused/E_VENTILATION_LOCATION.dut	E_VENTILATION_LOCATION.dut
COPIED	archive/parked_dut/unused/E_VENTILATION_UNIT_TYPE.dut	E_VENTILATION_UNIT_TYPE.dut
COPIED	archive/parked_dut/unused/E_Valve_Test_Result.dut	E_Valve_Test_Result.dut
COPIED	archive/parked_dut/unused/E_WEATHER_COMPENSATION_METHOD.dut	E_WEATHER_COMPENSATION_METHOD.dut
COPIED	archive/parked_dut/unused/E_Zone_Access_Level.dut	E_Zone_Access_Level.dut
COPIED	archive/parked_dut/unused/ST_Astro_Time.dut	ST_Astro_Time.dut
COPIED	archive/parked_dut/unused/ST_Component_Maintenance.dut	ST_Component_Maintenance.dut
COPIED	archive/parked_dut/unused/ST_Debug_Log_Record.dut	ST_Debug_Log_Record.dut
COPIED	archive/parked_dut/unused/ST_Debug_Logger_Config.dut	ST_Debug_Logger_Config.dut
COPIED	archive/parked_dut/unused/ST_Device_Health.dut	ST_Device_Health.dut
COPIED	archive/parked_dut/unused/ST_Flood_Config.dut	ST_Flood_Config.dut
COPIED	archive/parked_dut/unused/ST_FloorHeating_Global_Config.dut	ST_FloorHeating_Global_Config.dut
COPIED	archive/parked_dut/unused/ST_FloorHeating_Manifold_Config.dut	ST_FloorHeating_Manifold_Config.dut
COPIED	archive/parked_dut/unused/ST_Gas_Valve_Configuration.dut	ST_Gas_Valve_Configuration.dut
COPIED	archive/parked_dut/unused/ST_Lifetime_Status.dut	ST_Lifetime_Status.dut
COPIED	archive/parked_dut/unused/ST_Maintenance_Access_Config.dut	ST_Maintenance_Access_Config.dut
COPIED	archive/parked_dut/unused/ST_Operator_Zone_Rights.dut	ST_Operator_Zone_Rights.dut
COPIED	archive/parked_dut/unused/ST_Outdoor_Zone_Config.dut	ST_Outdoor_Zone_Config.dut
COPIED	archive/parked_dut/unused/ST_Owen_Analog_Value.dut	ST_Owen_Analog_Value.dut
COPIED	archive/parked_dut/unused/ST_Scenario_Transition_Config.dut	ST_Scenario_Transition_Config.dut
COPIED	archive/parked_dut/unused/ST_Security_Zone_State.dut	ST_Security_Zone_State.dut
COPIED	archive/parked_dut/unused/ST_Sensor_Calibration_Record.dut	ST_Sensor_Calibration_Record.dut
COPIED	archive/parked_dut/unused/ST_State_Snapshot.dut	ST_State_Snapshot.dut
COPIED	archive/parked_dut/unused/ST_System_Diagnostics.dut	ST_System_Diagnostics.dut
COPIED	archive/parked_dut/unused/ST_System_State_Summary.dut	ST_System_State_Summary.dut
COPIED	archive/parked_dut/unused/ST_Trend_Config.dut	ST_Trend_Config.dut
COPIED	archive/parked_dut/unused/ST_Trend_Data.dut	ST_Trend_Data.dut
COPIED	archive/parked_dut/unused/ST_Trend_Header.dut	ST_Trend_Header.dut
COPIED	archive/parked_dut/unused/ST_Trend_History_Record.dut	ST_Trend_History_Record.dut
COPIED	archive/parked_dut/unused/ST_TwoFactor_Auth_State.dut	ST_TwoFactor_Auth_State.dut
COPIED	archive/parked_dut/unused/ST_TwoFactor_Data.dut	ST_TwoFactor_Data.dut
COPIED	archive/parked_dut/unused/ST_Ventilation_Config.dut	ST_Ventilation_Config.dut
COPIED	archive/parked_dut/unused/ST_Ventilation_Scenario_Mode.dut	ST_Ventilation_Scenario_Mode.dut
COPIED	archive/parked_dut/unused/ST_Ventilation_Unit.dut	ST_Ventilation_Unit.dut
COPIED	archive/parked_dut/unused/ST_Ventilation_Unit_Config.dut	ST_Ventilation_Unit_Config.dut
COPIED	archive/parked_dut/unused/ST_Zone_Sensors.dut	ST_Zone_Sensors.dut
COPIED	archive/parked_fb/draft/heating/FB_Boiler_OpenTherm_Interface.st	FB_Boiler_OpenTherm_Interface.st
COPIED	archive/parked_fb/draft/heating/FB_FloorHeating_Controller.st	FB_FloorHeating_Controller.st
COPIED	archive/parked_fb/draft/heating/FB_FloorHeating_Freeze_Protection.st	FB_FloorHeating_Freeze_Protection.st
COPIED	archive/parked_fb/draft/heating/FB_FloorHeating_Overheat_Protection.st	FB_FloorHeating_Overheat_Protection.st
COPIED	archive/parked_fb/draft/heating/FB_Manifold_Pump_Controller.st	FB_Manifold_Pump_Controller.st
COPIED	archive/parked_fb/draft/infrastructure/FB_Debug_Logger.st	FB_Debug_Logger.st
COPIED	archive/parked_fb/draft/infrastructure/FB_Device_Predictive_Diag.st	FB_Device_Predictive_Diag.st
COPIED	archive/parked_fb/draft/infrastructure/FB_Lifetime_Predictor.st	FB_Lifetime_Predictor.st
COPIED	archive/parked_fb/draft/infrastructure/FB_PLC_Heartbeat.st	FB_PLC_Heartbeat.st
COPIED	archive/parked_fb/draft/infrastructure/FB_State_Snapshot_Manager.st	FB_State_Snapshot_Manager.st
COPIED	archive/parked_fb/draft/infrastructure/FB_State_Snapshot_NVRAM.st	FB_State_Snapshot_NVRAM.st
COPIED	archive/parked_fb/draft/infrastructure/FB_Trend_Analyzer.st	FB_Trend_Analyzer.st
COPIED	archive/parked_fb/draft/infrastructure/FB_Trend_Logger.st	FB_Trend_Logger.st
COPIED	archive/parked_fb/draft/sensors/FB_Calibration_Manager.st	FB_Calibration_Manager.st
COPIED	archive/parked_fb/draft/sensors/FB_Sensor_Analog_Processing.st	FB_Sensor_Analog_Processing.st
COPIED	archive/parked_fb/draft/sensors/FB_Sensor_Calibration.st	FB_Sensor_Calibration.st
COPIED	archive/parked_fb/draft/sensors/FB_Sensor_Calibration_Processor.st	FB_Sensor_Calibration_Processor.st
COPIED	archive/parked_fb/draft/sensors/FB_Sensor_Distribution.st	FB_Sensor_Distribution.st
COPIED	archive/parked_fb/draft/utils/FB_CRC32_Calculator.st	FB_CRC32_Calculator.st
COPIED	archive/parked_fb/draft/utils/FB_HMAC_SHA1.st	FB_HMAC_SHA1.st
COPIED	archive/parked_fb/draft/utils/FB_Random_Generator.st	FB_Random_Generator.st
COPIED	archive/parked_fb/draft/utils/FB_SHA1.st	FB_SHA1.st
COPIED	archive/parked_fb/draft/ventilation/FB_Exhaust_Ventilation_Controller.st	FB_Exhaust_Ventilation_Controller.st
COPIED	archive/parked_fb/draft/ventilation/FB_Supply_Ventilation_Controller.st	FB_Supply_Ventilation_Controller.st
COPIED	archive/parked_fb/legacy/detectors/FB_CO_Detector.st	FB_CO_Detector.st
COPIED	archive/parked_fb/legacy/detectors/FB_Gas_Methane_Detector.st	FB_Gas_Methane_Detector.st
COPIED	archive/parked_fb/legacy/detectors/FB_Smoke_Detector.st	FB_Smoke_Detector.st
COPIED	archive/parked_fb/legacy/simulation/FB_Presence_Playback.st	FB_Presence_Playback.st
COPIED	archive/parked_fb/legacy/simulation/FB_Presence_Simulator.st	FB_Presence_Simulator.st
COPIED	archive/parked_fb/legacy/valves/FB_Emergency_Valve_Open.st	FB_Emergency_Valve_Open.st
COPIED	archive/parked_fb/legacy/valves/FB_Gas_Valve_Controller.st	FB_Gas_Valve_Controller.st
COPIED	archive/parked_fb/legacy/valves/FB_Manual_Valve_Control.st	FB_Manual_Valve_Control.st
COPIED	archive/parked_fb/legacy/valves/FB_Valve_Test.st	FB_Valve_Test.st
COPIED	archive/parked_fb/legacy/valves/FB_Valve_Test_Manager.st	FB_Valve_Test_Manager.st
COPIED	archive/parked_fb/legacy/valves/FB_Water_Valve_Controller.st	FB_Water_Valve_Controller.st
COPIED	archive/parked_fb/unclear/FB_Boiler_Cascade_Manager.st	FB_Boiler_Cascade_Manager.st
COPIED	archive/parked_fb/unclear/FB_Command_Deduplication.st	FB_Command_Deduplication.st
COPIED	archive/parked_fb/unclear/FB_Maintenance_Access.st	FB_Maintenance_Access.st
COPIED	archive/parked_fb/unclear/FB_Outdoor_Lighting_Controller.st	FB_Outdoor_Lighting_Controller.st
COPIED	archive/parked_fb/unclear/FB_Pre_Departure_Heating.st	FB_Pre_Departure_Heating.st
COPIED	archive/parked_fb/unclear/FB_Scenario_Transition_Controller.st	FB_Scenario_Transition_Controller.st
COPIED	archive/parked_fb/unclear/FB_Security_Alarm.st	FB_Security_Alarm.st
COPIED	archive/parked_fb/unclear/FB_State_Manager_MVP.st	FB_State_Manager_MVP.st
COPIED	archive/parked_fb/unclear/FB_State_Replication.st	FB_State_Replication.st
COPIED	archive/parked_fb/unclear/FB_System_Timer_TOF.st	FB_System_Timer_TOF.st
COPIED	archive/parked_fb/unclear/FB_TwoFactor_Auth.st	FB_TwoFactor_Auth.st
COPIED	archive/parked_fb/unclear/FB_Zone_Access_Manager.st	FB_Zone_Access_Manager.st
REPORT=/workspaces/SmartHomeNew/workspace/logs/2026-04-11_archive_flatten_report.txt
OK
