]633;E;echo "=== STEP 113: POST-CLEANUP SANITY AUDIT ===";d2f9cd72-cf3a-446c-b425-a96632cf891c]633;C=== STEP 113: POST-CLEANUP SANITY AUDIT ===
timestamp_utc=2026-04-17T08:09:43Z

=== 1. FB_Alarm_Manager.st : V2/SCAFFOLD RESIDUALS ===
61:    L_Alarm_First_Warning_Latched : BOOL;    L_Alarm_Shadow_First_Mismatch : INT;    L_Alarm_Using_Legacy_Fallback : BOOL;    L_History_V2_Buffer_Shadow : ARRAY[1..GVL_CONSTANTS.C_MAX_HISTORY_RECORDS] OF ST_History_Event_V2;END_VAR
66:L_Alarm_First_Warning_Latched := FALSE;L_Alarm_Shadow_First_Mismatch := 0;// 1. Детекция новых тревог (антидребезг + передний фронт)
174:IF L_Alarm_V2_Switch_Enabled AND L_Alarm_V2_Path_Ready THEN
186:    IF L_Alarm_V2_Switch_Enabled AND L_Alarm_V2_Path_Ready THEN        // Guarded V2 pipeline is allowed by shadow validation.
300:IF (L_BlackBox_V2_Snapshot_Shadow.Gas_Alarm <> VI_Gas_Alarm)
301:   OR (L_BlackBox_V2_Snapshot_Shadow.Fire_Alarm <> VI_Fire_Alarm)
302:   OR (L_BlackBox_V2_Snapshot_Shadow.Flood_Alarm <> VI_Flood_Alarm)
303:   OR (L_BlackBox_V2_Snapshot_Shadow.First_Fault_Type <> TO_BYTE(VI_First_Fault_Type))
304:   OR (L_BlackBox_V2_Snapshot_Shadow.First_Fault_Source <> TO_BYTE(VI_First_Fault_Source)) THENEND_IF;

=== 2. FB_Alarm_Manager.st : INLINE COMMENTS LEFT ===
173:// Inlined from FB_Alarm_V2_Core
180:    // Inlined from FB_Alarm_Compatibility_Package:

=== 3. FB_Alarm_Manager.st : CORE ALARM LOGIC STILL PRESENT ===
29:    VO_Global_Critical : BOOL; // Есть неквитированные критические аварии
30:    VO_Global_Warning : BOOL;  // Есть неквитированные предупреждения
31:    VO_Siren_Active : BOOL;    // Требуется включение сирены
32:    VO_Active_Count : INT;     // Количество активных тревог
33:    VO_Unacked_Count : INT;    // Количество неквитированных тревог
34:    VO_Event_Pulse : BOOL;     // Пульс события для History bridge
35:    VO_Event_Code : UDINT;     // 1201=ack all, 1202=alarm cleared, 1203=alarm created
36:    VO_Event_Value : REAL;     // Доп. значение события
38:    VO_Alarm_List : ARRAY[1..GVL_CONSTANTS.C_MAX_ALARMS] OF ST_Alarm_Record; // Список активных тревог для HMI
63:VO_Event_Pulse := FALSE;
64:VO_Event_Code := 0;
65:VO_Event_Value := 0.0;L_Alarm_First_Warning := '';
194:        IF VO_Alarm_List[L_k].ID = 0 THEN
204:            IF VO_Alarm_List[L_k].Is_Acknowledged AND TO_INT(VO_Alarm_List[L_k].Severity) < L_Min_Pri THEN
205:                L_Min_Pri := TO_INT(VO_Alarm_List[L_k].Severity);
215:            IF TO_INT(VO_Alarm_List[L_k].Severity) < L_Min_Pri AND TO_INT(VO_Alarm_List[L_k].Severity) < TO_INT(L_Pending_Alarms[L_i].Severity) THEN
216:                L_Min_Pri := TO_INT(VO_Alarm_List[L_k].Severity);
227:    VO_Alarm_List[L_Target_Slot] := L_Pending_Alarms[L_i];
228:    VO_Alarm_List[L_Target_Slot].ID := VIO_Next_Alarm_ID;
232:        VO_Event_Pulse := TRUE;
233:        VO_Event_Code := 1203;
234:        VO_Event_Value := TO_REAL(VO_Alarm_List[L_Target_Slot].Severity);
245:    IF VO_Alarm_List[L_i].ID <> 0 THEN
246:        IF VO_Alarm_List[L_i].Source = 'Gas' THEN VO_Alarm_List[L_i].Is_Active := VI_Gas_Alarm;
247:        ELSIF VO_Alarm_List[L_i].Source = 'Fire' THEN VO_Alarm_List[L_i].Is_Active := VI_Fire_Alarm;
248:        ELSIF VO_Alarm_List[L_i].Source = 'Flood' THEN VO_Alarm_List[L_i].Is_Active := VI_Flood_Alarm;
249:        ELSIF VO_Alarm_List[L_i].Source = 'Security' THEN VO_Alarm_List[L_i].Is_Active := VI_Security_Alarm;
250:        ELSIF VO_Alarm_List[L_i].Source = 'Diagnostics' THEN VO_Alarm_List[L_i].Is_Active := VI_First_Fault_Active;
251:        ELSIF VO_Alarm_List[L_i].Source = 'Boiler' THEN 
252:            IF TO_INT(VO_Alarm_List[L_i].Source_ID) >= 1 AND TO_INT(VO_Alarm_List[L_i].Source_ID) <= GVL_CONSTANTS.C_MAX_BOILERS THEN
253:                VO_Alarm_List[L_i].Is_Active := VI_Boiler_Errors[TO_INT(VO_Alarm_List[L_i].Source_ID)];
262:        IF VO_Alarm_List[L_i].ID <> 0 THEN
263:            VO_Alarm_List[L_i].Is_Acknowledged := TRUE;
268:        VO_Event_Pulse := TRUE;
269:        VO_Event_Code := 1201;
270:        VO_Event_Value := TO_REAL(VO_Unacked_Count);
277:    IF VO_Alarm_List[L_i].ID <> 0 AND NOT VO_Alarm_List[L_i].Is_Active AND NOT VO_Alarm_List[L_i].Is_Acknowledged THEN
278:        IF VO_Alarm_List[L_i].Severity <> E_ALERT_PRIORITY.ALERT_PRIORITY_CRITICAL THEN
279:            VO_Alarm_List[L_i].Is_Acknowledged := TRUE;
287:    IF VO_Alarm_List[L_i].ID <> 0 AND NOT VO_Alarm_List[L_i].Is_Active AND VO_Alarm_List[L_i].Is_Acknowledged THEN
289:        VO_Alarm_List[L_i].ID := 0;
291:            VO_Event_Pulse := TRUE;
292:            VO_Event_Code := 1202;
293:            VO_Event_Value := 0.0;
309:VO_Global_Critical := FALSE;
310:VO_Global_Warning := FALSE;
311:VO_Siren_Active := FALSE;
312:VO_Active_Count := 0;
313:VO_Unacked_Count := 0;
316:    IF VO_Alarm_List[L_i].ID <> 0 THEN
317:        IF VO_Alarm_List[L_i].Is_Active THEN
318:            VO_Active_Count := VO_Active_Count + 1;
321:        IF NOT VO_Alarm_List[L_i].Is_Acknowledged THEN
322:            VO_Unacked_Count := VO_Unacked_Count + 1;
324:            IF VO_Alarm_List[L_i].Severity = E_ALERT_PRIORITY.ALERT_PRIORITY_CRITICAL THEN
325:                VO_Global_Critical := TRUE;
328:                    VO_Siren_Active := TRUE;
330:            ELSIF VO_Alarm_List[L_i].Severity = E_ALERT_PRIORITY.ALERT_PRIORITY_HIGH THEN
331:                VO_Global_Warning := TRUE;

=== 4. FB_Alarm_Manager.st : CONTEXT AROUND MAIN ALARM FLOW ===
    // 2. Ищем квитированную тревогу с наименьшим приоритетом
    IF L_Target_Slot = 0 THEN
        L_Min_Pri := 999;
        FOR L_k := 1 TO GVL_CONSTANTS.C_MAX_ALARMS DO
            IF VO_Alarm_List[L_k].Is_Acknowledged AND TO_INT(VO_Alarm_List[L_k].Severity) < L_Min_Pri THEN
                L_Min_Pri := TO_INT(VO_Alarm_List[L_k].Severity);
                L_Target_Slot := L_k;
            END_IF;
        END_FOR;
    END_IF;
    
    // 3. Ищем неквитированную тревогу с наименьшим приоритетом (если он ниже добавляемой)
    IF L_Target_Slot = 0 THEN
        L_Min_Pri := 999;
        FOR L_k := 1 TO GVL_CONSTANTS.C_MAX_ALARMS DO
            IF TO_INT(VO_Alarm_List[L_k].Severity) < L_Min_Pri AND TO_INT(VO_Alarm_List[L_k].Severity) < TO_INT(L_Pending_Alarms[L_i].Severity) THEN
                L_Min_Pri := TO_INT(VO_Alarm_List[L_k].Severity);
                L_Target_Slot := L_k;
            END_IF;
        END_FOR;
    END_IF;
    
    IF L_Target_Slot = 0 THEN 
        // Буфер полон критических неквитированных тревог. Не затираем!
        CONTINUE; 
    END_IF;
    
    VO_Alarm_List[L_Target_Slot] := L_Pending_Alarms[L_i];
    VO_Alarm_List[L_Target_Slot].ID := VIO_Next_Alarm_ID;
    VIO_Next_Alarm_ID := VIO_Next_Alarm_ID + 1;
    IF VIO_Next_Alarm_ID = 0 THEN VIO_Next_Alarm_ID := 1; END_IF;
    IF NOT L_Event_Pulse_Latched THEN
        VO_Event_Pulse := TRUE;
        VO_Event_Code := 1203;
        VO_Event_Value := TO_REAL(VO_Alarm_List[L_Target_Slot].Severity);
        L_Event_Pulse_Latched := TRUE;
    END_IF;
END_FOR;

        END_IF;
    END_FOR;
END_IF;

// 3. Обновление статуса существующих тревог (ушли ли они?)
FOR L_i := 1 TO GVL_CONSTANTS.C_MAX_ALARMS DO
    IF VO_Alarm_List[L_i].ID <> 0 THEN
        IF VO_Alarm_List[L_i].Source = 'Gas' THEN VO_Alarm_List[L_i].Is_Active := VI_Gas_Alarm;
        ELSIF VO_Alarm_List[L_i].Source = 'Fire' THEN VO_Alarm_List[L_i].Is_Active := VI_Fire_Alarm;
        ELSIF VO_Alarm_List[L_i].Source = 'Flood' THEN VO_Alarm_List[L_i].Is_Active := VI_Flood_Alarm;
        ELSIF VO_Alarm_List[L_i].Source = 'Security' THEN VO_Alarm_List[L_i].Is_Active := VI_Security_Alarm;
        ELSIF VO_Alarm_List[L_i].Source = 'Diagnostics' THEN VO_Alarm_List[L_i].Is_Active := VI_First_Fault_Active;
        ELSIF VO_Alarm_List[L_i].Source = 'Boiler' THEN 
            IF TO_INT(VO_Alarm_List[L_i].Source_ID) >= 1 AND TO_INT(VO_Alarm_List[L_i].Source_ID) <= GVL_CONSTANTS.C_MAX_BOILERS THEN
                VO_Alarm_List[L_i].Is_Active := VI_Boiler_Errors[TO_INT(VO_Alarm_List[L_i].Source_ID)];
            END_IF;
        END_IF;
    END_IF;
END_FOR;

// 4. Квитирование тревог
IF VI_Acknowledge_All THEN
    FOR L_i := 1 TO GVL_CONSTANTS.C_MAX_ALARMS DO
        IF VO_Alarm_List[L_i].ID <> 0 THEN
            VO_Alarm_List[L_i].Is_Acknowledged := TRUE;
        END_IF;
    END_FOR;

    IF NOT L_Event_Pulse_Latched THEN
        VO_Event_Pulse := TRUE;
        VO_Event_Code := 1201;
        VO_Event_Value := TO_REAL(VO_Unacked_Count);
        L_Event_Pulse_Latched := TRUE;
    END_IF;
END_IF;

// 4.5 Автоквитирование некритичных тревог, если они больше не активны
FOR L_i := 1 TO GVL_CONSTANTS.C_MAX_ALARMS DO
    IF VO_Alarm_List[L_i].ID <> 0 AND NOT VO_Alarm_List[L_i].Is_Active AND NOT VO_Alarm_List[L_i].Is_Acknowledged THEN
        IF VO_Alarm_List[L_i].Severity <> E_ALERT_PRIORITY.ALERT_PRIORITY_CRITICAL THEN
            VO_Alarm_List[L_i].Is_Acknowledged := TRUE;
        END_IF;
    END_IF;
END_FOR;

// 5. Очистка списка (удаление неактивных И квитированных тревог)
// В кольцевом буфере мы просто помечаем слот как пустой (ID = 0), без сдвига массива
FOR L_i := 1 TO GVL_CONSTANTS.C_MAX_ALARMS DO
    IF VO_Alarm_List[L_i].ID <> 0 AND NOT VO_Alarm_List[L_i].Is_Active AND VO_Alarm_List[L_i].Is_Acknowledged THEN
        // Удаляем тревогу
        VO_Alarm_List[L_i].ID := 0;
        IF NOT L_Event_Pulse_Latched THEN
            VO_Event_Pulse := TRUE;
            VO_Event_Code := 1202;
            VO_Event_Value := 0.0;
            L_Event_Pulse_Latched := TRUE;
        END_IF;
    END_IF;
END_FOR;


IF (L_BlackBox_V2_Snapshot_Shadow.Gas_Alarm <> VI_Gas_Alarm)
   OR (L_BlackBox_V2_Snapshot_Shadow.Fire_Alarm <> VI_Fire_Alarm)
   OR (L_BlackBox_V2_Snapshot_Shadow.Flood_Alarm <> VI_Flood_Alarm)
   OR (L_BlackBox_V2_Snapshot_Shadow.First_Fault_Type <> TO_BYTE(VI_First_Fault_Type))
   OR (L_BlackBox_V2_Snapshot_Shadow.First_Fault_Source <> TO_BYTE(VI_First_Fault_Source)) THENEND_IF;

ELSEEND_IF;

// 6. Подсчет статистики и формирование глобальных флагов
VO_Global_Critical := FALSE;
VO_Global_Warning := FALSE;
VO_Siren_Active := FALSE;
VO_Active_Count := 0;
VO_Unacked_Count := 0;

FOR L_i := 1 TO GVL_CONSTANTS.C_MAX_ALARMS DO
    IF VO_Alarm_List[L_i].ID <> 0 THEN
        IF VO_Alarm_List[L_i].Is_Active THEN
            VO_Active_Count := VO_Active_Count + 1;
        END_IF;
        
        IF NOT VO_Alarm_List[L_i].Is_Acknowledged THEN
            VO_Unacked_Count := VO_Unacked_Count + 1;
            
            IF VO_Alarm_List[L_i].Severity = E_ALERT_PRIORITY.ALERT_PRIORITY_CRITICAL THEN
                VO_Global_Critical := TRUE;
                // Сирена работает только для неквитированных критических тревог, если не включен Mute
                IF NOT VI_Mute_Siren THEN
                    VO_Siren_Active := TRUE;
                END_IF;
            ELSIF VO_Alarm_List[L_i].Severity = E_ALERT_PRIORITY.ALERT_PRIORITY_HIGH THEN
                VO_Global_Warning := TRUE;
            END_IF;
        END_IF;
    END_IF;
END_FOR;
// >>> BULK_SYNC_ANCHOR: FB_Alarm_Manager <<<

=== 5. ROOT FILE PRESENCE CHECK (already deleted classes) ===

=== 6. ROOT REFERENCES TO DELETED FILE CLASSES ===
--- FB_Lighting_V2_Staging ---
./FB_Lighting_Blinds_Manager.st:273:// Inlined from FB_Lighting_V2_Staging

--- FB_Heating_V2_Staging ---
./FB_Heating_System_Manager.st:699:// Inlined from FB_Heating_V2_Staging

--- FB_Ventilation_V2_Staging ---
./FB_Ventilation_System_Manager.st:229:// Inlined from FB_Ventilation_V2_Staging

--- FB_Blinds_V2_Staging ---
./FB_Lighting_Blinds_Manager.st:310:// Inlined from FB_Blinds_V2_Staging

--- FB_DHW_V2_Staging ---
./FB_DHW_Manager.st:228:// Inlined from FB_DHW_V2_Staging

--- FB_Socket_V2_Staging ---
./FB_Socket_Manager.st:111:// Inlined from FB_Socket_V2_Staging

--- FB_Alarm_Compatibility_Package ---
./FB_Alarm_Manager.st:180:    // Inlined from FB_Alarm_Compatibility_Package:

--- FB_History_V2_Core ---

--- FB_BlackBox_V2_Core ---

--- FB_Alarm_V2_Core ---
./FB_Alarm_Manager.st:173:// Inlined from FB_Alarm_V2_Core

--- FB_Rule_Compatibility_Package ---
./FB_Rule_Engine.st:68:    // Inlined from FB_Rule_Compatibility_Package:

=== 7. OTHER OWNER FILES : REMAINING INTERNAL SCAFFOLD MAP ===
----- FB_Rule_Engine.st -----
31:    L_Shadow_V2_Enabled : BOOL;
32:    L_Shadow_V2_Roundtrip_Mismatch : BOOL;
33:    L_Shadow_V2_First_Mismatch_Rule : INT;
34:    L_V2_Switch_Enabled : BOOL;
35:    L_V2_Path_Ready : BOOL;
36:    L_V2_Using_Legacy_Fallback : BOOL;
50:L_Shadow_V2_Enabled := TRUE;
51:L_Shadow_V2_Roundtrip_Mismatch := FALSE;
52:L_Shadow_V2_First_Mismatch_Rule := 0;
53:L_V2_Switch_Enabled := FALSE;
54:L_V2_Path_Ready := FALSE;
55:L_V2_Using_Legacy_Fallback := TRUE;
70:    IF L_Shadow_V2_Enabled THEN
80:    IF L_V2_Switch_Enabled AND L_V2_Path_Ready THEN
81:        L_V2_Using_Legacy_Fallback := FALSE;
85:        L_V2_Using_Legacy_Fallback := TRUE;

----- FB_Lighting_Blinds_Manager.st -----
31:    L_Blinds_V2_Command_Shadow : ST_Blinds_Command_V2;
32:    L_Blinds_V2_State_Shadow : ST_Blinds_State_V2;
33:    L_Blinds_V2_Shadow_Diff_Found : BOOL;
34:    L_Blinds_V2_Switch_Enabled : BOOL;
35:    L_Blinds_V2_Path_Ready : BOOL;
36:    L_Blinds_Using_Legacy_Fallback : BOOL;
38:    L_Lighting_V2_Command_Shadow : ST_Lighting_Command_V2;
39:    L_Lighting_V2_State_Shadow : ST_Lighting_State_V2;
40:    L_Lighting_V2_Shadow_Diff_Found : BOOL;
41:    L_Lighting_V2_Switch_Enabled : BOOL;
42:    L_Lighting_V2_Path_Ready : BOOL;
43:    L_Lighting_Using_Legacy_Fallback : BOOL;
69:L_Lighting_V2_Shadow_Diff_Found := FALSE;
70:L_Blinds_V2_Shadow_Diff_Found := FALSE;
71:L_Blinds_V2_Switch_Enabled := TRUE;
72:L_Blinds_V2_Path_Ready := FALSE;
73:L_Blinds_Using_Legacy_Fallback := TRUE;
74:L_Lighting_V2_Switch_Enabled := TRUE;
75:L_Lighting_V2_Path_Ready := FALSE;
76:L_Lighting_Using_Legacy_Fallback := TRUE;
275:L_Lighting_V2_Command_Shadow.Brightness_Setpoint := BYTE_TO_REAL(VO_Lighting_Levels[1]);
276:L_Lighting_V2_State_Shadow.Brightness_Actual := BYTE_TO_REAL(VO_Lighting_Levels[1]);
277:L_Lighting_V2_State_Shadow.Motion_Active := VI_Motion_Sensors[1];
282:IF ABS(BYTE_TO_REAL(VO_Lighting_Levels[1]) - L_Lighting_V2_Command_Shadow.Brightness_Setpoint) > 0.1 THEN
283:    L_Lighting_V2_Shadow_Diff_Found := TRUE;
285:IF ABS(BYTE_TO_REAL(VO_Lighting_Levels[1]) - L_Lighting_V2_State_Shadow.Brightness_Actual) > 0.1 THEN
286:    L_Lighting_V2_Shadow_Diff_Found := TRUE;
288:IF VI_Motion_Sensors[1] <> L_Lighting_V2_State_Shadow.Motion_Active THEN
289:    L_Lighting_V2_Shadow_Diff_Found := TRUE;
293:IF L_Lighting_V2_Switch_Enabled THEN
294:    IF NOT L_Lighting_V2_Shadow_Diff_Found THEN
295:        L_Lighting_V2_Path_Ready := TRUE;
296:        L_Lighting_Using_Legacy_Fallback := FALSE;
298:        L_Lighting_V2_Path_Ready := FALSE;
299:        L_Lighting_Using_Legacy_Fallback := TRUE;
302:    L_Lighting_V2_Path_Ready := FALSE;
303:    L_Lighting_Using_Legacy_Fallback := TRUE;
312:L_Blinds_V2_Command_Shadow.Position_Setpoint := VO_Blinds_Positions[1];
313:L_Blinds_V2_State_Shadow.Position_Actual := VO_Blinds_Positions[1];
316:IF VO_Blinds_Positions[1] <> L_Blinds_V2_Command_Shadow.Position_Setpoint THEN
317:    L_Blinds_V2_Shadow_Diff_Found := TRUE;
319:IF VO_Blinds_Positions[1] <> L_Blinds_V2_State_Shadow.Position_Actual THEN
320:    L_Blinds_V2_Shadow_Diff_Found := TRUE;
325:IF L_Blinds_V2_Switch_Enabled THEN
326:    IF NOT L_Blinds_V2_Shadow_Diff_Found THEN
327:        L_Blinds_V2_Path_Ready := TRUE;
328:        L_Blinds_Using_Legacy_Fallback := FALSE;
330:        L_Blinds_V2_Path_Ready := FALSE;
331:        L_Blinds_Using_Legacy_Fallback := TRUE;
334:    L_Blinds_V2_Path_Ready := FALSE;
335:    L_Blinds_Using_Legacy_Fallback := TRUE;

----- FB_Heating_System_Manager.st -----
64:    L_Heating_V2_Command_V2 : ST_Heating_Command_V2;
65:    L_Heating_V2_State_V2 : ST_Heating_State_V2;
66:    L_Heating_V2_Shadow_Diff_Found : BOOL;
67:    L_Heating_V2_Switch_Enabled : BOOL;
68:    L_Heating_V2_Path_Ready : BOOL;
69:    L_Heating_Using_Legacy_Fallback : BOOL;
151:L_Heating_V2_Shadow_Diff_Found := FALSE;
152:L_Heating_V2_Switch_Enabled := TRUE;
153:L_Heating_V2_Path_Ready := FALSE;
154:L_Heating_Using_Legacy_Fallback := TRUE;
701:L_Heating_V2_Command_V2.Valve_Position_Setpoint := VO_Manifold_Valves[1];
702:L_Heating_V2_State_V2.Room_Temp := VI_Room_Temps[1];
703:L_Heating_V2_State_V2.Supply_Temp := VI_Manifold_Temps_Supply[1];
706:IF ABS(VO_Manifold_Valves[1] - L_Heating_V2_Command_V2.Valve_Position_Setpoint) > 0.1 THEN
707:    L_Heating_V2_Shadow_Diff_Found := TRUE;
709:IF ABS(VI_Room_Temps[1] - L_Heating_V2_State_V2.Room_Temp) > 0.1 THEN
710:    L_Heating_V2_Shadow_Diff_Found := TRUE;
712:IF ABS(VI_Manifold_Temps_Supply[1] - L_Heating_V2_State_V2.Supply_Temp) > 0.1 THEN
713:    L_Heating_V2_Shadow_Diff_Found := TRUE;
717:IF L_Heating_V2_Switch_Enabled THEN
718:    IF NOT L_Heating_V2_Shadow_Diff_Found THEN
719:        L_Heating_V2_Path_Ready := TRUE;
720:        L_Heating_Using_Legacy_Fallback := FALSE;
722:        L_Heating_V2_Path_Ready := FALSE;
723:        L_Heating_Using_Legacy_Fallback := TRUE;
726:    L_Heating_V2_Path_Ready := FALSE;
727:    L_Heating_Using_Legacy_Fallback := TRUE;

----- FB_Ventilation_System_Manager.st -----
47:    L_Vent_V2_Shadow_Diff_Found : BOOL;
48:    L_Vent_V2_Switch_Enabled : BOOL;
49:    L_Vent_V2_Path_Ready : BOOL;
50:    L_Vent_Using_Legacy_Fallback : BOOL;
58:L_Vent_V2_Shadow_Diff_Found := FALSE;
59:L_Vent_V2_Switch_Enabled := TRUE;
60:L_Vent_V2_Path_Ready := FALSE;
61:L_Vent_Using_Legacy_Fallback := TRUE;
235:    L_Vent_V2_Shadow_Diff_Found := TRUE;
238:    L_Vent_V2_Shadow_Diff_Found := TRUE;
242:IF L_Vent_V2_Switch_Enabled THEN
243:    IF NOT L_Vent_V2_Shadow_Diff_Found THEN
244:        L_Vent_V2_Path_Ready := TRUE;
245:        L_Vent_Using_Legacy_Fallback := FALSE;
247:        L_Vent_V2_Path_Ready := FALSE;
248:        L_Vent_Using_Legacy_Fallback := TRUE;
251:    L_Vent_V2_Path_Ready := FALSE;
252:    L_Vent_Using_Legacy_Fallback := TRUE;

----- FB_DHW_Manager.st -----
23:    L_DHW_V2_Command_V2 : ST_DHW_Command_V2;
24:    L_DHW_V2_State_V2 : ST_DHW_State_V2;
25:    L_DHW_V2_Shadow_Diff_Found : BOOL;
26:    L_DHW_V2_Switch_Enabled : BOOL;
27:    L_DHW_V2_Path_Ready : BOOL;
28:    L_DHW_Using_Legacy_Fallback : BOOL;
48:L_DHW_V2_Shadow_Diff_Found := FALSE;
49:L_DHW_V2_Switch_Enabled := TRUE;
50:L_DHW_V2_Path_Ready := FALSE;
51:L_DHW_Using_Legacy_Fallback := TRUE;
231:    L_DHW_V2_Command_V2.Pump_Enable := 1.0;
233:    L_DHW_V2_Command_V2.Pump_Enable := 0.0;
236:L_DHW_V2_State_V2.Tank_Temp := VO_Status.Temp;
237:L_DHW_V2_State_V2.Supply_Temp := VO_Status.Pressure;
242:IF VO_Heating_Pump <> (L_DHW_V2_Command_V2.Pump_Enable > 0.5) THEN
243:    L_DHW_V2_Shadow_Diff_Found := TRUE;
245:IF ABS(VO_Status.Temp - L_DHW_V2_State_V2.Tank_Temp) > 0.1 THEN
246:    L_DHW_V2_Shadow_Diff_Found := TRUE;
248:IF ABS(VO_Status.Pressure - L_DHW_V2_State_V2.Supply_Temp) > 0.1 THEN
249:    L_DHW_V2_Shadow_Diff_Found := TRUE;
253:IF L_DHW_V2_Switch_Enabled THEN
254:    IF NOT L_DHW_V2_Shadow_Diff_Found THEN
255:        L_DHW_V2_Path_Ready := TRUE;
256:        L_DHW_Using_Legacy_Fallback := FALSE;
258:        L_DHW_V2_Path_Ready := FALSE;
259:        L_DHW_Using_Legacy_Fallback := TRUE;
262:    L_DHW_V2_Path_Ready := FALSE;
263:    L_DHW_Using_Legacy_Fallback := TRUE;

----- FB_Socket_Manager.st -----
24:    L_Socket_V2_Command_Shadow : ST_Socket_Command_V2;
25:    L_Socket_V2_State_Shadow : ST_Socket_State_V2;
26:    L_Socket_V2_Shadow_Diff_Found : BOOL;
27:    L_Socket_V2_Switch_Enabled : BOOL;
28:    L_Socket_V2_Path_Ready : BOOL;
29:    L_Socket_Using_Legacy_Fallback : BOOL;
40:L_Socket_V2_Shadow_Diff_Found := FALSE;
41:L_Socket_V2_Switch_Enabled := TRUE;
42:L_Socket_V2_Path_Ready := FALSE;
43:L_Socket_Using_Legacy_Fallback := TRUE;
113:L_Socket_V2_Command_Shadow.Target_State := VO_Socket_States[1];
114:L_Socket_V2_State_Shadow.Is_On := VO_Socket_States[1];
115:L_Socket_V2_State_Shadow.Safety_Blocked := (VI_Fire_Alarm OR VI_Flood_Alarm);
120:IF VO_Socket_States[1] <> L_Socket_V2_Command_Shadow.Target_State THEN
121:    L_Socket_V2_Shadow_Diff_Found := TRUE;
123:IF VO_Socket_States[1] <> L_Socket_V2_State_Shadow.Is_On THEN
124:    L_Socket_V2_Shadow_Diff_Found := TRUE;
126:IF (VI_Fire_Alarm OR VI_Flood_Alarm) <> L_Socket_V2_State_Shadow.Safety_Blocked THEN
127:    L_Socket_V2_Shadow_Diff_Found := TRUE;
131:IF L_Socket_V2_Switch_Enabled THEN
132:    IF NOT L_Socket_V2_Shadow_Diff_Found THEN
133:        L_Socket_V2_Path_Ready := TRUE;
134:        L_Socket_Using_Legacy_Fallback := FALSE;
136:        L_Socket_V2_Path_Ready := FALSE;
137:        L_Socket_Using_Legacy_Fallback := TRUE;
140:    L_Socket_V2_Path_Ready := FALSE;
141:    L_Socket_Using_Legacy_Fallback := TRUE;

=== 8. CONCLUSION HINTS ===
A good result is:
- no live root files from deleted bridge/core/compat classes
- FB_Alarm_Manager.st has no remaining dead V2 scaffold
- only owner-local shadow scaffolds remain in other managers

=== END STEP 113 ===
