]633;E;echo "=== STEP 90: ROOT BRIDGE CLOSURE LOG ===";10d0c29c-b3a2-4a8b-83d2-50752c6e8f09]633;C=== STEP 90: ROOT BRIDGE CLOSURE LOG ===
timestamp_utc=2026-04-17T05:54:12Z

=== COLLAPSED AND REMOVED FROM RUNTIME PATH ===
FB_Lighting_V2_Staging.st -> inlined into FB_Lighting_Blinds_Manager.st
FB_Heating_V2_Staging.st -> inlined into FB_Heating_System_Manager.st
FB_Ventilation_V2_Staging.st -> inlined into FB_Ventilation_System_Manager.st
FB_Blinds_V2_Staging.st -> inlined into FB_Lighting_Blinds_Manager.st
FB_DHW_V2_Staging.st -> inlined into FB_DHW_Manager.st
FB_Socket_V2_Staging.st -> inlined into FB_Socket_Manager.st

=== ROOT REFERENCES AFTER FULL COLLAPSE ===
--- FB_Lighting_V2_Staging ---
./FB_Lighting_Blinds_Manager.st:273:// Inlined from FB_Lighting_V2_Staging

--- FB_Heating_V2_Staging ---
./FB_Heating_System_Manager.st:699:// Inlined from FB_Heating_V2_Staging

--- FB_Ventilation_V2_Staging ---
./FB_Ventilation_System_Manager.st:229:// Inlined from FB_Ventilation_V2_Staging

--- FB_Blinds_V2_Staging ---
./FB_Blinds_V2_Staging.st:1:FUNCTION_BLOCK FB_Blinds_V2_Staging
./FB_Lighting_Blinds_Manager.st:310:// Inlined from FB_Blinds_V2_Staging

--- FB_DHW_V2_Staging ---
./FB_DHW_Manager.st:228:// Inlined from FB_DHW_V2_Staging
./FB_DHW_V2_Staging.st:1:FUNCTION_BLOCK FB_DHW_V2_Staging

--- FB_Socket_V2_Staging ---
./FB_Socket_Manager.st:111:// Inlined from FB_Socket_V2_Staging
./FB_Socket_V2_Staging.st:1:FUNCTION_BLOCK FB_Socket_V2_Staging

=== ROOT STAGING FILES CURRENTLY PRESENT ===
FB_Blinds_V2_Staging.st
FB_DHW_V2_Staging.st
FB_Socket_V2_Staging.st

=== DELETE CANDIDATES ===
FB_Lighting_V2_Staging.st
FB_Heating_V2_Staging.st
FB_Ventilation_V2_Staging.st
FB_Blinds_V2_Staging.st
FB_DHW_V2_Staging.st
FB_Socket_V2_Staging.st

=== CLOSURE CONDITION ===
Each staging bridge is considered dead if only self-definition and/or 'Inlined from ...' comments remain.

=== CONCLUSION ===
Root runtime bridge wave is complete.
Next step: delete remaining dead FB_*_V2_Staging.st files from root.

=== END STEP 90 ===
