]633;E;echo "=== STEP 94: INLINE ALARM COMPATIBILITY INTO MANAGER ===";10d0c29c-b3a2-4a8b-83d2-50752c6e8f09]633;C=== STEP 94: INLINE ALARM COMPATIBILITY INTO MANAGER ===
timestamp_utc=2026-04-17T06:37:46Z

=== BEFORE ===
41:    fbCompatAlarm : ARRAY[1..GVL_CONSTANTS.C_MAX_ALARMS] OF FB_Alarm_Compatibility_Package;
243:    fbCompatAlarm[L_i](VI_Alarm_Legacy := L_Pending_Alarms[L_i]);
245:    IF NOT fbCompatAlarm[L_i].VO_OK THEN
249:    IF (NOT L_Alarm_First_Warning_Latched) AND (NOT fbCompatAlarm[L_i].VO_OK) THEN
254:    IF fbCompatAlarm[L_i].VO_Alarm_Legacy_Roundtrip.ID <> L_Pending_Alarms[L_i].ID THEN

    );
END_IF;

// Обработка очереди новых тревог с учетом приоритетов
FOR L_i := 1 TO L_Pending_Count DO
    fbCompatAlarm[L_i](VI_Alarm_Legacy := L_Pending_Alarms[L_i]);

    IF NOT fbCompatAlarm[L_i].VO_OK THEN
        L_Alarm_Compat_All_OK := FALSE;
    END_IF;

    IF (NOT L_Alarm_First_Warning_Latched) AND (NOT fbCompatAlarm[L_i].VO_OK) THEN
        L_Alarm_First_Warning := 'Translation issue';
        L_Alarm_First_Warning_Latched := TRUE;
    END_IF;

    IF fbCompatAlarm[L_i].VO_Alarm_Legacy_Roundtrip.ID <> L_Pending_Alarms[L_i].ID THEN
        L_Alarm_Shadow_Mismatch := TRUE;
        IF L_Alarm_Shadow_First_Mismatch = 0 THEN
            L_Alarm_Shadow_First_Mismatch := L_i;
        END_IF;
    END_IF;
    // Phase 4 scaffold: optional Alarm V2 switch point.
    // Current state: always remain on legacy behavior.
    // Future state: when Alarm V2 path is implemented and validated,

=== APPLY ===
OK: inlined no-op alarm compatibility path into FB_Alarm_Manager.st

=== AFTER ===
41:    fbCompatAlarm : ARRAY[1..GVL_CONSTANTS.C_MAX_ALARMS] OF FB_Alarm_Compatibility_Package;

    );
END_IF;

// Обработка очереди новых тревог с учетом приоритетов
FOR L_i := 1 TO L_Pending_Count DO
    // Inlined from FB_Alarm_Compatibility_Package:
    // current compatibility path is a no-op roundtrip with VO_OK always TRUE.
    // Phase 4 scaffold: optional Alarm V2 switch point.
    // Current state: always remain on legacy behavior.
    // Future state: when Alarm V2 path is implemented and validated,
    // this block becomes the controlled branch point.
    IF L_Alarm_V2_Switch_Enabled AND L_Alarm_V2_Path_Ready THEN
        L_Alarm_Using_Legacy_Fallback := FALSE;
        // Guarded V2 pipeline is allowed by shadow validation.
        // Current runtime logic still keeps legacy action flow authoritative until next package.
    ELSE
        L_Alarm_Using_Legacy_Fallback := TRUE;
    END_IF;

=== ROOT REFERENCES AFTER INLINE ===
./FB_Alarm_Compatibility_Package.st:1:FUNCTION_BLOCK FB_Alarm_Compatibility_Package
./FB_Alarm_Manager.st:41:    fbCompatAlarm : ARRAY[1..GVL_CONSTANTS.C_MAX_ALARMS] OF FB_Alarm_Compatibility_Package;
./FB_Alarm_Manager.st:243:    // Inlined from FB_Alarm_Compatibility_Package:

=== DIFF ===
diff --git a/FB_Alarm_Manager.st b/FB_Alarm_Manager.st
index e469bde..93b3f77 100644
--- a/FB_Alarm_Manager.st
+++ b/FB_Alarm_Manager.st
@@ -240,23 +240,8 @@ END_IF;
 
 // Обработка очереди новых тревог с учетом приоритетов
 FOR L_i := 1 TO L_Pending_Count DO
-    fbCompatAlarm[L_i](VI_Alarm_Legacy := L_Pending_Alarms[L_i]);
-
-    IF NOT fbCompatAlarm[L_i].VO_OK THEN
-        L_Alarm_Compat_All_OK := FALSE;
-    END_IF;
-
-    IF (NOT L_Alarm_First_Warning_Latched) AND (NOT fbCompatAlarm[L_i].VO_OK) THEN
-        L_Alarm_First_Warning := 'Translation issue';
-        L_Alarm_First_Warning_Latched := TRUE;
-    END_IF;
-
-    IF fbCompatAlarm[L_i].VO_Alarm_Legacy_Roundtrip.ID <> L_Pending_Alarms[L_i].ID THEN
-        L_Alarm_Shadow_Mismatch := TRUE;
-        IF L_Alarm_Shadow_First_Mismatch = 0 THEN
-            L_Alarm_Shadow_First_Mismatch := L_i;
-        END_IF;
-    END_IF;
+    // Inlined from FB_Alarm_Compatibility_Package:
+    // current compatibility path is a no-op roundtrip with VO_OK always TRUE.
     // Phase 4 scaffold: optional Alarm V2 switch point.
     // Current state: always remain on legacy behavior.
     // Future state: when Alarm V2 path is implemented and validated,

=== END STEP 94 ===
