]633;E;echo "=== STEP 20: FIX DANGEROUS ACTION TRANSIENT RESET ===";7f899988-c0cf-4f7a-9bc0-74bda7869211]633;C=== STEP 20: FIX DANGEROUS ACTION TRANSIENT RESET ===
timestamp_utc=2026-04-16T17:27:30Z

=== BEFORE ===
913:// Access level enforcement for dangerous actions
914-GVL_STATUS.G_Diagnostics.User_Access_Level_Active := GVL_COMMAND.CMD_User_Access_Level;
915-GVL_STATUS.G_Diagnostics.User_Access_Denied := FALSE;
916-GVL_STATUS.G_Diagnostics.User_Access_Deny_Reason := '';
917-IF GVL_COMMAND.CMD_Dangerous_Action_Request OR GVL_COMMAND.CMD_Dangerous_Action_Confirm THEN
918-    IF GVL_COMMAND.CMD_User_Access_Level < 2 THEN
919-        IF NOT L_User_Access_Denied_Prev THEN

=== APPLY ===
OK: transient dangerous-action block flags now reset each cycle

=== AFTER ===
913:// Access level enforcement for dangerous actions
914-GVL_STATUS.G_Diagnostics.User_Access_Level_Active := GVL_COMMAND.CMD_User_Access_Level;
915-GVL_STATUS.G_Diagnostics.User_Access_Denied := FALSE;
916-GVL_STATUS.G_Diagnostics.User_Access_Deny_Reason := '';
917-GVL_STATUS.G_Diagnostics.Operator_Action_Blocked := FALSE;
918-GVL_STATUS.G_Diagnostics.Operator_Block_Reason := '';
919-IF GVL_COMMAND.CMD_Dangerous_Action_Request OR GVL_COMMAND.CMD_Dangerous_Action_Confirm THEN
920-    IF GVL_COMMAND.CMD_User_Access_Level < 2 THEN
921-        IF NOT L_User_Access_Denied_Prev THEN

=== CONTEXT ===

// Access level enforcement for dangerous actions
GVL_STATUS.G_Diagnostics.User_Access_Level_Active := GVL_COMMAND.CMD_User_Access_Level;
GVL_STATUS.G_Diagnostics.User_Access_Denied := FALSE;
GVL_STATUS.G_Diagnostics.User_Access_Deny_Reason := '';
GVL_STATUS.G_Diagnostics.Operator_Action_Blocked := FALSE;
GVL_STATUS.G_Diagnostics.Operator_Block_Reason := '';
IF GVL_COMMAND.CMD_Dangerous_Action_Request OR GVL_COMMAND.CMD_Dangerous_Action_Confirm THEN
    IF GVL_COMMAND.CMD_User_Access_Level < 2 THEN
        IF NOT L_User_Access_Denied_Prev THEN
            fbLogEvent(
                VI_Event_Type := 10,
                VI_Timestamp := GVL_STATUS.G_System_Time_MS,
                VI_Param1 := TO_UDINT(GVL_COMMAND.CMD_User_Access_Level),
                VI_Param2 := 2
            );
        END_IF;

        GVL_STATUS.G_Diagnostics.User_Access_Denied := TRUE;
        GVL_STATUS.G_Diagnostics.User_Access_Deny_Reason := 'Недостаточный уровень доступа для опасного действия';
        GVL_STATUS.G_Diagnostics.Operator_Action_Blocked := TRUE;
        GVL_STATUS.G_Diagnostics.Operator_Block_Reason := 'Требуется уровень ENGINEER для опасного действия';
        GVL_STATUS.G_Diagnostics.Dangerous_Action_Pending_Confirm := FALSE;
        GVL_STATUS.G_Diagnostics.Dangerous_Action_Confirm_Text := 'Доступ запрещён: требуется уровень ENGINEER';
    END_IF;
END_IF;

L_User_Access_Denied_Prev := GVL_STATUS.G_Diagnostics.User_Access_Denied;


=== DIFF ===
diff --git a/PRG_System.st b/PRG_System.st
index a4e924a..8eabfb8 100644
--- a/PRG_System.st
+++ b/PRG_System.st
@@ -914,6 +914,8 @@ END_IF;
 GVL_STATUS.G_Diagnostics.User_Access_Level_Active := GVL_COMMAND.CMD_User_Access_Level;
 GVL_STATUS.G_Diagnostics.User_Access_Denied := FALSE;
 GVL_STATUS.G_Diagnostics.User_Access_Deny_Reason := '';
+GVL_STATUS.G_Diagnostics.Operator_Action_Blocked := FALSE;
+GVL_STATUS.G_Diagnostics.Operator_Block_Reason := '';
 IF GVL_COMMAND.CMD_Dangerous_Action_Request OR GVL_COMMAND.CMD_Dangerous_Action_Confirm THEN
     IF GVL_COMMAND.CMD_User_Access_Level < 2 THEN
         IF NOT L_User_Access_Denied_Prev THEN

=== END STEP 20 ===
