]633;E;echo "=== STEP 178: TREND + HMI INTEGRATION CLOSURE ===";cb07821a-d34c-4035-be1a-7133cf9aa4fd]633;C=== STEP 178: TREND + HMI INTEGRATION CLOSURE ===
timestamp_utc=2026-04-18T09:47:53Z

=== STATUS ===
compile=OK
errors=0

=== ARCHITECTURE SUMMARY ===
trend_logger=FB_Trend_Logger
trend_adapter=FB_Trend_Adapter
trend_analyzer=FB_Trend_Analyzer (encapsulated)
orchestration=PRG_System

=== FEATURES IMPLEMENTED ===
rate_limit=ENABLED
anti_spam=ENABLED
history_integration=ENABLED

=== CHANNELS ===
channel_1=Outdoor Temp
channel_2=Floor Temp
multi_signal=FOUNDATION_READY
shared_index=ENABLED

=== HMI INTERFACE ===
gvl_trend=EXPOSED
buffer=AVAILABLE
timestamps=AVAILABLE
meta=AVAILABLE
labels=AVAILABLE
active_view=AVAILABLE

=== GUARANTEES ===
no_direct_analyzer_call=OK
no_spam_history=OK
compile_stable=OK

=== BASELINE LOCK ===
trend_hmi_wave=STABLE
ready_for_audit_next_phase=YES

=== END STEP 178 ===
