]633;E;echo "=== STEP 35: PRG_SYSTEM BLOCK CLOSED ===";f1165683-fe3b-4368-874e-5c1706c7b9d6]633;C=== STEP 35: PRG_SYSTEM BLOCK CLOSED ===
timestamp_utc=2026-04-16T18:15:18Z

=== FINAL KEY VARS ===
44:    L_Dangerous_Action_Armed : BOOL;
54:    L_Last_Maintenance_Action_Code : UDINT;
59:    L_Last_Policy_Event_Time_MS : UDINT;
68:L_IO_Fault_Prev : BOOL;
69:L_Watchdog_Fault_Prev : BOOL;
73:L_Mode_Prev : E_System_Operating_Mode;
75:L_Dangerous_Action_Request_Prev : BOOL;
82:    L_Persist_Struct : ST_Persist;
617:            IF (L_Last_Policy_Event_Time_MS = 0) OR
618:               ((GVL_STATUS.G_System_Time_MS - L_Last_Policy_Event_Time_MS) >= 5000) THEN
625:                L_Last_Policy_Event_Time_MS := GVL_STATUS.G_System_Time_MS;
644:                IF (L_Last_Policy_Event_Time_MS = 0) OR
645:                   ((GVL_STATUS.G_System_Time_MS - L_Last_Policy_Event_Time_MS) >= 5000) THEN
652:                    L_Last_Policy_Event_Time_MS := GVL_STATUS.G_System_Time_MS;
661:                IF (L_Last_Policy_Event_Time_MS = 0) OR
662:                   ((GVL_STATUS.G_System_Time_MS - L_Last_Policy_Event_Time_MS) >= 5000) THEN
669:                    L_Last_Policy_Event_Time_MS := GVL_STATUS.G_System_Time_MS;
688:L_Persist_Buffer[0] := TO_BYTE(TO_INT(L_Persist_Struct.System_Mode));
689:IF L_Persist_Struct.Safety_Gas_Latched THEN
694:IF L_Persist_Struct.Safety_Smoke_Latched THEN
699:IF L_Persist_Struct.Safety_Leak_Latched THEN
704:IF L_Persist_Struct.DHW_Heating_Pump THEN
882:   NOT L_Dangerous_Action_Request_Prev AND
885:    IF NOT L_Dangerous_Action_Armed THEN
894:    L_Dangerous_Action_Armed := TRUE;
900:IF L_Dangerous_Action_Armed AND (GVL_STATUS.G_System_Time_MS > L_Dangerous_Action_Deadline_MS) THEN
901:    L_Dangerous_Action_Armed := FALSE;
907:   L_Dangerous_Action_Armed AND
918:    L_Dangerous_Action_Armed := FALSE;
955:        L_Dangerous_Action_Armed := FALSE;
962:L_Dangerous_Action_Request_Prev := GVL_COMMAND.CMD_Dangerous_Action_Request;
988:        IF L_Last_Maintenance_Action_Code <> 1101 THEN
990:            L_Last_Maintenance_Action_Code := 1101;
994:        IF L_Last_Maintenance_Action_Code <> 1102 THEN
996:            L_Last_Maintenance_Action_Code := 1102;
1004:        IF L_Last_Maintenance_Action_Code <> 1201 THEN
1006:            L_Last_Maintenance_Action_Code := 1201;
1010:        IF L_Last_Maintenance_Action_Code <> 1202 THEN
1012:            L_Last_Maintenance_Action_Code := 1202;
1035:L_Persist_Struct.System_Mode := GVL_STATE.G_System_Mode;
1037:L_Persist_Struct.Safety_Gas_Latched := GVL_STATE.G_Safety_Gas_Latched;
1038:L_Persist_Struct.Safety_Smoke_Latched := GVL_STATE.G_Safety_Smoke_Latched;
1039:L_Persist_Struct.Safety_Leak_Latched := GVL_STATE.G_Safety_Leak_Latched;
1041:L_Persist_Struct.DHW_Heating_Pump := GVL_STATE.G_DHW_Heating_Pump;
1042:L_Persist_Struct.Valid := TRUE;
1045:GVL_PERSISTENT.P_System_Mode := L_Persist_Struct.System_Mode;
1047:GVL_PERSISTENT.P_Safety_Gas_Latched := L_Persist_Struct.Safety_Gas_Latched;
1048:GVL_PERSISTENT.P_Safety_Smoke_Latched := L_Persist_Struct.Safety_Smoke_Latched;
1049:GVL_PERSISTENT.P_Safety_Leak_Latched := L_Persist_Struct.Safety_Leak_Latched;
1051:GVL_PERSISTENT.P_DHW_Heating_Active := L_Persist_Struct.DHW_Heating_Pump;
1052:GVL_PERSISTENT.P_Valid := L_Persist_Struct.Valid;
1059:IF fbWatchdog.VO_Watchdog_Fault AND NOT L_Watchdog_Fault_Prev THEN
1068:IF NOT fbWatchdog.VO_Watchdog_Fault AND L_Watchdog_Fault_Prev THEN
1077:L_Watchdog_Fault_Prev := fbWatchdog.VO_Watchdog_Fault;
1080:IF fbSystemHealth.VO_IO_Fault AND NOT L_IO_Fault_Prev THEN
1089:IF NOT fbSystemHealth.VO_IO_Fault AND L_IO_Fault_Prev THEN
1098:L_IO_Fault_Prev := fbSystemHealth.VO_IO_Fault;
1101:IF GVL_STATE.G_System_Mode <> L_Mode_Prev THEN
1105:        VI_Param1 := TO_UDINT(L_Mode_Prev),
1110:L_Mode_Prev := GVL_STATE.G_System_Mode;

=== FINAL EVENT TYPES ===
620:                    VI_Event_Type := 5,
647:                        VI_Event_Type := 6,
664:                        VI_Event_Type := 7,
832:        VI_Event_Type := 1,
887:            VI_Event_Type := 8,
912:        VI_Event_Type := 9,
944:                VI_Event_Type := 10,
1061:        VI_Event_Type := 11,
1070:        VI_Event_Type := 12,
1082:        VI_Event_Type := 2,
1091:        VI_Event_Type := 3,
1103:        VI_Event_Type := 4,

=== FINAL HISTORY EVENT CODES ===
785:L_History_Event.event_code := 0;
794:    L_History_Event.event_code := 1101; // System mode transition
807:    L_History_Event.event_code := 1102; // Root cause changed
816:    L_History_Event.event_code := 1103; // First fault source changed
825:    L_History_Event.event_code := 1001; // Scenario transition
850:    L_History_Event.event_code := 1301; // Operator journal event

=== FINAL DANGEROUS ACTION CORE ===
L_Maintenance_Apply_Intent := FALSE;

// Dangerous action confirmation flow
IF GVL_COMMAND.CMD_Dangerous_Action_Request AND
   NOT L_Dangerous_Action_Request_Prev AND
   (GVL_COMMAND.CMD_User_Access_Level >= 2) THEN

    IF NOT L_Dangerous_Action_Armed THEN
        fbLogEvent(
            VI_Event_Type := 8,
            VI_Timestamp := GVL_STATUS.G_System_Time_MS,
            VI_Param1 := TO_UDINT(GVL_COMMAND.CMD_User_Access_Level),
            VI_Param2 := 1
        );
    END_IF;

    L_Dangerous_Action_Armed := TRUE;
    L_Dangerous_Action_Deadline_MS := GVL_STATUS.G_System_Time_MS + 15000;
    GVL_STATUS.G_Diagnostics.Dangerous_Action_Pending_Confirm := TRUE;
    GVL_STATUS.G_Diagnostics.Dangerous_Action_Confirm_Deadline_MS := L_Dangerous_Action_Deadline_MS;
    GVL_STATUS.G_Diagnostics.Dangerous_Action_Confirm_Text := 'Подтвердите опасное действие в течение 15 секунд';
END_IF;
IF L_Dangerous_Action_Armed AND (GVL_STATUS.G_System_Time_MS > L_Dangerous_Action_Deadline_MS) THEN
    L_Dangerous_Action_Armed := FALSE;
    L_Maintenance_Apply_Intent := FALSE;
    GVL_STATUS.G_Diagnostics.Dangerous_Action_Pending_Confirm := FALSE;
    GVL_STATUS.G_Diagnostics.Dangerous_Action_Confirm_Text := 'Окно подтверждения истекло';
END_IF;
IF GVL_COMMAND.CMD_Dangerous_Action_Confirm AND
   L_Dangerous_Action_Armed AND
   (GVL_COMMAND.CMD_User_Access_Level >= 2) THEN
    L_Maintenance_Apply_Intent := TRUE;

    fbLogEvent(
        VI_Event_Type := 9,
        VI_Timestamp := GVL_STATUS.G_System_Time_MS,
        VI_Param1 := TO_UDINT(GVL_COMMAND.CMD_User_Access_Level),
        VI_Param2 := 1
    );

    L_Dangerous_Action_Armed := FALSE;
    GVL_STATUS.G_Diagnostics.Dangerous_Action_Pending_Confirm := FALSE;
    GVL_STATUS.G_Diagnostics.Dangerous_Action_Confirm_Text := 'Опасное действие подтверждено оператором';
END_IF;

// HMI maintenance mode control (confirmation-aware)
IF L_Maintenance_Apply_Intent AND
   ((GVL_STATE.G_System_Mode = E_System_Operating_Mode.MODE_NORMAL) OR
    (GVL_STATE.G_System_Mode = E_System_Operating_Mode.MODE_DEGRADED)) THEN
    FOR L_i := 1 TO GVL_CONSTANTS.C_MAX_MANIFOLDS DO
        GVL_CONFIG.G_Manifold_Pump_In_Service[L_i] := GVL_COMMAND.CMD_Set_Manifold_Pump_In_Service[L_i];
    END_FOR;
    GVL_CONFIG.G_DHW_Heating_Pump_In_Service := GVL_COMMAND.CMD_Set_DHW_Heating_Pump_In_Service;
    GVL_CONFIG.G_DHW_Circ_Pump_In_Service := GVL_COMMAND.CMD_Set_DHW_Circ_Pump_In_Service;
END_IF;

// Access level enforcement for dangerous actions
GVL_STATUS.G_Diagnostics.User_Access_Level_Active := GVL_COMMAND.CMD_User_Access_Level;
GVL_STATUS.G_Diagnostics.User_Access_Denied := FALSE;
GVL_STATUS.G_Diagnostics.User_Access_Deny_Reason := '';
GVL_STATUS.G_Diagnostics.Operator_Action_Blocked := FALSE;
GVL_STATUS.G_Diagnostics.Operator_Block_Reason := '';
IF GVL_COMMAND.CMD_Dangerous_Action_Request OR GVL_COMMAND.CMD_Dangerous_Action_Confirm THEN
    IF GVL_COMMAND.CMD_User_Access_Level < 2 THEN
        IF NOT L_User_Access_Denied_Prev THEN
            fbLogEvent(
                VI_Event_Type := 10,
                VI_Timestamp := GVL_STATUS.G_System_Time_MS,
                VI_Param1 := TO_UDINT(GVL_COMMAND.CMD_User_Access_Level),
                VI_Param2 := 2
            );
        END_IF;

        GVL_STATUS.G_Diagnostics.User_Access_Denied := TRUE;
        GVL_STATUS.G_Diagnostics.User_Access_Deny_Reason := 'Недостаточный уровень доступа для опасного действия';
        GVL_STATUS.G_Diagnostics.Operator_Action_Blocked := TRUE;
        GVL_STATUS.G_Diagnostics.Operator_Block_Reason := 'Требуется уровень ENGINEER для опасного действия';
        L_Dangerous_Action_Armed := FALSE;
        GVL_STATUS.G_Diagnostics.Dangerous_Action_Pending_Confirm := FALSE;
        GVL_STATUS.G_Diagnostics.Dangerous_Action_Confirm_Text := 'Доступ запрещён: требуется уровень ENGINEER';
    END_IF;
END_IF;

L_User_Access_Denied_Prev := GVL_STATUS.G_Diagnostics.User_Access_Denied;
L_Dangerous_Action_Request_Prev := GVL_COMMAND.CMD_Dangerous_Action_Request;

// Hard revert for forbidden operator actions
IF GVL_STATUS.G_Diagnostics.Operator_Action_Blocked THEN

=== FINAL FAULT / WATCHDOG / MODE AREA ===
GVL_PERSISTENT.P_Valid := L_Persist_Struct.Valid;

// >>> BULK_SYNC_ANCHOR: PRG_System <<<

// === EVENT LOGGING: FAULTS ===

// WATCHDOG
IF fbWatchdog.VO_Watchdog_Fault AND NOT L_Watchdog_Fault_Prev THEN
    fbLogEvent(
        VI_Event_Type := 11,
        VI_Timestamp := GVL_STATUS.G_System_Time_MS,
        VI_Param1 := 1,
        VI_Param2 := 1
    );
END_IF;

IF NOT fbWatchdog.VO_Watchdog_Fault AND L_Watchdog_Fault_Prev THEN
    fbLogEvent(
        VI_Event_Type := 12,
        VI_Timestamp := GVL_STATUS.G_System_Time_MS,
        VI_Param1 := 1,
        VI_Param2 := 0
    );
END_IF;

L_Watchdog_Fault_Prev := fbWatchdog.VO_Watchdog_Fault;

// IO
IF fbSystemHealth.VO_IO_Fault AND NOT L_IO_Fault_Prev THEN
    fbLogEvent(
        VI_Event_Type := 2,
        VI_Timestamp := GVL_STATUS.G_System_Time_MS,
        VI_Param1 := 1,
        VI_Param2 := 1
    );
END_IF;

IF NOT fbSystemHealth.VO_IO_Fault AND L_IO_Fault_Prev THEN
    fbLogEvent(
        VI_Event_Type := 3,
        VI_Timestamp := GVL_STATUS.G_System_Time_MS,
        VI_Param1 := 1,
        VI_Param2 := 0
    );
END_IF;

L_IO_Fault_Prev := fbSystemHealth.VO_IO_Fault;

// === EVENT LOGGING: MODE CHANGE ===
IF GVL_STATE.G_System_Mode <> L_Mode_Prev THEN
    fbLogEvent(
        VI_Event_Type := 4,
        VI_Timestamp := GVL_STATUS.G_System_Time_MS,
        VI_Param1 := TO_UDINT(L_Mode_Prev),
        VI_Param2 := TO_UDINT(GVL_STATE.G_System_Mode)
    );
END_IF;

=== FINAL STATUS ===
PRG_System logical hardening complete.
Pending outside this block: real PLC/runtime verification only.

=== END STEP 35 ===
