]633;E;echo "=== STEP 231: SEMANTIC AUDIT BATCH 1 ===";5d3a4a2f-9043-4f2a-b7ba-cc078720fce7]633;C=== STEP 231: SEMANTIC AUDIT BATCH 1 ===
timestamp_utc=2026-04-18T16:55:49Z

=== SEMANTIC AUDIT BATCH 1 ===

=== FB_CO_Detector.st ===

--- HEADER ---
FUNCTION_BLOCK FB_CO_Detector
VAR_INPUT
    VI_CO_PPM : REAL;
    VI_Threshold_Warning : REAL := 30.0;
    VI_Threshold_Alarm   : REAL := 70.0;
END_VAR
VAR_OUTPUT
    VO_CO_Warning_Level : BOOL;
    VO_CO_Alarm_Level   : BOOL;
END_VAR

VO_CO_Warning_Level := (VI_CO_PPM >= VI_Threshold_Warning);
VO_CO_Alarm_Level   := (VI_CO_PPM >= VI_Threshold_Alarm);

--- VAR BLOCK (trimmed) ---
VAR_INPUT
    VI_CO_PPM : REAL;
    VI_Threshold_Warning : REAL := 30.0;
    VI_Threshold_Alarm   : REAL := 70.0;
END_VAR
VAR_OUTPUT
    VO_CO_Warning_Level : BOOL;
    VO_CO_Alarm_Level   : BOOL;
END_VAR

--- BODY PREVIEW ---
FUNCTION_BLOCK FB_CO_Detector
VAR_INPUT
    VI_CO_PPM : REAL;
    VI_Threshold_Warning : REAL := 30.0;
    VI_Threshold_Alarm   : REAL := 70.0;
END_VAR
VAR_OUTPUT
    VO_CO_Warning_Level : BOOL;
    VO_CO_Alarm_Level   : BOOL;
END_VAR

VO_CO_Warning_Level := (VI_CO_PPM >= VI_Threshold_Warning);
VO_CO_Alarm_Level   := (VI_CO_PPM >= VI_Threshold_Alarm);



=== FB_Gas_Methane_Detector.st ===

--- HEADER ---
FUNCTION_BLOCK FB_Gas_Methane_Detector
VAR_INPUT
    VI_Methane_LEL : REAL;
    VI_Threshold   : REAL := 20.0;
END_VAR
VAR_OUTPUT
    VO_Gas_Detected : BOOL;
END_VAR

VO_Gas_Detected := (VI_Methane_LEL >= VI_Threshold);

--- VAR BLOCK (trimmed) ---
VAR_INPUT
    VI_Methane_LEL : REAL;
    VI_Threshold   : REAL := 20.0;
END_VAR
VAR_OUTPUT
    VO_Gas_Detected : BOOL;
END_VAR

--- BODY PREVIEW ---
FUNCTION_BLOCK FB_Gas_Methane_Detector
VAR_INPUT
    VI_Methane_LEL : REAL;
    VI_Threshold   : REAL := 20.0;
END_VAR
VAR_OUTPUT
    VO_Gas_Detected : BOOL;
END_VAR

VO_Gas_Detected := (VI_Methane_LEL >= VI_Threshold);



=== FB_Smoke_Detector.st ===

--- HEADER ---
FUNCTION_BLOCK FB_Smoke_Detector
VAR_INPUT
    VI_Smoke_Signal : BOOL;
END_VAR
VAR_OUTPUT
    VO_Smoke_Detected : BOOL;
END_VAR

VO_Smoke_Detected := VI_Smoke_Signal;

--- VAR BLOCK (trimmed) ---
VAR_INPUT
    VI_Smoke_Signal : BOOL;
END_VAR
VAR_OUTPUT
    VO_Smoke_Detected : BOOL;
END_VAR

--- BODY PREVIEW ---
FUNCTION_BLOCK FB_Smoke_Detector
VAR_INPUT
    VI_Smoke_Signal : BOOL;
END_VAR
VAR_OUTPUT
    VO_Smoke_Detected : BOOL;
END_VAR

VO_Smoke_Detected := VI_Smoke_Signal;



=== FB_Gas_Valve_Controller.st ===

--- HEADER ---
FUNCTION_BLOCK FB_Gas_Valve_Controller IMPLEMENTS IValveController
VAR_INPUT
    VI_System_Time : UDINT;
    VI_IsActivePLC : BOOL;
    VI_Gas_Alarm   : BOOL;
    VI_Config      : ST_Gas_Valve_Configuration;
END_VAR
VAR_OUTPUT
    VO_Valve_Closed : BOOL;
    VO_Status_Msg   : STRING(200);
END_VAR

// При аварии газа - немедленное закрытие
IF VI_Gas_Alarm AND VI_IsActivePLC THEN
    VO_Valve_Closed := TRUE;
    VO_Status_Msg := 'ГАЗОВЫЙ КЛАПАН ЗАКРЫТ ПО АВАРИИ';
END_IF;

METHOD OpenValve : BOOL
VAR_INPUT

--- VAR BLOCK (trimmed) ---
VAR_INPUT
    VI_System_Time : UDINT;
    VI_IsActivePLC : BOOL;
    VI_Gas_Alarm   : BOOL;
    VI_Config      : ST_Gas_Valve_Configuration;
END_VAR
VAR_OUTPUT
    VO_Valve_Closed : BOOL;
    VO_Status_Msg   : STRING(200);
END_VAR
VAR_INPUT
    VI_Operator_ID : STRING(10);
    VI_Force : BOOL;
END_VAR
VAR_INPUT
    VI_Operator_ID : STRING(10);
    VI_Force : BOOL;
END_VAR

--- BODY PREVIEW ---
FUNCTION_BLOCK FB_Gas_Valve_Controller IMPLEMENTS IValveController
VAR_INPUT
    VI_System_Time : UDINT;
    VI_IsActivePLC : BOOL;
    VI_Gas_Alarm   : BOOL;
    VI_Config      : ST_Gas_Valve_Configuration;
END_VAR
VAR_OUTPUT
    VO_Valve_Closed : BOOL;
    VO_Status_Msg   : STRING(200);
END_VAR

// При аварии газа - немедленное закрытие
IF VI_Gas_Alarm AND VI_IsActivePLC THEN
    VO_Valve_Closed := TRUE;
    VO_Status_Msg := 'ГАЗОВЫЙ КЛАПАН ЗАКРЫТ ПО АВАРИИ';
END_IF;

METHOD OpenValve : BOOL
VAR_INPUT
    VI_Operator_ID : STRING(10);
    VI_Force : BOOL;
END_VAR
IF VI_IsActivePLC OR VI_Force THEN
    VO_Valve_Closed := FALSE;
    OpenValve := TRUE;
END_IF;
END_METHOD

METHOD CloseValve : BOOL
VAR_INPUT
    VI_Operator_ID : STRING(10);
    VI_Force : BOOL;
END_VAR
VO_Valve_Closed := TRUE;
CloseValve := TRUE;
END_METHOD

METHOD GetStatus : BYTE
GetStatus := TO_BYTE(SEL(VO_Valve_Closed, 0, 1));



=== FB_Water_Valve_Controller.st ===

--- HEADER ---
FUNCTION_BLOCK FB_Water_Valve_Controller IMPLEMENTS IValveController
VAR_INPUT
    VI_System_Time : UDINT;
    VI_IsActivePLC : BOOL;
    VI_Flood_Alarm : BOOL;
END_VAR
VAR_OUTPUT
    VO_Valve_Closed : BOOL;
    VO_Status_Msg   : STRING(200);
END_VAR

IF VI_Flood_Alarm AND VI_IsActivePLC THEN
    VO_Valve_Closed := TRUE;
    VO_Status_Msg := 'КЛАПАН ЗАКРЫТ ПО ПРОТЕЧКЕ';
END_IF;

METHOD OpenValve : BOOL
VAR_INPUT
    VI_Operator_ID : STRING(10);
    VI_Force : BOOL;

--- VAR BLOCK (trimmed) ---
VAR_INPUT
    VI_System_Time : UDINT;
    VI_IsActivePLC : BOOL;
    VI_Flood_Alarm : BOOL;
END_VAR
VAR_OUTPUT
    VO_Valve_Closed : BOOL;
    VO_Status_Msg   : STRING(200);
END_VAR
VAR_INPUT
    VI_Operator_ID : STRING(10);
    VI_Force : BOOL;
END_VAR
VAR_INPUT
    VI_Operator_ID : STRING(10);
    VI_Force : BOOL;
END_VAR

--- BODY PREVIEW ---
FUNCTION_BLOCK FB_Water_Valve_Controller IMPLEMENTS IValveController
VAR_INPUT
    VI_System_Time : UDINT;
    VI_IsActivePLC : BOOL;
    VI_Flood_Alarm : BOOL;
END_VAR
VAR_OUTPUT
    VO_Valve_Closed : BOOL;
    VO_Status_Msg   : STRING(200);
END_VAR

IF VI_Flood_Alarm AND VI_IsActivePLC THEN
    VO_Valve_Closed := TRUE;
    VO_Status_Msg := 'КЛАПАН ЗАКРЫТ ПО ПРОТЕЧКЕ';
END_IF;

METHOD OpenValve : BOOL
VAR_INPUT
    VI_Operator_ID : STRING(10);
    VI_Force : BOOL;
END_VAR
IF VI_IsActivePLC OR VI_Force THEN
    VO_Valve_Closed := FALSE;
    OpenValve := TRUE;
END_IF;
END_METHOD

METHOD CloseValve : BOOL
VAR_INPUT
    VI_Operator_ID : STRING(10);
    VI_Force : BOOL;
END_VAR
VO_Valve_Closed := TRUE;
CloseValve := TRUE;
END_METHOD

METHOD GetStatus : BYTE
GetStatus := TO_BYTE(SEL(VO_Valve_Closed, 0, 1));
END_METHOD



=== FB_Emergency_Valve_Open.st ===

--- HEADER ---
FUNCTION_BLOCK FB_Emergency_Valve_Open
VAR_INPUT
    VI_Fire_Alarm : BOOL; // Сигнал пожарной тревоги
    VI_Gas_Alarm  : BOOL; // Сигнал газовой тревоги
END_VAR
VAR_OUTPUT
    VO_Open_Cmd   : BOOL; // Команда на аварийное открытие клапана
END_VAR

// Приоритетное открытие при любой серьезной аварии
VO_Open_Cmd := VI_Fire_Alarm OR VI_Gas_Alarm;

--- VAR BLOCK (trimmed) ---
VAR_INPUT
    VI_Fire_Alarm : BOOL; // Сигнал пожарной тревоги
    VI_Gas_Alarm  : BOOL; // Сигнал газовой тревоги
END_VAR
VAR_OUTPUT
    VO_Open_Cmd   : BOOL; // Команда на аварийное открытие клапана
END_VAR

--- BODY PREVIEW ---
FUNCTION_BLOCK FB_Emergency_Valve_Open
VAR_INPUT
    VI_Fire_Alarm : BOOL; // Сигнал пожарной тревоги
    VI_Gas_Alarm  : BOOL; // Сигнал газовой тревоги
END_VAR
VAR_OUTPUT
    VO_Open_Cmd   : BOOL; // Команда на аварийное открытие клапана
END_VAR

// Приоритетное открытие при любой серьезной аварии
VO_Open_Cmd := VI_Fire_Alarm OR VI_Gas_Alarm;




=== END STEP 231 ===
