]633;E;echo "=== STEP 79: FIX WRONG RUNTIME BRIDGE DELETE ===";fd114dcf-b8f0-4fa9-a638-75bd3982af51]633;C=== STEP 79: FIX WRONG RUNTIME BRIDGE DELETE ===
timestamp_utc=2026-04-16T20:37:01Z

=== CURRENT ROOT STAGING FILES BEFORE FIX ===
FB_Blinds_V2_Staging.st
FB_DHW_V2_Staging.st
FB_Socket_V2_Staging.st

=== RESTORE FILES THAT SHOULD NOT HAVE BEEN TARGETED ===
FB_Blinds_V2_Staging.st
FB_DHW_V2_Staging.st
FB_Socket_V2_Staging.st

=== DELETE ACTUAL DEAD BRIDGES ===
Remaining root staging files after correct delete:
FB_Blinds_V2_Staging.st
FB_DHW_V2_Staging.st
FB_Socket_V2_Staging.st

=== ROOT REFERENCES AFTER FIX ===
--- FB_Lighting_V2_Staging ---
./FB_Lighting_Blinds_Manager.st:274:// Inlined from FB_Lighting_V2_Staging

--- FB_Heating_V2_Staging ---
./FB_Heating_System_Manager.st:699:// Inlined from FB_Heating_V2_Staging

--- FB_Ventilation_V2_Staging ---
./FB_Ventilation_System_Manager.st:229:// Inlined from FB_Ventilation_V2_Staging

=== END STEP 79 ===
