]633;E;echo "=== STEP 100: INLINE BLACKBOX V2 CORE INTO ALARM MANAGER ===";10d0c29c-b3a2-4a8b-83d2-50752c6e8f09]633;C=== STEP 100: INLINE BLACKBOX V2 CORE INTO ALARM MANAGER ===
timestamp_utc=2026-04-17T07:16:52Z

=== BEFORE ===
70:    fbBlackBoxV2Core : FB_BlackBox_V2_Core;
383:fbBlackBoxV2Core(

=== APPLY ===
OK: inlined blackbox V2 core logic into FB_Alarm_Manager.st

=== AFTER ===
70:    fbBlackBoxV2Core : FB_BlackBox_V2_Core;

=== ROOT REFERENCES ===
./FB_Alarm_Manager.st:70:    fbBlackBoxV2Core : FB_BlackBox_V2_Core;
./FB_Alarm_Manager.st:383:// Inlined from FB_BlackBox_V2_Core
./FB_BlackBox_V2_Core.st:1:FUNCTION_BLOCK FB_BlackBox_V2_Core

=== DIFF ===
diff --git a/FB_Alarm_Manager.st b/FB_Alarm_Manager.st
index fda4557..0cfdf1f 100644
--- a/FB_Alarm_Manager.st
+++ b/FB_Alarm_Manager.st
@@ -380,18 +380,12 @@ IF VO_Event_Pulse THEN
 END_IF;
 
 // Shadow bridge: System -> BlackBox V2 (diagnostic only)
-fbBlackBoxV2Core(
-    VI_System_Time_MS := VI_System_Time_MS,
-    VI_System_Mode := 0,
-    VI_Critical_Alarm_Active := VO_Global_Critical,
-    VI_Warning_Active := VO_Global_Warning,
-    VI_First_Fault_Type := TO_BYTE(VI_First_Fault_Type),
-    VI_First_Fault_Source := TO_BYTE(VI_First_Fault_Source),
-    VI_Gas_Alarm := VI_Gas_Alarm,
-    VI_Fire_Alarm := VI_Fire_Alarm,
-    VI_Flood_Alarm := VI_Flood_Alarm,
-    VO_Snapshot => L_BlackBox_V2_Snapshot_Shadow
-);
+// Inlined from FB_BlackBox_V2_Core
+L_BlackBox_V2_Snapshot_Shadow.Gas_Alarm := VI_Gas_Alarm;
+L_BlackBox_V2_Snapshot_Shadow.Fire_Alarm := VI_Fire_Alarm;
+L_BlackBox_V2_Snapshot_Shadow.Flood_Alarm := VI_Flood_Alarm;
+L_BlackBox_V2_Snapshot_Shadow.First_Fault_Type := TO_BYTE(VI_First_Fault_Type);
+L_BlackBox_V2_Snapshot_Shadow.First_Fault_Source := TO_BYTE(VI_First_Fault_Source);
 
 // Shadow validation: History V2 / BlackBox V2
 IF VO_Event_Pulse THEN

=== END STEP 100 ===
