]633;E;echo "=== STEP 75: INLINE VENTILATION V2 STAGING INTO MANAGER ===";fd114dcf-b8f0-4fa9-a638-75bd3982af51]633;C=== STEP 75: INLINE VENTILATION V2 STAGING INTO MANAGER ===
timestamp_utc=2026-04-16T20:25:53Z

=== BEFORE ===
45:    fbVentilationV2Staging : FB_Ventilation_V2_Staging;
230:fbVentilationV2Staging(

=== APPLY ===
OK: inlined ventilation V2 staging logic into FB_Ventilation_System_Manager.st

=== AFTER ===
45:    fbVentilationV2Staging : FB_Ventilation_V2_Staging;

=== INLINE BLOCK ===
229:// Ventilation V2 shadow runtime integration (diagnostic only)

=== ROOT REFERENCES ===
./FB_Ventilation_System_Manager.st:45:    fbVentilationV2Staging : FB_Ventilation_V2_Staging;
./FB_Ventilation_System_Manager.st:230:// Inlined from FB_Ventilation_V2_Staging
./FB_Ventilation_V2_Staging.st:1:FUNCTION_BLOCK FB_Ventilation_V2_Staging

=== DIFF ===
diff --git a/FB_Ventilation_System_Manager.st b/FB_Ventilation_System_Manager.st
index 433f7bc..c37709e 100644
--- a/FB_Ventilation_System_Manager.st
+++ b/FB_Ventilation_System_Manager.st
@@ -227,21 +227,9 @@ IF L_Policy_Degraded THEN
 END_IF;
 
 // Ventilation V2 shadow runtime integration (diagnostic only)
-fbVentilationV2Staging(
-    VI_Zone_ID := 1,
-    VI_Enable := (NOT L_Policy_Safe_Stop) AND (NOT L_Policy_Freeze_Protection) AND (NOT GVL_STATE.G_Ventilation_IO_Fault),
-    VI_Fan_Speed_Setpoint := BYTE_TO_REAL(VO_Supply_Fans[1]),
-    VI_Damper_Position_Setpoint := 0.0,
-    VI_Heat_Recovery_Enabled := L_Policy_Normal,
-    VI_Is_Active := (VO_Supply_Fans[1] > 0) OR (VO_Exhaust_Fans[1] > 0),
-    VI_Fan_Speed_Actual := BYTE_TO_REAL(VO_Supply_Fans[1]),
-    VI_Supply_Temp := VI_Supply_Temps[1],
-    VI_Extract_Temp := VI_Room_Temps[1],
-    VI_Filter_Dirty := FALSE,
-    VI_Alarm_Active := GVL_STATE.G_Ventilation_IO_Fault OR GVL_STATE.G_Ventilation_Subsystem_Degraded,
-    VO_Command_Shadow => L_Vent_Command_Shadow,
-    VO_State_Shadow => L_Vent_State_Shadow
-);
+// Inlined from FB_Ventilation_V2_Staging
+L_Vent_Command_Shadow.Fan_Speed_Setpoint := BYTE_TO_REAL(VO_Supply_Fans[1]);
+L_Vent_State_Shadow.Supply_Temp := VI_Supply_Temps[1];
 
 // Ventilation V2 shadow validation
 IF ABS(BYTE_TO_REAL(VO_Supply_Fans[1]) - L_Vent_Command_Shadow.Fan_Speed_Setpoint) > 0.1 THEN

=== END STEP 75 ===
