]633;E;echo "=== STEP 248: HEATING ENFORCEMENT TELEMETRY ===";3f963cfa-c5e1-4422-a669-b5592924710d]633;C=== STEP 248: HEATING ENFORCEMENT TELEMETRY ===
timestamp_utc=2026-04-18T20:50:41Z

=== APPLY ===
OK: heating enforcement telemetry integrated

=== VERIFY DUT ===
195:    Heating_Pump_Force_Event_Count : UDINT;
196:    Heating_Zone_Lock_Event_Count : UDINT;
197:    Heating_Last_Event_Time_MS : UDINT;
198:    Heating_Last_Event_Text : STRING(160);

=== VERIFY PRG_SYSTEM ===
24:L_Heating_Pump_Force_Bridge_Prev : BOOL;
25:L_Heating_Zone_Lock_Bridge_Prev : BOOL;
1848:// === HEATING ENFORCEMENT TELEMETRY ===
1850:   (NOT L_Heating_Pump_Force_Bridge_Prev) THEN
1851:    GVL_STATUS.G_Diagnostics.Heating_Pump_Force_Event_Count :=
1852:        GVL_STATUS.G_Diagnostics.Heating_Pump_Force_Event_Count + 1;
1854:    GVL_STATUS.G_Diagnostics.Heating_Last_Event_Text := 'Pump force bridge activated';
1858:   (NOT L_Heating_Zone_Lock_Bridge_Prev) THEN
1859:    GVL_STATUS.G_Diagnostics.Heating_Zone_Lock_Event_Count :=
1860:        GVL_STATUS.G_Diagnostics.Heating_Zone_Lock_Event_Count + 1;
1862:    GVL_STATUS.G_Diagnostics.Heating_Last_Event_Text := 'Zone lock bridge activated';
1865:L_Heating_Pump_Force_Bridge_Prev := GVL_STATUS.G_Diagnostics.Heating_Pump_Force_Bridge_Active;
1866:L_Heating_Zone_Lock_Bridge_Prev := GVL_STATUS.G_Diagnostics.Heating_Zone_Lock_Bridge_Active;

=== COMPILE ===
