]633;E;echo "=== STEP 11: ALIGN PERSIST CONTRACT TO LIVE TYPES ===";f7c3dcda-a7ef-439c-9074-36a937f4d9ed]633;C=== STEP 11: ALIGN PERSIST CONTRACT TO LIVE TYPES ===
timestamp_utc=2026-04-16T15:40:12Z

=== SEARCH: ENUM TYPE ===
./snapshots/project_clean_state_2026_04_16/workspace/export_forensics/sandbox/SMART_HOME_SANDBOX.xml:3066:          <declaration><![CDATA[TYPE E_System_Operating_Mode :
./snapshots/project_clean_state_2026_04_16/E_System_Operating_Mode.dut:1:TYPE E_System_Operating_Mode :
./workspace/export_forensics/sandbox/SMART_HOME_SANDBOX.xml:3066:          <declaration><![CDATA[TYPE E_System_Operating_Mode :
./E_System_Operating_Mode.dut:1:TYPE E_System_Operating_Mode :

=== SEARCH: LIVE PERSIST TYPES ===
GVL_PERSISTENT.gvl:4:    P_System_Mode : E_System_Operating_Mode;
GVL_PERSISTENT.gvl:12:    P_DHW_Heating_Active : BOOL;
GVL_PERSISTENT.gvl:15:    P_Valid : BOOL;
PRG_System.st:111:    IF GVL_PERSISTENT.P_Valid THEN
PRG_System.st:115:        GVL_STATE.G_System_Mode := GVL_PERSISTENT.P_System_Mode;
PRG_System.st:689:IF GVL_PERSISTENT.P_DHW_Heating_Active THEN
PRG_System.st:902:    GVL_CONFIG.G_DHW_Heating_Pump_In_Service := GVL_COMMAND.CMD_Set_DHW_Heating_Pump_In_Service;
PRG_System.st:939:    IF NOT GVL_CONFIG.G_DHW_Heating_Pump_In_Service THEN
PRG_System.st:940:        GVL_CONFIG.G_DHW_Heating_Pump_In_Service := TRUE;
PRG_System.st:953:IF GVL_CONFIG.G_DHW_Heating_Pump_In_Service <> L_Last_DHW_Heating_In_Service THEN
PRG_System.st:955:    IF GVL_CONFIG.G_DHW_Heating_Pump_In_Service THEN
PRG_System.st:961:L_Last_DHW_Heating_In_Service := GVL_CONFIG.G_DHW_Heating_Pump_In_Service;
PRG_System.st:989:GVL_PERSISTENT.P_System_Mode := GVL_STATE.G_System_Mode;
PRG_System.st:995:GVL_PERSISTENT.P_DHW_Heating_Active := GVL_STATE.G_DHW_Heating_Pump;
PRG_System.st:997:GVL_PERSISTENT.P_Valid := TRUE;

=== APPLY STEP SCRIPT ===
OK: ST_Persist aligned to live types and semantics

=== RESULT FILE ===
TYPE ST_Persist :
STRUCT
    // --- Core system ---
    System_Mode : E_System_Operating_Mode;

    // --- Safety latches ---
    Safety_Gas_Latched : BOOL;
    Safety_Smoke_Latched : BOOL;
    Safety_Leak_Latched : BOOL;

    // --- DHW runtime state mirrored to persistence ---
    DHW_Heating_Pump : BOOL;

    // --- Validity / versioning ---
    Valid : BOOL;
    Version : UINT := 1;
END_STRUCT
END_TYPE

=== GIT DIFF (FOCUSED) ===
diff --git a/DUT/ST_Persist.dut b/DUT/ST_Persist.dut
index 89838c5..b0a2618 100644
--- a/DUT/ST_Persist.dut
+++ b/DUT/ST_Persist.dut
@@ -1,17 +1,18 @@
 TYPE ST_Persist :
 STRUCT
     // --- Core system ---
-    System_Mode : INT;
+    System_Mode : E_System_Operating_Mode;
 
     // --- Safety latches ---
     Safety_Gas_Latched : BOOL;
     Safety_Smoke_Latched : BOOL;
     Safety_Leak_Latched : BOOL;
 
-    // --- DHW ---
-    DHW_Heating_Active : BOOL;
+    // --- DHW runtime state mirrored to persistence ---
+    DHW_Heating_Pump : BOOL;
 
-    // --- Versioning (future-proof) ---
+    // --- Validity / versioning ---
+    Valid : BOOL;
     Version : UINT := 1;
 END_STRUCT
 END_TYPE

=== END STEP 11 ===
