]633;E;echo "=== STEP 78: DELETE DEAD RUNTIME BRIDGES ===";fd114dcf-b8f0-4fa9-a638-75bd3982af51]633;C=== STEP 78: DELETE DEAD RUNTIME BRIDGES ===
timestamp_utc=2026-04-16T20:34:43Z

=== BEFORE DELETE: ROOT REFERENCES ===
--- FB_Lighting_V2_Staging ---
./FB_Lighting_Blinds_Manager.st:274:// Inlined from FB_Lighting_V2_Staging
./FB_Lighting_V2_Staging.st:1:FUNCTION_BLOCK FB_Lighting_V2_Staging

--- FB_Heating_V2_Staging ---
./FB_Heating_System_Manager.st:699:// Inlined from FB_Heating_V2_Staging
./FB_Heating_V2_Staging.st:1:FUNCTION_BLOCK FB_Heating_V2_Staging

--- FB_Ventilation_V2_Staging ---
./FB_Ventilation_System_Manager.st:229:// Inlined from FB_Ventilation_V2_Staging
./FB_Ventilation_V2_Staging.st:1:FUNCTION_BLOCK FB_Ventilation_V2_Staging

=== DELETE FILES ===
Deleted:
FB_Blinds_V2_Staging.st
FB_DHW_V2_Staging.st
FB_Socket_V2_Staging.st

=== AFTER DELETE: ROOT REFERENCES ===
--- FB_Lighting_V2_Staging ---
./FB_Lighting_Blinds_Manager.st:274:// Inlined from FB_Lighting_V2_Staging

--- FB_Heating_V2_Staging ---
./FB_Heating_System_Manager.st:699:// Inlined from FB_Heating_V2_Staging

--- FB_Ventilation_V2_Staging ---
./FB_Ventilation_System_Manager.st:229:// Inlined from FB_Ventilation_V2_Staging

=== ROOT STAGING FILES STILL PRESENT ===
FB_Blinds_V2_Staging.st
FB_DHW_V2_Staging.st
FB_Socket_V2_Staging.st

=== END STEP 78 ===
