]633;E;echo "=== STEP 103: INLINE ALARM V2 CORE NOOP INTO MANAGER ===";10d0c29c-b3a2-4a8b-83d2-50752c6e8f09]633;C=== STEP 103: INLINE ALARM V2 CORE NOOP INTO MANAGER ===
timestamp_utc=2026-04-17T07:27:54Z

=== BEFORE ===
69:    fbAlarmV2Core : FB_Alarm_V2_Core;
216:    fbAlarmV2Core(
230:    fbAlarmV2Core(

=== APPLY ===
OK: inlined no-op alarm V2 core into FB_Alarm_Manager.st

=== AFTER ===
69:    fbAlarmV2Core : FB_Alarm_V2_Core;

=== ROOT REFERENCES AFTER INLINE ===
./FB_Alarm_Manager.st:69:    fbAlarmV2Core : FB_Alarm_V2_Core;
./FB_Alarm_Manager.st:214:// Inlined from FB_Alarm_V2_Core
./FB_Alarm_Manager.st:222:// Inlined from FB_Alarm_V2_Core
./FB_Alarm_V2_Core.st:1:FUNCTION_BLOCK FB_Alarm_V2_Core

=== DIFF ===
diff --git a/FB_Alarm_Manager.st b/FB_Alarm_Manager.st
index 28270de..8dbf708 100644
--- a/FB_Alarm_Manager.st
+++ b/FB_Alarm_Manager.st
@@ -210,29 +210,18 @@ FOR L_j := 1 TO GVL_CONSTANTS.C_MAX_BOILERS DO
     END_IF;
 END_FOR;
 
-// Shadow comparison: execute Alarm V2 core on a separate shadow list.
-// Legacy path remains authoritative; this is diagnostics only.
+// Shadow comparison: Alarm V2 core is currently a no-op.
+// Inlined from FB_Alarm_V2_Core
 IF L_Alarm_V2_Shadow_Compare_Enabled THEN
-    fbAlarmV2Core(
-        VI_System_Time_MS := VI_System_Time_MS,
-        VI_Pending_Alarms := L_Pending_Alarms,
-        VIO_Alarm_List := L_Alarm_V2_List_Shadow,
-        VIO_Next_Alarm_ID := L_Alarm_V2_Next_ID_Shadow,
-        VO_Event_Pulse => L_Alarm_V2_Event_Pulse,
-        VO_Event_Code => L_Alarm_V2_Event_Code,
-        VO_Event_Value => L_Alarm_V2_Event_Value
-    );
+    L_Alarm_V2_Event_Pulse := FALSE;
+    L_Alarm_V2_Event_Code := 0;
+    L_Alarm_V2_Event_Value := 0.0;
 END_IF;
 
-// Staging integration: Alarm V2 core is called behind the phase-4 switch scaffold.
-// Current state: switch remains disabled, so legacy path stays authoritative.
+// Staging integration: Alarm V2 core is currently a no-op.
+// Inlined from FB_Alarm_V2_Core
 IF L_Alarm_V2_Switch_Enabled AND L_Alarm_V2_Path_Ready THEN
-    fbAlarmV2Core(
-        VI_System_Time_MS := VI_System_Time_MS,
-        VI_Pending_Alarms := L_Pending_Alarms,
-        VIO_Alarm_List := VO_Alarm_List,
-        VIO_Next_Alarm_ID := VIO_Next_Alarm_ID
-    );
+    // No runtime mutation in current V2 core.
 END_IF;
 
 // Обработка очереди новых тревог с учетом приоритетов

=== END STEP 103 ===
