]633;E;echo "=== STEP 200: EXPORT SHADOW CO PIPELINE ===";99e447e3-9fca-4946-9726-64c2e121d464]633;C=== STEP 200: EXPORT SHADOW CO PIPELINE ===
timestamp_utc=2026-04-18T12:59:08Z

=== APPLY ===
OK: shadow CO pipeline exported to GVL

=== VERIFY GVL ===
VAR_GLOBAL
    // === CO SHADOW PIPELINE EXPORT ===
    G_CO_Raw : REAL;
    G_CO_Processed : REAL;
    G_CO_Calibrated : REAL;
    G_CO_Error : BOOL;
    G_CO_Diag_Code : WORD;
END_VAR

=== VERIFY EXPORT ===
1228:GVL_Sensor_Shadow.G_CO_Raw := GVL_STATE.G_CO_Sensors[1];
1229:GVL_Sensor_Shadow.G_CO_Processed := L_CO_Processed;
1230:GVL_Sensor_Shadow.G_CO_Calibrated := L_CO_Calibrated;
1231:GVL_Sensor_Shadow.G_CO_Error := fbSensorCO.VO_Error;
1232:GVL_Sensor_Shadow.G_CO_Diag_Code := fbSensorCO.VO_Diag_Code;

=== END STEP 200 ===
