PRG_System.st:3: fbSnapshotMgr : FB_State_Snapshot_Manager;
PRG_System.st:38: L_Snapshot : ST_State_Snapshot;
PRG_System.st:39: L_Snapshot_Trigger_Prev : BOOL;
PRG_System.st:40: L_Snapshot_Fallback_Prev : BOOL;
PRG_System.st:41: L_Snapshot_Recovery_Prev : BOOL;
PRG_System.st:50: L_Snapshot_Last_Event_MS : UDINT;
PRG_System.st:51: L_Snapshot_Min_Interval_MS : UDINT;
PRG_System.st:105: fbNVRAMManager : FB_NVRAM_Manager;
PRG_System.st:119: L_Local_State : ST_System_State_Snapshot;
PRG_System.st:120: L_Remote_State : ST_System_State_Snapshot;
PRG_System.st:121: L_NVRAM_Cmd : BYTE;
PRG_System.st:122: L_NVRAM_Offset : UDINT;
PRG_System.st:123: L_NVRAM_Done : BOOL;
PRG_System.st:124: L_NVRAM_Err : BOOL;
PRG_System.st:125: L_NVRAM_ErrID : UDINT;
PRG_System.st:204: // === NVRAM RECOVERY (ONCE AFTER BOOT) ===
PRG_System.st:216: // NVRAM CONTROLLED WRITE ENABLED (step 8B)
PRG_System.st:788: // 14. Менеджер NVRAM
PRG_System.st:789: // Pack persistent snapshot into compact byte buffer for controlled NVRAM mirroring
PRG_System.st:819: L_NVRAM_Cmd := 0;
PRG_System.st:820: L_NVRAM_Offset := 0;
PRG_System.st:824: L_NVRAM_Cmd := 1;
PRG_System.st:831: L_NVRAM_Cmd := 1;
PRG_System.st:835: fbNVRAMManager(
PRG_System.st:836: VI_Command := L_NVRAM_Cmd,
PRG_System.st:837: VI_Offset := L_NVRAM_Offset,
PRG_System.st:844: VO_Done => L_NVRAM_Done,
PRG_System.st:845: VO_Error => L_NVRAM_Err,
PRG_System.st:846: VO_ErrorID => L_NVRAM_ErrID
PRG_System.st:849: IF (L_NVRAM_Cmd = 1) AND L_NVRAM_Done AND NOT L_NVRAM_Err THEN
PRG_System.st:1136: // === NVRAM SNAPSHOT VIA STRUCT ADAPTER ===
PRG_System.st:2424: // safe in-memory snapshot using real ST_State_Snapshot fields
PRG_System.st:2425: L_Snapshot.timestamp_ms := GVL_STATUS.G_System_Time_MS;
PRG_System.st:2426: L_Snapshot.operator_id := 'SYSTEM';
PRG_System.st:2427: L_Snapshot.scenario_id := GVL_STATUS.G_Current_Scenario;
PRG_System.st:2428: L_Snapshot.lighting_levels := GVL_STATE.G_Lighting_Levels;
PRG_System.st:2431: L_Snapshot.floor_heating_setpoints[L_i] := GVL_CONFIG.G_HMI_FloorHeating_Configs[L_i].design_temp;
PRG_System.st:2434: L_Snapshot.alarm_active := GVL_ALARM.G_Global_Critical OR GVL_ALARM.G_Global_Warning;
PRG_System.st:2435: L_Snapshot.crc32 := DWORD#0;
PRG_System.st:2438: IF L_Snapshot_Min_Interval_MS = 0 THEN
PRG_System.st:2439: L_Snapshot_Min_Interval_MS := 5000;
PRG_System.st:2444: (NOT L_Snapshot_Trigger_Prev) AND
PRG_System.st:2445: ((L_Snapshot_Last_Event_MS = 0) OR
PRG_System.st:2446: ((GVL_STATUS.G_System_Time_MS - L_Snapshot_Last_Event_MS) >= L_Snapshot_Min_Interval_MS)) THEN
PRG_System.st:2447: fbSnapshotMgr(
PRG_System.st:2451: VI_Current_State  := L_Snapshot
PRG_System.st:2453: L_Snapshot_Last_Event_MS := GVL_STATUS.G_System_Time_MS;
PRG_System.st:2458: (NOT L_Snapshot_Fallback_Prev) AND
PRG_System.st:2459: ((L_Snapshot_Last_Event_MS = 0) OR
PRG_System.st:2460: ((GVL_STATUS.G_System_Time_MS - L_Snapshot_Last_Event_MS) >= L_Snapshot_Min_Interval_MS)) THEN
PRG_System.st:2461: fbSnapshotMgr(
PRG_System.st:2465: VI_Current_State  := L_Snapshot
PRG_System.st:2467: L_Snapshot_Last_Event_MS := GVL_STATUS.G_System_Time_MS;
PRG_System.st:2472: (NOT L_Snapshot_Recovery_Prev) AND
PRG_System.st:2473: ((L_Snapshot_Last_Event_MS = 0) OR
PRG_System.st:2474: ((GVL_STATUS.G_System_Time_MS - L_Snapshot_Last_Event_MS) >= L_Snapshot_Min_Interval_MS)) THEN
PRG_System.st:2475: fbSnapshotMgr(
PRG_System.st:2479: VI_Current_State  := L_Snapshot
PRG_System.st:2481: L_Snapshot_Last_Event_MS := GVL_STATUS.G_System_Time_MS;
PRG_System.st:2485: L_Snapshot_Trigger_Prev := GVL_STATUS.G_Diagnostics.Sensor_Shadow_Rate_Alert_Active;
PRG_System.st:2486: L_Snapshot_Fallback_Prev := GVL_STATUS.G_Diagnostics.Sensor_Shadow_Rate_Fallback_Per_Hour > 10.0;
PRG_System.st:2487: L_Snapshot_Recovery_Prev := GVL_STATUS.G_Diagnostics.Sensor_Shadow_Rate_Recovery_Per_Hour > 10.0;