./FB_NVRAM_Manager.st:84: IF GVL_Retain.G_NVRAM_Data[VI_Offset + L_i] <> L_pData[L_i] THEN
./FB_NVRAM_Manager.st:84: IF GVL_Retain.G_NVRAM_Data[VI_Offset + L_i] <> L_pData[L_i] THEN
./FB_NVRAM_Manager.st:93: GVL_Retain.G_NVRAM_Data[VI_Offset + L_i] := L_pData[L_i];
./FB_NVRAM_Manager.st:93: GVL_Retain.G_NVRAM_Data[VI_Offset + L_i] := L_pData[L_i];
./FB_NVRAM_Manager.st:96: VO_HMI_Status_Message := 'NVRAM: Данные успешно сохранены в RETAIN';
./FB_Heating_System_Manager.st:657: VO_Boiler_Status[L_i].Work_Seconds := GVL_Retain.G_Boiler_Work_Seconds[L_i];
./FB_Heating_System_Manager.st:660: GVL_Retain.G_Boiler_Accumulated_MS[L_i] := GVL_Retain.G_Boiler_Accumulated_MS[L_i] + L_Delta_MS;
./FB_Heating_System_Manager.st:661: IF GVL_Retain.G_Boiler_Accumulated_MS[L_i] >= GVL_CONSTANTS.C_MS_IN_SECOND THEN
./FB_Heating_System_Manager.st:662: GVL_Retain.G_Boiler_Work_Seconds[L_i] := GVL_Retain.G_Boiler_Work_Seconds[L_i] + (GVL_Retain.G_Boiler_Accumulated_MS[L_i] / 1000);
./FB_Heating_System_Manager.st:663: GVL_Retain.G_Boiler_Accumulated_MS[L_i] := GVL_Retain.G_Boiler_Accumulated_MS[L_i] MOD 1000;
./FB_Heating_System_Manager.st:666: IF GVL_Retain.G_Boiler_Work_Seconds[L_i] > 4000000000 THEN
./FB_Heating_System_Manager.st:667: GVL_Retain.G_Boiler_Work_Seconds[L_i] := 0;
./FB_Heating_System_Manager.st:670: VO_Boiler_Status[L_i].Work_Seconds := GVL_Retain.G_Boiler_Work_Seconds[L_i];
./GVL_ALARM.gvl:18: VAR_GLOBAL RETAIN
./GVL_PERSISTENT.gvl:1: VAR_GLOBAL PERSISTENT RETAIN
./FB_Security_System_Manager.st:53: VI_Access_Codes := GVL_RETAIN.G_Access_Codes,
./FB_Security_System_Manager.st:54: VI_RFID_Tags := GVL_RETAIN.G_RFID_Tags,
./FB_Gateway_Interface.st:85: VAR RETAIN
./FB_Valve_Test_Manager.st:64: GVL_Retain.G_Valve_Test_Results[L_Current_Valve] := VO_Test_Results[L_Current_Valve];
./FB_Valve_Test_Manager.st:72: GVL_Retain.G_Valve_Test_Results[L_Current_Valve] := FALSE;
./FB_Valve_Test_Manager.st:93: GVL_Retain.G_Valve_Test_Results[L_Current_Valve] := FALSE;
./FB_Presence_Playback.st:21: GVL_Retain.G_Presence_History[L_Current_Slot] := 0;
./FB_Presence_Playback.st:24: GVL_Retain.G_Presence_History[L_Current_Slot] := GVL_Retain.G_Presence_History[L_Current_Slot] OR SHL(WORD#1, L_i-1);
./FB_Presence_Playback.st:30: VO_Light_Outputs[L_i] := (GVL_Retain.G_Presence_History[L_Current_Slot] AND SHL(WORD#1, L_i-1)) <> 0;
./FB_BlackBox_Recorder.st:16: L_Write_Index := GVL_Retain.G_BlackBox_LastIndex;
./FB_BlackBox_Recorder.st:19: GVL_Retain.G_BlackBox_LastIndex := 0;
./FB_BlackBox_Recorder.st:25: GVL_Retain.G_BlackBox_Frozen := TRUE;
./FB_BlackBox_Recorder.st:28: VO_Frozen := GVL_Retain.G_BlackBox_Frozen;
./FB_BlackBox_Recorder.st:30: IF NOT GVL_Retain.G_BlackBox_Frozen THEN
./FB_BlackBox_Recorder.st:31: GVL_Retain.G_BlackBox_Buffer[L_Write_Index] := VI_Current_Data;
./FB_BlackBox_Recorder.st:32: GVL_Retain.G_BlackBox_LastIndex := L_Write_Index;
./FB_History_Manager.st:15: GVL_Retain.G_History_Buffer[GVL_Retain.G_History_Write_Idx] := VI_Event;
./FB_History_Manager.st:16: GVL_Retain.G_History_Buffer[GVL_Retain.G_History_Write_Idx].timestamp_ms := VI_System_Time_MS;
./FB_History_Manager.st:18: GVL_Retain.G_History_Write_Idx := (GVL_Retain.G_History_Write_Idx MOD GVL_CONSTANTS.C_MAX_HISTORY_RECORDS) + 1;
./FB_History_Manager.st:19: GVL_Retain.G_History_Total_Events := GVL_Retain.G_History_Total_Events + 1;
./FB_History_Manager.st:23: VO_Total_Events := GVL_Retain.G_History_Total_Events;
./PRG_Security.st:51: VI_Access_Codes := GVL_Retain.G_Access_Codes,
./PRG_Security.st:52: VI_RFID_Tags := GVL_Retain.G_RFID_Tags,
./GVL_Retain.gvl:2: VAR_GLOBAL RETAIN
./GVL_Retain.gvl:6: G_NVRAM_Data : ARRAY[0..12799] OF BYTE; // 100 * 128 = 12800 байт
./PRG_System.st:177: // 0. Инициализация RETAIN переменных при первом запуске
./PRG_System.st:178: IF NOT GVL_Retain.G_Initialized THEN
./PRG_System.st:180: GVL_Retain.G_Presence_History[L_i] := 0;
./PRG_System.st:183: GVL_Retain.G_History_Write_Idx := 1;
./PRG_System.st:184: GVL_Retain.G_History_Total_Events := 0;
./PRG_System.st:187: GVL_Retain.G_Boiler_Accumulated_MS[L_i] := 0;
./PRG_System.st:188: GVL_Retain.G_Boiler_Work_Seconds[L_i] := 0;
./PRG_System.st:192: GVL_Retain.G_Valve_Test_Results[L_i] := FALSE;
./PRG_System.st:198: GVL_Retain.G_Initialized := TRUE;
./snapshots/project_clean_state_2026_04_16/FB_NVRAM_Manager.st:90: GVL_Retain.G_NVRAM_Data[VI_Offset + L_i] := L_pData[L_i];
./snapshots/project_clean_state_2026_04_16/FB_NVRAM_Manager.st:90: GVL_Retain.G_NVRAM_Data[VI_Offset + L_i] := L_pData[L_i];
./snapshots/project_clean_state_2026_04_16/FB_NVRAM_Manager.st:93: VO_HMI_Status_Message := 'NVRAM: Данные успешно сохранены в RETAIN';
./snapshots/project_clean_state_2026_04_16/FB_NVRAM_Manager.st:104: L_pData[L_i] := GVL_Retain.G_NVRAM_Data[VI_Offset + L_i];
./snapshots/project_clean_state_2026_04_16/FB_NVRAM_Manager.st:104: L_pData[L_i] := GVL_Retain.G_NVRAM_Data[VI_Offset + L_i];
./snapshots/project_clean_state_2026_04_16/FB_NVRAM_Manager.st:106: VO_HMI_Status_Message := 'NVRAM: Данные успешно прочитаны из RETAIN';
./snapshots/project_clean_state_2026_04_16/FB_Heating_System_Manager.st:669: VO_Boiler_Status[L_i].Work_Seconds := GVL_Retain.G_Boiler_Work_Seconds[L_i];
./snapshots/project_clean_state_2026_04_16/FB_Heating_System_Manager.st:672: GVL_Retain.G_Boiler_Accumulated_MS[L_i] := GVL_Retain.G_Boiler_Accumulated_MS[L_i] + L_Delta_MS;
./snapshots/project_clean_state_2026_04_16/FB_Heating_System_Manager.st:673: IF GVL_Retain.G_Boiler_Accumulated_MS[L_i] >= GVL_CONSTANTS.C_MS_IN_SECOND THEN
./snapshots/project_clean_state_2026_04_16/FB_Heating_System_Manager.st:674: GVL_Retain.G_Boiler_Work_Seconds[L_i] := GVL_Retain.G_Boiler_Work_Seconds[L_i] + (GVL_Retain.G_Boiler_Accumulated_MS[L_i] / 1000);
./snapshots/project_clean_state_2026_04_16/FB_Heating_System_Manager.st:675: GVL_Retain.G_Boiler_Accumulated_MS[L_i] := GVL_Retain.G_Boiler_Accumulated_MS[L_i] MOD 1000;
./snapshots/project_clean_state_2026_04_16/FB_Heating_System_Manager.st:678: IF GVL_Retain.G_Boiler_Work_Seconds[L_i] > 4000000000 THEN
./snapshots/project_clean_state_2026_04_16/FB_Heating_System_Manager.st:679: GVL_Retain.G_Boiler_Work_Seconds[L_i] := 0;
./snapshots/project_clean_state_2026_04_16/FB_Heating_System_Manager.st:682: VO_Boiler_Status[L_i].Work_Seconds := GVL_Retain.G_Boiler_Work_Seconds[L_i];
./snapshots/project_clean_state_2026_04_16/GVL_ALARM.gvl:18: VAR_GLOBAL RETAIN
./snapshots/project_clean_state_2026_04_16/GVL_PERSISTENT.gvl:1: VAR_GLOBAL PERSISTENT RETAIN
./snapshots/project_clean_state_2026_04_16/FB_Security_System_Manager.st:53: VI_Access_Codes := GVL_RETAIN.G_Access_Codes,
./snapshots/project_clean_state_2026_04_16/FB_Security_System_Manager.st:54: VI_RFID_Tags := GVL_RETAIN.G_RFID_Tags,
./snapshots/project_clean_state_2026_04_16/FB_Gateway_Interface.st:85: VAR RETAIN
./snapshots/project_clean_state_2026_04_16/FB_Valve_Test_Manager.st:64: GVL_Retain.G_Valve_Test_Results[L_Current_Valve] := VO_Test_Results[L_Current_Valve];
./snapshots/project_clean_state_2026_04_16/FB_Valve_Test_Manager.st:72: GVL_Retain.G_Valve_Test_Results[L_Current_Valve] := FALSE;
./snapshots/project_clean_state_2026_04_16/FB_Valve_Test_Manager.st:93: GVL_Retain.G_Valve_Test_Results[L_Current_Valve] := FALSE;
./snapshots/project_clean_state_2026_04_16/FB_Presence_Playback.st:21: GVL_Retain.G_Presence_History[L_Current_Slot] := 0;
./snapshots/project_clean_state_2026_04_16/FB_Presence_Playback.st:24: GVL_Retain.G_Presence_History[L_Current_Slot] := GVL_Retain.G_Presence_History[L_Current_Slot] OR SHL(WORD#1, L_i-1);
./snapshots/project_clean_state_2026_04_16/FB_Presence_Playback.st:30: VO_Light_Outputs[L_i] := (GVL_Retain.G_Presence_History[L_Current_Slot] AND SHL(WORD#1, L_i-1)) <> 0;
./snapshots/project_clean_state_2026_04_16/FB_BlackBox_Recorder.st:16: L_Write_Index := GVL_Retain.G_BlackBox_LastIndex;
./snapshots/project_clean_state_2026_04_16/FB_BlackBox_Recorder.st:19: GVL_Retain.G_BlackBox_LastIndex := 0;
./snapshots/project_clean_state_2026_04_16/FB_BlackBox_Recorder.st:25: GVL_Retain.G_BlackBox_Frozen := TRUE;
./snapshots/project_clean_state_2026_04_16/FB_BlackBox_Recorder.st:28: VO_Frozen := GVL_Retain.G_BlackBox_Frozen;
./snapshots/project_clean_state_2026_04_16/FB_BlackBox_Recorder.st:30: IF NOT GVL_Retain.G_BlackBox_Frozen THEN
./snapshots/project_clean_state_2026_04_16/FB_BlackBox_Recorder.st:31: GVL_Retain.G_BlackBox_Buffer[L_Write_Index] := VI_Current_Data;
./snapshots/project_clean_state_2026_04_16/FB_BlackBox_Recorder.st:32: GVL_Retain.G_BlackBox_LastIndex := L_Write_Index;
./snapshots/project_clean_state_2026_04_16/FB_History_Manager.st:15: GVL_Retain.G_History_Buffer[GVL_Retain.G_History_Write_Idx] := VI_Event;
./snapshots/project_clean_state_2026_04_16/FB_History_Manager.st:16: GVL_Retain.G_History_Buffer[GVL_Retain.G_History_Write_Idx].timestamp_ms := VI_System_Time_MS;
./snapshots/project_clean_state_2026_04_16/FB_History_Manager.st:18: GVL_Retain.G_History_Write_Idx := (GVL_Retain.G_History_Write_Idx MOD GVL_CONSTANTS.C_MAX_HISTORY_RECORDS) + 1;
./snapshots/project_clean_state_2026_04_16/FB_History_Manager.st:19: GVL_Retain.G_History_Total_Events := GVL_Retain.G_History_Total_Events + 1;
./snapshots/project_clean_state_2026_04_16/FB_History_Manager.st:23: VO_Total_Events := GVL_Retain.G_History_Total_Events;
./snapshots/project_clean_state_2026_04_16/GVL_BlackBox.gvl:1: // Переменные перенесены в GVL_Retain.gvl
./snapshots/project_clean_state_2026_04_16/PRG_Security.st:51: VI_Access_Codes := GVL_Retain.G_Access_Codes,
./snapshots/project_clean_state_2026_04_16/PRG_Security.st:52: VI_RFID_Tags := GVL_Retain.G_RFID_Tags,
./snapshots/project_clean_state_2026_04_16/GVL_Retain.gvl:2: VAR_GLOBAL RETAIN
./snapshots/project_clean_state_2026_04_16/GVL_Retain.gvl:6: G_NVRAM_Data : ARRAY[0..12799] OF BYTE; // 100 * 128 = 12800 байт
./snapshots/project_clean_state_2026_04_16/PRG_System.st:83: // 0. Инициализация RETAIN переменных при первом запуске
./snapshots/project_clean_state_2026_04_16/PRG_System.st:84: IF NOT GVL_Retain.G_Initialized THEN
./snapshots/project_clean_state_2026_04_16/PRG_System.st:86: GVL_Retain.G_Presence_History[L_i] := 0;
./snapshots/project_clean_state_2026_04_16/PRG_System.st:89: GVL_Retain.G_History_Write_Idx := 1;
./snapshots/project_clean_state_2026_04_16/PRG_System.st:90: GVL_Retain.G_History_Total_Events := 0;
./snapshots/project_clean_state_2026_04_16/PRG_System.st:93: GVL_Retain.G_Boiler_Accumulated_MS[L_i] := 0;
./snapshots/project_clean_state_2026_04_16/PRG_System.st:94: GVL_Retain.G_Boiler_Work_Seconds[L_i] := 0;
./snapshots/project_clean_state_2026_04_16/PRG_System.st:98: GVL_Retain.G_Valve_Test_Results[L_i] := FALSE;
./snapshots/project_clean_state_2026_04_16/PRG_System.st:104: GVL_Retain.G_Initialized := TRUE;