./ST_State_Snapshot.dut:2: TYPE ST_State_Snapshot :
./ST_State_Snapshot.dut:2: TYPE ST_State_Snapshot :
./FB_State_Snapshot_NVRAM.st:1: FUNCTION_BLOCK FB_State_Snapshot_NVRAM
./FB_State_Snapshot_NVRAM.st:1: FUNCTION_BLOCK FB_State_Snapshot_NVRAM
./FB_State_Snapshot_NVRAM.st:5: VI_Snapshot       : ST_State_Snapshot;
./FB_State_Snapshot_NVRAM.st:5: VI_Snapshot       : ST_State_Snapshot;
./FB_State_Snapshot_NVRAM.st:52: pBuffer := ADR(VI_Snapshot),
./FB_State_Snapshot_NVRAM.st:53: szSize := SIZEOF(VI_Snapshot)
./FB_Redundancy_Manager.st:8: VI_Remote_State : ST_System_State_Snapshot; // Состояние партнера
./FB_Redundancy_Manager.st:9: VI_Local_State : ST_System_State_Snapshot; // Локальное состояние
./FB_Redundancy_Manager.st:16: VO_Synced_State : ST_System_State_Snapshot; // Синхронизированное состояние
./ST_System_State_Snapshot.dut:2: TYPE ST_System_State_Snapshot :
./FB_State_Replication.st:5: VI_Local_State : ST_System_State_Snapshot; // Локальное состояние системы
./FB_State_Replication.st:6: VI_Remote_State : ST_System_State_Snapshot; // Состояние системы партнера
./FB_State_Replication.st:11: VO_Synced_State : ST_System_State_Snapshot; // Синхронизированное состояние
./FB_State_Snapshot_Manager.st:1: FUNCTION_BLOCK FB_State_Snapshot_Manager
./FB_State_Snapshot_Manager.st:1: FUNCTION_BLOCK FB_State_Snapshot_Manager
./FB_State_Snapshot_Manager.st:6: VI_Current_State  : ST_State_Snapshot;
./FB_State_Snapshot_Manager.st:6: VI_Current_State  : ST_State_Snapshot;
./FB_State_Snapshot_Manager.st:9: VO_Snapshot_Saved : BOOL;
./FB_State_Snapshot_Manager.st:12: L_Snapshot_Buffer : ARRAY[1..GVL_CONSTANTS.C_MAX_STATE_SNAPSHOTS] OF ST_State_Snapshot;
./FB_State_Snapshot_Manager.st:12: L_Snapshot_Buffer : ARRAY[1..GVL_CONSTANTS.C_MAX_STATE_SNAPSHOTS] OF ST_State_Snapshot;
./FB_State_Snapshot_Manager.st:17: L_Snapshot_Buffer[L_Write_Idx] := VI_Current_State;
./FB_State_Snapshot_Manager.st:18: L_Snapshot_Buffer[L_Write_Idx].timestamp_ms := VI_System_Time_MS;
./FB_State_Snapshot_Manager.st:21: // ST_State_Snapshot no longer contains trigger_event_code in live project.
./FB_State_Snapshot_Manager.st:21: // ST_State_Snapshot no longer contains trigger_event_code in live project.
./FB_State_Snapshot_Manager.st:25: VO_Snapshot_Saved := TRUE;
./FB_State_Snapshot_Manager.st:27: VO_Snapshot_Saved := FALSE;
./PRG_System.st:3: fbSnapshotMgr : FB_State_Snapshot_Manager;
./PRG_System.st:3: fbSnapshotMgr : FB_State_Snapshot_Manager;
./PRG_System.st:38: L_Snapshot : ST_State_Snapshot;
./PRG_System.st:38: L_Snapshot : ST_State_Snapshot;
./PRG_System.st:39: L_Snapshot_Trigger_Prev : BOOL;
./PRG_System.st:40: L_Snapshot_Fallback_Prev : BOOL;
./PRG_System.st:41: L_Snapshot_Recovery_Prev : BOOL;
./PRG_System.st:50: L_Snapshot_Last_Event_MS : UDINT;
./PRG_System.st:51: L_Snapshot_Min_Interval_MS : UDINT;
./PRG_System.st:119: L_Local_State : ST_System_State_Snapshot;
./PRG_System.st:120: L_Remote_State : ST_System_State_Snapshot;
./PRG_System.st:2424: // safe in-memory snapshot using real ST_State_Snapshot fields
./PRG_System.st:2424: // safe in-memory snapshot using real ST_State_Snapshot fields
./PRG_System.st:2425: L_Snapshot.timestamp_ms := GVL_STATUS.G_System_Time_MS;
./PRG_System.st:2426: L_Snapshot.operator_id := 'SYSTEM';
./PRG_System.st:2427: L_Snapshot.scenario_id := GVL_STATUS.G_Current_Scenario;
./PRG_System.st:2428: L_Snapshot.lighting_levels := GVL_STATE.G_Lighting_Levels;
./PRG_System.st:2431: L_Snapshot.floor_heating_setpoints[L_i] := GVL_CONFIG.G_HMI_FloorHeating_Configs[L_i].design_temp;
./PRG_System.st:2434: L_Snapshot.alarm_active := GVL_ALARM.G_Global_Critical OR GVL_ALARM.G_Global_Warning;
./PRG_System.st:2435: L_Snapshot.crc32 := DWORD#0;
./PRG_System.st:2438: IF L_Snapshot_Min_Interval_MS = 0 THEN
./PRG_System.st:2439: L_Snapshot_Min_Interval_MS := 5000;
./PRG_System.st:2444: (NOT L_Snapshot_Trigger_Prev) AND
./PRG_System.st:2445: ((L_Snapshot_Last_Event_MS = 0) OR
./PRG_System.st:2446: ((GVL_STATUS.G_System_Time_MS - L_Snapshot_Last_Event_MS) >= L_Snapshot_Min_Interval_MS)) THEN
./PRG_System.st:2447: fbSnapshotMgr(
./PRG_System.st:2451: VI_Current_State  := L_Snapshot
./PRG_System.st:2453: L_Snapshot_Last_Event_MS := GVL_STATUS.G_System_Time_MS;
./PRG_System.st:2458: (NOT L_Snapshot_Fallback_Prev) AND
./PRG_System.st:2459: ((L_Snapshot_Last_Event_MS = 0) OR
./PRG_System.st:2460: ((GVL_STATUS.G_System_Time_MS - L_Snapshot_Last_Event_MS) >= L_Snapshot_Min_Interval_MS)) THEN
./PRG_System.st:2461: fbSnapshotMgr(
./PRG_System.st:2465: VI_Current_State  := L_Snapshot
./PRG_System.st:2467: L_Snapshot_Last_Event_MS := GVL_STATUS.G_System_Time_MS;
./PRG_System.st:2472: (NOT L_Snapshot_Recovery_Prev) AND
./PRG_System.st:2473: ((L_Snapshot_Last_Event_MS = 0) OR
./PRG_System.st:2474: ((GVL_STATUS.G_System_Time_MS - L_Snapshot_Last_Event_MS) >= L_Snapshot_Min_Interval_MS)) THEN
./PRG_System.st:2475: fbSnapshotMgr(
./PRG_System.st:2479: VI_Current_State  := L_Snapshot
./PRG_System.st:2481: L_Snapshot_Last_Event_MS := GVL_STATUS.G_System_Time_MS;
./PRG_System.st:2485: L_Snapshot_Trigger_Prev := GVL_STATUS.G_Diagnostics.Sensor_Shadow_Rate_Alert_Active;
./PRG_System.st:2486: L_Snapshot_Fallback_Prev := GVL_STATUS.G_Diagnostics.Sensor_Shadow_Rate_Fallback_Per_Hour > 10.0;
./PRG_System.st:2487: L_Snapshot_Recovery_Prev := GVL_STATUS.G_Diagnostics.Sensor_Shadow_Rate_Recovery_Per_Hour > 10.0;
./snapshots/project_clean_state_2026_04_16/FB_BlackBox_V2_Core.st:14: VO_Snapshot : ST_BlackBox_Snapshot_V2;
./snapshots/project_clean_state_2026_04_16/FB_BlackBox_V2_Core.st:17: VO_Snapshot.Gas_Alarm := VI_Gas_Alarm;
./snapshots/project_clean_state_2026_04_16/FB_BlackBox_V2_Core.st:18: VO_Snapshot.Fire_Alarm := VI_Fire_Alarm;
./snapshots/project_clean_state_2026_04_16/FB_BlackBox_V2_Core.st:19: VO_Snapshot.Flood_Alarm := VI_Flood_Alarm;
./snapshots/project_clean_state_2026_04_16/FB_BlackBox_V2_Core.st:20: VO_Snapshot.First_Fault_Type := VI_First_Fault_Type;
./snapshots/project_clean_state_2026_04_16/FB_BlackBox_V2_Core.st:21: VO_Snapshot.First_Fault_Source := VI_First_Fault_Source;
./snapshots/project_clean_state_2026_04_16/ST_State_Snapshot.dut:2: TYPE ST_State_Snapshot :
./snapshots/project_clean_state_2026_04_16/ST_State_Snapshot.dut:2: TYPE ST_State_Snapshot :
./snapshots/project_clean_state_2026_04_16/FB_State_Snapshot_NVRAM.st:1: FUNCTION_BLOCK FB_State_Snapshot_NVRAM
./snapshots/project_clean_state_2026_04_16/FB_State_Snapshot_NVRAM.st:1: FUNCTION_BLOCK FB_State_Snapshot_NVRAM
./snapshots/project_clean_state_2026_04_16/FB_State_Snapshot_NVRAM.st:5: VI_Snapshot       : ST_State_Snapshot;
./snapshots/project_clean_state_2026_04_16/FB_State_Snapshot_NVRAM.st:5: VI_Snapshot       : ST_State_Snapshot;
./snapshots/project_clean_state_2026_04_16/FB_State_Snapshot_NVRAM.st:52: pBuffer := ADR(VI_Snapshot),
./snapshots/project_clean_state_2026_04_16/FB_State_Snapshot_NVRAM.st:53: szSize := SIZEOF(VI_Snapshot)
./snapshots/project_clean_state_2026_04_16/FB_Redundancy_Manager.st:8: VI_Remote_State : ST_System_State_Snapshot; // Состояние партнера
./snapshots/project_clean_state_2026_04_16/FB_Redundancy_Manager.st:9: VI_Local_State : ST_System_State_Snapshot; // Локальное состояние
./snapshots/project_clean_state_2026_04_16/FB_Redundancy_Manager.st:16: VO_Synced_State : ST_System_State_Snapshot; // Синхронизированное состояние
./snapshots/project_clean_state_2026_04_16/ST_System_State_Snapshot.dut:2: TYPE ST_System_State_Snapshot :
./snapshots/project_clean_state_2026_04_16/ST_BlackBox_Snapshot_V2.dut:1: TYPE ST_BlackBox_Snapshot_V2 : STRUCT
./snapshots/project_clean_state_2026_04_16/FB_Alarm_Manager.st:73: L_BlackBox_V2_Snapshot_Shadow : ST_BlackBox_Snapshot_V2;
./snapshots/project_clean_state_2026_04_16/FB_Alarm_Manager.st:412: VO_Snapshot => L_BlackBox_V2_Snapshot_Shadow
./snapshots/project_clean_state_2026_04_16/FB_Alarm_Manager.st:426: IF (L_BlackBox_V2_Snapshot_Shadow.Gas_Alarm <> VI_Gas_Alarm)
./snapshots/project_clean_state_2026_04_16/FB_Alarm_Manager.st:427: OR (L_BlackBox_V2_Snapshot_Shadow.Fire_Alarm <> VI_Fire_Alarm)
./snapshots/project_clean_state_2026_04_16/FB_Alarm_Manager.st:428: OR (L_BlackBox_V2_Snapshot_Shadow.Flood_Alarm <> VI_Flood_Alarm)
./snapshots/project_clean_state_2026_04_16/FB_Alarm_Manager.st:429: OR (L_BlackBox_V2_Snapshot_Shadow.First_Fault_Type <> TO_BYTE(VI_First_Fault_Type))
./snapshots/project_clean_state_2026_04_16/FB_Alarm_Manager.st:430: OR (L_BlackBox_V2_Snapshot_Shadow.First_Fault_Source <> TO_BYTE(VI_First_Fault_Source)) THEN
./snapshots/project_clean_state_2026_04_16/FB_State_Replication.st:5: VI_Local_State : ST_System_State_Snapshot; // Локальное состояние системы
./snapshots/project_clean_state_2026_04_16/FB_State_Replication.st:6: VI_Remote_State : ST_System_State_Snapshot; // Состояние системы партнера
./snapshots/project_clean_state_2026_04_16/FB_State_Replication.st:11: VO_Synced_State : ST_System_State_Snapshot; // Синхронизированное состояние
./snapshots/project_clean_state_2026_04_16/FB_State_Snapshot_Manager.st:1: FUNCTION_BLOCK FB_State_Snapshot_Manager
./snapshots/project_clean_state_2026_04_16/FB_State_Snapshot_Manager.st:1: FUNCTION_BLOCK FB_State_Snapshot_Manager
./snapshots/project_clean_state_2026_04_16/FB_State_Snapshot_Manager.st:6: VI_Current_State  : ST_State_Snapshot;
./snapshots/project_clean_state_2026_04_16/FB_State_Snapshot_Manager.st:6: VI_Current_State  : ST_State_Snapshot;
./snapshots/project_clean_state_2026_04_16/FB_State_Snapshot_Manager.st:9: VO_Snapshot_Saved : BOOL;
./snapshots/project_clean_state_2026_04_16/FB_State_Snapshot_Manager.st:12: L_Snapshot_Buffer : ARRAY[1..GVL_CONSTANTS.C_MAX_STATE_SNAPSHOTS] OF ST_State_Snapshot;
./snapshots/project_clean_state_2026_04_16/FB_State_Snapshot_Manager.st:12: L_Snapshot_Buffer : ARRAY[1..GVL_CONSTANTS.C_MAX_STATE_SNAPSHOTS] OF ST_State_Snapshot;
./snapshots/project_clean_state_2026_04_16/FB_State_Snapshot_Manager.st:17: L_Snapshot_Buffer[L_Write_Idx] := VI_Current_State;
./snapshots/project_clean_state_2026_04_16/FB_State_Snapshot_Manager.st:18: L_Snapshot_Buffer[L_Write_Idx].timestamp_ms := VI_System_Time_MS;
./snapshots/project_clean_state_2026_04_16/FB_State_Snapshot_Manager.st:19: L_Snapshot_Buffer[L_Write_Idx].trigger_event_code := VI_Event_Code;
./snapshots/project_clean_state_2026_04_16/FB_State_Snapshot_Manager.st:22: VO_Snapshot_Saved := TRUE;
./snapshots/project_clean_state_2026_04_16/FB_State_Snapshot_Manager.st:24: VO_Snapshot_Saved := FALSE;
./snapshots/project_clean_state_2026_04_16/PRG_System.st:31: L_Local_State : ST_System_State_Snapshot;
./snapshots/project_clean_state_2026_04_16/PRG_System.st:32: L_Remote_State : ST_System_State_Snapshot;
./snapshots/project_clean_state_2026_04_16/workspace/dut_rebuild/history_blackbox/ST_BlackBox_Snapshot_V2.dut:1: TYPE ST_BlackBox_Snapshot_V2 :
./snapshots/project_clean_state_2026_04_16/workspace/dut_rebuild/history_blackbox_v2/ST_BlackBox_Snapshot_V2.dut:1: TYPE ST_BlackBox_Snapshot_V2 :
./snapshots/project_clean_state_2026_04_16/workspace/dut_rebuild/history_blackbox_v2/v2_core/FB_BlackBox_V2_Core_DRAFT.st:14: VO_Snapshot : ST_BlackBox_Snapshot_V2;
./snapshots/project_clean_state_2026_04_16/workspace/dut_rebuild/history_blackbox_v2/v2_core/FB_BlackBox_V2_Core_DRAFT.st:17: VO_Snapshot.Timestamp_MS := VI_System_Time_MS;
./snapshots/project_clean_state_2026_04_16/workspace/dut_rebuild/history_blackbox_v2/v2_core/FB_BlackBox_V2_Core_DRAFT.st:18: VO_Snapshot.System_Mode := VI_System_Mode;
./snapshots/project_clean_state_2026_04_16/workspace/dut_rebuild/history_blackbox_v2/v2_core/FB_BlackBox_V2_Core_DRAFT.st:19: VO_Snapshot.Critical_Alarm_Active := VI_Critical_Alarm_Active;
./snapshots/project_clean_state_2026_04_16/workspace/dut_rebuild/history_blackbox_v2/v2_core/FB_BlackBox_V2_Core_DRAFT.st:20: VO_Snapshot.Warning_Active := VI_Warning_Active;
./snapshots/project_clean_state_2026_04_16/workspace/dut_rebuild/history_blackbox_v2/v2_core/FB_BlackBox_V2_Core_DRAFT.st:21: VO_Snapshot.First_Fault_Type := VI_First_Fault_Type;
./snapshots/project_clean_state_2026_04_16/workspace/dut_rebuild/history_blackbox_v2/v2_core/FB_BlackBox_V2_Core_DRAFT.st:22: VO_Snapshot.First_Fault_Source := VI_First_Fault_Source;
./snapshots/project_clean_state_2026_04_16/workspace/dut_rebuild/history_blackbox_v2/v2_core/FB_BlackBox_V2_Core_DRAFT.st:23: VO_Snapshot.Gas_Alarm := VI_Gas_Alarm;
./snapshots/project_clean_state_2026_04_16/workspace/dut_rebuild/history_blackbox_v2/v2_core/FB_BlackBox_V2_Core_DRAFT.st:24: VO_Snapshot.Fire_Alarm := VI_Fire_Alarm;
./snapshots/project_clean_state_2026_04_16/workspace/dut_rebuild/history_blackbox_v2/v2_core/FB_BlackBox_V2_Core_DRAFT.st:25: VO_Snapshot.Flood_Alarm := VI_Flood_Alarm;
./snapshots/project_clean_state_2026_04_16/workspace/dut_rebuild/history_blackbox_v2/compatibility/FB_BlackBox_Legacy_To_V2_Adapter_DRAFT.st:6: VO_BlackBox_V2 : ST_BlackBox_Snapshot_V2;
./workspace/dut_rebuild/history_blackbox/ST_BlackBox_Snapshot_V2.dut:1: TYPE ST_BlackBox_Snapshot_V2 :
./workspace/dut_rebuild/history_blackbox_v2/ST_BlackBox_Snapshot_V2.dut:1: TYPE ST_BlackBox_Snapshot_V2 :
./workspace/dut_rebuild/history_blackbox_v2/v2_core/FB_BlackBox_V2_Core_DRAFT.st:14: VO_Snapshot : ST_BlackBox_Snapshot_V2;
./workspace/dut_rebuild/history_blackbox_v2/v2_core/FB_BlackBox_V2_Core_DRAFT.st:17: VO_Snapshot.Timestamp_MS := VI_System_Time_MS;
./workspace/dut_rebuild/history_blackbox_v2/v2_core/FB_BlackBox_V2_Core_DRAFT.st:18: VO_Snapshot.System_Mode := VI_System_Mode;
./workspace/dut_rebuild/history_blackbox_v2/v2_core/FB_BlackBox_V2_Core_DRAFT.st:19: VO_Snapshot.Critical_Alarm_Active := VI_Critical_Alarm_Active;
./workspace/dut_rebuild/history_blackbox_v2/v2_core/FB_BlackBox_V2_Core_DRAFT.st:20: VO_Snapshot.Warning_Active := VI_Warning_Active;
./workspace/dut_rebuild/history_blackbox_v2/v2_core/FB_BlackBox_V2_Core_DRAFT.st:21: VO_Snapshot.First_Fault_Type := VI_First_Fault_Type;
./workspace/dut_rebuild/history_blackbox_v2/v2_core/FB_BlackBox_V2_Core_DRAFT.st:22: VO_Snapshot.First_Fault_Source := VI_First_Fault_Source;
./workspace/dut_rebuild/history_blackbox_v2/v2_core/FB_BlackBox_V2_Core_DRAFT.st:23: VO_Snapshot.Gas_Alarm := VI_Gas_Alarm;
./workspace/dut_rebuild/history_blackbox_v2/v2_core/FB_BlackBox_V2_Core_DRAFT.st:24: VO_Snapshot.Fire_Alarm := VI_Fire_Alarm;
./workspace/dut_rebuild/history_blackbox_v2/v2_core/FB_BlackBox_V2_Core_DRAFT.st:25: VO_Snapshot.Flood_Alarm := VI_Flood_Alarm;
./workspace/dut_rebuild/history_blackbox_v2/compatibility/FB_BlackBox_Legacy_To_V2_Adapter_DRAFT.st:6: VO_BlackBox_V2 : ST_BlackBox_Snapshot_V2;