=== DOC CLEANUP ===
Deleted:
  - docs/PROJECT_ROADMAP.md
  - docs/PROJECT_STATUS_2026-04-05.md
  - docs/PROJECT_STATUS_2026-04-06_FULL.md
  - docs/DEVELOPMENT_WORKFLOW_V2.md
Missing:

=== ROOT FB ORPHAN CANDIDATES (no textual refs outside own file / excluded dirs) ===
  - FB_CO_Detector.st
  - FB_Emergency_Valve_Open.st
  - FB_Exhaust_Ventilation_Controller.st
  - FB_Gas_Methane_Detector.st
  - FB_Gas_Valve_Controller.st
  - FB_Maintenance_Access.st
  - FB_Manifold_Pump_Controller.st
  - FB_Manual_Valve_Control.st
  - FB_Outdoor_Lighting_Controller.st
  - FB_Pre_Departure_Heating.st
  - FB_Presence_Simulator.st
  - FB_Security_Alarm.st
  - FB_Sensor_Distribution.st
  - FB_State_Snapshot_NVRAM.st
  - FB_Supply_Ventilation_Controller.st
  - FB_Water_Valve_Controller.st
  - FB_Zone_Access_Manager.st

=== ROOT FB WITH EXTERNAL REFS ===
  - FB_Access_Control.st
      * PRG_Security.st
  - FB_AccessCode_Manager.st
      * FB_Security_System_Manager.st
      * FB_Access_Control.st
  - FB_Alarm_Manager.st
      * PRG_System.st
  - FB_Analog_Validator.st
      * FB_Heating_System_Manager.st
      * FB_DHW_Manager.st
      * PRG_Test.st
  - FB_Astro_Timer.st
      * FB_Security_System_Manager.st
      * PRG_System.st
  - FB_BlackBox_Recorder.st
      * PRG_System.st
  - FB_Boiler_Cascade_Manager.st
      * FB_Heating_System_Manager.st
  - FB_Boiler_OpenTherm_Interface.st
      * FB_Heating_System_Manager.st
  - FB_Calibration_Manager.st
      * PRG_System.st
  - FB_Command_Deduplication.st
      * FB_Gateway_Interface.st
  - FB_CoreKernel_Live_Observer.st
      * PRG_System.st
  - FB_CRC32_Calculator.st
      * FB_Gateway_Interface.st
      * FB_AccessCode_Manager.st
  - FB_Device_Predictive_Diag.st
      * FB_Heating_System_Manager.st
  - FB_DHW_Manager.st
      * PRG_Heating.st
  - FB_Fault_Logger.st
      * PRG_System.st
  - FB_FloorHeating_Controller.st
      * FB_Heating_System_Manager.st
  - FB_FloorHeating_Freeze_Protection.st
      * PRG_System.st
  - FB_FloorHeating_Overheat_Protection.st
      * PRG_System.st
  - FB_Gas_Smoke_Manager.st
      * PRG_Safety.st
  - FB_Gateway_Interface.st
      * PRG_System.st
  - FB_Heating_System_Manager.st
      * PRG_Heating.st
  - FB_History_Manager.st
      * PRG_System.st
  - FB_HMAC_SHA1.st
      * FB_TwoFactor_Auth.st
  - FB_HMI_Interface.st
      * PRG_System.st
  - FB_IO_Module_Watchdog.st
      * PRG_IO_Read.st
  - FB_Lifetime_Manager.st
      * PRG_System.st
  - FB_Lifetime_Predictor.st
      * FB_Heating_System_Manager.st
  - FB_Lighting_Blinds_Manager.st
      * PRG_Lighting.st
  - FB_LogEvent.st
      * PRG_System.st
  - FB_NVRAM_Manager.st
      * FB_Persist_Pipeline.st
  - FB_Persist_Builder.st
      * ошибки компиляции.txt
      * PRG_System.st
  - FB_Persist_Pipeline.st
      * PRG_System.st
  - FB_PID_Controller.st
      * FB_FloorHeating_Controller.st
      * FB_Heating_System_Manager.st
      * FB_Supply_Ventilation_Controller.st
      * FB_Ventilation_System_Manager.st
  - FB_PLC_Heartbeat.st
      * FB_Redundancy_Manager.st
  - FB_Presence_Playback.st
      * FB_Presence_Simulator.st
  - FB_Random_Generator.st
      * FB_Simulation_Manager.st
      * PRG_Test.st
  - FB_Redundancy_Manager.st
      * PRG_System.st
  - FB_Rule_Engine.st
      * PRG_System.st
  - FB_Safety_Manager.st
      * PRG_System.st
  - FB_Scenario_Manager.st
      * PRG_System.st
  - FB_Scenario_Transition_Controller.st
      * FB_Lighting_Blinds_Manager.st
      * FB_Heating_System_Manager.st
  - FB_Scenario_Transition_Guard.st
      * PRG_System.st
  - FB_Security_System_Manager.st
      * PRG_Security.st
  - FB_Sensor_Analog_Processing.st
      * PRG_System.st
  - FB_Sensor_Calibration.st
      * FB_Sensor_Calibration_Processor.st
      * PRG_System.st
  - FB_Sensor_Calibration_Processor.st
      * PRG_System.st
  - FB_SHA1.st
      * FB_HMAC_SHA1.st
  - FB_Simulation_Manager.st
      * PRG_System.st
  - FB_Smoke_Detector.st
      * PRG_System.st
  - FB_Socket_Manager.st
      * PRG_Lighting.st
  - FB_State_Manager.st
      * TZ_NEW.txt
      * PRG_System.st
  - FB_State_Replication.st
      * FB_Redundancy_Manager.st
  - FB_State_Snapshot_Manager.st
      * PRG_System.st
  - FB_System_Health.st
      * TZ_NEW.txt
      * PRG_System.st
  - FB_System_Timer.st
      * FB_Lighting_Blinds_Manager.st
      * FB_Heating_System_Manager.st
      * FB_Water_Leakage_Manager.st
      * FB_Redundancy_Manager.st
      * FB_Security_System_Manager.st
      * FB_Gas_Smoke_Manager.st
      * FB_Device_Predictive_Diag.st
      * FB_Alarm_Manager.st
      * FB_System_Timer_TOF.st
      * FB_Ventilation_System_Manager.st
      * ... +3 more
  - FB_System_Timer_TOF.st
      * FB_Lighting_Blinds_Manager.st
      * FB_Ventilation_System_Manager.st
  - FB_Trend_Adapter.st
      * PRG_System.st
  - FB_Trend_Analyzer.st
      * FB_Trend_Adapter.st
  - FB_Trend_Logger.st
      * PRG_System.st
  - FB_TwoFactor_Auth.st
      * FB_Security_System_Manager.st
      * PRG_Test.st
  - FB_Valve_Test_Manager.st
      * FB_Heating_System_Manager.st
  - FB_Ventilation_System_Manager.st
      * PRG_Ventilation.st
  - FB_Watchdog.st
      * PRG_System.st
  - FB_Water_Leakage_Manager.st
      * PRG_Safety.st

=== GOOD IDEAS / NOT INTEGRATED YET (heuristic shortlist) ===
  - FB_State_Snapshot_NVRAM.st
