===== git remote -v =====
origin	https://github.com/builovmaikl-art/SmartHomeNew (fetch)
origin	https://github.com/builovmaikl-art/SmartHomeNew (push)

===== git fetch =====

===== git push --dry-run =====
Everything up-to-date

===== git status =====
On branch main
Your branch is up to date with 'origin/main'.

Untracked files:
  (use "git add <file>..." to include in what will be committed)
	archive/broken_compiler_191903/import_codesys_FINAL.py.bak
	archive/broken_compiler_191903/method_overlay_clean.py.bak
	archive/broken_compiler_2026_04_15_172639/
	archive/broken_compiler_2026_04_15_185323/import_codesys_FINAL.py.bak
	archive/broken_compiler_2026_04_15_185323/method_overlay_clean.py.bak
	диагностика/
	компилятор/import_codesys_FINAL.py.bak
	компилятор/method_overlay_clean.py.bak

nothing added to commit but untracked files present (use "git add" to track)

===== git branch -vv =====
  dut_step c55f1bf run build_project_new test
* main     244e4fc [origin/main] diag: publish nvram real audit to assistant bridge

===== git config =====
user.name=builovmaikl-art
user.email=builov.maikl@gmail.com
gpg.program=/.codespaces/bin/gh-gpgsign
init.defaultbranch=main
credential.helper=/.codespaces/bin/gitcredential_github.sh
filter.lfs.clean=git-lfs clean -- %f
filter.lfs.smudge=git-lfs smudge -- %f
filter.lfs.process=git-lfs filter-process
filter.lfs.required=true
core.repositoryformatversion=0
core.filemode=true
core.bare=false
core.logallrefupdates=true
core.quotepath=false
remote.origin.url=https://github.com/builovmaikl-art/SmartHomeNew
remote.origin.fetch=+refs/heads/*:refs/remotes/origin/*
branch.main.remote=origin
branch.main.merge=refs/heads/main
branch.main.vscode-merge-base=origin/main
lfs.repositoryformatversion=0
lfs.https://github.com/builovmaikl-art/SmartHomeNew.git/info/lfs.access=basic
branch.dut_step.github-pr-base-branch=builovmaikl-art#SmartHomeNew#main
branch.dut_step.vscode-merge-base=origin/main
