]633;E;echo "=== DATE ===";b39e2385-4f00-43a0-8f86-c29466b4fef1]633;C=== DATE ===
Mon Apr 20 05:23:05 UTC 2026

=== PWD ===
/workspaces/SmartHomeNew

=== BRANCH ===
main

=== REMOTE ===
origin	https://github.com/builovmaikl-art/SmartHomeNew (fetch)
origin	https://github.com/builovmaikl-art/SmartHomeNew (push)

=== STATUS BEFORE ===
?? "\320\264\320\270\320\260\320\263\320\275\320\276\321\201\321\202\320\270\320\272\320\260/git_sync_recheck_before.log"

=== LAST 10 COMMITS BEFORE ===
530cdb1 diag: snapshot + nvram audit
0fb868c chore: real snapshot audit (no filters)
cf97d19 chore: audit snapshot architecture before integration
69140da test: compile smoke after migration
ee3a0d8 docs: full roadmap snapshot 2026_04_19
95f1cac docs: add roadmap snapshot 2026_04_19
cf769ad feat: add calibration family and sensor summary records for HMI
adc96c3 test: compile smoke after migration
a496544 feat: add calibration status aggregator for HMI-ready summaries
cb2c655 test: compile smoke after migration

=== FILES BEFORE RUN ===

=== TRACKED BEFORE RUN ===
