]633;E;echo "=== CHECK: command struct ===";822ba416-8f08-405d-9da8-9a89f94c658a]633;C=== CHECK: command struct ===
./steps/MASTER_PIPELINE/005_RESULT.xml:4783:          <derived name="ST_Heating_Command_V2" />
./steps/MASTER_PIPELINE/004_RESULT.xml:6495:                <derived name="ST_Heating_Command_V2" />
./steps/MASTER_PIPELINE/003_GVL_BASELINE_INPUT.xml:6160:          <derived name="ST_Heating_Command_V2" />
./steps/MASTER_PIPELINE/out/004_RESULT.xml:6495:                <derived name="ST_Heating_Command_V2" />
./steps/MASTER_PIPELINE/out/003_RESULT.xml:7872:                <derived name="ST_Heating_Command_V2" />
./steps/MASTER_PIPELINE/002_BASE.xml:8029:                <derived name="ST_Heating_Command_V2" />
./steps/MASTER_PIPELINE/002_BASE.xml:8989:                <derived name="ST_Heating_Command_V2" />
./steps/MASTER_PIPELINE/003_RESULT.xml:7872:                <derived name="ST_Heating_Command_V2" />
./steps/MASTER_PIPELINE/001_BASE.xml:6163:                <derived name="ST_Heating_Command_V2" />
./steps/2026-04-17_remove_heating_manager_internal_scaffold/01_remove_heating_manager_internal_scaffold.py:9:    "    L_Heating_V2_Command_V2 : ST_Heating_Command_V2;\n",
./steps/2026-04-17_audit_zero_ref_v2_dut_leftovers/01_audit_zero_ref_v2_dut_leftovers.py:11:    "ST_Heating_Command_V2.dut",
./steps/2026-04-20_heating_orchestration_cleanup/01_heating_orchestration_cleanup.py:5:# 1. Create ST_Heating_Command
./steps/2026-04-20_heating_orchestration_cleanup/01_heating_orchestration_cleanup.py:7:dut_path = Path("ST_Heating_Command.st")
./steps/2026-04-20_heating_orchestration_cleanup/01_heating_orchestration_cleanup.py:9:    dut_path.write_text("""TYPE ST_Heating_Command :
./steps/2026-04-20_heating_orchestration_cleanup/01_heating_orchestration_cleanup.py:27:        "VAR_INPUT\n    VI_Command : ST_Heating_Command;"
./steps/2026-04-20_heating_orchestration_cleanup/01_heating_orchestration_cleanup.py:52:        "VAR_OUTPUT\n    VO_Heating_Command : ST_Heating_Command;"
./diagnostics/2026_04_16/step_10_git_commit_failure_debug.log:197:./ST_Heating_Command_V2.dut
./diagnostics/2026_04_16/step_08_flatten_unpacked_root.log:177:./ST_Heating_Command_V2.dut
./diagnostics/2026_04_16/step_13_full_project_snapshot.log:175:snapshots/project_clean_state_2026_04_16/ST_Heating_Command_V2.dut
./diagnostics/2026_04_16/step_11_project_structure.log:174:./ST_Heating_Command_V2.dut
./diagnostics/2026_04_16/step_11_project_structure.log:417:./ST_Heating_Command_V2.dut
./FB_Heating_System_Manager.st:12:    VI_Command : ST_Heating_Command;
./компилятор/out/RESULT_methods_clean.xml:6488:                <derived name="ST_Heating_Command" />
./компилятор/out/RESULT_methods_clean.xml:8485:                <derived name="ST_Heating_Command" />
./repo_logs/diagnostics/2026_04_16/constants_dut_usage.log:174:./ST_Heating_Command_V2.dut
./repo_logs/diagnostics/2026_04_16/constants_dut_usage.log:304:./workspace/dut_rebuild/heating_v2/ST_Heating_Command_V2.dut
./repo_logs/assistant_bridge/2026_04_19/step_269b_snapshot_real_audit/snapshot_real_audit.log:653:./snapshots/project_clean_state_2026_04_16/ST_Heating_Command_V2.dut
./repo_logs/assistant_bridge/2026_04_19/step_269b_snapshot_real_audit/snapshot_real_audit.log:659:./snapshots/project_clean_state_2026_04_16/workspace/dut_rebuild/heating_v2/ST_Heating_Command_V2.dut
./repo_logs/assistant_bridge/2026_04_19/step_269b_snapshot_real_audit/snapshot_real_audit.log:718:./workspace/dut_rebuild/heating_v2/ST_Heating_Command_V2.dut
./repo_logs/assistant_bridge/2026_04_19/step_269b_snapshot_real_audit/snapshot_real_audit.log:1586:./diagnostics/2026_04_16/step_13_full_project_snapshot.log:175:snapshots/project_clean_state_2026_04_16/ST_Heating_Command_V2.dut
./repo_logs/assistant_bridge/2026_04_19/step_269b_snapshot_real_audit/snapshot_real_audit.log:8759:./repo_logs/assistant_bridge/2026_04_17/step_131_control_final_root_audit_and_unused_inventory/control_final_root_audit_and_unused_inventory.log:1179:  snapshots/project_clean_state_2026_04_16/ST_Heating_Command_V2.dut
./repo_logs/assistant_bridge/2026_04_19/step_269b_snapshot_real_audit/snapshot_real_audit.log:8760:./repo_logs/assistant_bridge/2026_04_17/step_131_control_final_root_audit_and_unused_inventory/control_final_root_audit_and_unused_inventory.log:1180:  snapshots/project_clean_state_2026_04_16/workspace/dut_rebuild/heating_v2/ST_Heating_Command_V2.dut
./repo_logs/assistant_bridge/2026_04_19/step_269b_snapshot_real_audit/snapshot_real_audit.log:9512:./repo_logs/assistant_bridge/2026_04_17/step_134_remove_zero_ref_v2_dut_leftovers/remove_zero_ref_v2_dut_leftovers.log:923:./diagnostics/2026_04_16/step_13_full_project_snapshot.log:175:snapshots/project_clean_state_2026_04_16/ST_Heating_Command_V2.dut
./repo_logs/assistant_bridge/2026_04_19/step_269b_snapshot_real_audit/snapshot_real_audit.log:9513:./repo_logs/assistant_bridge/2026_04_17/step_134_remove_zero_ref_v2_dut_leftovers/remove_zero_ref_v2_dut_leftovers.log:942:./repo_logs/assistant_bridge/2026_04_17/step_131_control_final_root_audit_and_unused_inventory/control_final_root_audit_and_unused_inventory.log:1179:  snapshots/project_clean_state_2026_04_16/ST_Heating_Command_V2.dut
./repo_logs/assistant_bridge/2026_04_19/step_269b_snapshot_real_audit/snapshot_real_audit.log:9514:./repo_logs/assistant_bridge/2026_04_17/step_134_remove_zero_ref_v2_dut_leftovers/remove_zero_ref_v2_dut_leftovers.log:943:./repo_logs/assistant_bridge/2026_04_17/step_131_control_final_root_audit_and_unused_inventory/control_final_root_audit_and_unused_inventory.log:1180:  snapshots/project_clean_state_2026_04_16/workspace/dut_rebuild/heating_v2/ST_Heating_Command_V2.dut
./repo_logs/assistant_bridge/2026_04_19/step_269b_snapshot_real_audit/snapshot_real_audit.log:9515:./repo_logs/assistant_bridge/2026_04_17/step_134_remove_zero_ref_v2_dut_leftovers/remove_zero_ref_v2_dut_leftovers.log:964:./repo_logs/assistant_bridge/2026_04_16/step_01_repo_baseline/baseline.log:465:snapshots/project_clean_state_2026_04_16/ST_Heating_Command_V2.dut
./repo_logs/assistant_bridge/2026_04_19/step_269b_snapshot_real_audit/snapshot_real_audit.log:9516:./repo_logs/assistant_bridge/2026_04_17/step_134_remove_zero_ref_v2_dut_leftovers/remove_zero_ref_v2_dut_leftovers.log:973:./repo_logs/assistant_bridge/2026_04_16/step_45_scenario_layer_audit_fixed/scenario_layer_audit_fixed.log:383:./snapshots/project_clean_state_2026_04_16/ST_Heating_Command_V2.dut
./repo_logs/assistant_bridge/2026_04_19/step_269b_snapshot_real_audit/snapshot_real_audit.log:9517:./repo_logs/assistant_bridge/2026_04_17/step_134_remove_zero_ref_v2_dut_leftovers/remove_zero_ref_v2_dut_leftovers.log:974:./repo_logs/assistant_bridge/2026_04_16/step_45_scenario_layer_audit_fixed/scenario_layer_audit_fixed.log:451:./snapshots/project_clean_state_2026_04_16/workspace/dut_rebuild/heating_v2/ST_Heating_Command_V2.dut
./repo_logs/assistant_bridge/2026_04_19/step_269b_snapshot_real_audit/snapshot_real_audit.log:9518:./repo_logs/assistant_bridge/2026_04_17/step_134_remove_zero_ref_v2_dut_leftovers/remove_zero_ref_v2_dut_leftovers.log:977:./snapshots/project_clean_state_2026_04_16/FB_Heating_V2_Staging.st:16:    VO_Command_Shadow : ST_Heating_Command_V2;
./repo_logs/assistant_bridge/2026_04_19/step_269b_snapshot_real_audit/snapshot_real_audit.log:9519:./repo_logs/assistant_bridge/2026_04_17/step_134_remove_zero_ref_v2_dut_leftovers/remove_zero_ref_v2_dut_leftovers.log:978:./snapshots/project_clean_state_2026_04_16/steps/MASTER_PIPELINE/005_RESULT.xml:4783:          <derived name="ST_Heating_Command_V2" />
./repo_logs/assistant_bridge/2026_04_19/step_269b_snapshot_real_audit/snapshot_real_audit.log:9520:./repo_logs/assistant_bridge/2026_04_17/step_134_remove_zero_ref_v2_dut_leftovers/remove_zero_ref_v2_dut_leftovers.log:979:./snapshots/project_clean_state_2026_04_16/steps/MASTER_PIPELINE/004_RESULT.xml:6495:                <derived name="ST_Heating_Command_V2" />
./repo_logs/assistant_bridge/2026_04_19/step_269b_snapshot_real_audit/snapshot_real_audit.log:9521:./repo_logs/assistant_bridge/2026_04_17/step_134_remove_zero_ref_v2_dut_leftovers/remove_zero_ref_v2_dut_leftovers.log:980:./snapshots/project_clean_state_2026_04_16/steps/MASTER_PIPELINE/003_GVL_BASELINE_INPUT.xml:6160:          <derived name="ST_Heating_Command_V2" />
./repo_logs/assistant_bridge/2026_04_19/step_269b_snapshot_real_audit/snapshot_real_audit.log:9522:./repo_logs/assistant_bridge/2026_04_17/step_134_remove_zero_ref_v2_dut_leftovers/remove_zero_ref_v2_dut_leftovers.log:981:./snapshots/project_clean_state_2026_04_16/steps/MASTER_PIPELINE/out/004_RESULT.xml:6495:                <derived name="ST_Heating_Command_V2" />
./repo_logs/assistant_bridge/2026_04_19/step_269b_snapshot_real_audit/snapshot_real_audit.log:9523:./repo_logs/assistant_bridge/2026_04_17/step_134_remove_zero_ref_v2_dut_leftovers/remove_zero_ref_v2_dut_leftovers.log:982:./snapshots/project_clean_state_2026_04_16/steps/MASTER_PIPELINE/out/003_RESULT.xml:7872:                <derived name="ST_Heating_Command_V2" />
./repo_logs/assistant_bridge/2026_04_19/step_269b_snapshot_real_audit/snapshot_real_audit.log:9524:./repo_logs/assistant_bridge/2026_04_17/step_134_remove_zero_ref_v2_dut_leftovers/remove_zero_ref_v2_dut_leftovers.log:983:./snapshots/project_clean_state_2026_04_16/steps/MASTER_PIPELINE/002_BASE.xml:8029:                <derived name="ST_Heating_Command_V2" />
./repo_logs/assistant_bridge/2026_04_19/step_269b_snapshot_real_audit/snapshot_real_audit.log:9525:./repo_logs/assistant_bridge/2026_04_17/step_134_remove_zero_ref_v2_dut_leftovers/remove_zero_ref_v2_dut_leftovers.log:984:./snapshots/project_clean_state_2026_04_16/steps/MASTER_PIPELINE/002_BASE.xml:8989:                <derived name="ST_Heating_Command_V2" />
./repo_logs/assistant_bridge/2026_04_19/step_269b_snapshot_real_audit/snapshot_real_audit.log:9526:./repo_logs/assistant_bridge/2026_04_17/step_134_remove_zero_ref_v2_dut_leftovers/remove_zero_ref_v2_dut_leftovers.log:985:./snapshots/project_clean_state_2026_04_16/steps/MASTER_PIPELINE/003_RESULT.xml:7872:                <derived name="ST_Heating_Command_V2" />
./repo_logs/assistant_bridge/2026_04_19/step_269b_snapshot_real_audit/snapshot_real_audit.log:9527:./repo_logs/assistant_bridge/2026_04_17/step_134_remove_zero_ref_v2_dut_leftovers/remove_zero_ref_v2_dut_leftovers.log:986:./snapshots/project_clean_state_2026_04_16/steps/MASTER_PIPELINE/001_BASE.xml:6163:                <derived name="ST_Heating_Command_V2" />
./repo_logs/assistant_bridge/2026_04_19/step_269b_snapshot_real_audit/snapshot_real_audit.log:9528:./repo_logs/assistant_bridge/2026_04_17/step_134_remove_zero_ref_v2_dut_leftovers/remove_zero_ref_v2_dut_leftovers.log:987:./snapshots/project_clean_state_2026_04_16/diagnostics/2026_04_16/step_10_git_commit_failure_debug.log:197:./ST_Heating_Command_V2.dut
./repo_logs/assistant_bridge/2026_04_19/step_269b_snapshot_real_audit/snapshot_real_audit.log:9529:./repo_logs/assistant_bridge/2026_04_17/step_134_remove_zero_ref_v2_dut_leftovers/remove_zero_ref_v2_dut_leftovers.log:988:./snapshots/project_clean_state_2026_04_16/diagnostics/2026_04_16/step_08_flatten_unpacked_root.log:177:./ST_Heating_Command_V2.dut
./repo_logs/assistant_bridge/2026_04_19/step_269b_snapshot_real_audit/snapshot_real_audit.log:9530:./repo_logs/assistant_bridge/2026_04_17/step_134_remove_zero_ref_v2_dut_leftovers/remove_zero_ref_v2_dut_leftovers.log:989:./snapshots/project_clean_state_2026_04_16/diagnostics/2026_04_16/step_11_project_structure.log:174:./ST_Heating_Command_V2.dut
./repo_logs/assistant_bridge/2026_04_19/step_269b_snapshot_real_audit/snapshot_real_audit.log:9531:./repo_logs/assistant_bridge/2026_04_17/step_134_remove_zero_ref_v2_dut_leftovers/remove_zero_ref_v2_dut_leftovers.log:990:./snapshots/project_clean_state_2026_04_16/diagnostics/2026_04_16/step_11_project_structure.log:417:./ST_Heating_Command_V2.dut
./repo_logs/assistant_bridge/2026_04_19/step_269b_snapshot_real_audit/snapshot_real_audit.log:9532:./repo_logs/assistant_bridge/2026_04_17/step_134_remove_zero_ref_v2_dut_leftovers/remove_zero_ref_v2_dut_leftovers.log:991:./snapshots/project_clean_state_2026_04_16/FB_Heating_System_Manager.st:65:    L_Heating_V2_Command_V2 : ST_Heating_Command_V2;
./repo_logs/assistant_bridge/2026_04_19/step_269b_snapshot_real_audit/snapshot_real_audit.log:9533:./repo_logs/assistant_bridge/2026_04_17/step_134_remove_zero_ref_v2_dut_leftovers/remove_zero_ref_v2_dut_leftovers.log:992:./snapshots/project_clean_state_2026_04_16/компилятор/logs/004_import_dut_v11.log:60:ST_Heating_Command_V2.dut: STRUCT ST_Heating_Command_V2 fields=1
./repo_logs/assistant_bridge/2026_04_19/step_269b_snapshot_real_audit/snapshot_real_audit.log:9534:./repo_logs/assistant_bridge/2026_04_17/step_134_remove_zero_ref_v2_dut_leftovers/remove_zero_ref_v2_dut_leftovers.log:993:./snapshots/project_clean_state_2026_04_16/компилятор/logs/004_import_dut_v11.log:127:STRUCT ST_Heating_Command_V2: total=1 with_initializer=0 without_initializer=1 array_initializer=0 unsupported_initializer=0
./repo_logs/assistant_bridge/2026_04_19/step_269b_snapshot_real_audit/snapshot_real_audit.log:9535:./repo_logs/assistant_bridge/2026_04_17/step_134_remove_zero_ref_v2_dut_leftovers/remove_zero_ref_v2_dut_leftovers.log:994:./snapshots/project_clean_state_2026_04_16/компилятор/out/RESULT_methods_clean.xml:1755:      <dataType name="ST_Heating_Command_V2">
./repo_logs/assistant_bridge/2026_04_19/step_269b_snapshot_real_audit/snapshot_real_audit.log:9536:./repo_logs/assistant_bridge/2026_04_17/step_134_remove_zero_ref_v2_dut_leftovers/remove_zero_ref_v2_dut_leftovers.log:995:./snapshots/project_clean_state_2026_04_16/компилятор/out/RESULT_methods_clean.xml:4342:                <derived name="ST_Heating_Command_V2" />
./repo_logs/assistant_bridge/2026_04_19/step_269b_snapshot_real_audit/snapshot_real_audit.log:9537:./repo_logs/assistant_bridge/2026_04_17/step_134_remove_zero_ref_v2_dut_leftovers/remove_zero_ref_v2_dut_leftovers.log:996:./snapshots/project_clean_state_2026_04_16/компилятор/out/RESULT_methods_clean.xml:6680:                <derived name="ST_Heating_Command_V2" />
./repo_logs/assistant_bridge/2026_04_19/step_269b_snapshot_real_audit/snapshot_real_audit.log:9538:./repo_logs/assistant_bridge/2026_04_17/step_134_remove_zero_ref_v2_dut_leftovers/remove_zero_ref_v2_dut_leftovers.log:997:./snapshots/project_clean_state_2026_04_16/компилятор/out/RESULT_methods_clean.xml:20148:            <Object Name="ST_Heating_Command_V2" ObjectId="c2e70cbf-4cd3-42cf-b7e4-790170a4ba21" />
./repo_logs/assistant_bridge/2026_04_19/step_269b_snapshot_real_audit/snapshot_real_audit.log:9539:./repo_logs/assistant_bridge/2026_04_17/step_134_remove_zero_ref_v2_dut_leftovers/remove_zero_ref_v2_dut_leftovers.log:998:./snapshots/project_clean_state_2026_04_16/диагностика/file_access_audit.log:207:ST_Heating_Command_V2.dut	file	yes	yes	yes	0o666
./repo_logs/assistant_bridge/2026_04_19/step_269b_snapshot_real_audit/snapshot_real_audit.log:9540:./repo_logs/assistant_bridge/2026_04_17/step_134_remove_zero_ref_v2_dut_leftovers/remove_zero_ref_v2_dut_leftovers.log:999:./snapshots/project_clean_state_2026_04_16/диагностика/file_access_audit.log:814:snapshots/clean_build_20260414_0820/ST_Heating_Command_V2.dut	file	yes	yes	yes	0o666
./repo_logs/assistant_bridge/2026_04_19/step_269b_snapshot_real_audit/snapshot_real_audit.log:9541:./repo_logs/assistant_bridge/2026_04_17/step_134_remove_zero_ref_v2_dut_leftovers/remove_zero_ref_v2_dut_leftovers.log:1000:./snapshots/project_clean_state_2026_04_16/диагностика/file_access_audit.log:1188:snapshots/clean_build_20260414_0820/workspace/dut_rebuild/heating_v2/ST_Heating_Command_V2.dut	file	yes	yes	yes	0o666
./repo_logs/assistant_bridge/2026_04_19/step_269b_snapshot_real_audit/snapshot_real_audit.log:9542:./repo_logs/assistant_bridge/2026_04_17/step_134_remove_zero_ref_v2_dut_leftovers/remove_zero_ref_v2_dut_leftovers.log:1001:./snapshots/project_clean_state_2026_04_16/диагностика/file_access_audit.log:1694:snapshots/clean_build_2026_04_14/ST_Heating_Command_V2.dut	file	yes	yes	yes	0o666
./repo_logs/assistant_bridge/2026_04_19/step_269b_snapshot_real_audit/snapshot_real_audit.log:9543:./repo_logs/assistant_bridge/2026_04_17/step_134_remove_zero_ref_v2_dut_leftovers/remove_zero_ref_v2_dut_leftovers.log:1002:./snapshots/project_clean_state_2026_04_16/диагностика/file_access_audit.log:2069:snapshots/clean_build_2026_04_14/workspace/dut_rebuild/heating_v2/ST_Heating_Command_V2.dut	file	yes	yes	yes	0o666
./repo_logs/assistant_bridge/2026_04_19/step_269b_snapshot_real_audit/snapshot_real_audit.log:9544:./repo_logs/assistant_bridge/2026_04_17/step_134_remove_zero_ref_v2_dut_leftovers/remove_zero_ref_v2_dut_leftovers.log:1003:./snapshots/project_clean_state_2026_04_16/диагностика/file_access_audit.log:2558:snapshots/clean_build_2026_04_15/ST_Heating_Command_V2.dut	file	yes	yes	yes	0o666
./repo_logs/assistant_bridge/2026_04_19/step_269b_snapshot_real_audit/snapshot_real_audit.log:9545:./repo_logs/assistant_bridge/2026_04_17/step_134_remove_zero_ref_v2_dut_leftovers/remove_zero_ref_v2_dut_leftovers.log:1004:./snapshots/project_clean_state_2026_04_16/диагностика/file_access_audit.log:2944:snapshots/clean_build_2026_04_15/workspace/dut_rebuild/heating_v2/ST_Heating_Command_V2.dut	file	yes	yes	yes	0o666
./repo_logs/assistant_bridge/2026_04_19/step_269b_snapshot_real_audit/snapshot_real_audit.log:9546:./repo_logs/assistant_bridge/2026_04_17/step_134_remove_zero_ref_v2_dut_leftovers/remove_zero_ref_v2_dut_leftovers.log:1005:./snapshots/project_clean_state_2026_04_16/диагностика/file_access_audit.log:3356:workspace/dut_rebuild/heating_v2/ST_Heating_Command_V2.dut	file	yes	yes	yes	0o666
./repo_logs/assistant_bridge/2026_04_19/step_269b_snapshot_real_audit/snapshot_real_audit.log:9547:./repo_logs/assistant_bridge/2026_04_17/step_134_remove_zero_ref_v2_dut_leftovers/remove_zero_ref_v2_dut_leftovers.log:1006:./snapshots/project_clean_state_2026_04_16/ST_Heating_Command_V2.dut:1:TYPE ST_Heating_Command_V2 : STRUCT
./repo_logs/assistant_bridge/2026_04_19/step_269b_snapshot_real_audit/snapshot_real_audit.log:9548:./repo_logs/assistant_bridge/2026_04_17/step_134_remove_zero_ref_v2_dut_leftovers/remove_zero_ref_v2_dut_leftovers.log:1007:./snapshots/project_clean_state_2026_04_16/workspace/export_forensics/sandbox/XML_INTERFACE_PREVIEW.txt:704:  <variable name="L_Heating_V2_Command_Shadow"><type><derived name="ST_Heating_Command_V2"/></type></variable>
./repo_logs/assistant_bridge/2026_04_19/step_269b_snapshot_real_audit/snapshot_real_audit.log:9549:./repo_logs/assistant_bridge/2026_04_17/step_134_remove_zero_ref_v2_dut_leftovers/remove_zero_ref_v2_dut_leftovers.log:1008:./snapshots/project_clean_state_2026_04_16/workspace/export_forensics/sandbox/XML_INTERFACE_PREVIEW_CLEAN.txt:677:  <variable name="L_Heating_V2_Command_Shadow"><type><derived name="ST_Heating_Command_V2"/></type></variable>
./repo_logs/assistant_bridge/2026_04_19/step_269b_snapshot_real_audit/snapshot_real_audit.log:9550:./repo_logs/assistant_bridge/2026_04_17/step_134_remove_zero_ref_v2_dut_leftovers/remove_zero_ref_v2_dut_leftovers.log:1009:./snapshots/project_clean_state_2026_04_16/workspace/export_forensics/sandbox/XML_INTERFACE_PREVIEW_CLEAN_V2.txt:1665:    <type><derived name="ST_Heating_Command_V2"/></type>
./repo_logs/assistant_bridge/2026_04_19/step_269b_snapshot_real_audit/snapshot_real_audit.log:9551:./repo_logs/assistant_bridge/2026_04_17/step_134_remove_zero_ref_v2_dut_leftovers/remove_zero_ref_v2_dut_leftovers.log:1010:./snapshots/project_clean_state_2026_04_16/workspace/export_forensics/sandbox/INTERFACE_PREVIEW.txt:629:L_Heating_V2_Command_Shadow : derived(ST_Heating_Command_V2)
./repo_logs/assistant_bridge/2026_04_19/step_269b_snapshot_real_audit/snapshot_real_audit.log:9552:./repo_logs/assistant_bridge/2026_04_17/step_134_remove_zero_ref_v2_dut_leftovers/remove_zero_ref_v2_dut_leftovers.log:1011:./snapshots/project_clean_state_2026_04_16/workspace/draft_v2_inventory_2026-04-12.md:20:- ST_Heating_Command_V2
./repo_logs/assistant_bridge/2026_04_19/step_269b_snapshot_real_audit/snapshot_real_audit.log:9553:./repo_logs/assistant_bridge/2026_04_17/step_134_remove_zero_ref_v2_dut_leftovers/remove_zero_ref_v2_dut_leftovers.log:1012:./snapshots/project_clean_state_2026_04_16/workspace/dut_rebuild/heating_v2/v2_core/FB_Heating_Command_Path_DRAFT.st:3:    VI_Command_In : ST_Heating_Command_V2;
./repo_logs/assistant_bridge/2026_04_19/step_269b_snapshot_real_audit/snapshot_real_audit.log:9554:./repo_logs/assistant_bridge/2026_04_17/step_134_remove_zero_ref_v2_dut_leftovers/remove_zero_ref_v2_dut_leftovers.log:1013:./snapshots/project_clean_state_2026_04_16/workspace/dut_rebuild/heating_v2/v2_core/FB_Heating_Command_Path_DRAFT.st:6:    VO_Command_Out : ST_Heating_Command_V2;
./repo_logs/assistant_bridge/2026_04_19/step_269b_snapshot_real_audit/snapshot_real_audit.log:9555:./repo_logs/assistant_bridge/2026_04_17/step_134_remove_zero_ref_v2_dut_leftovers/remove_zero_ref_v2_dut_leftovers.log:1014:./snapshots/project_clean_state_2026_04_16/workspace/dut_rebuild/heating_v2/v2_core/FB_Heating_V2_Core_DRAFT.st:3:    VI_Command : ST_Heating_Command_V2;
./repo_logs/assistant_bridge/2026_04_19/step_269b_snapshot_real_audit/snapshot_real_audit.log:9556:./repo_logs/assistant_bridge/2026_04_17/step_134_remove_zero_ref_v2_dut_leftovers/remove_zero_ref_v2_dut_leftovers.log:1015:./snapshots/project_clean_state_2026_04_16/workspace/dut_rebuild/heating_v2/v2_core/FB_Heating_V2_Core_DRAFT.st:7:    VO_Command_Out : ST_Heating_Command_V2;
./repo_logs/assistant_bridge/2026_04_19/step_269b_snapshot_real_audit/snapshot_real_audit.log:9557:./repo_logs/assistant_bridge/2026_04_17/step_134_remove_zero_ref_v2_dut_leftovers/remove_zero_ref_v2_dut_leftovers.log:1016:./snapshots/project_clean_state_2026_04_16/workspace/dut_rebuild/heating_v2/v2_core/FB_Heating_V2_Core_DRAFT.st:13:    L_Command_Mid : ST_Heating_Command_V2;
./repo_logs/assistant_bridge/2026_04_19/step_269b_snapshot_real_audit/snapshot_real_audit.log:9558:./repo_logs/assistant_bridge/2026_04_17/step_134_remove_zero_ref_v2_dut_leftovers/remove_zero_ref_v2_dut_leftovers.log:1017:./snapshots/project_clean_state_2026_04_16/workspace/dut_rebuild/heating_v2/staging/FB_Heating_V2_Staging_DRAFT.st:17:    VO_Command_Shadow : ST_Heating_Command_V2;
./repo_logs/assistant_bridge/2026_04_19/step_269b_snapshot_real_audit/snapshot_real_audit.log:9559:./repo_logs/assistant_bridge/2026_04_17/step_134_remove_zero_ref_v2_dut_leftovers/remove_zero_ref_v2_dut_leftovers.log:1018:./snapshots/project_clean_state_2026_04_16/workspace/dut_rebuild/heating_v2/staging/FB_Heating_V2_Staging_DRAFT.st:25:    L_Command_V2 : ST_Heating_Command_V2;
./repo_logs/assistant_bridge/2026_04_19/step_269b_snapshot_real_audit/snapshot_real_audit.log:9560:./repo_logs/assistant_bridge/2026_04_17/step_134_remove_zero_ref_v2_dut_leftovers/remove_zero_ref_v2_dut_leftovers.log:1019:./snapshots/project_clean_state_2026_04_16/workspace/dut_rebuild/heating_v2/ST_Heating_Command_V2.dut:1:TYPE ST_Heating_Command_V2 :
./repo_logs/assistant_bridge/2026_04_19/step_269b_snapshot_real_audit/snapshot_real_audit.log:9561:./repo_logs/assistant_bridge/2026_04_17/step_134_remove_zero_ref_v2_dut_leftovers/remove_zero_ref_v2_dut_leftovers.log:1020:./snapshots/project_clean_state_2026_04_16/workspace/dut_rebuild/heating_v2/compatibility/FB_Heating_Legacy_To_V2_Command_Adapter_DRAFT.st:10:    VO_Command_V2 : ST_Heating_Command_V2;
./repo_logs/assistant_bridge/2026_04_19/step_269b_snapshot_real_audit/snapshot_real_audit.log:9562:./repo_logs/assistant_bridge/2026_04_17/step_134_remove_zero_ref_v2_dut_leftovers/remove_zero_ref_v2_dut_leftovers.log:1021:./snapshots/clean_build_2026_04_16/компилятор/logs/004_import_dut_v11.log:60:ST_Heating_Command_V2.dut: STRUCT ST_Heating_Command_V2 fields=1
./repo_logs/assistant_bridge/2026_04_19/step_269b_snapshot_real_audit/snapshot_real_audit.log:9563:./repo_logs/assistant_bridge/2026_04_17/step_134_remove_zero_ref_v2_dut_leftovers/remove_zero_ref_v2_dut_leftovers.log:1022:./snapshots/clean_build_2026_04_16/компилятор/logs/004_import_dut_v11.log:127:STRUCT ST_Heating_Command_V2: total=1 with_initializer=0 without_initializer=1 array_initializer=0 unsupported_initializer=0
./repo_logs/assistant_bridge/2026_04_19/step_269b_snapshot_real_audit/snapshot_real_audit.log:9564:./repo_logs/assistant_bridge/2026_04_17/step_134_remove_zero_ref_v2_dut_leftovers/remove_zero_ref_v2_dut_leftovers.log:1023:./snapshots/clean_build_2026_04_16/компилятор/out/RESULT_methods_clean.xml:1755:      <dataType name="ST_Heating_Command_V2">
./repo_logs/assistant_bridge/2026_04_19/step_269b_snapshot_real_audit/snapshot_real_audit.log:9565:./repo_logs/assistant_bridge/2026_04_17/step_134_remove_zero_ref_v2_dut_leftovers/remove_zero_ref_v2_dut_leftovers.log:1024:./snapshots/clean_build_2026_04_16/компилятор/out/RESULT_methods_clean.xml:4342:                <derived name="ST_Heating_Command_V2" />
./repo_logs/assistant_bridge/2026_04_19/step_269b_snapshot_real_audit/snapshot_real_audit.log:9566:./repo_logs/assistant_bridge/2026_04_17/step_134_remove_zero_ref_v2_dut_leftovers/remove_zero_ref_v2_dut_leftovers.log:1025:./snapshots/clean_build_2026_04_16/компилятор/out/RESULT_methods_clean.xml:6680:                <derived name="ST_Heating_Command_V2" />
./repo_logs/assistant_bridge/2026_04_19/step_269b_snapshot_real_audit/snapshot_real_audit.log:9567:./repo_logs/assistant_bridge/2026_04_17/step_134_remove_zero_ref_v2_dut_leftovers/remove_zero_ref_v2_dut_leftovers.log:1026:./snapshots/clean_build_2026_04_16/компилятор/out/RESULT_methods_clean.xml:20148:            <Object Name="ST_Heating_Command_V2" ObjectId="c2e70cbf-4cd3-42cf-b7e4-790170a4ba21" />
./repo_logs/assistant_bridge/2026_04_19/step_269b_snapshot_real_audit/snapshot_real_audit.log:9568:./repo_logs/assistant_bridge/2026_04_17/step_134_remove_zero_ref_v2_dut_leftovers/remove_zero_ref_v2_dut_leftovers.log:1028:./диагностика/file_access_audit.log:814:snapshots/clean_build_20260414_0820/ST_Heating_Command_V2.dut	file	yes	yes	yes	0o666
./repo_logs/assistant_bridge/2026_04_19/step_269b_snapshot_real_audit/snapshot_real_audit.log:9569:./repo_logs/assistant_bridge/2026_04_17/step_134_remove_zero_ref_v2_dut_leftovers/remove_zero_ref_v2_dut_leftovers.log:1029:./диагностика/file_access_audit.log:1188:snapshots/clean_build_20260414_0820/workspace/dut_rebuild/heating_v2/ST_Heating_Command_V2.dut	file	yes	yes	yes	0o666
./repo_logs/assistant_bridge/2026_04_19/step_269b_snapshot_real_audit/snapshot_real_audit.log:9570:./repo_logs/assistant_bridge/2026_04_17/step_134_remove_zero_ref_v2_dut_leftovers/remove_zero_ref_v2_dut_leftovers.log:1030:./диагностика/file_access_audit.log:1694:snapshots/clean_build_2026_04_14/ST_Heating_Command_V2.dut	file	yes	yes	yes	0o666
./repo_logs/assistant_bridge/2026_04_19/step_269b_snapshot_real_audit/snapshot_real_audit.log:9571:./repo_logs/assistant_bridge/2026_04_17/step_134_remove_zero_ref_v2_dut_leftovers/remove_zero_ref_v2_dut_leftovers.log:1031:./диагностика/file_access_audit.log:2069:snapshots/clean_build_2026_04_14/workspace/dut_rebuild/heating_v2/ST_Heating_Command_V2.dut	file	yes	yes	yes	0o666
./repo_logs/assistant_bridge/2026_04_19/step_269b_snapshot_real_audit/snapshot_real_audit.log:9572:./repo_logs/assistant_bridge/2026_04_17/step_134_remove_zero_ref_v2_dut_leftovers/remove_zero_ref_v2_dut_leftovers.log:1032:./диагностика/file_access_audit.log:2558:snapshots/clean_build_2026_04_15/ST_Heating_Command_V2.dut	file	yes	yes	yes	0o666
./repo_logs/assistant_bridge/2026_04_19/step_269b_snapshot_real_audit/snapshot_real_audit.log:9573:./repo_logs/assistant_bridge/2026_04_17/step_134_remove_zero_ref_v2_dut_leftovers/remove_zero_ref_v2_dut_leftovers.log:1033:./диагностика/file_access_audit.log:2944:snapshots/clean_build_2026_04_15/workspace/dut_rebuild/heating_v2/ST_Heating_Command_V2.dut	file	yes	yes	yes	0o666
./repo_logs/assistant_bridge/2026_04_19/step_269b_snapshot_real_audit/snapshot_real_audit.log:16821:./repo_logs/assistant_bridge/2026_04_16/step_01_repo_baseline/baseline.log:465:snapshots/project_clean_state_2026_04_16/ST_Heating_Command_V2.dut
./repo_logs/assistant_bridge/2026_04_19/step_269b_snapshot_real_audit/snapshot_real_audit.log:22747:./repo_logs/assistant_bridge/2026_04_16/step_45_scenario_layer_audit_fixed/scenario_layer_audit_fixed.log:383:./snapshots/project_clean_state_2026_04_16/ST_Heating_Command_V2.dut
./repo_logs/assistant_bridge/2026_04_19/step_269b_snapshot_real_audit/snapshot_real_audit.log:22815:./repo_logs/assistant_bridge/2026_04_16/step_45_scenario_layer_audit_fixed/scenario_layer_audit_fixed.log:451:./snapshots/project_clean_state_2026_04_16/workspace/dut_rebuild/heating_v2/ST_Heating_Command_V2.dut
./repo_logs/assistant_bridge/2026_04_19/step_269b_snapshot_real_audit/snapshot_real_audit.log:25416:./snapshots/project_clean_state_2026_04_16/диагностика/file_access_audit.log:814:snapshots/clean_build_20260414_0820/ST_Heating_Command_V2.dut	file	yes	yes	yes	0o666
./repo_logs/assistant_bridge/2026_04_19/step_269b_snapshot_real_audit/snapshot_real_audit.log:25790:./snapshots/project_clean_state_2026_04_16/диагностика/file_access_audit.log:1188:snapshots/clean_build_20260414_0820/workspace/dut_rebuild/heating_v2/ST_Heating_Command_V2.dut	file	yes	yes	yes	0o666
./repo_logs/assistant_bridge/2026_04_19/step_269b_snapshot_real_audit/snapshot_real_audit.log:26296:./snapshots/project_clean_state_2026_04_16/диагностика/file_access_audit.log:1694:snapshots/clean_build_2026_04_14/ST_Heating_Command_V2.dut	file	yes	yes	yes	0o666
./repo_logs/assistant_bridge/2026_04_19/step_269b_snapshot_real_audit/snapshot_real_audit.log:26671:./snapshots/project_clean_state_2026_04_16/диагностика/file_access_audit.log:2069:snapshots/clean_build_2026_04_14/workspace/dut_rebuild/heating_v2/ST_Heating_Command_V2.dut	file	yes	yes	yes	0o666
./repo_logs/assistant_bridge/2026_04_19/step_269b_snapshot_real_audit/snapshot_real_audit.log:27160:./snapshots/project_clean_state_2026_04_16/диагностика/file_access_audit.log:2558:snapshots/clean_build_2026_04_15/ST_Heating_Command_V2.dut	file	yes	yes	yes	0o666
./repo_logs/assistant_bridge/2026_04_19/step_269b_snapshot_real_audit/snapshot_real_audit.log:27546:./snapshots/project_clean_state_2026_04_16/диагностика/file_access_audit.log:2944:snapshots/clean_build_2026_04_15/workspace/dut_rebuild/heating_v2/ST_Heating_Command_V2.dut	file	yes	yes	yes	0o666
./repo_logs/assistant_bridge/2026_04_19/step_269b_snapshot_real_audit/snapshot_real_audit.log:28731:./диагностика/file_access_audit.log:814:snapshots/clean_build_20260414_0820/ST_Heating_Command_V2.dut	file	yes	yes	yes	0o666
./repo_logs/assistant_bridge/2026_04_19/step_269b_snapshot_real_audit/snapshot_real_audit.log:29105:./диагностика/file_access_audit.log:1188:snapshots/clean_build_20260414_0820/workspace/dut_rebuild/heating_v2/ST_Heating_Command_V2.dut	file	yes	yes	yes	0o666
./repo_logs/assistant_bridge/2026_04_19/step_269b_snapshot_real_audit/snapshot_real_audit.log:29611:./диагностика/file_access_audit.log:1694:snapshots/clean_build_2026_04_14/ST_Heating_Command_V2.dut	file	yes	yes	yes	0o666
./repo_logs/assistant_bridge/2026_04_19/step_269b_snapshot_real_audit/snapshot_real_audit.log:29986:./диагностика/file_access_audit.log:2069:snapshots/clean_build_2026_04_14/workspace/dut_rebuild/heating_v2/ST_Heating_Command_V2.dut	file	yes	yes	yes	0o666
./repo_logs/assistant_bridge/2026_04_19/step_269b_snapshot_real_audit/snapshot_real_audit.log:30475:./диагностика/file_access_audit.log:2558:snapshots/clean_build_2026_04_15/ST_Heating_Command_V2.dut	file	yes	yes	yes	0o666
./repo_logs/assistant_bridge/2026_04_19/step_269b_snapshot_real_audit/snapshot_real_audit.log:30861:./диагностика/file_access_audit.log:2944:snapshots/clean_build_2026_04_15/workspace/dut_rebuild/heating_v2/ST_Heating_Command_V2.dut	file	yes	yes	yes	0o666
./repo_logs/assistant_bridge/2026_04_17/step_113_post_cleanup_sanity_audit/post_cleanup_sanity_audit.log:326:64:    L_Heating_V2_Command_V2 : ST_Heating_Command_V2;
./repo_logs/assistant_bridge/2026_04_17/step_127_micro_audit_heating_manager_internal_scaffold_cleanup/micro_audit_heating_manager_internal_scaffold_cleanup.log:5:64:    L_Heating_V2_Command_V2 : ST_Heating_Command_V2;
./repo_logs/assistant_bridge/2026_04_17/step_127_micro_audit_heating_manager_internal_scaffold_cleanup/micro_audit_heating_manager_internal_scaffold_cleanup.log:139:    L_Heating_V2_Command_V2 : ST_Heating_Command_V2;
./repo_logs/assistant_bridge/2026_04_17/step_133_audit_zero_ref_v2_dut_leftovers/audit_zero_ref_v2_dut_leftovers.log:39:--- ST_Heating_Command_V2.dut ---
./repo_logs/assistant_bridge/2026_04_17/step_133_audit_zero_ref_v2_dut_leftovers/audit_zero_ref_v2_dut_leftovers.log:108:ST_Heating_Command_V2.dut
./repo_logs/assistant_bridge/2026_04_17/step_128b_map_heating_scaffold_exact_tail/map_heating_scaffold_exact_tail.log:5:64:    L_Heating_V2_Command_V2 : ST_Heating_Command_V2;
./repo_logs/assistant_bridge/2026_04_17/step_131_control_final_root_audit_and_unused_inventory/control_final_root_audit_and_unused_inventory.log:215:ST_Heating_Command_V2.dut
./repo_logs/assistant_bridge/2026_04_17/step_131_control_final_root_audit_and_unused_inventory/control_final_root_audit_and_unused_inventory.log:1176:ST_Heating_Command_V2.dut | type=.dut | symbol=ST_Heating_Command_V2 | external_refs=13
./repo_logs/assistant_bridge/2026_04_17/step_131_control_final_root_audit_and_unused_inventory/control_final_root_audit_and_unused_inventory.log:1179:  snapshots/project_clean_state_2026_04_16/ST_Heating_Command_V2.dut
./repo_logs/assistant_bridge/2026_04_17/step_131_control_final_root_audit_and_unused_inventory/control_final_root_audit_and_unused_inventory.log:1180:  snapshots/project_clean_state_2026_04_16/workspace/dut_rebuild/heating_v2/ST_Heating_Command_V2.dut
./repo_logs/assistant_bridge/2026_04_17/step_131_control_final_root_audit_and_unused_inventory/control_final_root_audit_and_unused_inventory.log:1185:  workspace/dut_rebuild/heating_v2/ST_Heating_Command_V2.dut
./repo_logs/assistant_bridge/2026_04_17/step_128_remove_heating_manager_internal_scaffold/remove_heating_manager_internal_scaffold.log:5:64:    L_Heating_V2_Command_V2 : ST_Heating_Command_V2;
./repo_logs/assistant_bridge/2026_04_17/step_128_remove_heating_manager_internal_scaffold/remove_heating_manager_internal_scaffold.log:312:-    L_Heating_V2_Command_V2 : ST_Heating_Command_V2;
./repo_logs/assistant_bridge/2026_04_17/step_132_root_unused_inventory_v2_live_only/root_unused_inventory_v2_live_only.log:169:ST_Heating_Command_V2.dut
./repo_logs/assistant_bridge/2026_04_17/step_132_root_unused_inventory_v2_live_only/root_unused_inventory_v2_live_only.log:654:ST_Heating_Command_V2.dut | type=.dut | symbol=ST_Heating_Command_V2 | external_refs=0
./repo_logs/assistant_bridge/2026_04_17/step_132_root_unused_inventory_v2_live_only/root_unused_inventory_v2_live_only.log:799:ST_Heating_Command_V2.dut | type=.dut | symbol=ST_Heating_Command_V2
./repo_logs/assistant_bridge/2026_04_17/step_110_audit_internal_shadow_scaffold_tails/audit_internal_shadow_scaffold_tails.log:679:64:    L_Heating_V2_Command_V2 : ST_Heating_Command_V2;
./repo_logs/assistant_bridge/2026_04_17/step_110_audit_internal_shadow_scaffold_tails/audit_internal_shadow_scaffold_tails.log:789:    L_Heating_V2_Command_V2 : ST_Heating_Command_V2;
./repo_logs/assistant_bridge/2026_04_17/step_110_audit_internal_shadow_scaffold_tails/audit_internal_shadow_scaffold_tails.log:1580:FB_Heating_System_Manager.st:64:    L_Heating_V2_Command_V2 : ST_Heating_Command_V2;
./repo_logs/assistant_bridge/2026_04_17/step_134_remove_zero_ref_v2_dut_leftovers/remove_zero_ref_v2_dut_leftovers.log:10:FOUND: ST_Heating_Command_V2.dut
./repo_logs/assistant_bridge/2026_04_17/step_134_remove_zero_ref_v2_dut_leftovers/remove_zero_ref_v2_dut_leftovers.log:26:rm 'ST_Heating_Command_V2.dut'
./repo_logs/assistant_bridge/2026_04_17/step_134_remove_zero_ref_v2_dut_leftovers/remove_zero_ref_v2_dut_leftovers.log:42:REMOVED: ST_Heating_Command_V2.dut
./repo_logs/assistant_bridge/2026_04_17/step_134_remove_zero_ref_v2_dut_leftovers/remove_zero_ref_v2_dut_leftovers.log:909:--- ST_Heating_Command_V2 ---
./repo_logs/assistant_bridge/2026_04_17/step_134_remove_zero_ref_v2_dut_leftovers/remove_zero_ref_v2_dut_leftovers.log:910:./steps/MASTER_PIPELINE/005_RESULT.xml:4783:          <derived name="ST_Heating_Command_V2" />
./repo_logs/assistant_bridge/2026_04_17/step_134_remove_zero_ref_v2_dut_leftovers/remove_zero_ref_v2_dut_leftovers.log:911:./steps/MASTER_PIPELINE/004_RESULT.xml:6495:                <derived name="ST_Heating_Command_V2" />
./repo_logs/assistant_bridge/2026_04_17/step_134_remove_zero_ref_v2_dut_leftovers/remove_zero_ref_v2_dut_leftovers.log:912:./steps/MASTER_PIPELINE/003_GVL_BASELINE_INPUT.xml:6160:          <derived name="ST_Heating_Command_V2" />
./repo_logs/assistant_bridge/2026_04_17/step_134_remove_zero_ref_v2_dut_leftovers/remove_zero_ref_v2_dut_leftovers.log:913:./steps/MASTER_PIPELINE/out/004_RESULT.xml:6495:                <derived name="ST_Heating_Command_V2" />
./repo_logs/assistant_bridge/2026_04_17/step_134_remove_zero_ref_v2_dut_leftovers/remove_zero_ref_v2_dut_leftovers.log:914:./steps/MASTER_PIPELINE/out/003_RESULT.xml:7872:                <derived name="ST_Heating_Command_V2" />
./repo_logs/assistant_bridge/2026_04_17/step_134_remove_zero_ref_v2_dut_leftovers/remove_zero_ref_v2_dut_leftovers.log:915:./steps/MASTER_PIPELINE/002_BASE.xml:8029:                <derived name="ST_Heating_Command_V2" />
./repo_logs/assistant_bridge/2026_04_17/step_134_remove_zero_ref_v2_dut_leftovers/remove_zero_ref_v2_dut_leftovers.log:916:./steps/MASTER_PIPELINE/002_BASE.xml:8989:                <derived name="ST_Heating_Command_V2" />
./repo_logs/assistant_bridge/2026_04_17/step_134_remove_zero_ref_v2_dut_leftovers/remove_zero_ref_v2_dut_leftovers.log:917:./steps/MASTER_PIPELINE/003_RESULT.xml:7872:                <derived name="ST_Heating_Command_V2" />
./repo_logs/assistant_bridge/2026_04_17/step_134_remove_zero_ref_v2_dut_leftovers/remove_zero_ref_v2_dut_leftovers.log:918:./steps/MASTER_PIPELINE/001_BASE.xml:6163:                <derived name="ST_Heating_Command_V2" />
./repo_logs/assistant_bridge/2026_04_17/step_134_remove_zero_ref_v2_dut_leftovers/remove_zero_ref_v2_dut_leftovers.log:919:./steps/2026-04-17_remove_heating_manager_internal_scaffold/01_remove_heating_manager_internal_scaffold.py:9:    "    L_Heating_V2_Command_V2 : ST_Heating_Command_V2;\n",
./repo_logs/assistant_bridge/2026_04_17/step_134_remove_zero_ref_v2_dut_leftovers/remove_zero_ref_v2_dut_leftovers.log:920:./steps/2026-04-17_audit_zero_ref_v2_dut_leftovers/01_audit_zero_ref_v2_dut_leftovers.py:11:    "ST_Heating_Command_V2.dut",
./repo_logs/assistant_bridge/2026_04_17/step_134_remove_zero_ref_v2_dut_leftovers/remove_zero_ref_v2_dut_leftovers.log:921:./diagnostics/2026_04_16/step_10_git_commit_failure_debug.log:197:./ST_Heating_Command_V2.dut
./repo_logs/assistant_bridge/2026_04_17/step_134_remove_zero_ref_v2_dut_leftovers/remove_zero_ref_v2_dut_leftovers.log:922:./diagnostics/2026_04_16/step_08_flatten_unpacked_root.log:177:./ST_Heating_Command_V2.dut
./repo_logs/assistant_bridge/2026_04_17/step_134_remove_zero_ref_v2_dut_leftovers/remove_zero_ref_v2_dut_leftovers.log:923:./diagnostics/2026_04_16/step_13_full_project_snapshot.log:175:snapshots/project_clean_state_2026_04_16/ST_Heating_Command_V2.dut
./repo_logs/assistant_bridge/2026_04_17/step_134_remove_zero_ref_v2_dut_leftovers/remove_zero_ref_v2_dut_leftovers.log:924:./diagnostics/2026_04_16/step_11_project_structure.log:174:./ST_Heating_Command_V2.dut
./repo_logs/assistant_bridge/2026_04_17/step_134_remove_zero_ref_v2_dut_leftovers/remove_zero_ref_v2_dut_leftovers.log:925:./diagnostics/2026_04_16/step_11_project_structure.log:417:./ST_Heating_Command_V2.dut
./repo_logs/assistant_bridge/2026_04_17/step_134_remove_zero_ref_v2_dut_leftovers/remove_zero_ref_v2_dut_leftovers.log:926:./компилятор/logs/004_import_dut_v11.log:59:ST_Heating_Command_V2.dut: STRUCT ST_Heating_Command_V2 fields=1
./repo_logs/assistant_bridge/2026_04_17/step_134_remove_zero_ref_v2_dut_leftovers/remove_zero_ref_v2_dut_leftovers.log:927:./компилятор/logs/004_import_dut_v11.log:126:STRUCT ST_Heating_Command_V2: total=1 with_initializer=0 without_initializer=1 array_initializer=0 unsupported_initializer=0
./repo_logs/assistant_bridge/2026_04_17/step_134_remove_zero_ref_v2_dut_leftovers/remove_zero_ref_v2_dut_leftovers.log:928:./компилятор/out/RESULT_methods_clean.xml:1755:      <dataType name="ST_Heating_Command_V2">
./repo_logs/assistant_bridge/2026_04_17/step_134_remove_zero_ref_v2_dut_leftovers/remove_zero_ref_v2_dut_leftovers.log:929:./компилятор/out/RESULT_methods_clean.xml:4342:                <derived name="ST_Heating_Command_V2" />
./repo_logs/assistant_bridge/2026_04_17/step_134_remove_zero_ref_v2_dut_leftovers/remove_zero_ref_v2_dut_leftovers.log:930:./компилятор/out/RESULT_methods_clean.xml:6683:                <derived name="ST_Heating_Command_V2" />
./repo_logs/assistant_bridge/2026_04_17/step_134_remove_zero_ref_v2_dut_leftovers/remove_zero_ref_v2_dut_leftovers.log:931:./компилятор/out/RESULT_methods_clean.xml:20141:            <Object Name="ST_Heating_Command_V2" ObjectId="d25874d4-6c86-464c-baf2-a44e577f2883" />
./repo_logs/assistant_bridge/2026_04_17/step_134_remove_zero_ref_v2_dut_leftovers/remove_zero_ref_v2_dut_leftovers.log:932:./repo_logs/diagnostics/2026_04_16/constants_dut_usage.log:174:./ST_Heating_Command_V2.dut
./repo_logs/assistant_bridge/2026_04_17/step_134_remove_zero_ref_v2_dut_leftovers/remove_zero_ref_v2_dut_leftovers.log:933:./repo_logs/diagnostics/2026_04_16/constants_dut_usage.log:304:./workspace/dut_rebuild/heating_v2/ST_Heating_Command_V2.dut
./repo_logs/assistant_bridge/2026_04_17/step_134_remove_zero_ref_v2_dut_leftovers/remove_zero_ref_v2_dut_leftovers.log:934:./repo_logs/assistant_bridge/2026_04_17/step_113_post_cleanup_sanity_audit/post_cleanup_sanity_audit.log:326:64:    L_Heating_V2_Command_V2 : ST_Heating_Command_V2;
./repo_logs/assistant_bridge/2026_04_17/step_134_remove_zero_ref_v2_dut_leftovers/remove_zero_ref_v2_dut_leftovers.log:935:./repo_logs/assistant_bridge/2026_04_17/step_127_micro_audit_heating_manager_internal_scaffold_cleanup/micro_audit_heating_manager_internal_scaffold_cleanup.log:5:64:    L_Heating_V2_Command_V2 : ST_Heating_Command_V2;
./repo_logs/assistant_bridge/2026_04_17/step_134_remove_zero_ref_v2_dut_leftovers/remove_zero_ref_v2_dut_leftovers.log:936:./repo_logs/assistant_bridge/2026_04_17/step_127_micro_audit_heating_manager_internal_scaffold_cleanup/micro_audit_heating_manager_internal_scaffold_cleanup.log:139:    L_Heating_V2_Command_V2 : ST_Heating_Command_V2;
./repo_logs/assistant_bridge/2026_04_17/step_134_remove_zero_ref_v2_dut_leftovers/remove_zero_ref_v2_dut_leftovers.log:937:./repo_logs/assistant_bridge/2026_04_17/step_133_audit_zero_ref_v2_dut_leftovers/audit_zero_ref_v2_dut_leftovers.log:39:--- ST_Heating_Command_V2.dut ---
./repo_logs/assistant_bridge/2026_04_17/step_134_remove_zero_ref_v2_dut_leftovers/remove_zero_ref_v2_dut_leftovers.log:938:./repo_logs/assistant_bridge/2026_04_17/step_133_audit_zero_ref_v2_dut_leftovers/audit_zero_ref_v2_dut_leftovers.log:108:ST_Heating_Command_V2.dut
./repo_logs/assistant_bridge/2026_04_17/step_134_remove_zero_ref_v2_dut_leftovers/remove_zero_ref_v2_dut_leftovers.log:939:./repo_logs/assistant_bridge/2026_04_17/step_128b_map_heating_scaffold_exact_tail/map_heating_scaffold_exact_tail.log:5:64:    L_Heating_V2_Command_V2 : ST_Heating_Command_V2;
./repo_logs/assistant_bridge/2026_04_17/step_134_remove_zero_ref_v2_dut_leftovers/remove_zero_ref_v2_dut_leftovers.log:940:./repo_logs/assistant_bridge/2026_04_17/step_131_control_final_root_audit_and_unused_inventory/control_final_root_audit_and_unused_inventory.log:215:ST_Heating_Command_V2.dut
./repo_logs/assistant_bridge/2026_04_17/step_134_remove_zero_ref_v2_dut_leftovers/remove_zero_ref_v2_dut_leftovers.log:941:./repo_logs/assistant_bridge/2026_04_17/step_131_control_final_root_audit_and_unused_inventory/control_final_root_audit_and_unused_inventory.log:1176:ST_Heating_Command_V2.dut | type=.dut | symbol=ST_Heating_Command_V2 | external_refs=13
./repo_logs/assistant_bridge/2026_04_17/step_134_remove_zero_ref_v2_dut_leftovers/remove_zero_ref_v2_dut_leftovers.log:942:./repo_logs/assistant_bridge/2026_04_17/step_131_control_final_root_audit_and_unused_inventory/control_final_root_audit_and_unused_inventory.log:1179:  snapshots/project_clean_state_2026_04_16/ST_Heating_Command_V2.dut
./repo_logs/assistant_bridge/2026_04_17/step_134_remove_zero_ref_v2_dut_leftovers/remove_zero_ref_v2_dut_leftovers.log:943:./repo_logs/assistant_bridge/2026_04_17/step_131_control_final_root_audit_and_unused_inventory/control_final_root_audit_and_unused_inventory.log:1180:  snapshots/project_clean_state_2026_04_16/workspace/dut_rebuild/heating_v2/ST_Heating_Command_V2.dut
./repo_logs/assistant_bridge/2026_04_17/step_134_remove_zero_ref_v2_dut_leftovers/remove_zero_ref_v2_dut_leftovers.log:944:./repo_logs/assistant_bridge/2026_04_17/step_131_control_final_root_audit_and_unused_inventory/control_final_root_audit_and_unused_inventory.log:1185:  workspace/dut_rebuild/heating_v2/ST_Heating_Command_V2.dut
./repo_logs/assistant_bridge/2026_04_17/step_134_remove_zero_ref_v2_dut_leftovers/remove_zero_ref_v2_dut_leftovers.log:945:./repo_logs/assistant_bridge/2026_04_17/step_128_remove_heating_manager_internal_scaffold/remove_heating_manager_internal_scaffold.log:5:64:    L_Heating_V2_Command_V2 : ST_Heating_Command_V2;
./repo_logs/assistant_bridge/2026_04_17/step_134_remove_zero_ref_v2_dut_leftovers/remove_zero_ref_v2_dut_leftovers.log:946:./repo_logs/assistant_bridge/2026_04_17/step_128_remove_heating_manager_internal_scaffold/remove_heating_manager_internal_scaffold.log:312:-    L_Heating_V2_Command_V2 : ST_Heating_Command_V2;
./repo_logs/assistant_bridge/2026_04_17/step_134_remove_zero_ref_v2_dut_leftovers/remove_zero_ref_v2_dut_leftovers.log:947:./repo_logs/assistant_bridge/2026_04_17/step_132_root_unused_inventory_v2_live_only/root_unused_inventory_v2_live_only.log:169:ST_Heating_Command_V2.dut
./repo_logs/assistant_bridge/2026_04_17/step_134_remove_zero_ref_v2_dut_leftovers/remove_zero_ref_v2_dut_leftovers.log:948:./repo_logs/assistant_bridge/2026_04_17/step_132_root_unused_inventory_v2_live_only/root_unused_inventory_v2_live_only.log:654:ST_Heating_Command_V2.dut | type=.dut | symbol=ST_Heating_Command_V2 | external_refs=0
./repo_logs/assistant_bridge/2026_04_17/step_134_remove_zero_ref_v2_dut_leftovers/remove_zero_ref_v2_dut_leftovers.log:949:./repo_logs/assistant_bridge/2026_04_17/step_132_root_unused_inventory_v2_live_only/root_unused_inventory_v2_live_only.log:799:ST_Heating_Command_V2.dut | type=.dut | symbol=ST_Heating_Command_V2
./repo_logs/assistant_bridge/2026_04_17/step_134_remove_zero_ref_v2_dut_leftovers/remove_zero_ref_v2_dut_leftovers.log:950:./repo_logs/assistant_bridge/2026_04_17/step_110_audit_internal_shadow_scaffold_tails/audit_internal_shadow_scaffold_tails.log:679:64:    L_Heating_V2_Command_V2 : ST_Heating_Command_V2;
./repo_logs/assistant_bridge/2026_04_17/step_134_remove_zero_ref_v2_dut_leftovers/remove_zero_ref_v2_dut_leftovers.log:951:./repo_logs/assistant_bridge/2026_04_17/step_110_audit_internal_shadow_scaffold_tails/audit_internal_shadow_scaffold_tails.log:789:    L_Heating_V2_Command_V2 : ST_Heating_Command_V2;
./repo_logs/assistant_bridge/2026_04_17/step_134_remove_zero_ref_v2_dut_leftovers/remove_zero_ref_v2_dut_leftovers.log:952:./repo_logs/assistant_bridge/2026_04_17/step_110_audit_internal_shadow_scaffold_tails/audit_internal_shadow_scaffold_tails.log:1580:FB_Heating_System_Manager.st:64:    L_Heating_V2_Command_V2 : ST_Heating_Command_V2;
./repo_logs/assistant_bridge/2026_04_17/step_134_remove_zero_ref_v2_dut_leftovers/remove_zero_ref_v2_dut_leftovers.log:954:./repo_logs/assistant_bridge/2026_04_16/step_73_remove_unused_heating_v2_staging_var/remove_unused_heating_v2_staging_var.log:26:     L_Heating_V2_Command_V2 : ST_Heating_Command_V2;
./repo_logs/assistant_bridge/2026_04_17/step_134_remove_zero_ref_v2_dut_leftovers/remove_zero_ref_v2_dut_leftovers.log:955:./repo_logs/assistant_bridge/2026_04_16/step_64_classify_root_transition_layers_fixed/classify_root_transition_layers_fixed.log:13:ST_Heating_Command_V2.dut
./repo_logs/assistant_bridge/2026_04_17/step_134_remove_zero_ref_v2_dut_leftovers/remove_zero_ref_v2_dut_leftovers.log:956:./repo_logs/assistant_bridge/2026_04_16/step_69_micro_audit_heating_v2_staging/micro_audit_heating_v2_staging.log:20:    VO_Command_Shadow : ST_Heating_Command_V2;
./repo_logs/assistant_bridge/2026_04_17/step_134_remove_zero_ref_v2_dut_leftovers/remove_zero_ref_v2_dut_leftovers.log:957:./repo_logs/assistant_bridge/2026_04_16/step_69_micro_audit_heating_v2_staging/micro_audit_heating_v2_staging.log:94:    L_Heating_V2_Command_V2 : ST_Heating_Command_V2;
./repo_logs/assistant_bridge/2026_04_17/step_134_remove_zero_ref_v2_dut_leftovers/remove_zero_ref_v2_dut_leftovers.log:958:./repo_logs/assistant_bridge/2026_04_16/step_69_micro_audit_heating_v2_staging/micro_audit_heating_v2_staging.log:191:    L_Heating_V2_Command_V2 : ST_Heating_Command_V2;
./repo_logs/assistant_bridge/2026_04_17/step_134_remove_zero_ref_v2_dut_leftovers/remove_zero_ref_v2_dut_leftovers.log:959:./repo_logs/assistant_bridge/2026_04_16/step_69_micro_audit_heating_v2_staging/micro_audit_heating_v2_staging.log:275:TYPE ST_Heating_Command_V2 : STRUCT
./repo_logs/assistant_bridge/2026_04_17/step_134_remove_zero_ref_v2_dut_leftovers/remove_zero_ref_v2_dut_leftovers.log:960:./repo_logs/assistant_bridge/2026_04_16/step_69_micro_audit_heating_v2_staging/micro_audit_heating_v2_staging.log:288:./FB_Heating_System_Manager.st:65:    L_Heating_V2_Command_V2 : ST_Heating_Command_V2;
./repo_logs/assistant_bridge/2026_04_17/step_134_remove_zero_ref_v2_dut_leftovers/remove_zero_ref_v2_dut_leftovers.log:961:./repo_logs/assistant_bridge/2026_04_16/step_69_micro_audit_heating_v2_staging/micro_audit_heating_v2_staging.log:289:./FB_Heating_V2_Staging.st:16:    VO_Command_Shadow : ST_Heating_Command_V2;
./repo_logs/assistant_bridge/2026_04_17/step_134_remove_zero_ref_v2_dut_leftovers/remove_zero_ref_v2_dut_leftovers.log:962:./repo_logs/assistant_bridge/2026_04_16/step_69_micro_audit_heating_v2_staging/micro_audit_heating_v2_staging.log:290:./ST_Heating_Command_V2.dut:1:TYPE ST_Heating_Command_V2 : STRUCT
./repo_logs/assistant_bridge/2026_04_17/step_134_remove_zero_ref_v2_dut_leftovers/remove_zero_ref_v2_dut_leftovers.log:963:./repo_logs/assistant_bridge/2026_04_16/step_01_repo_baseline/baseline.log:193:./ST_Heating_Command_V2.dut
./repo_logs/assistant_bridge/2026_04_17/step_134_remove_zero_ref_v2_dut_leftovers/remove_zero_ref_v2_dut_leftovers.log:964:./repo_logs/assistant_bridge/2026_04_16/step_01_repo_baseline/baseline.log:465:snapshots/project_clean_state_2026_04_16/ST_Heating_Command_V2.dut
./repo_logs/assistant_bridge/2026_04_17/step_134_remove_zero_ref_v2_dut_leftovers/remove_zero_ref_v2_dut_leftovers.log:965:./repo_logs/assistant_bridge/2026_04_16/step_63_root_only_transition_inventory/root_only_transition_inventory.log:175:ST_Heating_Command_V2.dut
./repo_logs/assistant_bridge/2026_04_17/step_134_remove_zero_ref_v2_dut_leftovers/remove_zero_ref_v2_dut_leftovers.log:966:./repo_logs/assistant_bridge/2026_04_16/step_63_root_only_transition_inventory/root_only_transition_inventory.log:237:ST_Heating_Command_V2.dut
./repo_logs/assistant_bridge/2026_04_17/step_134_remove_zero_ref_v2_dut_leftovers/remove_zero_ref_v2_dut_leftovers.log:967:./repo_logs/assistant_bridge/2026_04_16/step_63_root_only_transition_inventory/root_only_transition_inventory.log:342:--- FILE: ST_Heating_Command_V2.dut ---
./repo_logs/assistant_bridge/2026_04_17/step_134_remove_zero_ref_v2_dut_leftovers/remove_zero_ref_v2_dut_leftovers.log:968:./repo_logs/assistant_bridge/2026_04_16/step_63_root_only_transition_inventory/root_only_transition_inventory.log:343:SYMBOL BASE: ST_Heating_Command_V2
./repo_logs/assistant_bridge/2026_04_17/step_134_remove_zero_ref_v2_dut_leftovers/remove_zero_ref_v2_dut_leftovers.log:969:./repo_logs/assistant_bridge/2026_04_16/step_63_root_only_transition_inventory/root_only_transition_inventory.log:344:./FB_Heating_System_Manager.st:65:    L_Heating_V2_Command_V2 : ST_Heating_Command_V2;
./repo_logs/assistant_bridge/2026_04_17/step_134_remove_zero_ref_v2_dut_leftovers/remove_zero_ref_v2_dut_leftovers.log:970:./repo_logs/assistant_bridge/2026_04_16/step_63_root_only_transition_inventory/root_only_transition_inventory.log:345:./FB_Heating_V2_Staging.st:16:    VO_Command_Shadow : ST_Heating_Command_V2;
./repo_logs/assistant_bridge/2026_04_17/step_134_remove_zero_ref_v2_dut_leftovers/remove_zero_ref_v2_dut_leftovers.log:971:./repo_logs/assistant_bridge/2026_04_16/step_63_root_only_transition_inventory/root_only_transition_inventory.log:346:./ST_Heating_Command_V2.dut:1:TYPE ST_Heating_Command_V2 : STRUCT
./repo_logs/assistant_bridge/2026_04_17/step_134_remove_zero_ref_v2_dut_leftovers/remove_zero_ref_v2_dut_leftovers.log:972:./repo_logs/assistant_bridge/2026_04_16/step_45_scenario_layer_audit_fixed/scenario_layer_audit_fixed.log:174:./ST_Heating_Command_V2.dut
./repo_logs/assistant_bridge/2026_04_17/step_134_remove_zero_ref_v2_dut_leftovers/remove_zero_ref_v2_dut_leftovers.log:973:./repo_logs/assistant_bridge/2026_04_16/step_45_scenario_layer_audit_fixed/scenario_layer_audit_fixed.log:383:./snapshots/project_clean_state_2026_04_16/ST_Heating_Command_V2.dut
./repo_logs/assistant_bridge/2026_04_17/step_134_remove_zero_ref_v2_dut_leftovers/remove_zero_ref_v2_dut_leftovers.log:974:./repo_logs/assistant_bridge/2026_04_16/step_45_scenario_layer_audit_fixed/scenario_layer_audit_fixed.log:451:./snapshots/project_clean_state_2026_04_16/workspace/dut_rebuild/heating_v2/ST_Heating_Command_V2.dut
./repo_logs/assistant_bridge/2026_04_17/step_134_remove_zero_ref_v2_dut_leftovers/remove_zero_ref_v2_dut_leftovers.log:975:./repo_logs/assistant_bridge/2026_04_16/step_45_scenario_layer_audit_fixed/scenario_layer_audit_fixed.log:546:./workspace/dut_rebuild/heating_v2/ST_Heating_Command_V2.dut
./repo_logs/assistant_bridge/2026_04_17/step_134_remove_zero_ref_v2_dut_leftovers/remove_zero_ref_v2_dut_leftovers.log:976:./repo_logs/assistant_bridge/2026_04_16/step_65_prioritize_runtime_bridge_collapse/prioritize_runtime_bridge_collapse.log:21:ST_Heating_Command_V2.dut | collapse_first | directly tied to heating staging bridge
./repo_logs/assistant_bridge/2026_04_17/step_134_remove_zero_ref_v2_dut_leftovers/remove_zero_ref_v2_dut_leftovers.log:977:./snapshots/project_clean_state_2026_04_16/FB_Heating_V2_Staging.st:16:    VO_Command_Shadow : ST_Heating_Command_V2;
./repo_logs/assistant_bridge/2026_04_17/step_134_remove_zero_ref_v2_dut_leftovers/remove_zero_ref_v2_dut_leftovers.log:978:./snapshots/project_clean_state_2026_04_16/steps/MASTER_PIPELINE/005_RESULT.xml:4783:          <derived name="ST_Heating_Command_V2" />
./repo_logs/assistant_bridge/2026_04_17/step_134_remove_zero_ref_v2_dut_leftovers/remove_zero_ref_v2_dut_leftovers.log:979:./snapshots/project_clean_state_2026_04_16/steps/MASTER_PIPELINE/004_RESULT.xml:6495:                <derived name="ST_Heating_Command_V2" />
./repo_logs/assistant_bridge/2026_04_17/step_134_remove_zero_ref_v2_dut_leftovers/remove_zero_ref_v2_dut_leftovers.log:980:./snapshots/project_clean_state_2026_04_16/steps/MASTER_PIPELINE/003_GVL_BASELINE_INPUT.xml:6160:          <derived name="ST_Heating_Command_V2" />
./repo_logs/assistant_bridge/2026_04_17/step_134_remove_zero_ref_v2_dut_leftovers/remove_zero_ref_v2_dut_leftovers.log:981:./snapshots/project_clean_state_2026_04_16/steps/MASTER_PIPELINE/out/004_RESULT.xml:6495:                <derived name="ST_Heating_Command_V2" />
./repo_logs/assistant_bridge/2026_04_17/step_134_remove_zero_ref_v2_dut_leftovers/remove_zero_ref_v2_dut_leftovers.log:982:./snapshots/project_clean_state_2026_04_16/steps/MASTER_PIPELINE/out/003_RESULT.xml:7872:                <derived name="ST_Heating_Command_V2" />
./repo_logs/assistant_bridge/2026_04_17/step_134_remove_zero_ref_v2_dut_leftovers/remove_zero_ref_v2_dut_leftovers.log:983:./snapshots/project_clean_state_2026_04_16/steps/MASTER_PIPELINE/002_BASE.xml:8029:                <derived name="ST_Heating_Command_V2" />
./repo_logs/assistant_bridge/2026_04_17/step_134_remove_zero_ref_v2_dut_leftovers/remove_zero_ref_v2_dut_leftovers.log:984:./snapshots/project_clean_state_2026_04_16/steps/MASTER_PIPELINE/002_BASE.xml:8989:                <derived name="ST_Heating_Command_V2" />
./repo_logs/assistant_bridge/2026_04_17/step_134_remove_zero_ref_v2_dut_leftovers/remove_zero_ref_v2_dut_leftovers.log:985:./snapshots/project_clean_state_2026_04_16/steps/MASTER_PIPELINE/003_RESULT.xml:7872:                <derived name="ST_Heating_Command_V2" />
./repo_logs/assistant_bridge/2026_04_17/step_134_remove_zero_ref_v2_dut_leftovers/remove_zero_ref_v2_dut_leftovers.log:986:./snapshots/project_clean_state_2026_04_16/steps/MASTER_PIPELINE/001_BASE.xml:6163:                <derived name="ST_Heating_Command_V2" />
./repo_logs/assistant_bridge/2026_04_17/step_134_remove_zero_ref_v2_dut_leftovers/remove_zero_ref_v2_dut_leftovers.log:987:./snapshots/project_clean_state_2026_04_16/diagnostics/2026_04_16/step_10_git_commit_failure_debug.log:197:./ST_Heating_Command_V2.dut
./repo_logs/assistant_bridge/2026_04_17/step_134_remove_zero_ref_v2_dut_leftovers/remove_zero_ref_v2_dut_leftovers.log:988:./snapshots/project_clean_state_2026_04_16/diagnostics/2026_04_16/step_08_flatten_unpacked_root.log:177:./ST_Heating_Command_V2.dut
./repo_logs/assistant_bridge/2026_04_17/step_134_remove_zero_ref_v2_dut_leftovers/remove_zero_ref_v2_dut_leftovers.log:989:./snapshots/project_clean_state_2026_04_16/diagnostics/2026_04_16/step_11_project_structure.log:174:./ST_Heating_Command_V2.dut
./repo_logs/assistant_bridge/2026_04_17/step_134_remove_zero_ref_v2_dut_leftovers/remove_zero_ref_v2_dut_leftovers.log:990:./snapshots/project_clean_state_2026_04_16/diagnostics/2026_04_16/step_11_project_structure.log:417:./ST_Heating_Command_V2.dut
./repo_logs/assistant_bridge/2026_04_17/step_134_remove_zero_ref_v2_dut_leftovers/remove_zero_ref_v2_dut_leftovers.log:991:./snapshots/project_clean_state_2026_04_16/FB_Heating_System_Manager.st:65:    L_Heating_V2_Command_V2 : ST_Heating_Command_V2;
./repo_logs/assistant_bridge/2026_04_17/step_134_remove_zero_ref_v2_dut_leftovers/remove_zero_ref_v2_dut_leftovers.log:992:./snapshots/project_clean_state_2026_04_16/компилятор/logs/004_import_dut_v11.log:60:ST_Heating_Command_V2.dut: STRUCT ST_Heating_Command_V2 fields=1
./repo_logs/assistant_bridge/2026_04_17/step_134_remove_zero_ref_v2_dut_leftovers/remove_zero_ref_v2_dut_leftovers.log:993:./snapshots/project_clean_state_2026_04_16/компилятор/logs/004_import_dut_v11.log:127:STRUCT ST_Heating_Command_V2: total=1 with_initializer=0 without_initializer=1 array_initializer=0 unsupported_initializer=0
./repo_logs/assistant_bridge/2026_04_17/step_134_remove_zero_ref_v2_dut_leftovers/remove_zero_ref_v2_dut_leftovers.log:994:./snapshots/project_clean_state_2026_04_16/компилятор/out/RESULT_methods_clean.xml:1755:      <dataType name="ST_Heating_Command_V2">
./repo_logs/assistant_bridge/2026_04_17/step_134_remove_zero_ref_v2_dut_leftovers/remove_zero_ref_v2_dut_leftovers.log:995:./snapshots/project_clean_state_2026_04_16/компилятор/out/RESULT_methods_clean.xml:4342:                <derived name="ST_Heating_Command_V2" />
./repo_logs/assistant_bridge/2026_04_17/step_134_remove_zero_ref_v2_dut_leftovers/remove_zero_ref_v2_dut_leftovers.log:996:./snapshots/project_clean_state_2026_04_16/компилятор/out/RESULT_methods_clean.xml:6680:                <derived name="ST_Heating_Command_V2" />
./repo_logs/assistant_bridge/2026_04_17/step_134_remove_zero_ref_v2_dut_leftovers/remove_zero_ref_v2_dut_leftovers.log:997:./snapshots/project_clean_state_2026_04_16/компилятор/out/RESULT_methods_clean.xml:20148:            <Object Name="ST_Heating_Command_V2" ObjectId="c2e70cbf-4cd3-42cf-b7e4-790170a4ba21" />
./repo_logs/assistant_bridge/2026_04_17/step_134_remove_zero_ref_v2_dut_leftovers/remove_zero_ref_v2_dut_leftovers.log:998:./snapshots/project_clean_state_2026_04_16/диагностика/file_access_audit.log:207:ST_Heating_Command_V2.dut	file	yes	yes	yes	0o666
./repo_logs/assistant_bridge/2026_04_17/step_134_remove_zero_ref_v2_dut_leftovers/remove_zero_ref_v2_dut_leftovers.log:999:./snapshots/project_clean_state_2026_04_16/диагностика/file_access_audit.log:814:snapshots/clean_build_20260414_0820/ST_Heating_Command_V2.dut	file	yes	yes	yes	0o666
./repo_logs/assistant_bridge/2026_04_17/step_134_remove_zero_ref_v2_dut_leftovers/remove_zero_ref_v2_dut_leftovers.log:1000:./snapshots/project_clean_state_2026_04_16/диагностика/file_access_audit.log:1188:snapshots/clean_build_20260414_0820/workspace/dut_rebuild/heating_v2/ST_Heating_Command_V2.dut	file	yes	yes	yes	0o666
./repo_logs/assistant_bridge/2026_04_17/step_134_remove_zero_ref_v2_dut_leftovers/remove_zero_ref_v2_dut_leftovers.log:1001:./snapshots/project_clean_state_2026_04_16/диагностика/file_access_audit.log:1694:snapshots/clean_build_2026_04_14/ST_Heating_Command_V2.dut	file	yes	yes	yes	0o666
./repo_logs/assistant_bridge/2026_04_17/step_134_remove_zero_ref_v2_dut_leftovers/remove_zero_ref_v2_dut_leftovers.log:1002:./snapshots/project_clean_state_2026_04_16/диагностика/file_access_audit.log:2069:snapshots/clean_build_2026_04_14/workspace/dut_rebuild/heating_v2/ST_Heating_Command_V2.dut	file	yes	yes	yes	0o666
./repo_logs/assistant_bridge/2026_04_17/step_134_remove_zero_ref_v2_dut_leftovers/remove_zero_ref_v2_dut_leftovers.log:1003:./snapshots/project_clean_state_2026_04_16/диагностика/file_access_audit.log:2558:snapshots/clean_build_2026_04_15/ST_Heating_Command_V2.dut	file	yes	yes	yes	0o666
./repo_logs/assistant_bridge/2026_04_17/step_134_remove_zero_ref_v2_dut_leftovers/remove_zero_ref_v2_dut_leftovers.log:1004:./snapshots/project_clean_state_2026_04_16/диагностика/file_access_audit.log:2944:snapshots/clean_build_2026_04_15/workspace/dut_rebuild/heating_v2/ST_Heating_Command_V2.dut	file	yes	yes	yes	0o666
./repo_logs/assistant_bridge/2026_04_17/step_134_remove_zero_ref_v2_dut_leftovers/remove_zero_ref_v2_dut_leftovers.log:1005:./snapshots/project_clean_state_2026_04_16/диагностика/file_access_audit.log:3356:workspace/dut_rebuild/heating_v2/ST_Heating_Command_V2.dut	file	yes	yes	yes	0o666
./repo_logs/assistant_bridge/2026_04_17/step_134_remove_zero_ref_v2_dut_leftovers/remove_zero_ref_v2_dut_leftovers.log:1006:./snapshots/project_clean_state_2026_04_16/ST_Heating_Command_V2.dut:1:TYPE ST_Heating_Command_V2 : STRUCT
./repo_logs/assistant_bridge/2026_04_17/step_134_remove_zero_ref_v2_dut_leftovers/remove_zero_ref_v2_dut_leftovers.log:1007:./snapshots/project_clean_state_2026_04_16/workspace/export_forensics/sandbox/XML_INTERFACE_PREVIEW.txt:704:  <variable name="L_Heating_V2_Command_Shadow"><type><derived name="ST_Heating_Command_V2"/></type></variable>
./repo_logs/assistant_bridge/2026_04_17/step_134_remove_zero_ref_v2_dut_leftovers/remove_zero_ref_v2_dut_leftovers.log:1008:./snapshots/project_clean_state_2026_04_16/workspace/export_forensics/sandbox/XML_INTERFACE_PREVIEW_CLEAN.txt:677:  <variable name="L_Heating_V2_Command_Shadow"><type><derived name="ST_Heating_Command_V2"/></type></variable>
./repo_logs/assistant_bridge/2026_04_17/step_134_remove_zero_ref_v2_dut_leftovers/remove_zero_ref_v2_dut_leftovers.log:1009:./snapshots/project_clean_state_2026_04_16/workspace/export_forensics/sandbox/XML_INTERFACE_PREVIEW_CLEAN_V2.txt:1665:    <type><derived name="ST_Heating_Command_V2"/></type>
./repo_logs/assistant_bridge/2026_04_17/step_134_remove_zero_ref_v2_dut_leftovers/remove_zero_ref_v2_dut_leftovers.log:1010:./snapshots/project_clean_state_2026_04_16/workspace/export_forensics/sandbox/INTERFACE_PREVIEW.txt:629:L_Heating_V2_Command_Shadow : derived(ST_Heating_Command_V2)
./repo_logs/assistant_bridge/2026_04_17/step_134_remove_zero_ref_v2_dut_leftovers/remove_zero_ref_v2_dut_leftovers.log:1011:./snapshots/project_clean_state_2026_04_16/workspace/draft_v2_inventory_2026-04-12.md:20:- ST_Heating_Command_V2
./repo_logs/assistant_bridge/2026_04_17/step_134_remove_zero_ref_v2_dut_leftovers/remove_zero_ref_v2_dut_leftovers.log:1012:./snapshots/project_clean_state_2026_04_16/workspace/dut_rebuild/heating_v2/v2_core/FB_Heating_Command_Path_DRAFT.st:3:    VI_Command_In : ST_Heating_Command_V2;
./repo_logs/assistant_bridge/2026_04_17/step_134_remove_zero_ref_v2_dut_leftovers/remove_zero_ref_v2_dut_leftovers.log:1013:./snapshots/project_clean_state_2026_04_16/workspace/dut_rebuild/heating_v2/v2_core/FB_Heating_Command_Path_DRAFT.st:6:    VO_Command_Out : ST_Heating_Command_V2;
./repo_logs/assistant_bridge/2026_04_17/step_134_remove_zero_ref_v2_dut_leftovers/remove_zero_ref_v2_dut_leftovers.log:1014:./snapshots/project_clean_state_2026_04_16/workspace/dut_rebuild/heating_v2/v2_core/FB_Heating_V2_Core_DRAFT.st:3:    VI_Command : ST_Heating_Command_V2;
./repo_logs/assistant_bridge/2026_04_17/step_134_remove_zero_ref_v2_dut_leftovers/remove_zero_ref_v2_dut_leftovers.log:1015:./snapshots/project_clean_state_2026_04_16/workspace/dut_rebuild/heating_v2/v2_core/FB_Heating_V2_Core_DRAFT.st:7:    VO_Command_Out : ST_Heating_Command_V2;
./repo_logs/assistant_bridge/2026_04_17/step_134_remove_zero_ref_v2_dut_leftovers/remove_zero_ref_v2_dut_leftovers.log:1016:./snapshots/project_clean_state_2026_04_16/workspace/dut_rebuild/heating_v2/v2_core/FB_Heating_V2_Core_DRAFT.st:13:    L_Command_Mid : ST_Heating_Command_V2;
./repo_logs/assistant_bridge/2026_04_17/step_134_remove_zero_ref_v2_dut_leftovers/remove_zero_ref_v2_dut_leftovers.log:1017:./snapshots/project_clean_state_2026_04_16/workspace/dut_rebuild/heating_v2/staging/FB_Heating_V2_Staging_DRAFT.st:17:    VO_Command_Shadow : ST_Heating_Command_V2;
./repo_logs/assistant_bridge/2026_04_17/step_134_remove_zero_ref_v2_dut_leftovers/remove_zero_ref_v2_dut_leftovers.log:1018:./snapshots/project_clean_state_2026_04_16/workspace/dut_rebuild/heating_v2/staging/FB_Heating_V2_Staging_DRAFT.st:25:    L_Command_V2 : ST_Heating_Command_V2;
./repo_logs/assistant_bridge/2026_04_17/step_134_remove_zero_ref_v2_dut_leftovers/remove_zero_ref_v2_dut_leftovers.log:1019:./snapshots/project_clean_state_2026_04_16/workspace/dut_rebuild/heating_v2/ST_Heating_Command_V2.dut:1:TYPE ST_Heating_Command_V2 :
./repo_logs/assistant_bridge/2026_04_17/step_134_remove_zero_ref_v2_dut_leftovers/remove_zero_ref_v2_dut_leftovers.log:1020:./snapshots/project_clean_state_2026_04_16/workspace/dut_rebuild/heating_v2/compatibility/FB_Heating_Legacy_To_V2_Command_Adapter_DRAFT.st:10:    VO_Command_V2 : ST_Heating_Command_V2;
./repo_logs/assistant_bridge/2026_04_17/step_134_remove_zero_ref_v2_dut_leftovers/remove_zero_ref_v2_dut_leftovers.log:1021:./snapshots/clean_build_2026_04_16/компилятор/logs/004_import_dut_v11.log:60:ST_Heating_Command_V2.dut: STRUCT ST_Heating_Command_V2 fields=1
./repo_logs/assistant_bridge/2026_04_17/step_134_remove_zero_ref_v2_dut_leftovers/remove_zero_ref_v2_dut_leftovers.log:1022:./snapshots/clean_build_2026_04_16/компилятор/logs/004_import_dut_v11.log:127:STRUCT ST_Heating_Command_V2: total=1 with_initializer=0 without_initializer=1 array_initializer=0 unsupported_initializer=0
./repo_logs/assistant_bridge/2026_04_17/step_134_remove_zero_ref_v2_dut_leftovers/remove_zero_ref_v2_dut_leftovers.log:1023:./snapshots/clean_build_2026_04_16/компилятор/out/RESULT_methods_clean.xml:1755:      <dataType name="ST_Heating_Command_V2">
./repo_logs/assistant_bridge/2026_04_17/step_134_remove_zero_ref_v2_dut_leftovers/remove_zero_ref_v2_dut_leftovers.log:1024:./snapshots/clean_build_2026_04_16/компилятор/out/RESULT_methods_clean.xml:4342:                <derived name="ST_Heating_Command_V2" />
./repo_logs/assistant_bridge/2026_04_17/step_134_remove_zero_ref_v2_dut_leftovers/remove_zero_ref_v2_dut_leftovers.log:1025:./snapshots/clean_build_2026_04_16/компилятор/out/RESULT_methods_clean.xml:6680:                <derived name="ST_Heating_Command_V2" />
./repo_logs/assistant_bridge/2026_04_17/step_134_remove_zero_ref_v2_dut_leftovers/remove_zero_ref_v2_dut_leftovers.log:1026:./snapshots/clean_build_2026_04_16/компилятор/out/RESULT_methods_clean.xml:20148:            <Object Name="ST_Heating_Command_V2" ObjectId="c2e70cbf-4cd3-42cf-b7e4-790170a4ba21" />
./repo_logs/assistant_bridge/2026_04_17/step_134_remove_zero_ref_v2_dut_leftovers/remove_zero_ref_v2_dut_leftovers.log:1027:./диагностика/file_access_audit.log:207:ST_Heating_Command_V2.dut	file	yes	yes	yes	0o666
./repo_logs/assistant_bridge/2026_04_17/step_134_remove_zero_ref_v2_dut_leftovers/remove_zero_ref_v2_dut_leftovers.log:1028:./диагностика/file_access_audit.log:814:snapshots/clean_build_20260414_0820/ST_Heating_Command_V2.dut	file	yes	yes	yes	0o666
./repo_logs/assistant_bridge/2026_04_17/step_134_remove_zero_ref_v2_dut_leftovers/remove_zero_ref_v2_dut_leftovers.log:1029:./диагностика/file_access_audit.log:1188:snapshots/clean_build_20260414_0820/workspace/dut_rebuild/heating_v2/ST_Heating_Command_V2.dut	file	yes	yes	yes	0o666
./repo_logs/assistant_bridge/2026_04_17/step_134_remove_zero_ref_v2_dut_leftovers/remove_zero_ref_v2_dut_leftovers.log:1030:./диагностика/file_access_audit.log:1694:snapshots/clean_build_2026_04_14/ST_Heating_Command_V2.dut	file	yes	yes	yes	0o666
./repo_logs/assistant_bridge/2026_04_17/step_134_remove_zero_ref_v2_dut_leftovers/remove_zero_ref_v2_dut_leftovers.log:1031:./диагностика/file_access_audit.log:2069:snapshots/clean_build_2026_04_14/workspace/dut_rebuild/heating_v2/ST_Heating_Command_V2.dut	file	yes	yes	yes	0o666
./repo_logs/assistant_bridge/2026_04_17/step_134_remove_zero_ref_v2_dut_leftovers/remove_zero_ref_v2_dut_leftovers.log:1032:./диагностика/file_access_audit.log:2558:snapshots/clean_build_2026_04_15/ST_Heating_Command_V2.dut	file	yes	yes	yes	0o666
./repo_logs/assistant_bridge/2026_04_17/step_134_remove_zero_ref_v2_dut_leftovers/remove_zero_ref_v2_dut_leftovers.log:1033:./диагностика/file_access_audit.log:2944:snapshots/clean_build_2026_04_15/workspace/dut_rebuild/heating_v2/ST_Heating_Command_V2.dut	file	yes	yes	yes	0o666
./repo_logs/assistant_bridge/2026_04_17/step_134_remove_zero_ref_v2_dut_leftovers/remove_zero_ref_v2_dut_leftovers.log:1034:./диагностика/file_access_audit.log:3356:workspace/dut_rebuild/heating_v2/ST_Heating_Command_V2.dut	file	yes	yes	yes	0o666
./repo_logs/assistant_bridge/2026_04_17/step_134_remove_zero_ref_v2_dut_leftovers/remove_zero_ref_v2_dut_leftovers.log:1035:./workspace/export_forensics/sandbox/XML_INTERFACE_PREVIEW.txt:704:  <variable name="L_Heating_V2_Command_Shadow"><type><derived name="ST_Heating_Command_V2"/></type></variable>
./repo_logs/assistant_bridge/2026_04_17/step_134_remove_zero_ref_v2_dut_leftovers/remove_zero_ref_v2_dut_leftovers.log:1036:./workspace/export_forensics/sandbox/XML_INTERFACE_PREVIEW_CLEAN.txt:677:  <variable name="L_Heating_V2_Command_Shadow"><type><derived name="ST_Heating_Command_V2"/></type></variable>
./repo_logs/assistant_bridge/2026_04_17/step_134_remove_zero_ref_v2_dut_leftovers/remove_zero_ref_v2_dut_leftovers.log:1037:./workspace/export_forensics/sandbox/XML_INTERFACE_PREVIEW_CLEAN_V2.txt:1665:    <type><derived name="ST_Heating_Command_V2"/></type>
./repo_logs/assistant_bridge/2026_04_17/step_134_remove_zero_ref_v2_dut_leftovers/remove_zero_ref_v2_dut_leftovers.log:1038:./workspace/export_forensics/sandbox/INTERFACE_PREVIEW.txt:629:L_Heating_V2_Command_Shadow : derived(ST_Heating_Command_V2)
./repo_logs/assistant_bridge/2026_04_17/step_134_remove_zero_ref_v2_dut_leftovers/remove_zero_ref_v2_dut_leftovers.log:1039:./workspace/draft_v2_inventory_2026-04-12.md:20:- ST_Heating_Command_V2
./repo_logs/assistant_bridge/2026_04_17/step_134_remove_zero_ref_v2_dut_leftovers/remove_zero_ref_v2_dut_leftovers.log:1040:./workspace/dut_rebuild/heating_v2/v2_core/FB_Heating_Command_Path_DRAFT.st:3:    VI_Command_In : ST_Heating_Command_V2;
./repo_logs/assistant_bridge/2026_04_17/step_134_remove_zero_ref_v2_dut_leftovers/remove_zero_ref_v2_dut_leftovers.log:1041:./workspace/dut_rebuild/heating_v2/v2_core/FB_Heating_Command_Path_DRAFT.st:6:    VO_Command_Out : ST_Heating_Command_V2;
./repo_logs/assistant_bridge/2026_04_17/step_134_remove_zero_ref_v2_dut_leftovers/remove_zero_ref_v2_dut_leftovers.log:1042:./workspace/dut_rebuild/heating_v2/v2_core/FB_Heating_V2_Core_DRAFT.st:3:    VI_Command : ST_Heating_Command_V2;
./repo_logs/assistant_bridge/2026_04_17/step_134_remove_zero_ref_v2_dut_leftovers/remove_zero_ref_v2_dut_leftovers.log:1043:./workspace/dut_rebuild/heating_v2/v2_core/FB_Heating_V2_Core_DRAFT.st:7:    VO_Command_Out : ST_Heating_Command_V2;
./repo_logs/assistant_bridge/2026_04_17/step_134_remove_zero_ref_v2_dut_leftovers/remove_zero_ref_v2_dut_leftovers.log:1044:./workspace/dut_rebuild/heating_v2/v2_core/FB_Heating_V2_Core_DRAFT.st:13:    L_Command_Mid : ST_Heating_Command_V2;
./repo_logs/assistant_bridge/2026_04_17/step_134_remove_zero_ref_v2_dut_leftovers/remove_zero_ref_v2_dut_leftovers.log:1045:./workspace/dut_rebuild/heating_v2/staging/FB_Heating_V2_Staging_DRAFT.st:17:    VO_Command_Shadow : ST_Heating_Command_V2;
./repo_logs/assistant_bridge/2026_04_17/step_134_remove_zero_ref_v2_dut_leftovers/remove_zero_ref_v2_dut_leftovers.log:1046:./workspace/dut_rebuild/heating_v2/staging/FB_Heating_V2_Staging_DRAFT.st:25:    L_Command_V2 : ST_Heating_Command_V2;
./repo_logs/assistant_bridge/2026_04_17/step_134_remove_zero_ref_v2_dut_leftovers/remove_zero_ref_v2_dut_leftovers.log:1047:./workspace/dut_rebuild/heating_v2/ST_Heating_Command_V2.dut:1:TYPE ST_Heating_Command_V2 :
./repo_logs/assistant_bridge/2026_04_17/step_134_remove_zero_ref_v2_dut_leftovers/remove_zero_ref_v2_dut_leftovers.log:1048:./workspace/dut_rebuild/heating_v2/compatibility/FB_Heating_Legacy_To_V2_Command_Adapter_DRAFT.st:10:    VO_Command_V2 : ST_Heating_Command_V2;
./repo_logs/assistant_bridge/2026_04_16/step_73_remove_unused_heating_v2_staging_var/remove_unused_heating_v2_staging_var.log:26:     L_Heating_V2_Command_V2 : ST_Heating_Command_V2;
./repo_logs/assistant_bridge/2026_04_16/step_64_classify_root_transition_layers_fixed/classify_root_transition_layers_fixed.log:13:ST_Heating_Command_V2.dut
./repo_logs/assistant_bridge/2026_04_16/step_69_micro_audit_heating_v2_staging/micro_audit_heating_v2_staging.log:20:    VO_Command_Shadow : ST_Heating_Command_V2;
./repo_logs/assistant_bridge/2026_04_16/step_69_micro_audit_heating_v2_staging/micro_audit_heating_v2_staging.log:94:    L_Heating_V2_Command_V2 : ST_Heating_Command_V2;
./repo_logs/assistant_bridge/2026_04_16/step_69_micro_audit_heating_v2_staging/micro_audit_heating_v2_staging.log:191:    L_Heating_V2_Command_V2 : ST_Heating_Command_V2;
./repo_logs/assistant_bridge/2026_04_16/step_69_micro_audit_heating_v2_staging/micro_audit_heating_v2_staging.log:275:TYPE ST_Heating_Command_V2 : STRUCT
./repo_logs/assistant_bridge/2026_04_16/step_69_micro_audit_heating_v2_staging/micro_audit_heating_v2_staging.log:288:./FB_Heating_System_Manager.st:65:    L_Heating_V2_Command_V2 : ST_Heating_Command_V2;
./repo_logs/assistant_bridge/2026_04_16/step_69_micro_audit_heating_v2_staging/micro_audit_heating_v2_staging.log:289:./FB_Heating_V2_Staging.st:16:    VO_Command_Shadow : ST_Heating_Command_V2;
./repo_logs/assistant_bridge/2026_04_16/step_69_micro_audit_heating_v2_staging/micro_audit_heating_v2_staging.log:290:./ST_Heating_Command_V2.dut:1:TYPE ST_Heating_Command_V2 : STRUCT
./repo_logs/assistant_bridge/2026_04_16/step_01_repo_baseline/baseline.log:193:./ST_Heating_Command_V2.dut
./repo_logs/assistant_bridge/2026_04_16/step_01_repo_baseline/baseline.log:465:snapshots/project_clean_state_2026_04_16/ST_Heating_Command_V2.dut
./repo_logs/assistant_bridge/2026_04_16/step_63_root_only_transition_inventory/root_only_transition_inventory.log:175:ST_Heating_Command_V2.dut
./repo_logs/assistant_bridge/2026_04_16/step_63_root_only_transition_inventory/root_only_transition_inventory.log:237:ST_Heating_Command_V2.dut
./repo_logs/assistant_bridge/2026_04_16/step_63_root_only_transition_inventory/root_only_transition_inventory.log:342:--- FILE: ST_Heating_Command_V2.dut ---
./repo_logs/assistant_bridge/2026_04_16/step_63_root_only_transition_inventory/root_only_transition_inventory.log:343:SYMBOL BASE: ST_Heating_Command_V2
./repo_logs/assistant_bridge/2026_04_16/step_63_root_only_transition_inventory/root_only_transition_inventory.log:344:./FB_Heating_System_Manager.st:65:    L_Heating_V2_Command_V2 : ST_Heating_Command_V2;
./repo_logs/assistant_bridge/2026_04_16/step_63_root_only_transition_inventory/root_only_transition_inventory.log:345:./FB_Heating_V2_Staging.st:16:    VO_Command_Shadow : ST_Heating_Command_V2;
./repo_logs/assistant_bridge/2026_04_16/step_63_root_only_transition_inventory/root_only_transition_inventory.log:346:./ST_Heating_Command_V2.dut:1:TYPE ST_Heating_Command_V2 : STRUCT
./repo_logs/assistant_bridge/2026_04_16/step_45_scenario_layer_audit_fixed/scenario_layer_audit_fixed.log:174:./ST_Heating_Command_V2.dut
./repo_logs/assistant_bridge/2026_04_16/step_45_scenario_layer_audit_fixed/scenario_layer_audit_fixed.log:383:./snapshots/project_clean_state_2026_04_16/ST_Heating_Command_V2.dut
./repo_logs/assistant_bridge/2026_04_16/step_45_scenario_layer_audit_fixed/scenario_layer_audit_fixed.log:451:./snapshots/project_clean_state_2026_04_16/workspace/dut_rebuild/heating_v2/ST_Heating_Command_V2.dut
./repo_logs/assistant_bridge/2026_04_16/step_45_scenario_layer_audit_fixed/scenario_layer_audit_fixed.log:546:./workspace/dut_rebuild/heating_v2/ST_Heating_Command_V2.dut
./repo_logs/assistant_bridge/2026_04_16/step_65_prioritize_runtime_bridge_collapse/prioritize_runtime_bridge_collapse.log:21:ST_Heating_Command_V2.dut | collapse_first | directly tied to heating staging bridge
./ST_Heating_Command.st:1:TYPE ST_Heating_Command :
./FB_Rule_Engine.st:24:    VO_Heating_Command : ST_Heating_Command;
./snapshots/project_clean_state_2026_04_16/FB_Heating_V2_Staging.st:16:    VO_Command_Shadow : ST_Heating_Command_V2;
./snapshots/project_clean_state_2026_04_16/steps/MASTER_PIPELINE/005_RESULT.xml:4783:          <derived name="ST_Heating_Command_V2" />
./snapshots/project_clean_state_2026_04_16/steps/MASTER_PIPELINE/004_RESULT.xml:6495:                <derived name="ST_Heating_Command_V2" />
./snapshots/project_clean_state_2026_04_16/steps/MASTER_PIPELINE/003_GVL_BASELINE_INPUT.xml:6160:          <derived name="ST_Heating_Command_V2" />
./snapshots/project_clean_state_2026_04_16/steps/MASTER_PIPELINE/out/004_RESULT.xml:6495:                <derived name="ST_Heating_Command_V2" />
./snapshots/project_clean_state_2026_04_16/steps/MASTER_PIPELINE/out/003_RESULT.xml:7872:                <derived name="ST_Heating_Command_V2" />
./snapshots/project_clean_state_2026_04_16/steps/MASTER_PIPELINE/002_BASE.xml:8029:                <derived name="ST_Heating_Command_V2" />
./snapshots/project_clean_state_2026_04_16/steps/MASTER_PIPELINE/002_BASE.xml:8989:                <derived name="ST_Heating_Command_V2" />
./snapshots/project_clean_state_2026_04_16/steps/MASTER_PIPELINE/003_RESULT.xml:7872:                <derived name="ST_Heating_Command_V2" />
./snapshots/project_clean_state_2026_04_16/steps/MASTER_PIPELINE/001_BASE.xml:6163:                <derived name="ST_Heating_Command_V2" />
./snapshots/project_clean_state_2026_04_16/diagnostics/2026_04_16/step_10_git_commit_failure_debug.log:197:./ST_Heating_Command_V2.dut
./snapshots/project_clean_state_2026_04_16/diagnostics/2026_04_16/step_08_flatten_unpacked_root.log:177:./ST_Heating_Command_V2.dut
./snapshots/project_clean_state_2026_04_16/diagnostics/2026_04_16/step_11_project_structure.log:174:./ST_Heating_Command_V2.dut
./snapshots/project_clean_state_2026_04_16/diagnostics/2026_04_16/step_11_project_structure.log:417:./ST_Heating_Command_V2.dut
./snapshots/project_clean_state_2026_04_16/FB_Heating_System_Manager.st:65:    L_Heating_V2_Command_V2 : ST_Heating_Command_V2;
./snapshots/project_clean_state_2026_04_16/компилятор/logs/004_import_dut_v11.log:60:ST_Heating_Command_V2.dut: STRUCT ST_Heating_Command_V2 fields=1
./snapshots/project_clean_state_2026_04_16/компилятор/logs/004_import_dut_v11.log:127:STRUCT ST_Heating_Command_V2: total=1 with_initializer=0 without_initializer=1 array_initializer=0 unsupported_initializer=0
./snapshots/project_clean_state_2026_04_16/компилятор/out/RESULT_methods_clean.xml:1755:      <dataType name="ST_Heating_Command_V2">
./snapshots/project_clean_state_2026_04_16/компилятор/out/RESULT_methods_clean.xml:4342:                <derived name="ST_Heating_Command_V2" />
./snapshots/project_clean_state_2026_04_16/компилятор/out/RESULT_methods_clean.xml:6680:                <derived name="ST_Heating_Command_V2" />
./snapshots/project_clean_state_2026_04_16/компилятор/out/RESULT_methods_clean.xml:20148:            <Object Name="ST_Heating_Command_V2" ObjectId="c2e70cbf-4cd3-42cf-b7e4-790170a4ba21" />
./snapshots/project_clean_state_2026_04_16/диагностика/file_access_audit.log:207:ST_Heating_Command_V2.dut	file	yes	yes	yes	0o666
./snapshots/project_clean_state_2026_04_16/диагностика/file_access_audit.log:814:snapshots/clean_build_20260414_0820/ST_Heating_Command_V2.dut	file	yes	yes	yes	0o666
./snapshots/project_clean_state_2026_04_16/диагностика/file_access_audit.log:1188:snapshots/clean_build_20260414_0820/workspace/dut_rebuild/heating_v2/ST_Heating_Command_V2.dut	file	yes	yes	yes	0o666
./snapshots/project_clean_state_2026_04_16/диагностика/file_access_audit.log:1694:snapshots/clean_build_2026_04_14/ST_Heating_Command_V2.dut	file	yes	yes	yes	0o666
./snapshots/project_clean_state_2026_04_16/диагностика/file_access_audit.log:2069:snapshots/clean_build_2026_04_14/workspace/dut_rebuild/heating_v2/ST_Heating_Command_V2.dut	file	yes	yes	yes	0o666
./snapshots/project_clean_state_2026_04_16/диагностика/file_access_audit.log:2558:snapshots/clean_build_2026_04_15/ST_Heating_Command_V2.dut	file	yes	yes	yes	0o666
./snapshots/project_clean_state_2026_04_16/диагностика/file_access_audit.log:2944:snapshots/clean_build_2026_04_15/workspace/dut_rebuild/heating_v2/ST_Heating_Command_V2.dut	file	yes	yes	yes	0o666
./snapshots/project_clean_state_2026_04_16/диагностика/file_access_audit.log:3356:workspace/dut_rebuild/heating_v2/ST_Heating_Command_V2.dut	file	yes	yes	yes	0o666
./snapshots/project_clean_state_2026_04_16/ST_Heating_Command_V2.dut:1:TYPE ST_Heating_Command_V2 : STRUCT
./snapshots/project_clean_state_2026_04_16/workspace/export_forensics/sandbox/XML_INTERFACE_PREVIEW.txt:704:  <variable name="L_Heating_V2_Command_Shadow"><type><derived name="ST_Heating_Command_V2"/></type></variable>
./snapshots/project_clean_state_2026_04_16/workspace/export_forensics/sandbox/XML_INTERFACE_PREVIEW_CLEAN.txt:677:  <variable name="L_Heating_V2_Command_Shadow"><type><derived name="ST_Heating_Command_V2"/></type></variable>
./snapshots/project_clean_state_2026_04_16/workspace/export_forensics/sandbox/XML_INTERFACE_PREVIEW_CLEAN_V2.txt:1665:    <type><derived name="ST_Heating_Command_V2"/></type>
./snapshots/project_clean_state_2026_04_16/workspace/export_forensics/sandbox/INTERFACE_PREVIEW.txt:629:L_Heating_V2_Command_Shadow : derived(ST_Heating_Command_V2)
./snapshots/project_clean_state_2026_04_16/workspace/draft_v2_inventory_2026-04-12.md:20:- ST_Heating_Command_V2
./snapshots/project_clean_state_2026_04_16/workspace/dut_rebuild/heating_v2/v2_core/FB_Heating_Command_Path_DRAFT.st:3:    VI_Command_In : ST_Heating_Command_V2;
./snapshots/project_clean_state_2026_04_16/workspace/dut_rebuild/heating_v2/v2_core/FB_Heating_Command_Path_DRAFT.st:6:    VO_Command_Out : ST_Heating_Command_V2;
./snapshots/project_clean_state_2026_04_16/workspace/dut_rebuild/heating_v2/v2_core/FB_Heating_V2_Core_DRAFT.st:3:    VI_Command : ST_Heating_Command_V2;
./snapshots/project_clean_state_2026_04_16/workspace/dut_rebuild/heating_v2/v2_core/FB_Heating_V2_Core_DRAFT.st:7:    VO_Command_Out : ST_Heating_Command_V2;
./snapshots/project_clean_state_2026_04_16/workspace/dut_rebuild/heating_v2/v2_core/FB_Heating_V2_Core_DRAFT.st:13:    L_Command_Mid : ST_Heating_Command_V2;
./snapshots/project_clean_state_2026_04_16/workspace/dut_rebuild/heating_v2/staging/FB_Heating_V2_Staging_DRAFT.st:17:    VO_Command_Shadow : ST_Heating_Command_V2;
./snapshots/project_clean_state_2026_04_16/workspace/dut_rebuild/heating_v2/staging/FB_Heating_V2_Staging_DRAFT.st:25:    L_Command_V2 : ST_Heating_Command_V2;
./snapshots/project_clean_state_2026_04_16/workspace/dut_rebuild/heating_v2/ST_Heating_Command_V2.dut:1:TYPE ST_Heating_Command_V2 :
./snapshots/project_clean_state_2026_04_16/workspace/dut_rebuild/heating_v2/compatibility/FB_Heating_Legacy_To_V2_Command_Adapter_DRAFT.st:10:    VO_Command_V2 : ST_Heating_Command_V2;
./snapshots/clean_build_2026_04_16/компилятор/logs/004_import_dut_v11.log:60:ST_Heating_Command_V2.dut: STRUCT ST_Heating_Command_V2 fields=1
./snapshots/clean_build_2026_04_16/компилятор/logs/004_import_dut_v11.log:127:STRUCT ST_Heating_Command_V2: total=1 with_initializer=0 without_initializer=1 array_initializer=0 unsupported_initializer=0
./snapshots/clean_build_2026_04_16/компилятор/out/RESULT_methods_clean.xml:1755:      <dataType name="ST_Heating_Command_V2">
./snapshots/clean_build_2026_04_16/компилятор/out/RESULT_methods_clean.xml:4342:                <derived name="ST_Heating_Command_V2" />
./snapshots/clean_build_2026_04_16/компилятор/out/RESULT_methods_clean.xml:6680:                <derived name="ST_Heating_Command_V2" />
./snapshots/clean_build_2026_04_16/компилятор/out/RESULT_methods_clean.xml:20148:            <Object Name="ST_Heating_Command_V2" ObjectId="c2e70cbf-4cd3-42cf-b7e4-790170a4ba21" />
grep: ./диагностика/heating_orchestration_cleanup_check.log: input file is also the output
./диагностика/file_access_audit.log:207:ST_Heating_Command_V2.dut	file	yes	yes	yes	0o666
./диагностика/file_access_audit.log:814:snapshots/clean_build_20260414_0820/ST_Heating_Command_V2.dut	file	yes	yes	yes	0o666
./диагностика/file_access_audit.log:1188:snapshots/clean_build_20260414_0820/workspace/dut_rebuild/heating_v2/ST_Heating_Command_V2.dut	file	yes	yes	yes	0o666
./диагностика/file_access_audit.log:1694:snapshots/clean_build_2026_04_14/ST_Heating_Command_V2.dut	file	yes	yes	yes	0o666
./диагностика/file_access_audit.log:2069:snapshots/clean_build_2026_04_14/workspace/dut_rebuild/heating_v2/ST_Heating_Command_V2.dut	file	yes	yes	yes	0o666
./диагностика/file_access_audit.log:2558:snapshots/clean_build_2026_04_15/ST_Heating_Command_V2.dut	file	yes	yes	yes	0o666
./диагностика/file_access_audit.log:2944:snapshots/clean_build_2026_04_15/workspace/dut_rebuild/heating_v2/ST_Heating_Command_V2.dut	file	yes	yes	yes	0o666
./диагностика/file_access_audit.log:3356:workspace/dut_rebuild/heating_v2/ST_Heating_Command_V2.dut	file	yes	yes	yes	0o666
./workspace/export_forensics/sandbox/XML_INTERFACE_PREVIEW.txt:704:  <variable name="L_Heating_V2_Command_Shadow"><type><derived name="ST_Heating_Command_V2"/></type></variable>
./workspace/export_forensics/sandbox/XML_INTERFACE_PREVIEW_CLEAN.txt:677:  <variable name="L_Heating_V2_Command_Shadow"><type><derived name="ST_Heating_Command_V2"/></type></variable>
./workspace/export_forensics/sandbox/XML_INTERFACE_PREVIEW_CLEAN_V2.txt:1665:    <type><derived name="ST_Heating_Command_V2"/></type>
./workspace/export_forensics/sandbox/INTERFACE_PREVIEW.txt:629:L_Heating_V2_Command_Shadow : derived(ST_Heating_Command_V2)
./workspace/draft_v2_inventory_2026-04-12.md:20:- ST_Heating_Command_V2
./workspace/dut_rebuild/heating_v2/v2_core/FB_Heating_Command_Path_DRAFT.st:3:    VI_Command_In : ST_Heating_Command_V2;
./workspace/dut_rebuild/heating_v2/v2_core/FB_Heating_Command_Path_DRAFT.st:6:    VO_Command_Out : ST_Heating_Command_V2;
./workspace/dut_rebuild/heating_v2/v2_core/FB_Heating_V2_Core_DRAFT.st:3:    VI_Command : ST_Heating_Command_V2;
./workspace/dut_rebuild/heating_v2/v2_core/FB_Heating_V2_Core_DRAFT.st:7:    VO_Command_Out : ST_Heating_Command_V2;
./workspace/dut_rebuild/heating_v2/v2_core/FB_Heating_V2_Core_DRAFT.st:13:    L_Command_Mid : ST_Heating_Command_V2;
./workspace/dut_rebuild/heating_v2/staging/FB_Heating_V2_Staging_DRAFT.st:17:    VO_Command_Shadow : ST_Heating_Command_V2;
./workspace/dut_rebuild/heating_v2/staging/FB_Heating_V2_Staging_DRAFT.st:25:    L_Command_V2 : ST_Heating_Command_V2;
./workspace/dut_rebuild/heating_v2/ST_Heating_Command_V2.dut:1:TYPE ST_Heating_Command_V2 :
./workspace/dut_rebuild/heating_v2/compatibility/FB_Heating_Legacy_To_V2_Command_Adapter_DRAFT.st:10:    VO_Command_V2 : ST_Heating_Command_V2;
grep: ./.git/index: binary file matches

=== CHECK: rule command ===
24:    VO_Heating_Command : ST_Heating_Command;
136:    VO_Heating_Command.Enable := TRUE;
137:    VO_Heating_Command.Target_Temperature := 22.0;
138:    VO_Heating_Command.Priority := 10;

=== CHECK: heating manager command ===
12:    VI_Command : ST_Heating_Command;
700:IF VI_Command.Enable THEN
702:    GVL_HEATING.G_Target_Temperature := VI_Command.Target_Temperature;

=== CHECK: wiring ===
