]633;E;echo "=== CHECK: weighted adaptive vars ===";dc383988-f3a6-42a5-9401-7e885da77467]633;C=== CHECK: weighted adaptive vars ===
123:    L_Adaptive_Weighted_Sum : REAL;
294:L_Adaptive_Weighted_Sum := 0.0;
320:        L_Adaptive_Weighted_Sum := L_Adaptive_Weighted_Sum + (L_Adaptive_Delta * L_Adaptive_Weight);
326:    L_Adaptive_Effective_Delta := L_Adaptive_Weighted_Sum / L_Adaptive_Weight_Total;
124:    L_Adaptive_Weight_Total : REAL;
295:L_Adaptive_Weight_Total := 0.0;
321:        L_Adaptive_Weight_Total := L_Adaptive_Weight_Total + L_Adaptive_Weight;
325:IF L_Adaptive_Weight_Total > 0.0 THEN
326:    L_Adaptive_Effective_Delta := L_Adaptive_Weighted_Sum / L_Adaptive_Weight_Total;
127:    L_Adaptive_Correction : REAL;
297:L_Adaptive_Correction := 0.0;
333:    L_Adaptive_Correction := 2.0;
335:    L_Adaptive_Correction := 1.0;
337:    L_Adaptive_Correction := -2.0;
339:    L_Adaptive_Correction := -1.0;
341:    L_Adaptive_Correction := 0.0;
346:    IF L_Adaptive_Correction < 2.0 THEN
347:        L_Adaptive_Correction := 2.0;
351:L_Target_Supply_Temp := L_Target_Supply_Temp + L_Adaptive_Correction;

=== CHECK: weighted adaptive logic ===
292:// --- MULTI-ZONE ADAPTIVE CORRECTION ---
311:        CASE VI_Zone_Configs[L_Adaptive_Zone_i].control_type OF
351:L_Target_Supply_Temp := L_Target_Supply_Temp + L_Adaptive_Correction;

=== CHECK: build ===
16:BUILD_OK
