174:    L_Persist_Struct : ST_Persist;
790:L_Persist_Buffer[0] := TO_BYTE(TO_INT(L_Persist_Struct.System_Mode));
791:IF L_Persist_Struct.Safety_Gas_Latched THEN
796:IF L_Persist_Struct.Safety_Smoke_Latched THEN
801:IF L_Persist_Struct.Safety_Leak_Latched THEN
806:IF L_Persist_Struct.DHW_Heating_Pump THEN
1137:L_Persist_Struct.System_Mode := GVL_STATE.G_System_Mode;
1139:L_Persist_Struct.Safety_Gas_Latched := GVL_STATE.G_Safety_Gas_Latched;
1140:L_Persist_Struct.Safety_Smoke_Latched := GVL_STATE.G_Safety_Smoke_Latched;
1141:L_Persist_Struct.Safety_Leak_Latched := GVL_STATE.G_Safety_Leak_Latched;
1143:L_Persist_Struct.DHW_Heating_Pump := GVL_STATE.G_DHW_Heating_Pump;
1144:L_Persist_Struct.Valid := TRUE;
1147:GVL_PERSISTENT.P_System_Mode := L_Persist_Struct.System_Mode;
1149:GVL_PERSISTENT.P_Safety_Gas_Latched := L_Persist_Struct.Safety_Gas_Latched;
1150:GVL_PERSISTENT.P_Safety_Smoke_Latched := L_Persist_Struct.Safety_Smoke_Latched;
1151:GVL_PERSISTENT.P_Safety_Leak_Latched := L_Persist_Struct.Safety_Leak_Latched;
1153:GVL_PERSISTENT.P_DHW_Heating_Active := L_Persist_Struct.DHW_Heating_Pump;
1154:GVL_PERSISTENT.P_Valid := L_Persist_Struct.Valid;
169:    L_Persist_Buffer : ARRAY[0..4] OF BYTE;
171:    L_Persist_Buffer_Changed : BOOL;
790:L_Persist_Buffer[0] := TO_BYTE(TO_INT(L_Persist_Struct.System_Mode));
792:    L_Persist_Buffer[1] := BYTE#1;
794:    L_Persist_Buffer[1] := BYTE#0;
797:    L_Persist_Buffer[2] := BYTE#1;
799:    L_Persist_Buffer[2] := BYTE#0;
802:    L_Persist_Buffer[3] := BYTE#1;
804:    L_Persist_Buffer[3] := BYTE#0;
807:    L_Persist_Buffer[4] := BYTE#1;
809:    L_Persist_Buffer[4] := BYTE#0;
812:L_Persist_Buffer_Changed :=
813:    (L_Persist_Buffer[0] <> L_Last_Written_Persist_Buffer[0]) OR
814:    (L_Persist_Buffer[1] <> L_Last_Written_Persist_Buffer[1]) OR
815:    (L_Persist_Buffer[2] <> L_Last_Written_Persist_Buffer[2]) OR
816:    (L_Persist_Buffer[3] <> L_Last_Written_Persist_Buffer[3]) OR
817:    (L_Persist_Buffer[4] <> L_Last_Written_Persist_Buffer[4]);
827:ELSIF L_Persist_Buffer_Changed THEN
838:    VI_DataRef := L_Persist_Buffer[0],
850:    L_Last_Written_Persist_Buffer[0] := L_Persist_Buffer[0];
851:    L_Last_Written_Persist_Buffer[1] := L_Persist_Buffer[1];
852:    L_Last_Written_Persist_Buffer[2] := L_Persist_Buffer[2];
853:    L_Last_Written_Persist_Buffer[3] := L_Persist_Buffer[3];
854:    L_Last_Written_Persist_Buffer[4] := L_Persist_Buffer[4];
206:    IF GVL_PERSISTENT.P_Valid THEN
207:        GVL_STATE.G_Safety_Gas_Latched := GVL_PERSISTENT.P_Safety_Gas_Latched;
208:        GVL_STATE.G_Safety_Smoke_Latched := GVL_PERSISTENT.P_Safety_Smoke_Latched;
209:        GVL_STATE.G_Safety_Leak_Latched := GVL_PERSISTENT.P_Safety_Leak_Latched;
210:        GVL_STATE.G_System_Mode := GVL_PERSISTENT.P_System_Mode;
1147:GVL_PERSISTENT.P_System_Mode := L_Persist_Struct.System_Mode;
1149:GVL_PERSISTENT.P_Safety_Gas_Latched := L_Persist_Struct.Safety_Gas_Latched;
1150:GVL_PERSISTENT.P_Safety_Smoke_Latched := L_Persist_Struct.Safety_Smoke_Latched;
1151:GVL_PERSISTENT.P_Safety_Leak_Latched := L_Persist_Struct.Safety_Leak_Latched;
1153:GVL_PERSISTENT.P_DHW_Heating_Active := L_Persist_Struct.DHW_Heating_Pump;
1154:GVL_PERSISTENT.P_Valid := L_Persist_Struct.Valid;
2495:    VI_Device_Active  := GVL_PERSISTENT.P_DHW_Heating_Active,
105:    fbNVRAMManager : FB_NVRAM_Manager;
835:fbNVRAMManager(
