]633;E;echo "=== CHECK: builder old names ===";b39e2385-4f00-43a0-8f86-c29466b4fef1]633;C=== CHECK: builder old names ===

=== CHECK: builder new names ===
12:VIO_PersistStruct.System_Mode := VI_State.G_System_Mode;
14:VIO_PersistStruct.Safety_Gas_Latched := VI_State.G_Safety_Gas_Latched;
15:VIO_PersistStruct.Safety_Smoke_Latched := VI_State.G_Safety_Smoke_Latched;
16:VIO_PersistStruct.Safety_Leak_Latched := VI_State.G_Safety_Leak_Latched;
18:VIO_PersistStruct.DHW_Heating_Pump := VI_State.G_DHW_Heating_Pump;
19:VIO_PersistStruct.Valid := TRUE;
22:GVL_PERSISTENT.P_System_Mode := VIO_PersistStruct.System_Mode;
24:GVL_PERSISTENT.P_Safety_Gas_Latched := VIO_PersistStruct.Safety_Gas_Latched;
25:GVL_PERSISTENT.P_Safety_Smoke_Latched := VIO_PersistStruct.Safety_Smoke_Latched;
26:GVL_PERSISTENT.P_Safety_Leak_Latched := VIO_PersistStruct.Safety_Leak_Latched;
28:GVL_PERSISTENT.P_DHW_Heating_Active := VIO_PersistStruct.DHW_Heating_Pump;
29:GVL_PERSISTENT.P_Valid := VIO_PersistStruct.Valid;
12:VIO_PersistStruct.System_Mode := VI_State.G_System_Mode;
14:VIO_PersistStruct.Safety_Gas_Latched := VI_State.G_Safety_Gas_Latched;
15:VIO_PersistStruct.Safety_Smoke_Latched := VI_State.G_Safety_Smoke_Latched;
16:VIO_PersistStruct.Safety_Leak_Latched := VI_State.G_Safety_Leak_Latched;
18:VIO_PersistStruct.DHW_Heating_Pump := VI_State.G_DHW_Heating_Pump;

=== CHECK: pipeline call trailing comma ===

=== CHECK: pipeline call exists ===
791:fbPersistPipeline(
