]633;E;echo "=== STEP 173: DISABLE LOCAL PRE-COMMIT GUARD ===";cb07821a-d34c-4035-be1a-7133cf9aa4fd]633;C=== STEP 173: DISABLE LOCAL PRE-COMMIT GUARD ===
timestamp_utc=2026-04-18T09:29:01Z

=== BEFORE ===
total 92
drwxrwxrwx+ 2 codespace root      4096 Apr 18 08:11 .
drwxrwxrwx+ 8 codespace root      4096 Apr 18 09:06 ..
-rwxrwxrwx  1 codespace root       478 Apr 16 11:26 applypatch-msg.sample
-rwxrwxrwx  1 codespace root       896 Apr 16 11:26 commit-msg.sample
-rwxrwxrwx  1 codespace root      4726 Apr 16 11:26 fsmonitor-watchman.sample
-rwxr-xr-x  1 codespace codespace  360 Apr 16 11:26 post-checkout
-rwxr-xr-x  1 codespace codespace  356 Apr 16 11:26 post-commit
-rwxr-xr-x  1 codespace codespace  354 Apr 16 11:26 post-merge
-rwxrwxrwx  1 codespace root       189 Apr 16 11:26 post-update.sample
-rwxrwxrwx  1 codespace root       424 Apr 16 11:26 pre-applypatch.sample
-rwxrwxrwx  1 codespace codespace  134 Apr 18 08:11 pre-commit
-rwxrwxrwx  1 codespace root      1649 Apr 16 11:26 pre-commit.sample
-rwxrwxrwx  1 codespace root       416 Apr 16 11:26 pre-merge-commit.sample
-rwxr-xr-x  1 codespace codespace  350 Apr 16 11:26 pre-push
-rwxrwxrwx  1 codespace root      1374 Apr 16 11:26 pre-push.sample
-rwxrwxrwx  1 codespace root      4898 Apr 16 11:26 pre-rebase.sample
-rwxrwxrwx  1 codespace root       544 Apr 16 11:26 pre-receive.sample
-rwxrwxrwx  1 codespace root      1492 Apr 16 11:26 prepare-commit-msg.sample
-rwxrwxrwx  1 codespace root      2783 Apr 16 11:26 push-to-checkout.sample
-rwxrwxrwx  1 codespace root      2308 Apr 16 11:26 sendemail-validate.sample
-rwxrwxrwx  1 codespace root      3650 Apr 16 11:26 update.sample

=== REMOVE LOCAL PRE-COMMIT ===
removed=.git/hooks/pre-commit

=== AFTER ===
total 88
drwxrwxrwx+ 2 codespace root      4096 Apr 18 09:29 .
drwxrwxrwx+ 8 codespace root      4096 Apr 18 09:06 ..
-rwxrwxrwx  1 codespace root       478 Apr 16 11:26 applypatch-msg.sample
-rwxrwxrwx  1 codespace root       896 Apr 16 11:26 commit-msg.sample
-rwxrwxrwx  1 codespace root      4726 Apr 16 11:26 fsmonitor-watchman.sample
-rwxr-xr-x  1 codespace codespace  360 Apr 16 11:26 post-checkout
-rwxr-xr-x  1 codespace codespace  356 Apr 16 11:26 post-commit
-rwxr-xr-x  1 codespace codespace  354 Apr 16 11:26 post-merge
-rwxrwxrwx  1 codespace root       189 Apr 16 11:26 post-update.sample
-rwxrwxrwx  1 codespace root       424 Apr 16 11:26 pre-applypatch.sample
-rwxrwxrwx  1 codespace root      1649 Apr 16 11:26 pre-commit.sample
-rwxrwxrwx  1 codespace root       416 Apr 16 11:26 pre-merge-commit.sample
-rwxr-xr-x  1 codespace codespace  350 Apr 16 11:26 pre-push
-rwxrwxrwx  1 codespace root      1374 Apr 16 11:26 pre-push.sample
-rwxrwxrwx  1 codespace root      4898 Apr 16 11:26 pre-rebase.sample
-rwxrwxrwx  1 codespace root       544 Apr 16 11:26 pre-receive.sample
-rwxrwxrwx  1 codespace root      1492 Apr 16 11:26 prepare-commit-msg.sample
-rwxrwxrwx  1 codespace root      2783 Apr 16 11:26 push-to-checkout.sample
-rwxrwxrwx  1 codespace root      2308 Apr 16 11:26 sendemail-validate.sample
-rwxrwxrwx  1 codespace root      3650 Apr 16 11:26 update.sample

=== POLICY ===
local_precommit_guard=DISABLED
checks_mode=MANUAL_ONLY
output_mode=LOGS_ONLY

=== END STEP 173 ===
