]633;E;echo "=== STEP 95: REMOVE UNUSED ALARM COMPAT ARRAY ===";10d0c29c-b3a2-4a8b-83d2-50752c6e8f09]633;C=== STEP 95: REMOVE UNUSED ALARM COMPAT ARRAY ===
timestamp_utc=2026-04-17T06:51:28Z

=== BEFORE ===
41:    fbCompatAlarm : ARRAY[1..GVL_CONSTANTS.C_MAX_ALARMS] OF FB_Alarm_Compatibility_Package;

=== APPLY ===
OK: removed unused fbCompatAlarm declaration

=== AFTER ===

=== ROOT REFERENCES AFTER CLEANUP ===
./FB_Alarm_Compatibility_Package.st:1:FUNCTION_BLOCK FB_Alarm_Compatibility_Package
./FB_Alarm_Manager.st:242:    // Inlined from FB_Alarm_Compatibility_Package:

=== DIFF ===
diff --git a/FB_Alarm_Manager.st b/FB_Alarm_Manager.st
index 93b3f77..a8fc922 100644
--- a/FB_Alarm_Manager.st
+++ b/FB_Alarm_Manager.st
@@ -38,7 +38,6 @@ VAR_OUTPUT
     VO_Alarm_List : ARRAY[1..GVL_CONSTANTS.C_MAX_ALARMS] OF ST_Alarm_Record; // Список активных тревог для HMI
 END_VAR
 VAR
-    fbCompatAlarm : ARRAY[1..GVL_CONSTANTS.C_MAX_ALARMS] OF FB_Alarm_Compatibility_Package;
     L_i, L_j, L_k : INT;
     L_Target_Slot : INT;
     L_Min_Pri : INT;

=== END STEP 95 ===
