]633;E;echo "=== STEP 263: PRESSURE FAMILY GENERIC LOOP ===";ce0f91dc-fae3-4e2f-a224-60e9467d4b5d]633;C=== STEP 263: PRESSURE FAMILY GENERIC LOOP ===
timestamp_utc=2026-04-19T14:01:43Z

=== APPLY ===
OK: pressure family generic loop integrated

=== VERIFY ===
13:fbCalibPressureFamily : ARRAY[1..1] OF FB_Sensor_Calibration_Processor;
14:fbCalibVerifyPressureFamily : ARRAY[1..1] OF FB_Calibration_Manager;
30:L_PressureFamily_Raw : REAL;
31:L_PressureFamily_Calibrated : ARRAY[1..1] OF REAL;
80:    L_PressureFamily_i : INT;
81:    L_PressureFamily_Calib_TS_Prev : ARRAY[1..1] OF UDINT;
82:    L_PressureFamily_Verification_Active_Prev : ARRAY[1..1] OF BOOL;
1511:// === PRESSURE FAMILY GENERIC LOOP ===
1514:FOR L_PressureFamily_i := 1 TO 1 DO
1516:    L_PressureFamily_Raw := GVL_STATE.G_DHW_Pressure;
1518:    fbCalibPressureFamily[L_PressureFamily_i](
1519:        VI_Raw_Value := L_PressureFamily_Raw,
1522:    L_PressureFamily_Calibrated[L_PressureFamily_i] :=
1523:        fbCalibPressureFamily[L_PressureFamily_i].VO_Calibrated_Value;
1525:    fbCalibVerifyPressureFamily[L_PressureFamily_i](
1526:        VI_Raw_Value := L_PressureFamily_Raw,
1532:            GVL_CONFIG.G_HMI_Sensor_Calibrations[7].last_calibration_timestamp <> L_PressureFamily_Calib_TS_Prev[1]
1536:    L_DHWPressure_Calibrated := L_PressureFamily_Calibrated[1];
1541:        fbCalibVerifyPressureFamily[1].VO_Verification_Active;
1543:        fbCalibVerifyPressureFamily[1].VO_Verification_Failed;
1545:        fbCalibVerifyPressureFamily[1].VO_Deviation_Percent;
1547:    IF L_PressureFamily_Verification_Active_Prev[1] AND
1548:       (NOT fbCalibVerifyPressureFamily[1].VO_Verification_Active) THEN
1550:            NOT fbCalibVerifyPressureFamily[1].VO_Verification_Failed;
1553:    L_PressureFamily_Verification_Active_Prev[1] :=
1554:        fbCalibVerifyPressureFamily[1].VO_Verification_Active;
1556:    L_PressureFamily_Calib_TS_Prev[1] :=

=== COMPILE ===
