]633;E;echo "=== RUN STEP 180 ===";cb07821a-d34c-4035-be1a-7133cf9aa4fd]633;C=== RUN STEP 180 ===
=== STEP 180: AUDIT PRESENCE CLUSTER FUNCTIONAL GAP ===

--- FB_Presence_Playback.st ---
exists=True
live_refs=1
  ref=FB_Presence_Simulator.st

line_count=32
content_preview:
FUNCTION_BLOCK FB_Presence_Playback
VAR_INPUT
    VI_Mode_Record : BOOL; // TRUE - записываем, FALSE - воспроизводим
    VI_Time_Index   : UDINT; // Индекс времени в рамках недели (мс)
END_VAR
VAR_IN_OUT
    VI_Light_Inputs : ARRAY[1..32] OF BOOL;
END_VAR
VAR_OUTPUT
    VO_Light_Outputs : ARRAY[1..32] OF BOOL;
END_VAR
VAR
    L_Current_Slot : UDINT;
    L_i : INT;
END_VAR

L_Current_Slot := (VI_Time_Index / (GVL_CONSTANTS.C_MS_IN_MINUTE * 10)) MOD TO_UDINT(GVL_CONSTANTS.C_MAX_PRESENCE_HISTORY); // Слот каждые 10 минут

IF VI_Mode_Record THEN
    // Запись текущего состояния в слот
    GVL_Retain.G_Presence_History[L_Current_Slot] := 0;
    FOR L_i := 1 TO 32 DO
        IF VI_Light_Inputs[L_i] THEN
            GVL_Retain.G_Presence_History[L_Current_Slot] := GVL_Retain.G_Presence_History[L_Current_Slot] OR SHL(WORD#1, L_i-1);
        END_IF;
    END_FOR;
ELSE
    // Воспроизведение из слота
    FOR L_i := 1 TO 32 DO
        VO_Light_Outputs[L_i] := (GVL_Retain.G_Presence_History[L_Current_Slot] AND SHL(WORD#1, L_i-1)) <> 0;
    END_FOR;
END_IF;

candidate_token_count=12
candidate_tokens:
C_MAX_PRESENCE_HISTORY, C_MS_IN_MINUTE, FB_Presence_Playback, GVL_CONSTANTS, GVL_Retain, G_Presence_History, L_Current_Slot, TO_UDINT, VI_Light_Inputs, VI_Mode_Record, VI_Time_Index, VO_Light_Outputs

possible_live_analogs:
  FB_Scenario_Manager.st: overlap_score=0
  FB_Simulation_Manager.st: overlap_score=2
    overlap_tokens=C_MS_IN_MINUTE, GVL_CONSTANTS
  FB_Lighting_Blinds_Manager.st: overlap_score=1
    overlap_tokens=GVL_CONSTANTS
  FB_History_Manager.st: overlap_score=2
    overlap_tokens=GVL_CONSTANTS, GVL_Retain
  FB_BlackBox_Recorder.st: overlap_score=2
    overlap_tokens=GVL_CONSTANTS, GVL_Retain
  GVL_Retain.gvl: overlap_score=3
    overlap_tokens=C_MAX_PRESENCE_HISTORY, GVL_CONSTANTS, G_Presence_History
  GVL_STATE.gvl: overlap_score=1
    overlap_tokens=GVL_CONSTANTS
  GVL_COMMAND.gvl: overlap_score=1
    overlap_tokens=GVL_CONSTANTS

--- FB_Presence_Simulator.st ---
exists=True
live_refs=0

line_count=22
content_preview:
FUNCTION_BLOCK FB_Presence_Simulator
VAR_INPUT
    VI_Enabled : BOOL;
    VI_Intensity : REAL; 
    VI_System_Time : UDINT;
    VI_Use_Playback : BOOL; // Новый режим воспроизведения
END_VAR
VAR_OUTPUT
    VO_Light_States : ARRAY[1..32] OF BOOL;
END_VAR
VAR
    fbPlayback : FB_Presence_Playback;
END_VAR

IF VI_Enabled THEN
    IF VI_Use_Playback THEN
        fbPlayback(VI_Mode_Record := FALSE, VI_Time_Index := VI_System_Time MOD 604800000, VO_Light_Outputs => VO_Light_States);
    ELSE
        // Старая логика случайной симуляции
        VO_Light_States[1] := (VI_System_Time MOD 100000 > 50000);
    END_IF;
END_IF;

candidate_token_count=11
candidate_tokens:
FB_Presence_Playback, FB_Presence_Simulator, VI_Enabled, VI_Intensity, VI_Mode_Record, VI_System_Time, VI_Time_Index, VI_Use_Playback, VO_Light_Outputs, VO_Light_States, fbPlayback

possible_live_analogs:
  FB_Scenario_Manager.st: overlap_score=0
  FB_Simulation_Manager.st: overlap_score=0
  FB_Lighting_Blinds_Manager.st: overlap_score=1
    overlap_tokens=VI_System_Time
  FB_History_Manager.st: overlap_score=0
  FB_BlackBox_Recorder.st: overlap_score=0
  GVL_Retain.gvl: overlap_score=0
  GVL_STATE.gvl: overlap_score=0
  GVL_COMMAND.gvl: overlap_score=0

=== END STEP 180 ===
