]633;E;echo "=== STEP 54: FAULT SIMULATION CHECKLIST ===";f1165683-fe3b-4368-874e-5c1706c7b9d6]633;C=== STEP 54: FAULT SIMULATION CHECKLIST ===
timestamp_utc=2026-04-16T19:02:27Z

=== TEST 1: FLOOD ===
Action: Set GVL_STATE.G_Water_Sensors[1] := TRUE
Expect:
- G_Flood_Alarm_Active = TRUE
- System enters safety reaction
- Water test confirm blocked

=== TEST 2: GAS ===
Action: Set GVL_STATE.G_Methane_Sensors[1] := 25.0
Expect:
- G_Gas_Alarm_Active = TRUE
- Gas valve close command triggered
- Gas safety latched

=== TEST 3: FIRE ===
Action: Set GVL_STATE.G_Smoke_Sensors[1] := TRUE
Expect:
- G_Fire_Alarm_Active = TRUE
- System moves toward SAFE_STOP behavior

=== TEST 4: MODE CLAMP ===
Action: Force GVL_STATE.G_System_Mode := MODE_SAFE_STOP
Expect:
- Scenario forced to NONE
- Scenario guard does not override

=== TEST 5: POLICY ===
Action: Set GVL_ALARM.G_Security_Armed := TRUE
Expect:
- Scenario becomes AWAY

=== TEST 6: SCENARIO GUARD ===
Action: Try transition AWAY -> PARTY
Expect:
- Guard denies transition
- Scenario remains AWAY
- HMI message updated

=== TEST 7: WATCHDOG (logical only) ===
Action: simulate watchdog fault flag
Expect:
- Root cause updated
- Event 11/12 logged

=== RESULT ===
Checklist defines deterministic no-PLC validation path.

=== END STEP 54 ===
