]633;E;echo "=== STEP 119: MICRO AUDIT SOCKET MANAGER INTERNAL SCAFFOLD CLEANUP ===";d2f9cd72-cf3a-446c-b425-a96632cf891c]633;C=== STEP 119: MICRO AUDIT SOCKET MANAGER INTERNAL SCAFFOLD CLEANUP ===
timestamp_utc=2026-04-17T09:03:14Z

=== VAR / INIT CANDIDATES ===
24:    L_Socket_V2_Command_Shadow : ST_Socket_Command_V2;
25:    L_Socket_V2_State_Shadow : ST_Socket_State_V2;
26:    L_Socket_V2_Shadow_Diff_Found : BOOL;
27:    L_Socket_V2_Switch_Enabled : BOOL;
28:    L_Socket_V2_Path_Ready : BOOL;
29:    L_Socket_Using_Legacy_Fallback : BOOL;
40:L_Socket_V2_Shadow_Diff_Found := FALSE;
41:L_Socket_V2_Switch_Enabled := TRUE;
42:L_Socket_V2_Path_Ready := FALSE;
43:L_Socket_Using_Legacy_Fallback := TRUE;
113:L_Socket_V2_Command_Shadow.Target_State := VO_Socket_States[1];
114:L_Socket_V2_State_Shadow.Is_On := VO_Socket_States[1];
115:L_Socket_V2_State_Shadow.Safety_Blocked := (VI_Fire_Alarm OR VI_Flood_Alarm);
120:IF VO_Socket_States[1] <> L_Socket_V2_Command_Shadow.Target_State THEN
121:    L_Socket_V2_Shadow_Diff_Found := TRUE;
123:IF VO_Socket_States[1] <> L_Socket_V2_State_Shadow.Is_On THEN
124:    L_Socket_V2_Shadow_Diff_Found := TRUE;
126:IF (VI_Fire_Alarm OR VI_Flood_Alarm) <> L_Socket_V2_State_Shadow.Safety_Blocked THEN
127:    L_Socket_V2_Shadow_Diff_Found := TRUE;
131:IF L_Socket_V2_Switch_Enabled THEN
132:    IF NOT L_Socket_V2_Shadow_Diff_Found THEN
133:        L_Socket_V2_Path_Ready := TRUE;
134:        L_Socket_Using_Legacy_Fallback := FALSE;
136:        L_Socket_V2_Path_Ready := FALSE;
137:        L_Socket_Using_Legacy_Fallback := TRUE;
140:    L_Socket_V2_Path_Ready := FALSE;
141:    L_Socket_Using_Legacy_Fallback := TRUE;

=== INLINE COMMENTS ===
111:// Inlined from FB_Socket_V2_Staging

=== SCAFFOLD AREA ===
            VO_Socket_States[L_i] := L_Rule_State;
        ELSE
            VO_Socket_States[L_i] := L_Internal_State[L_i];
        END_IF;
    END_IF;
END_FOR;

VO_Internal_States := L_Internal_State;

// ========================================
// Socket V2 shadow execution (phase2)
// Inlined from FB_Socket_V2_Staging
// ========================================
L_Socket_V2_Command_Shadow.Target_State := VO_Socket_States[1];
L_Socket_V2_State_Shadow.Is_On := VO_Socket_States[1];
L_Socket_V2_State_Shadow.Safety_Blocked := (VI_Fire_Alarm OR VI_Flood_Alarm);

// ========================================
// Socket V2 shadow validation
// ========================================
IF VO_Socket_States[1] <> L_Socket_V2_Command_Shadow.Target_State THEN
    L_Socket_V2_Shadow_Diff_Found := TRUE;
END_IF;
IF VO_Socket_States[1] <> L_Socket_V2_State_Shadow.Is_On THEN
    L_Socket_V2_Shadow_Diff_Found := TRUE;
END_IF;
IF (VI_Fire_Alarm OR VI_Flood_Alarm) <> L_Socket_V2_State_Shadow.Safety_Blocked THEN
    L_Socket_V2_Shadow_Diff_Found := TRUE;
END_IF;

// Guarded Socket V2 enable
IF L_Socket_V2_Switch_Enabled THEN
    IF NOT L_Socket_V2_Shadow_Diff_Found THEN
        L_Socket_V2_Path_Ready := TRUE;
        L_Socket_Using_Legacy_Fallback := FALSE;
    ELSE
        L_Socket_V2_Path_Ready := FALSE;
        L_Socket_Using_Legacy_Fallback := TRUE;
    END_IF;
ELSE
    L_Socket_V2_Path_Ready := FALSE;
    L_Socket_Using_Legacy_Fallback := TRUE;
END_IF;

END_FUNCTION_BLOCK
// >>> BULK_SYNC_ANCHOR: FB_Socket_Manager <<<

=== MAIN SOCKET FLOW CONTEXT ===
FUNCTION_BLOCK FB_Socket_Manager
// Менеджер управления розетками.
// Обеспечивает работу по сценариям, правилам и аварийное отключение (без локальных выключателей розеток).
VAR_INPUT
    VI_System_Time_MS : UDINT; // Системное время в миллисекундах
    VI_IsActivePLC : BOOL; // Флаг активности ПЛК (TRUE = ведущий)
    VI_Scenario : E_SCENARIO_TYPE; // Текущий глобальный сценарий
    VI_Fire_Alarm : BOOL; // Флаг пожарной тревоги
    VI_Flood_Alarm : BOOL; // Флаг тревоги протечки
    VI_Security_Armed : BOOL; // Состояние охраны (TRUE = включена)
END_VAR
VAR_IN_OUT
    VI_Manual_Override : ARRAY[1..GVL_CONSTANTS.C_MAX_SOCKETS] OF BOOL; // Ручное переопределение состояния (HMI)
    VI_Physical_Switches : ARRAY[1..GVL_CONSTANTS.C_MAX_SOCKETS] OF BOOL; // Legacy-вход: не используется в текущей концепции
    VI_Rule_Actions : ARRAY[1..GVL_CONSTANTS.C_MAX_RULES] OF ST_Rule_Action; // Действия от Rule Engine
    VI_IO_Modules_Online : ARRAY[1..GVL_CONSTANTS.C_MAX_MODULES] OF BOOL; // Статусы модулей ввода-вывода
END_VAR
VAR_OUTPUT
    VO_Socket_States : ARRAY[1..GVL_CONSTANTS.C_MAX_SOCKETS] OF BOOL; // Выходные состояния розеток
    VO_Internal_States : ARRAY[1..GVL_CONSTANTS.C_MAX_SOCKETS] OF BOOL; // Внутренние состояния для репликации
END_VAR
VAR
    // Socket V2 shadow (phase2)
    L_Socket_V2_Command_Shadow : ST_Socket_Command_V2;
    L_Socket_V2_State_Shadow : ST_Socket_State_V2;
    L_Socket_V2_Shadow_Diff_Found : BOOL;
    L_Socket_V2_Switch_Enabled : BOOL;
    L_Socket_V2_Path_Ready : BOOL;
    L_Socket_Using_Legacy_Fallback : BOOL;
    L_i : INT;
    L_j : INT;
    L_Rule_State : BOOL;
    L_Rule_Active : BOOL;
    L_Internal_State : ARRAY[1..GVL_CONSTANTS.C_MAX_SOCKETS] OF BOOL;
    L_Manual_Trig : ARRAY[1..GVL_CONSTANTS.C_MAX_SOCKETS] OF R_TRIG;
END_VAR

IF NOT VI_IsActivePLC THEN RETURN; END_IF;

L_Socket_V2_Shadow_Diff_Found := FALSE;
L_Socket_V2_Switch_Enabled := TRUE;
L_Socket_V2_Path_Ready := FALSE;
L_Socket_Using_Legacy_Fallback := TRUE;

// Проверка связи с модулями ввода-вывода
FOR L_i := 1 TO GVL_CONSTANTS.C_MAX_MODULES DO
    IF NOT VI_IO_Modules_Online[L_i] THEN
        // Переход в безопасное состояние при потере связи (отключение всех розеток)
        FOR L_j := 1 TO GVL_CONSTANTS.C_MAX_SOCKETS DO
            VO_Socket_States[L_j] := FALSE;
        END_FOR;
        RETURN;
    END_IF;
END_FOR;

FOR L_i := 1 TO GVL_CONSTANTS.C_MAX_SOCKETS DO
    L_Rule_Active := FALSE;
    L_Rule_State := FALSE;
    
    L_Manual_Trig[L_i](CLK := VI_Manual_Override[L_i]);
    
    // Ручное переключение
    IF L_Manual_Trig[L_i].Q THEN
        L_Internal_State[L_i] := NOT L_Internal_State[L_i];
    END_IF;

    // Проверка правил для текущей розетки
    FOR L_j := 1 TO GVL_CONSTANTS.C_MAX_RULES DO
        IF VI_Rule_Actions[L_j].Active AND VI_Rule_Actions[L_j].Target_ID = L_i THEN
            IF VI_Rule_Actions[L_j].Action_Type = E_Rule_Action_Type.ACTION_SET_SOCKET THEN
                L_Rule_Active := TRUE;
                L_Rule_State := (VI_Rule_Actions[L_j].Value > 0.5);
                L_Internal_State[L_i] := L_Rule_State; // Синхронизация внутреннего состояния
            ELSIF VI_Rule_Actions[L_j].Action_Type = E_Rule_Action_Type.ACTION_TOGGLE_SOCKET AND VI_Rule_Actions[L_j].Triggered THEN
                L_Internal_State[L_i] := NOT L_Internal_State[L_i]; // Toggle
            END_IF;
        END_IF;
    END_FOR;

    // Аварийное отключение
    IF VI_Fire_Alarm OR VI_Flood_Alarm THEN
        // Розетки 1-4 неотключаемые (холодильник, сервер и т.д.)
        IF L_i > 4 THEN
            VO_Socket_States[L_i] := FALSE;
        ELSE
            // Критические розетки сохраняют свое текущее внутреннее состояние, а не форсируются в TRUE
            VO_Socket_States[L_i] := L_Internal_State[L_i];
        END_IF;
    ELSIF VI_Scenario = E_SCENARIO_TYPE.SCENARIO_AWAY OR VI_Security_Armed THEN
        // Master Off
        IF L_i > 4 THEN
            VO_Socket_States[L_i] := FALSE;
        ELSE
            // Неотключаемые розетки могут управляться вручную
            VO_Socket_States[L_i] := L_Internal_State[L_i];
        END_IF;
    ELSE
        // Нормальный режим: состояние определяется внутренним состоянием (ручным или правилом)
        IF L_Rule_Active THEN
            VO_Socket_States[L_i] := L_Rule_State;
        ELSE
            VO_Socket_States[L_i] := L_Internal_State[L_i];
        END_IF;
    END_IF;
END_FOR;

VO_Internal_States := L_Internal_State;

// ========================================
// Socket V2 shadow execution (phase2)
// Inlined from FB_Socket_V2_Staging
// ========================================
L_Socket_V2_Command_Shadow.Target_State := VO_Socket_States[1];
L_Socket_V2_State_Shadow.Is_On := VO_Socket_States[1];
L_Socket_V2_State_Shadow.Safety_Blocked := (VI_Fire_Alarm OR VI_Flood_Alarm);

// ========================================
// Socket V2 shadow validation
// ========================================
IF VO_Socket_States[1] <> L_Socket_V2_Command_Shadow.Target_State THEN

=== CORE BEHAVIOR MARKERS ===
13:    VI_Manual_Override : ARRAY[1..GVL_CONSTANTS.C_MAX_SOCKETS] OF BOOL; // Ручное переопределение состояния (HMI)
15:    VI_Rule_Actions : ARRAY[1..GVL_CONSTANTS.C_MAX_RULES] OF ST_Rule_Action; // Действия от Rule Engine
19:    VO_Socket_States : ARRAY[1..GVL_CONSTANTS.C_MAX_SOCKETS] OF BOOL; // Выходные состояния розеток
20:    VO_Internal_States : ARRAY[1..GVL_CONSTANTS.C_MAX_SOCKETS] OF BOOL; // Внутренние состояния для репликации
32:    L_Rule_State : BOOL;
33:    L_Rule_Active : BOOL;
34:    L_Internal_State : ARRAY[1..GVL_CONSTANTS.C_MAX_SOCKETS] OF BOOL;
35:    L_Manual_Trig : ARRAY[1..GVL_CONSTANTS.C_MAX_SOCKETS] OF R_TRIG;
50:            VO_Socket_States[L_j] := FALSE;
57:    L_Rule_Active := FALSE;
58:    L_Rule_State := FALSE;
60:    L_Manual_Trig[L_i](CLK := VI_Manual_Override[L_i]);
63:    IF L_Manual_Trig[L_i].Q THEN
64:        L_Internal_State[L_i] := NOT L_Internal_State[L_i];
69:        IF VI_Rule_Actions[L_j].Active AND VI_Rule_Actions[L_j].Target_ID = L_i THEN
70:            IF VI_Rule_Actions[L_j].Action_Type = E_Rule_Action_Type.ACTION_SET_SOCKET THEN
71:                L_Rule_Active := TRUE;
72:                L_Rule_State := (VI_Rule_Actions[L_j].Value > 0.5);
73:                L_Internal_State[L_i] := L_Rule_State; // Синхронизация внутреннего состояния
74:            ELSIF VI_Rule_Actions[L_j].Action_Type = E_Rule_Action_Type.ACTION_TOGGLE_SOCKET AND VI_Rule_Actions[L_j].Triggered THEN
75:                L_Internal_State[L_i] := NOT L_Internal_State[L_i]; // Toggle
84:            VO_Socket_States[L_i] := FALSE;
87:            VO_Socket_States[L_i] := L_Internal_State[L_i];
92:            VO_Socket_States[L_i] := FALSE;
95:            VO_Socket_States[L_i] := L_Internal_State[L_i];
99:        IF L_Rule_Active THEN
100:            VO_Socket_States[L_i] := L_Rule_State;
102:            VO_Socket_States[L_i] := L_Internal_State[L_i];
107:VO_Internal_States := L_Internal_State;
113:L_Socket_V2_Command_Shadow.Target_State := VO_Socket_States[1];
114:L_Socket_V2_State_Shadow.Is_On := VO_Socket_States[1];
120:IF VO_Socket_States[1] <> L_Socket_V2_Command_Shadow.Target_State THEN
123:IF VO_Socket_States[1] <> L_Socket_V2_State_Shadow.Is_On THEN

=== PRELIMINARY REMOVAL CANDIDATES ===
1. L_Socket_V2_Command_Shadow
2. L_Socket_V2_State_Shadow
3. L_Socket_V2_Shadow_Diff_Found
4. L_Socket_V2_Switch_Enabled
5. L_Socket_V2_Path_Ready
6. L_Socket_Using_Legacy_Fallback

=== PRELIMINARY QUESTIONS ===
1. Are these symbols now fully dead after staging cleanup?
2. Is the remaining shadow validation doing anything useful?
3. Can the socket scaffold be removed in one wave without touching socket behavior?

=== END STEP 119 ===
