]633;E;echo "=== STEP 255: CALIBRATION VERIFICATION TELEMETRY ===";1b7a776b-58f7-45ba-99db-33164feac7d0]633;C=== STEP 255: CALIBRATION VERIFICATION TELEMETRY ===
timestamp_utc=2026-04-19T07:48:58Z

=== APPLY ===
OK: calibration verification telemetry integrated

=== VERIFY DUT ===
224:    Calibration_CO_Verification_Event_Count : UDINT;
225:    Calibration_Methane_Verification_Event_Count : UDINT;
226:    Calibration_Last_Event_Time_MS : UDINT;
227:    Calibration_Last_Event_Text : STRING(160);

=== VERIFY PRG_SYSTEM ===
1346:// === CALIBRATION VERIFICATION TELEMETRY ===
1349:    GVL_STATUS.G_Diagnostics.Calibration_CO_Verification_Event_Count :=
1350:        GVL_STATUS.G_Diagnostics.Calibration_CO_Verification_Event_Count + 1;
1351:    GVL_STATUS.G_Diagnostics.Calibration_Last_Event_Time_MS := GVL_STATUS.G_System_Time_MS;
1354:        GVL_STATUS.G_Diagnostics.Calibration_Last_Event_Text := 'CO verification failed';
1356:        GVL_STATUS.G_Diagnostics.Calibration_Last_Event_Text := 'CO verification passed';
1362:    GVL_STATUS.G_Diagnostics.Calibration_Methane_Verification_Event_Count :=
1363:        GVL_STATUS.G_Diagnostics.Calibration_Methane_Verification_Event_Count + 1;
1364:    GVL_STATUS.G_Diagnostics.Calibration_Last_Event_Time_MS := GVL_STATUS.G_System_Time_MS;
1367:        GVL_STATUS.G_Diagnostics.Calibration_Last_Event_Text := 'Methane verification failed';
1369:        GVL_STATUS.G_Diagnostics.Calibration_Last_Event_Text := 'Methane verification passed';

=== COMPILE ===
[main 06e96ca] test: compile smoke after migration
 7 files changed, 577 insertions(+), 387 deletions(-)
 create mode 100644 repo_logs/assistant_bridge/2026_04_19/step_255_calibration_verification_telemetry/calibration_verification_telemetry.log
 create mode 100644 steps/2026-04-19_calibration_verification_telemetry/01_calibration_verification_telemetry.py
error: cannot rebase: You have unstaged changes.
error: Please commit or stash them.
From https://github.com/builovmaikl-art/SmartHomeNew
 * branch            main       -> FETCH_HEAD
Already up to date.
To https://github.com/builovmaikl-art/SmartHomeNew
   b1279ce..06e96ca  main -> main
compile_exit=0

=== END STEP 255 ===
