]633;E;echo "=== STEP 105: ALARM-SIDE CORE/COMPAT CLOSURE LOG ===";10d0c29c-b3a2-4a8b-83d2-50752c6e8f09]633;C=== STEP 105: ALARM-SIDE CORE/COMPAT CLOSURE LOG ===
timestamp_utc=2026-04-17T07:35:28Z

=== DEAD FILE CANDIDATES (RUNTIME USE REMOVED) ===
FB_Alarm_Compatibility_Package.st
FB_History_V2_Core.st
FB_BlackBox_V2_Core.st
FB_Alarm_V2_Core.st

=== STILL LIVE / KEEP FOR NOW ===
FB_Rule_Compatibility_Package.st
Reason: still acts as explicit validation layer between ST_User_Rule and ST_Rule.

=== ROOT REFERENCES FOR DEAD CANDIDATES ===
--- FB_Alarm_Compatibility_Package ---
./FB_Alarm_Compatibility_Package.st:1:FUNCTION_BLOCK FB_Alarm_Compatibility_Package
./FB_Alarm_Manager.st:228:    // Inlined from FB_Alarm_Compatibility_Package:

--- FB_History_V2_Core ---
./FB_Alarm_Manager.st:363:// Inlined from FB_History_V2_Core
./FB_History_V2_Core.st:1:FUNCTION_BLOCK FB_History_V2_Core

--- FB_BlackBox_V2_Core ---
./FB_Alarm_Manager.st:370:// Inlined from FB_BlackBox_V2_Core
./FB_BlackBox_V2_Core.st:1:FUNCTION_BLOCK FB_BlackBox_V2_Core

--- FB_Alarm_V2_Core ---
./FB_Alarm_Manager.st:213:// Inlined from FB_Alarm_V2_Core
./FB_Alarm_Manager.st:221:// Inlined from FB_Alarm_V2_Core
./FB_Alarm_V2_Core.st:1:FUNCTION_BLOCK FB_Alarm_V2_Core

=== ROOT REFERENCES FOR LIVE VALIDATION LAYER ===
./FB_Rule_Compatibility_Package.st:1:FUNCTION_BLOCK FB_Rule_Compatibility_Package
./FB_Rule_Engine.st:28:    fbCompat : ARRAY[1..GVL_CONSTANTS.C_MAX_RULES] OF FB_Rule_Compatibility_Package;

=== CONCLUSION ===
Alarm-side core/compat cleanup wave is ready for delete step.
Do not delete FB_Rule_Compatibility_Package.st in this wave.

=== END STEP 105 ===
